Saved 15 initial parameters.
Saved 15 initial parameters.
Pretrain epoch 1/10 - Accuracy: 5.754000%, Loss: 0.0324
Pretrain epoch 2/10 - Accuracy: 9.850000%, Loss: 0.0298
Pretrain epoch 3/10 - Accuracy: 13.672000%, Loss: 0.0278
Pretrain epoch 4/10 - Accuracy: 18.760000%, Loss: 0.0254
Pretrain epoch 5/10 - Accuracy: 23.770000%, Loss: 0.0233
Pretrain epoch 6/10 - Accuracy: 28.260000%, Loss: 0.0214
Pretrain epoch 7/10 - Accuracy: 32.592000%, Loss: 0.0199
Pretrain epoch 8/10 - Accuracy: 36.394000%, Loss: 0.0186
Pretrain epoch 9/10 - Accuracy: 39.786000%, Loss: 0.0175
Pretrain epoch 10/10 - Accuracy: 42.598000%, Loss: 0.0166
Saved 15 initial parameters.
[Eval Epoch] CPU ΔMem/sample: 0.0001 MB | GPU Peak: 680.787968 MB | Time: 3.453426s
Evaluation - Accuracy: 42.760000%, Loss: 0.0171
Checkpoint saved: ./pruning_checkpoints/Vgg16_datasetcifar100_pretrain10_finetune30_steps21_batch128_devicecuda_strategy_magnitude/checkpoint_Original_0.000000.pth
Finetune epoch 1/30 - Accuracy: 45.262000%, Loss: 0.0159
Finetune epoch 2/30 - Accuracy: 47.452000%, Loss: 0.0152
Finetune epoch 3/30 - Accuracy: 49.728000%, Loss: 0.0146
Finetune epoch 4/30 - Accuracy: 51.230000%, Loss: 0.0141
Finetune epoch 5/30 - Accuracy: 52.590000%, Loss: 0.0137
Finetune epoch 6/30 - Accuracy: 54.364000%, Loss: 0.0132
Finetune epoch 7/30 - Accuracy: 55.060000%, Loss: 0.0129
Finetune epoch 8/30 - Accuracy: 56.116000%, Loss: 0.0126
Finetune epoch 9/30 - Accuracy: 57.026000%, Loss: 0.0124
Finetune epoch 10/30 - Accuracy: 58.128000%, Loss: 0.0121
Finetune epoch 11/30 - Accuracy: 58.236000%, Loss: 0.0120
Finetune epoch 12/30 - Accuracy: 59.594000%, Loss: 0.0117
Finetune epoch 13/30 - Accuracy: 60.234000%, Loss: 0.0115
Finetune epoch 14/30 - Accuracy: 60.808000%, Loss: 0.0113
Finetune epoch 15/30 - Accuracy: 61.222000%, Loss: 0.0112
Finetune epoch 16/30 - Accuracy: 61.756000%, Loss: 0.0111
Finetune epoch 17/30 - Accuracy: 61.936000%, Loss: 0.0110
Finetune epoch 18/30 - Accuracy: 62.768000%, Loss: 0.0107
Finetune epoch 19/30 - Accuracy: 63.428000%, Loss: 0.0106
Finetune epoch 20/30 - Accuracy: 63.194000%, Loss: 0.0105
Finetune epoch 21/30 - Accuracy: 64.054000%, Loss: 0.0104
Finetune epoch 22/30 - Accuracy: 64.370000%, Loss: 0.0103
Finetune epoch 23/30 - Accuracy: 64.954000%, Loss: 0.0101
Finetune epoch 24/30 - Accuracy: 65.010000%, Loss: 0.0101
Finetune epoch 25/30 - Accuracy: 65.590000%, Loss: 0.0099
Finetune epoch 26/30 - Accuracy: 65.822000%, Loss: 0.0099
Finetune epoch 27/30 - Accuracy: 65.920000%, Loss: 0.0098
Finetune epoch 28/30 - Accuracy: 65.968000%, Loss: 0.0098
Finetune epoch 29/30 - Accuracy: 66.486000%, Loss: 0.0097
Finetune epoch 30/30 - Accuracy: 66.880000%, Loss: 0.0096
[Eval Epoch] CPU ΔMem/sample: 0.0000 MB | GPU Peak: 818.859008 MB | Time: 3.461468s
Evaluation - Accuracy: 59.490000%, Loss: 0.0127
Checkpoint saved: ./pruning_checkpoints/Vgg16_datasetcifar100_pretrain10_finetune30_steps21_batch128_devicecuda_strategy_magnitude/checkpoint_Finetuned_0.000000.pth
[Eval Epoch] CPU ΔMem/sample: 0.0000 MB | GPU Peak: 819.121152 MB | Time: 3.398970s
Evaluation - Accuracy: 59.490000%, Loss: 0.0127
Checkpoint saved: ./pruning_checkpoints/Vgg16_datasetcifar100_pretrain10_finetune30_steps21_batch128_devicecuda_strategy_magnitude/checkpoint_Trained_0.000000.pth
Checkpoint saved: ./pruning_checkpoints/Vgg16_datasetcifar100_pretrain10_finetune30_steps21_batch128_devicecuda_strategy_magnitude/checkpoint_Pruned_0.000000.pth
Pruner state updated and saved.
[Eval Epoch] CPU ΔMem/sample: 0.0000 MB | GPU Peak: 819.252224 MB | Time: 3.478284s
Evaluation - Accuracy: 24.880000%, Loss: 0.0259
Checkpoint saved: ./pruning_checkpoints/Vgg16_datasetcifar100_pretrain10_finetune30_steps21_batch128_devicecuda_strategy_magnitude/checkpoint_Original_0.200000.pth
Finetune epoch 1/30 - Accuracy: 46.904000%, Loss: 0.0157
Finetune epoch 2/30 - Accuracy: 51.494000%, Loss: 0.0137
Finetune epoch 3/30 - Accuracy: 53.428000%, Loss: 0.0131
Finetune epoch 4/30 - Accuracy: 54.296000%, Loss: 0.0127
Finetune epoch 5/30 - Accuracy: 55.178000%, Loss: 0.0125
Finetune epoch 6/30 - Accuracy: 56.006000%, Loss: 0.0122
Finetune epoch 7/30 - Accuracy: 56.534000%, Loss: 0.0120
Finetune epoch 8/30 - Accuracy: 57.196000%, Loss: 0.0118
Finetune epoch 9/30 - Accuracy: 57.824000%, Loss: 0.0117
Finetune epoch 10/30 - Accuracy: 58.464000%, Loss: 0.0115
Finetune epoch 11/30 - Accuracy: 59.058000%, Loss: 0.0114
Finetune epoch 12/30 - Accuracy: 59.194000%, Loss: 0.0112
Finetune epoch 13/30 - Accuracy: 59.432000%, Loss: 0.0111
Finetune epoch 14/30 - Accuracy: 59.940000%, Loss: 0.0110
Finetune epoch 15/30 - Accuracy: 60.530000%, Loss: 0.0108
Finetune epoch 16/30 - Accuracy: 60.572000%, Loss: 0.0107
Finetune epoch 17/30 - Accuracy: 61.284000%, Loss: 0.0106
Finetune epoch 18/30 - Accuracy: 61.796000%, Loss: 0.0104
Finetune epoch 19/30 - Accuracy: 62.152000%, Loss: 0.0104
Finetune epoch 20/30 - Accuracy: 62.522000%, Loss: 0.0102
Finetune epoch 21/30 - Accuracy: 63.204000%, Loss: 0.0101
Finetune epoch 22/30 - Accuracy: 63.320000%, Loss: 0.0100
Finetune epoch 23/30 - Accuracy: 63.768000%, Loss: 0.0099
Finetune epoch 24/30 - Accuracy: 64.372000%, Loss: 0.0097
Finetune epoch 25/30 - Accuracy: 64.544000%, Loss: 0.0096
Finetune epoch 26/30 - Accuracy: 65.134000%, Loss: 0.0095
Finetune epoch 27/30 - Accuracy: 65.350000%, Loss: 0.0094
Finetune epoch 28/30 - Accuracy: 65.914000%, Loss: 0.0093
Finetune epoch 29/30 - Accuracy: 66.538000%, Loss: 0.0091
Finetune epoch 30/30 - Accuracy: 66.558000%, Loss: 0.0090
[Eval Epoch] CPU ΔMem/sample: 0.0000 MB | GPU Peak: 821.152768 MB | Time: 3.414098s
Evaluation - Accuracy: 59.570000%, Loss: 0.0118
Checkpoint saved: ./pruning_checkpoints/Vgg16_datasetcifar100_pretrain10_finetune30_steps21_batch128_devicecuda_strategy_magnitude/checkpoint_Finetuned_0.200000.pth
[Eval Epoch] CPU ΔMem/sample: 0.0000 MB | GPU Peak: 854.541312 MB | Time: 3.451661s
Evaluation - Accuracy: 59.550000%, Loss: 0.0118
Checkpoint saved: ./pruning_checkpoints/Vgg16_datasetcifar100_pretrain10_finetune30_steps21_batch128_devicecuda_strategy_magnitude/checkpoint_Trained_0.200000.pth
Checkpoint saved: ./pruning_checkpoints/Vgg16_datasetcifar100_pretrain10_finetune30_steps21_batch128_devicecuda_strategy_magnitude/checkpoint_Pruned_0.200000.pth
Pruner state updated and saved.
[Eval Epoch] CPU ΔMem/sample: 0.0000 MB | GPU Peak: 853.689344 MB | Time: 3.377497s
Evaluation - Accuracy: 32.340000%, Loss: 0.0298
Checkpoint saved: ./pruning_checkpoints/Vgg16_datasetcifar100_pretrain10_finetune30_steps21_batch128_devicecuda_strategy_magnitude/checkpoint_Original_0.360000.pth
Finetune epoch 1/30 - Accuracy: 52.220000%, Loss: 0.0135
Finetune epoch 2/30 - Accuracy: 55.072000%, Loss: 0.0126
Finetune epoch 3/30 - Accuracy: 56.092000%, Loss: 0.0122
Finetune epoch 4/30 - Accuracy: 56.536000%, Loss: 0.0120
Finetune epoch 5/30 - Accuracy: 57.566000%, Loss: 0.0118
Finetune epoch 6/30 - Accuracy: 58.204000%, Loss: 0.0116
Finetune epoch 7/30 - Accuracy: 58.512000%, Loss: 0.0114
Finetune epoch 8/30 - Accuracy: 59.242000%, Loss: 0.0112
Finetune epoch 9/30 - Accuracy: 59.742000%, Loss: 0.0111
Finetune epoch 10/30 - Accuracy: 60.256000%, Loss: 0.0109
Finetune epoch 11/30 - Accuracy: 60.828000%, Loss: 0.0108
Finetune epoch 12/30 - Accuracy: 61.368000%, Loss: 0.0107
Finetune epoch 13/30 - Accuracy: 61.396000%, Loss: 0.0106
Finetune epoch 14/30 - Accuracy: 61.766000%, Loss: 0.0104
Finetune epoch 15/30 - Accuracy: 62.542000%, Loss: 0.0103
Finetune epoch 16/30 - Accuracy: 62.722000%, Loss: 0.0102
Finetune epoch 17/30 - Accuracy: 63.044000%, Loss: 0.0101
Finetune epoch 18/30 - Accuracy: 63.454000%, Loss: 0.0100
Finetune epoch 19/30 - Accuracy: 63.874000%, Loss: 0.0098
Finetune epoch 20/30 - Accuracy: 63.968000%, Loss: 0.0097
Finetune epoch 21/30 - Accuracy: 65.030000%, Loss: 0.0095
Finetune epoch 22/30 - Accuracy: 65.222000%, Loss: 0.0094
Finetune epoch 23/30 - Accuracy: 65.492000%, Loss: 0.0094
Finetune epoch 24/30 - Accuracy: 65.948000%, Loss: 0.0092
Finetune epoch 25/30 - Accuracy: 66.512000%, Loss: 0.0091
Finetune epoch 26/30 - Accuracy: 66.844000%, Loss: 0.0089
Finetune epoch 27/30 - Accuracy: 67.104000%, Loss: 0.0088
Finetune epoch 28/30 - Accuracy: 67.926000%, Loss: 0.0087
Finetune epoch 29/30 - Accuracy: 68.368000%, Loss: 0.0086
Finetune epoch 30/30 - Accuracy: 68.606000%, Loss: 0.0084
[Eval Epoch] CPU ΔMem/sample: 0.0000 MB | GPU Peak: 851.788800 MB | Time: 3.342060s
Evaluation - Accuracy: 59.810000%, Loss: 0.0118
Checkpoint saved: ./pruning_checkpoints/Vgg16_datasetcifar100_pretrain10_finetune30_steps21_batch128_devicecuda_strategy_magnitude/checkpoint_Finetuned_0.360000.pth
[Eval Epoch] CPU ΔMem/sample: 0.0000 MB | GPU Peak: 852.182016 MB | Time: 3.392430s
Evaluation - Accuracy: 59.760000%, Loss: 0.0117
Checkpoint saved: ./pruning_checkpoints/Vgg16_datasetcifar100_pretrain10_finetune30_steps21_batch128_devicecuda_strategy_magnitude/checkpoint_Trained_0.360000.pth
Checkpoint saved: ./pruning_checkpoints/Vgg16_datasetcifar100_pretrain10_finetune30_steps21_batch128_devicecuda_strategy_magnitude/checkpoint_Pruned_0.360000.pth
Pruner state updated and saved.
[Eval Epoch] CPU ΔMem/sample: 0.0000 MB | GPU Peak: 852.313088 MB | Time: 3.375901s
Evaluation - Accuracy: 36.770000%, Loss: 0.0295
Checkpoint saved: ./pruning_checkpoints/Vgg16_datasetcifar100_pretrain10_finetune30_steps21_batch128_devicecuda_strategy_magnitude/checkpoint_Original_0.488000.pth
Finetune epoch 1/30 - Accuracy: 54.578000%, Loss: 0.0128
Finetune epoch 2/30 - Accuracy: 56.886000%, Loss: 0.0120
Finetune epoch 3/30 - Accuracy: 57.730000%, Loss: 0.0117
Finetune epoch 4/30 - Accuracy: 58.342000%, Loss: 0.0115
Finetune epoch 5/30 - Accuracy: 59.302000%, Loss: 0.0112
Finetune epoch 6/30 - Accuracy: 59.706000%, Loss: 0.0111
Finetune epoch 7/30 - Accuracy: 60.634000%, Loss: 0.0108
Finetune epoch 8/30 - Accuracy: 60.872000%, Loss: 0.0107
Finetune epoch 9/30 - Accuracy: 61.564000%, Loss: 0.0105
Finetune epoch 10/30 - Accuracy: 61.976000%, Loss: 0.0104
Finetune epoch 11/30 - Accuracy: 62.382000%, Loss: 0.0103
Finetune epoch 12/30 - Accuracy: 63.048000%, Loss: 0.0101
Finetune epoch 13/30 - Accuracy: 63.470000%, Loss: 0.0100
Finetune epoch 14/30 - Accuracy: 63.748000%, Loss: 0.0098
Finetune epoch 15/30 - Accuracy: 64.400000%, Loss: 0.0097
Finetune epoch 16/30 - Accuracy: 64.540000%, Loss: 0.0096
Finetune epoch 17/30 - Accuracy: 65.316000%, Loss: 0.0094
Finetune epoch 18/30 - Accuracy: 65.716000%, Loss: 0.0093
Finetune epoch 19/30 - Accuracy: 66.342000%, Loss: 0.0091
Finetune epoch 20/30 - Accuracy: 66.682000%, Loss: 0.0091
Finetune epoch 21/30 - Accuracy: 66.926000%, Loss: 0.0089
Finetune epoch 22/30 - Accuracy: 67.312000%, Loss: 0.0088
Finetune epoch 23/30 - Accuracy: 67.902000%, Loss: 0.0087
Finetune epoch 24/30 - Accuracy: 68.056000%, Loss: 0.0086
Finetune epoch 25/30 - Accuracy: 68.672000%, Loss: 0.0084
Finetune epoch 26/30 - Accuracy: 69.184000%, Loss: 0.0084
Finetune epoch 27/30 - Accuracy: 69.470000%, Loss: 0.0081
Finetune epoch 28/30 - Accuracy: 70.094000%, Loss: 0.0080
Finetune epoch 29/30 - Accuracy: 70.246000%, Loss: 0.0080
Finetune epoch 30/30 - Accuracy: 70.490000%, Loss: 0.0079
[Eval Epoch] CPU ΔMem/sample: 0.0000 MB | GPU Peak: 853.165056 MB | Time: 3.467612s
Evaluation - Accuracy: 60.370000%, Loss: 0.0119
Checkpoint saved: ./pruning_checkpoints/Vgg16_datasetcifar100_pretrain10_finetune30_steps21_batch128_devicecuda_strategy_magnitude/checkpoint_Finetuned_0.488000.pth
[Eval Epoch] CPU ΔMem/sample: 0.0000 MB | GPU Peak: 852.837376 MB | Time: 3.446156s
Evaluation - Accuracy: 60.230000%, Loss: 0.0117
Checkpoint saved: ./pruning_checkpoints/Vgg16_datasetcifar100_pretrain10_finetune30_steps21_batch128_devicecuda_strategy_magnitude/checkpoint_Trained_0.488000.pth
Checkpoint saved: ./pruning_checkpoints/Vgg16_datasetcifar100_pretrain10_finetune30_steps21_batch128_devicecuda_strategy_magnitude/checkpoint_Pruned_0.488000.pth
Pruner state updated and saved.
[Eval Epoch] CPU ΔMem/sample: 0.0000 MB | GPU Peak: 853.427200 MB | Time: 3.467758s
Evaluation - Accuracy: 38.100000%, Loss: 0.0313
Checkpoint saved: ./pruning_checkpoints/Vgg16_datasetcifar100_pretrain10_finetune30_steps21_batch128_devicecuda_strategy_magnitude/checkpoint_Original_0.590400.pth
Finetune epoch 1/30 - Accuracy: 56.014000%, Loss: 0.0124
Finetune epoch 2/30 - Accuracy: 58.304000%, Loss: 0.0115
Finetune epoch 3/30 - Accuracy: 59.330000%, Loss: 0.0112
Finetune epoch 4/30 - Accuracy: 60.482000%, Loss: 0.0109
Finetune epoch 5/30 - Accuracy: 61.352000%, Loss: 0.0106
Finetune epoch 6/30 - Accuracy: 62.032000%, Loss: 0.0104
Finetune epoch 7/30 - Accuracy: 62.498000%, Loss: 0.0102
Finetune epoch 8/30 - Accuracy: 63.306000%, Loss: 0.0101
Finetune epoch 9/30 - Accuracy: 63.886000%, Loss: 0.0098
Finetune epoch 10/30 - Accuracy: 64.550000%, Loss: 0.0097
Finetune epoch 11/30 - Accuracy: 64.912000%, Loss: 0.0095
Finetune epoch 12/30 - Accuracy: 65.486000%, Loss: 0.0094
Finetune epoch 13/30 - Accuracy: 66.216000%, Loss: 0.0092
Finetune epoch 14/30 - Accuracy: 66.420000%, Loss: 0.0090
Finetune epoch 15/30 - Accuracy: 66.934000%, Loss: 0.0089
Finetune epoch 16/30 - Accuracy: 67.342000%, Loss: 0.0088
Finetune epoch 17/30 - Accuracy: 68.150000%, Loss: 0.0086
Finetune epoch 18/30 - Accuracy: 68.634000%, Loss: 0.0085
Finetune epoch 19/30 - Accuracy: 68.890000%, Loss: 0.0084
Finetune epoch 20/30 - Accuracy: 69.490000%, Loss: 0.0082
Finetune epoch 21/30 - Accuracy: 69.892000%, Loss: 0.0081
Finetune epoch 22/30 - Accuracy: 70.432000%, Loss: 0.0079
Finetune epoch 23/30 - Accuracy: 70.604000%, Loss: 0.0078
Finetune epoch 24/30 - Accuracy: 71.406000%, Loss: 0.0077
Finetune epoch 25/30 - Accuracy: 71.384000%, Loss: 0.0076
Finetune epoch 26/30 - Accuracy: 71.900000%, Loss: 0.0074
Finetune epoch 27/30 - Accuracy: 72.396000%, Loss: 0.0073
Finetune epoch 28/30 - Accuracy: 72.926000%, Loss: 0.0072
Finetune epoch 29/30 - Accuracy: 73.224000%, Loss: 0.0071
Finetune epoch 30/30 - Accuracy: 73.920000%, Loss: 0.0070
[Eval Epoch] CPU ΔMem/sample: 0.0000 MB | GPU Peak: 853.820416 MB | Time: 3.369563s
Evaluation - Accuracy: 60.960000%, Loss: 0.0122
Checkpoint saved: ./pruning_checkpoints/Vgg16_datasetcifar100_pretrain10_finetune30_steps21_batch128_devicecuda_strategy_magnitude/checkpoint_Finetuned_0.590400.pth
[Eval Epoch] CPU ΔMem/sample: 0.0000 MB | GPU Peak: 854.868992 MB | Time: 3.394967s
Evaluation - Accuracy: 60.150000%, Loss: 0.0120
Checkpoint saved: ./pruning_checkpoints/Vgg16_datasetcifar100_pretrain10_finetune30_steps21_batch128_devicecuda_strategy_magnitude/checkpoint_Trained_0.590400.pth
Checkpoint saved: ./pruning_checkpoints/Vgg16_datasetcifar100_pretrain10_finetune30_steps21_batch128_devicecuda_strategy_magnitude/checkpoint_Pruned_0.590400.pth
Pruner state updated and saved.
[Eval Epoch] CPU ΔMem/sample: 0.0000 MB | GPU Peak: 855.131136 MB | Time: 3.405687s
Evaluation - Accuracy: 42.200000%, Loss: 0.0278
Checkpoint saved: ./pruning_checkpoints/Vgg16_datasetcifar100_pretrain10_finetune30_steps21_batch128_devicecuda_strategy_magnitude/checkpoint_Original_0.672320.pth
Finetune epoch 1/30 - Accuracy: 57.290000%, Loss: 0.0120
Finetune epoch 2/30 - Accuracy: 59.936000%, Loss: 0.0110
Finetune epoch 3/30 - Accuracy: 61.542000%, Loss: 0.0105
Finetune epoch 4/30 - Accuracy: 62.780000%, Loss: 0.0102
Finetune epoch 5/30 - Accuracy: 63.626000%, Loss: 0.0099
Finetune epoch 6/30 - Accuracy: 64.364000%, Loss: 0.0097
Finetune epoch 7/30 - Accuracy: 65.268000%, Loss: 0.0094
Finetune epoch 8/30 - Accuracy: 66.042000%, Loss: 0.0092
Finetune epoch 9/30 - Accuracy: 66.820000%, Loss: 0.0090
Finetune epoch 10/30 - Accuracy: 67.430000%, Loss: 0.0088
Finetune epoch 11/30 - Accuracy: 68.314000%, Loss: 0.0086
Finetune epoch 12/30 - Accuracy: 68.758000%, Loss: 0.0084
Finetune epoch 13/30 - Accuracy: 69.652000%, Loss: 0.0082
Finetune epoch 14/30 - Accuracy: 69.972000%, Loss: 0.0080
Finetune epoch 15/30 - Accuracy: 70.282000%, Loss: 0.0079
Finetune epoch 16/30 - Accuracy: 70.872000%, Loss: 0.0078
Finetune epoch 17/30 - Accuracy: 71.336000%, Loss: 0.0077
Finetune epoch 18/30 - Accuracy: 71.868000%, Loss: 0.0074
Finetune epoch 19/30 - Accuracy: 72.506000%, Loss: 0.0074
Finetune epoch 20/30 - Accuracy: 72.894000%, Loss: 0.0072
Finetune epoch 21/30 - Accuracy: 73.244000%, Loss: 0.0071
Finetune epoch 22/30 - Accuracy: 73.490000%, Loss: 0.0070
Finetune epoch 23/30 - Accuracy: 74.260000%, Loss: 0.0068
Finetune epoch 24/30 - Accuracy: 74.622000%, Loss: 0.0067
Finetune epoch 25/30 - Accuracy: 75.128000%, Loss: 0.0066
Finetune epoch 26/30 - Accuracy: 75.242000%, Loss: 0.0065
Finetune epoch 27/30 - Accuracy: 75.884000%, Loss: 0.0063
Finetune epoch 28/30 - Accuracy: 76.046000%, Loss: 0.0063
Finetune epoch 29/30 - Accuracy: 76.480000%, Loss: 0.0061
Finetune epoch 30/30 - Accuracy: 76.940000%, Loss: 0.0060
[Eval Epoch] CPU ΔMem/sample: 0.0000 MB | GPU Peak: 855.292928 MB | Time: 3.391744s
Evaluation - Accuracy: 60.780000%, Loss: 0.0127
Checkpoint saved: ./pruning_checkpoints/Vgg16_datasetcifar100_pretrain10_finetune30_steps21_batch128_devicecuda_strategy_magnitude/checkpoint_Finetuned_0.672320.pth
[Eval Epoch] CPU ΔMem/sample: 0.0000 MB | GPU Peak: 854.506496 MB | Time: 3.352828s
Evaluation - Accuracy: 59.600000%, Loss: 0.0126
Checkpoint saved: ./pruning_checkpoints/Vgg16_datasetcifar100_pretrain10_finetune30_steps21_batch128_devicecuda_strategy_magnitude/checkpoint_Trained_0.672320.pth
Checkpoint saved: ./pruning_checkpoints/Vgg16_datasetcifar100_pretrain10_finetune30_steps21_batch128_devicecuda_strategy_magnitude/checkpoint_Pruned_0.672320.pth
Pruner state updated and saved.
[Eval Epoch] CPU ΔMem/sample: 0.0000 MB | GPU Peak: 854.244352 MB | Time: 3.631921s
Evaluation - Accuracy: 43.980000%, Loss: 0.0264
Checkpoint saved: ./pruning_checkpoints/Vgg16_datasetcifar100_pretrain10_finetune30_steps21_batch128_devicecuda_strategy_magnitude/checkpoint_Original_0.737856.pth
Finetune epoch 1/30 - Accuracy: 58.648000%, Loss: 0.0116
Finetune epoch 2/30 - Accuracy: 62.212000%, Loss: 0.0104
Finetune epoch 3/30 - Accuracy: 64.114000%, Loss: 0.0098
Finetune epoch 4/30 - Accuracy: 65.606000%, Loss: 0.0093
Finetune epoch 5/30 - Accuracy: 66.508000%, Loss: 0.0090
Finetune epoch 6/30 - Accuracy: 67.884000%, Loss: 0.0087
Finetune epoch 7/30 - Accuracy: 68.670000%, Loss: 0.0084
Finetune epoch 8/30 - Accuracy: 69.446000%, Loss: 0.0082
Finetune epoch 9/30 - Accuracy: 70.168000%, Loss: 0.0080
Finetune epoch 10/30 - Accuracy: 71.088000%, Loss: 0.0077
Finetune epoch 11/30 - Accuracy: 71.612000%, Loss: 0.0076
Finetune epoch 12/30 - Accuracy: 72.170000%, Loss: 0.0074
Finetune epoch 13/30 - Accuracy: 72.796000%, Loss: 0.0071
Finetune epoch 14/30 - Accuracy: 73.372000%, Loss: 0.0070
Finetune epoch 15/30 - Accuracy: 73.774000%, Loss: 0.0069
Finetune epoch 16/30 - Accuracy: 74.208000%, Loss: 0.0067
Finetune epoch 17/30 - Accuracy: 75.074000%, Loss: 0.0065
Finetune epoch 18/30 - Accuracy: 75.328000%, Loss: 0.0065
Finetune epoch 19/30 - Accuracy: 75.990000%, Loss: 0.0063
Finetune epoch 20/30 - Accuracy: 76.146000%, Loss: 0.0062
Finetune epoch 21/30 - Accuracy: 76.506000%, Loss: 0.0061
Finetune epoch 22/30 - Accuracy: 77.094000%, Loss: 0.0060
Finetune epoch 23/30 - Accuracy: 77.588000%, Loss: 0.0059
Finetune epoch 24/30 - Accuracy: 77.920000%, Loss: 0.0057
Finetune epoch 25/30 - Accuracy: 78.406000%, Loss: 0.0056
Finetune epoch 26/30 - Accuracy: 78.436000%, Loss: 0.0056
Finetune epoch 27/30 - Accuracy: 78.940000%, Loss: 0.0054
Finetune epoch 28/30 - Accuracy: 79.444000%, Loss: 0.0053
Finetune epoch 29/30 - Accuracy: 79.638000%, Loss: 0.0052
Finetune epoch 30/30 - Accuracy: 79.870000%, Loss: 0.0051
[Eval Epoch] CPU ΔMem/sample: 0.0000 MB | GPU Peak: 855.065600 MB | Time: 3.322090s
Evaluation - Accuracy: 60.730000%, Loss: 0.0136
Checkpoint saved: ./pruning_checkpoints/Vgg16_datasetcifar100_pretrain10_finetune30_steps21_batch128_devicecuda_strategy_magnitude/checkpoint_Finetuned_0.737856.pth
[Eval Epoch] CPU ΔMem/sample: 0.0000 MB | GPU Peak: 856.657920 MB | Time: 3.354350s
Evaluation - Accuracy: 58.980000%, Loss: 0.0132
Checkpoint saved: ./pruning_checkpoints/Vgg16_datasetcifar100_pretrain10_finetune30_steps21_batch128_devicecuda_strategy_magnitude/checkpoint_Trained_0.737856.pth
Checkpoint saved: ./pruning_checkpoints/Vgg16_datasetcifar100_pretrain10_finetune30_steps21_batch128_devicecuda_strategy_magnitude/checkpoint_Pruned_0.737856.pth
Pruner state updated and saved.
[Eval Epoch] CPU ΔMem/sample: 0.0000 MB | GPU Peak: 855.327744 MB | Time: 3.411666s
Evaluation - Accuracy: 46.100000%, Loss: 0.0230
Checkpoint saved: ./pruning_checkpoints/Vgg16_datasetcifar100_pretrain10_finetune30_steps21_batch128_devicecuda_strategy_magnitude/checkpoint_Original_0.790285.pth
Finetune epoch 1/30 - Accuracy: 60.120000%, Loss: 0.0112
Finetune epoch 2/30 - Accuracy: 64.416000%, Loss: 0.0097
Finetune epoch 3/30 - Accuracy: 66.694000%, Loss: 0.0090
Finetune epoch 4/30 - Accuracy: 68.470000%, Loss: 0.0084
Finetune epoch 5/30 - Accuracy: 69.530000%, Loss: 0.0081
Finetune epoch 6/30 - Accuracy: 70.678000%, Loss: 0.0078
Finetune epoch 7/30 - Accuracy: 71.836000%, Loss: 0.0075
Finetune epoch 8/30 - Accuracy: 72.690000%, Loss: 0.0072
Finetune epoch 9/30 - Accuracy: 73.342000%, Loss: 0.0070
Finetune epoch 10/30 - Accuracy: 74.198000%, Loss: 0.0068
Finetune epoch 11/30 - Accuracy: 74.872000%, Loss: 0.0066
Finetune epoch 12/30 - Accuracy: 75.506000%, Loss: 0.0064
Finetune epoch 13/30 - Accuracy: 76.194000%, Loss: 0.0062
Finetune epoch 14/30 - Accuracy: 76.400000%, Loss: 0.0061
Finetune epoch 15/30 - Accuracy: 76.906000%, Loss: 0.0059
Finetune epoch 16/30 - Accuracy: 77.820000%, Loss: 0.0058
Finetune epoch 17/30 - Accuracy: 78.246000%, Loss: 0.0056
Finetune epoch 18/30 - Accuracy: 78.342000%, Loss: 0.0056
Finetune epoch 19/30 - Accuracy: 78.822000%, Loss: 0.0054
Finetune epoch 20/30 - Accuracy: 79.436000%, Loss: 0.0053
Finetune epoch 21/30 - Accuracy: 79.814000%, Loss: 0.0052
Finetune epoch 22/30 - Accuracy: 80.144000%, Loss: 0.0051
Finetune epoch 23/30 - Accuracy: 80.114000%, Loss: 0.0051
Finetune epoch 24/30 - Accuracy: 80.810000%, Loss: 0.0049
Finetune epoch 25/30 - Accuracy: 81.350000%, Loss: 0.0048
Finetune epoch 26/30 - Accuracy: 81.540000%, Loss: 0.0047
Finetune epoch 27/30 - Accuracy: 81.732000%, Loss: 0.0046
Finetune epoch 28/30 - Accuracy: 82.322000%, Loss: 0.0045
Finetune epoch 29/30 - Accuracy: 82.548000%, Loss: 0.0044
Finetune epoch 30/30 - Accuracy: 82.734000%, Loss: 0.0044
[Eval Epoch] CPU ΔMem/sample: 0.0000 MB | GPU Peak: 853.230592 MB | Time: 3.354981s
Evaluation - Accuracy: 60.310000%, Loss: 0.0141
Checkpoint saved: ./pruning_checkpoints/Vgg16_datasetcifar100_pretrain10_finetune30_steps21_batch128_devicecuda_strategy_magnitude/checkpoint_Finetuned_0.790285.pth
[Eval Epoch] CPU ΔMem/sample: 0.0000 MB | GPU Peak: 854.803456 MB | Time: 3.380251s
Evaluation - Accuracy: 57.110000%, Loss: 0.0139
Checkpoint saved: ./pruning_checkpoints/Vgg16_datasetcifar100_pretrain10_finetune30_steps21_batch128_devicecuda_strategy_magnitude/checkpoint_Trained_0.790285.pth
Checkpoint saved: ./pruning_checkpoints/Vgg16_datasetcifar100_pretrain10_finetune30_steps21_batch128_devicecuda_strategy_magnitude/checkpoint_Pruned_0.790285.pth
Pruner state updated and saved.
[Eval Epoch] CPU ΔMem/sample: 0.0000 MB | GPU Peak: 853.905408 MB | Time: 4.401371s
Evaluation - Accuracy: 47.210000%, Loss: 0.0203
Checkpoint saved: ./pruning_checkpoints/Vgg16_datasetcifar100_pretrain10_finetune30_steps21_batch128_devicecuda_strategy_magnitude/checkpoint_Original_0.832228.pth
Finetune epoch 1/30 - Accuracy: 61.308000%, Loss: 0.0107
Finetune epoch 2/30 - Accuracy: 66.312000%, Loss: 0.0090
Finetune epoch 3/30 - Accuracy: 69.442000%, Loss: 0.0082
Finetune epoch 4/30 - Accuracy: 70.814000%, Loss: 0.0078
Finetune epoch 5/30 - Accuracy: 72.398000%, Loss: 0.0073
Finetune epoch 6/30 - Accuracy: 73.648000%, Loss: 0.0069
Finetune epoch 7/30 - Accuracy: 74.540000%, Loss: 0.0067
Finetune epoch 8/30 - Accuracy: 75.242000%, Loss: 0.0064
Finetune epoch 9/30 - Accuracy: 76.270000%, Loss: 0.0062
Finetune epoch 10/30 - Accuracy: 76.746000%, Loss: 0.0060
Finetune epoch 11/30 - Accuracy: 77.600000%, Loss: 0.0058
Finetune epoch 12/30 - Accuracy: 78.166000%, Loss: 0.0056
Finetune epoch 13/30 - Accuracy: 78.764000%, Loss: 0.0055
Finetune epoch 14/30 - Accuracy: 79.290000%, Loss: 0.0053
Finetune epoch 15/30 - Accuracy: 79.704000%, Loss: 0.0052
Finetune epoch 16/30 - Accuracy: 80.174000%, Loss: 0.0051
Finetune epoch 17/30 - Accuracy: 80.742000%, Loss: 0.0049
Finetune epoch 18/30 - Accuracy: 81.094000%, Loss: 0.0048
Finetune epoch 19/30 - Accuracy: 81.410000%, Loss: 0.0048
Finetune epoch 20/30 - Accuracy: 81.342000%, Loss: 0.0047
Finetune epoch 21/30 - Accuracy: 82.162000%, Loss: 0.0045
Finetune epoch 22/30 - Accuracy: 82.354000%, Loss: 0.0044
Finetune epoch 23/30 - Accuracy: 82.424000%, Loss: 0.0044
Finetune epoch 24/30 - Accuracy: 83.120000%, Loss: 0.0043
Finetune epoch 25/30 - Accuracy: 83.534000%, Loss: 0.0042
Finetune epoch 26/30 - Accuracy: 83.846000%, Loss: 0.0041
Finetune epoch 27/30 - Accuracy: 84.104000%, Loss: 0.0040
Finetune epoch 28/30 - Accuracy: 84.504000%, Loss: 0.0039
Finetune epoch 29/30 - Accuracy: 84.894000%, Loss: 0.0038
Finetune epoch 30/30 - Accuracy: 84.894000%, Loss: 0.0038
[Eval Epoch] CPU ΔMem/sample: 0.0000 MB | GPU Peak: 853.076992 MB | Time: 3.405114s
Evaluation - Accuracy: 60.970000%, Loss: 0.0146
Checkpoint saved: ./pruning_checkpoints/Vgg16_datasetcifar100_pretrain10_finetune30_steps21_batch128_devicecuda_strategy_magnitude/checkpoint_Finetuned_0.832228.pth
[Eval Epoch] CPU ΔMem/sample: 0.0000 MB | GPU Peak: 854.695936 MB | Time: 3.534282s
Evaluation - Accuracy: 56.990000%, Loss: 0.0144
Checkpoint saved: ./pruning_checkpoints/Vgg16_datasetcifar100_pretrain10_finetune30_steps21_batch128_devicecuda_strategy_magnitude/checkpoint_Trained_0.832228.pth
Checkpoint saved: ./pruning_checkpoints/Vgg16_datasetcifar100_pretrain10_finetune30_steps21_batch128_devicecuda_strategy_magnitude/checkpoint_Pruned_0.832228.pth
Pruner state updated and saved.
[Eval Epoch] CPU ΔMem/sample: 0.0000 MB | GPU Peak: 854.564864 MB | Time: 3.753560s
Evaluation - Accuracy: 44.390000%, Loss: 0.0208
Checkpoint saved: ./pruning_checkpoints/Vgg16_datasetcifar100_pretrain10_finetune30_steps21_batch128_devicecuda_strategy_magnitude/checkpoint_Original_0.865782.pth
Finetune epoch 1/30 - Accuracy: 62.850000%, Loss: 0.0103
Finetune epoch 2/30 - Accuracy: 68.450000%, Loss: 0.0084
Finetune epoch 3/30 - Accuracy: 71.510000%, Loss: 0.0075
Finetune epoch 4/30 - Accuracy: 72.832000%, Loss: 0.0071
Finetune epoch 5/30 - Accuracy: 74.820000%, Loss: 0.0066
Finetune epoch 6/30 - Accuracy: 75.630000%, Loss: 0.0063
Finetune epoch 7/30 - Accuracy: 76.642000%, Loss: 0.0060
Finetune epoch 8/30 - Accuracy: 77.796000%, Loss: 0.0057
Finetune epoch 9/30 - Accuracy: 78.206000%, Loss: 0.0056
Finetune epoch 10/30 - Accuracy: 79.170000%, Loss: 0.0054
Finetune epoch 11/30 - Accuracy: 79.602000%, Loss: 0.0052
Finetune epoch 12/30 - Accuracy: 80.498000%, Loss: 0.0050
Finetune epoch 13/30 - Accuracy: 80.696000%, Loss: 0.0049
Finetune epoch 14/30 - Accuracy: 81.408000%, Loss: 0.0048
Finetune epoch 15/30 - Accuracy: 81.644000%, Loss: 0.0046
Finetune epoch 16/30 - Accuracy: 81.858000%, Loss: 0.0046
Finetune epoch 17/30 - Accuracy: 82.346000%, Loss: 0.0045
Finetune epoch 18/30 - Accuracy: 82.994000%, Loss: 0.0043
Finetune epoch 19/30 - Accuracy: 83.084000%, Loss: 0.0043
Finetune epoch 20/30 - Accuracy: 83.704000%, Loss: 0.0041
Finetune epoch 21/30 - Accuracy: 84.206000%, Loss: 0.0040
Finetune epoch 22/30 - Accuracy: 84.262000%, Loss: 0.0040
Finetune epoch 23/30 - Accuracy: 84.616000%, Loss: 0.0039
Finetune epoch 24/30 - Accuracy: 85.042000%, Loss: 0.0038
Finetune epoch 25/30 - Accuracy: 85.078000%, Loss: 0.0038
Finetune epoch 26/30 - Accuracy: 85.600000%, Loss: 0.0036
Finetune epoch 27/30 - Accuracy: 85.798000%, Loss: 0.0035
Finetune epoch 28/30 - Accuracy: 86.090000%, Loss: 0.0035
Finetune epoch 29/30 - Accuracy: 86.392000%, Loss: 0.0034
Finetune epoch 30/30 - Accuracy: 86.400000%, Loss: 0.0034
[Eval Epoch] CPU ΔMem/sample: 0.0000 MB | GPU Peak: 855.917568 MB | Time: 3.439742s
Evaluation - Accuracy: 60.400000%, Loss: 0.0154
Checkpoint saved: ./pruning_checkpoints/Vgg16_datasetcifar100_pretrain10_finetune30_steps21_batch128_devicecuda_strategy_magnitude/checkpoint_Finetuned_0.865782.pth
[Eval Epoch] CPU ΔMem/sample: 0.0000 MB | GPU Peak: 852.908544 MB | Time: 3.361965s
Evaluation - Accuracy: 55.280000%, Loss: 0.0152
Checkpoint saved: ./pruning_checkpoints/Vgg16_datasetcifar100_pretrain10_finetune30_steps21_batch128_devicecuda_strategy_magnitude/checkpoint_Trained_0.865782.pth
Checkpoint saved: ./pruning_checkpoints/Vgg16_datasetcifar100_pretrain10_finetune30_steps21_batch128_devicecuda_strategy_magnitude/checkpoint_Pruned_0.865782.pth
Pruner state updated and saved.
[Eval Epoch] CPU ΔMem/sample: 0.0000 MB | GPU Peak: 853.563904 MB | Time: 3.407651s
Evaluation - Accuracy: 37.360000%, Loss: 0.0233
Checkpoint saved: ./pruning_checkpoints/Vgg16_datasetcifar100_pretrain10_finetune30_steps21_batch128_devicecuda_strategy_magnitude/checkpoint_Original_0.892626.pth
Finetune epoch 1/30 - Accuracy: 63.636000%, Loss: 0.0100
Finetune epoch 2/30 - Accuracy: 69.744000%, Loss: 0.0080
Finetune epoch 3/30 - Accuracy: 72.638000%, Loss: 0.0072
Finetune epoch 4/30 - Accuracy: 74.946000%, Loss: 0.0065
Finetune epoch 5/30 - Accuracy: 75.928000%, Loss: 0.0062
Finetune epoch 6/30 - Accuracy: 77.300000%, Loss: 0.0059
Finetune epoch 7/30 - Accuracy: 78.380000%, Loss: 0.0055
Finetune epoch 8/30 - Accuracy: 79.136000%, Loss: 0.0054
Finetune epoch 9/30 - Accuracy: 79.874000%, Loss: 0.0051
Finetune epoch 10/30 - Accuracy: 80.022000%, Loss: 0.0050
Finetune epoch 11/30 - Accuracy: 81.052000%, Loss: 0.0048
Finetune epoch 12/30 - Accuracy: 81.560000%, Loss: 0.0047
Finetune epoch 13/30 - Accuracy: 81.914000%, Loss: 0.0046
Finetune epoch 14/30 - Accuracy: 82.886000%, Loss: 0.0043
Finetune epoch 15/30 - Accuracy: 82.726000%, Loss: 0.0043
Finetune epoch 16/30 - Accuracy: 83.726000%, Loss: 0.0042
Finetune epoch 17/30 - Accuracy: 83.994000%, Loss: 0.0040
Finetune epoch 18/30 - Accuracy: 84.218000%, Loss: 0.0040
Finetune epoch 19/30 - Accuracy: 84.446000%, Loss: 0.0039
Finetune epoch 20/30 - Accuracy: 84.902000%, Loss: 0.0038
Finetune epoch 21/30 - Accuracy: 85.436000%, Loss: 0.0036
Finetune epoch 22/30 - Accuracy: 85.704000%, Loss: 0.0036
Finetune epoch 23/30 - Accuracy: 85.760000%, Loss: 0.0035
Finetune epoch 24/30 - Accuracy: 85.990000%, Loss: 0.0035
Finetune epoch 25/30 - Accuracy: 86.378000%, Loss: 0.0034
Finetune epoch 26/30 - Accuracy: 86.358000%, Loss: 0.0034
Finetune epoch 27/30 - Accuracy: 86.636000%, Loss: 0.0033
Finetune epoch 28/30 - Accuracy: 87.200000%, Loss: 0.0032
Finetune epoch 29/30 - Accuracy: 87.404000%, Loss: 0.0031
Finetune epoch 30/30 - Accuracy: 87.726000%, Loss: 0.0031
[Eval Epoch] CPU ΔMem/sample: 0.0000 MB | GPU Peak: 852.777472 MB | Time: 3.407451s
Evaluation - Accuracy: 59.750000%, Loss: 0.0157
Checkpoint saved: ./pruning_checkpoints/Vgg16_datasetcifar100_pretrain10_finetune30_steps21_batch128_devicecuda_strategy_magnitude/checkpoint_Finetuned_0.892626.pth
[Eval Epoch] CPU ΔMem/sample: 0.0000 MB | GPU Peak: 852.640768 MB | Time: 3.609144s
Evaluation - Accuracy: 53.730000%, Loss: 0.0157
Checkpoint saved: ./pruning_checkpoints/Vgg16_datasetcifar100_pretrain10_finetune30_steps21_batch128_devicecuda_strategy_magnitude/checkpoint_Trained_0.892626.pth
Checkpoint saved: ./pruning_checkpoints/Vgg16_datasetcifar100_pretrain10_finetune30_steps21_batch128_devicecuda_strategy_magnitude/checkpoint_Pruned_0.892626.pth
Pruner state updated and saved.
[Eval Epoch] CPU ΔMem/sample: 0.0000 MB | GPU Peak: 852.247552 MB | Time: 4.595279s
Evaluation - Accuracy: 25.480000%, Loss: 0.0283
Checkpoint saved: ./pruning_checkpoints/Vgg16_datasetcifar100_pretrain10_finetune30_steps21_batch128_devicecuda_strategy_magnitude/checkpoint_Original_0.914101.pth
Finetune epoch 1/30 - Accuracy: 64.468000%, Loss: 0.0098
Finetune epoch 2/30 - Accuracy: 70.646000%, Loss: 0.0077
Finetune epoch 3/30 - Accuracy: 73.546000%, Loss: 0.0069
Finetune epoch 4/30 - Accuracy: 75.382000%, Loss: 0.0064
Finetune epoch 5/30 - Accuracy: 76.742000%, Loss: 0.0060
Finetune epoch 6/30 - Accuracy: 77.972000%, Loss: 0.0057
Finetune epoch 7/30 - Accuracy: 79.524000%, Loss: 0.0053
Finetune epoch 8/30 - Accuracy: 79.858000%, Loss: 0.0051
Finetune epoch 9/30 - Accuracy: 80.576000%, Loss: 0.0049
Finetune epoch 10/30 - Accuracy: 81.280000%, Loss: 0.0048
Finetune epoch 11/30 - Accuracy: 81.904000%, Loss: 0.0046
Finetune epoch 12/30 - Accuracy: 82.132000%, Loss: 0.0045
Finetune epoch 13/30 - Accuracy: 82.672000%, Loss: 0.0044
Finetune epoch 14/30 - Accuracy: 83.176000%, Loss: 0.0043
Finetune epoch 15/30 - Accuracy: 83.626000%, Loss: 0.0041
Finetune epoch 16/30 - Accuracy: 83.932000%, Loss: 0.0040
Finetune epoch 17/30 - Accuracy: 84.532000%, Loss: 0.0039
Finetune epoch 18/30 - Accuracy: 84.790000%, Loss: 0.0038
Finetune epoch 19/30 - Accuracy: 85.168000%, Loss: 0.0037
Finetune epoch 20/30 - Accuracy: 85.500000%, Loss: 0.0036
Finetune epoch 21/30 - Accuracy: 85.734000%, Loss: 0.0036
Finetune epoch 22/30 - Accuracy: 86.028000%, Loss: 0.0035
Finetune epoch 23/30 - Accuracy: 86.442000%, Loss: 0.0034
Finetune epoch 24/30 - Accuracy: 86.708000%, Loss: 0.0033
Finetune epoch 25/30 - Accuracy: 86.836000%, Loss: 0.0033
Finetune epoch 26/30 - Accuracy: 86.920000%, Loss: 0.0032
Finetune epoch 27/30 - Accuracy: 87.438000%, Loss: 0.0031
Finetune epoch 28/30 - Accuracy: 87.524000%, Loss: 0.0031
Finetune epoch 29/30 - Accuracy: 88.002000%, Loss: 0.0030
Finetune epoch 30/30 - Accuracy: 87.856000%, Loss: 0.0030
[Eval Epoch] CPU ΔMem/sample: 0.0000 MB | GPU Peak: 853.028352 MB | Time: 3.358902s
Evaluation - Accuracy: 60.240000%, Loss: 0.0158
Checkpoint saved: ./pruning_checkpoints/Vgg16_datasetcifar100_pretrain10_finetune30_steps21_batch128_devicecuda_strategy_magnitude/checkpoint_Finetuned_0.914101.pth
[Eval Epoch] CPU ΔMem/sample: 0.0000 MB | GPU Peak: 854.076928 MB | Time: 3.654626s
Evaluation - Accuracy: 54.020000%, Loss: 0.0152
Checkpoint saved: ./pruning_checkpoints/Vgg16_datasetcifar100_pretrain10_finetune30_steps21_batch128_devicecuda_strategy_magnitude/checkpoint_Trained_0.914101.pth
Checkpoint saved: ./pruning_checkpoints/Vgg16_datasetcifar100_pretrain10_finetune30_steps21_batch128_devicecuda_strategy_magnitude/checkpoint_Pruned_0.914101.pth
Pruner state updated and saved.
[Eval Epoch] CPU ΔMem/sample: 0.0000 MB | GPU Peak: 856.436224 MB | Time: 5.038806s
Evaluation - Accuracy: 15.370000%, Loss: 0.0377
Checkpoint saved: ./pruning_checkpoints/Vgg16_datasetcifar100_pretrain10_finetune30_steps21_batch128_devicecuda_strategy_magnitude/checkpoint_Original_0.931281.pth
Finetune epoch 1/30 - Accuracy: 64.788000%, Loss: 0.0096
Finetune epoch 2/30 - Accuracy: 70.530000%, Loss: 0.0077
Finetune epoch 3/30 - Accuracy: 73.694000%, Loss: 0.0068
Finetune epoch 4/30 - Accuracy: 75.760000%, Loss: 0.0063
Finetune epoch 5/30 - Accuracy: 76.816000%, Loss: 0.0059
Finetune epoch 6/30 - Accuracy: 78.476000%, Loss: 0.0056
Finetune epoch 7/30 - Accuracy: 79.098000%, Loss: 0.0053
Finetune epoch 8/30 - Accuracy: 80.268000%, Loss: 0.0051
Finetune epoch 9/30 - Accuracy: 80.616000%, Loss: 0.0049
Finetune epoch 10/30 - Accuracy: 81.322000%, Loss: 0.0048
Finetune epoch 11/30 - Accuracy: 81.984000%, Loss: 0.0046
Finetune epoch 12/30 - Accuracy: 82.564000%, Loss: 0.0044
Finetune epoch 13/30 - Accuracy: 83.028000%, Loss: 0.0043
Finetune epoch 14/30 - Accuracy: 83.220000%, Loss: 0.0042
Finetune epoch 15/30 - Accuracy: 83.670000%, Loss: 0.0041
Finetune epoch 16/30 - Accuracy: 84.288000%, Loss: 0.0040
Finetune epoch 17/30 - Accuracy: 84.254000%, Loss: 0.0039
Finetune epoch 18/30 - Accuracy: 84.736000%, Loss: 0.0038
Finetune epoch 19/30 - Accuracy: 85.132000%, Loss: 0.0038
Finetune epoch 20/30 - Accuracy: 85.448000%, Loss: 0.0036
Finetune epoch 21/30 - Accuracy: 85.668000%, Loss: 0.0036
Finetune epoch 22/30 - Accuracy: 86.096000%, Loss: 0.0035
Finetune epoch 23/30 - Accuracy: 86.316000%, Loss: 0.0034
Finetune epoch 24/30 - Accuracy: 86.588000%, Loss: 0.0033
Finetune epoch 25/30 - Accuracy: 86.634000%, Loss: 0.0033
Finetune epoch 26/30 - Accuracy: 86.568000%, Loss: 0.0033
Finetune epoch 27/30 - Accuracy: 87.360000%, Loss: 0.0031
Finetune epoch 28/30 - Accuracy: 87.252000%, Loss: 0.0031
Finetune epoch 29/30 - Accuracy: 87.312000%, Loss: 0.0031
Finetune epoch 30/30 - Accuracy: 87.936000%, Loss: 0.0030
[Eval Epoch] CPU ΔMem/sample: 0.0000 MB | GPU Peak: 854.868992 MB | Time: 3.388141s
Evaluation - Accuracy: 60.180000%, Loss: 0.0157
Checkpoint saved: ./pruning_checkpoints/Vgg16_datasetcifar100_pretrain10_finetune30_steps21_batch128_devicecuda_strategy_magnitude/checkpoint_Finetuned_0.931281.pth
[Eval Epoch] CPU ΔMem/sample: 0.0000 MB | GPU Peak: 854.868992 MB | Time: 3.421698s
Evaluation - Accuracy: 54.240000%, Loss: 0.0151
Checkpoint saved: ./pruning_checkpoints/Vgg16_datasetcifar100_pretrain10_finetune30_steps21_batch128_devicecuda_strategy_magnitude/checkpoint_Trained_0.931281.pth
Checkpoint saved: ./pruning_checkpoints/Vgg16_datasetcifar100_pretrain10_finetune30_steps21_batch128_devicecuda_strategy_magnitude/checkpoint_Pruned_0.931281.pth
Pruner state updated and saved.
[Eval Epoch] CPU ΔMem/sample: 0.0000 MB | GPU Peak: 854.344704 MB | Time: 5.604181s
Evaluation - Accuracy: 6.910000%, Loss: 0.0415
Checkpoint saved: ./pruning_checkpoints/Vgg16_datasetcifar100_pretrain10_finetune30_steps21_batch128_devicecuda_strategy_magnitude/checkpoint_Original_0.945024.pth
Finetune epoch 1/30 - Accuracy: 64.434000%, Loss: 0.0097
Finetune epoch 2/30 - Accuracy: 70.954000%, Loss: 0.0077
Finetune epoch 3/30 - Accuracy: 73.222000%, Loss: 0.0070
Finetune epoch 4/30 - Accuracy: 75.504000%, Loss: 0.0064
Finetune epoch 5/30 - Accuracy: 76.868000%, Loss: 0.0059
Finetune epoch 6/30 - Accuracy: 77.562000%, Loss: 0.0057
Finetune epoch 7/30 - Accuracy: 78.754000%, Loss: 0.0054
Finetune epoch 8/30 - Accuracy: 79.304000%, Loss: 0.0053
Finetune epoch 9/30 - Accuracy: 80.136000%, Loss: 0.0051
Finetune epoch 10/30 - Accuracy: 80.594000%, Loss: 0.0049
Finetune epoch 11/30 - Accuracy: 81.678000%, Loss: 0.0047
Finetune epoch 12/30 - Accuracy: 81.700000%, Loss: 0.0046
Finetune epoch 13/30 - Accuracy: 82.732000%, Loss: 0.0044
Finetune epoch 14/30 - Accuracy: 82.872000%, Loss: 0.0043
Finetune epoch 15/30 - Accuracy: 83.090000%, Loss: 0.0042
Finetune epoch 16/30 - Accuracy: 83.812000%, Loss: 0.0041
Finetune epoch 17/30 - Accuracy: 84.032000%, Loss: 0.0040
Finetune epoch 18/30 - Accuracy: 84.250000%, Loss: 0.0039
Finetune epoch 19/30 - Accuracy: 84.788000%, Loss: 0.0038
Finetune epoch 20/30 - Accuracy: 84.772000%, Loss: 0.0038
Finetune epoch 21/30 - Accuracy: 85.054000%, Loss: 0.0037
Finetune epoch 22/30 - Accuracy: 85.586000%, Loss: 0.0036
Finetune epoch 23/30 - Accuracy: 85.530000%, Loss: 0.0036
Finetune epoch 24/30 - Accuracy: 86.008000%, Loss: 0.0035
Finetune epoch 25/30 - Accuracy: 85.968000%, Loss: 0.0035
Finetune epoch 26/30 - Accuracy: 86.382000%, Loss: 0.0034
Finetune epoch 27/30 - Accuracy: 86.680000%, Loss: 0.0033
Finetune epoch 28/30 - Accuracy: 87.214000%, Loss: 0.0032
Finetune epoch 29/30 - Accuracy: 87.186000%, Loss: 0.0031
Finetune epoch 30/30 - Accuracy: 87.178000%, Loss: 0.0032
[Eval Epoch] CPU ΔMem/sample: 0.0000 MB | GPU Peak: 856.960512 MB | Time: 3.399994s
Evaluation - Accuracy: 60.280000%, Loss: 0.0156
Checkpoint saved: ./pruning_checkpoints/Vgg16_datasetcifar100_pretrain10_finetune30_steps21_batch128_devicecuda_strategy_magnitude/checkpoint_Finetuned_0.945024.pth
[Eval Epoch] CPU ΔMem/sample: 0.0000 MB | GPU Peak: 856.305152 MB | Time: 3.439008s
Evaluation - Accuracy: 53.770000%, Loss: 0.0149
Checkpoint saved: ./pruning_checkpoints/Vgg16_datasetcifar100_pretrain10_finetune30_steps21_batch128_devicecuda_strategy_magnitude/checkpoint_Trained_0.945024.pth
Checkpoint saved: ./pruning_checkpoints/Vgg16_datasetcifar100_pretrain10_finetune30_steps21_batch128_devicecuda_strategy_magnitude/checkpoint_Pruned_0.945024.pth
Pruner state updated and saved.
[Eval Epoch] CPU ΔMem/sample: 0.0000 MB | GPU Peak: 857.091584 MB | Time: 3.580935s
Evaluation - Accuracy: 5.020000%, Loss: 0.0437
Checkpoint saved: ./pruning_checkpoints/Vgg16_datasetcifar100_pretrain10_finetune30_steps21_batch128_devicecuda_strategy_magnitude/checkpoint_Original_0.956020.pth
Finetune epoch 1/30 - Accuracy: 64.126000%, Loss: 0.0097
Finetune epoch 2/30 - Accuracy: 70.142000%, Loss: 0.0079
Finetune epoch 3/30 - Accuracy: 73.054000%, Loss: 0.0070
Finetune epoch 4/30 - Accuracy: 74.642000%, Loss: 0.0066
Finetune epoch 5/30 - Accuracy: 76.166000%, Loss: 0.0062
Finetune epoch 6/30 - Accuracy: 77.300000%, Loss: 0.0059
Finetune epoch 7/30 - Accuracy: 77.946000%, Loss: 0.0057
Finetune epoch 8/30 - Accuracy: 78.844000%, Loss: 0.0054
Finetune epoch 9/30 - Accuracy: 79.418000%, Loss: 0.0053
Finetune epoch 10/30 - Accuracy: 79.668000%, Loss: 0.0051
Finetune epoch 11/30 - Accuracy: 80.578000%, Loss: 0.0049
Finetune epoch 12/30 - Accuracy: 81.148000%, Loss: 0.0048
Finetune epoch 13/30 - Accuracy: 81.802000%, Loss: 0.0046
Finetune epoch 14/30 - Accuracy: 82.118000%, Loss: 0.0045
Finetune epoch 15/30 - Accuracy: 82.572000%, Loss: 0.0044
Finetune epoch 16/30 - Accuracy: 82.986000%, Loss: 0.0043
Finetune epoch 17/30 - Accuracy: 83.036000%, Loss: 0.0043
Finetune epoch 18/30 - Accuracy: 83.418000%, Loss: 0.0042
Finetune epoch 19/30 - Accuracy: 83.752000%, Loss: 0.0041
Finetune epoch 20/30 - Accuracy: 83.946000%, Loss: 0.0040
Finetune epoch 21/30 - Accuracy: 84.378000%, Loss: 0.0039
Finetune epoch 22/30 - Accuracy: 84.710000%, Loss: 0.0038
Finetune epoch 23/30 - Accuracy: 84.508000%, Loss: 0.0039
Finetune epoch 24/30 - Accuracy: 85.170000%, Loss: 0.0037
Finetune epoch 25/30 - Accuracy: 85.286000%, Loss: 0.0036
Finetune epoch 26/30 - Accuracy: 85.646000%, Loss: 0.0036
Finetune epoch 27/30 - Accuracy: 85.728000%, Loss: 0.0035
Finetune epoch 28/30 - Accuracy: 85.918000%, Loss: 0.0035
Finetune epoch 29/30 - Accuracy: 86.130000%, Loss: 0.0034
Finetune epoch 30/30 - Accuracy: 86.722000%, Loss: 0.0033
[Eval Epoch] CPU ΔMem/sample: 0.0000 MB | GPU Peak: 854.737920 MB | Time: 3.402700s
Evaluation - Accuracy: 60.620000%, Loss: 0.0151
Checkpoint saved: ./pruning_checkpoints/Vgg16_datasetcifar100_pretrain10_finetune30_steps21_batch128_devicecuda_strategy_magnitude/checkpoint_Finetuned_0.956020.pth
[Eval Epoch] CPU ΔMem/sample: 0.0000 MB | GPU Peak: 854.475776 MB | Time: 3.598789s
Evaluation - Accuracy: 52.520000%, Loss: 0.0151
Checkpoint saved: ./pruning_checkpoints/Vgg16_datasetcifar100_pretrain10_finetune30_steps21_batch128_devicecuda_strategy_magnitude/checkpoint_Trained_0.956020.pth
Checkpoint saved: ./pruning_checkpoints/Vgg16_datasetcifar100_pretrain10_finetune30_steps21_batch128_devicecuda_strategy_magnitude/checkpoint_Pruned_0.956020.pth
Pruner state updated and saved.
[Eval Epoch] CPU ΔMem/sample: 0.0001 MB | GPU Peak: 853.558272 MB | Time: 5.742118s
Evaluation - Accuracy: 1.880000%, Loss: 0.0449
Checkpoint saved: ./pruning_checkpoints/Vgg16_datasetcifar100_pretrain10_finetune30_steps21_batch128_devicecuda_strategy_magnitude/checkpoint_Original_0.964816.pth
Finetune epoch 1/30 - Accuracy: 63.434000%, Loss: 0.0100
Finetune epoch 2/30 - Accuracy: 69.474000%, Loss: 0.0082
Finetune epoch 3/30 - Accuracy: 72.242000%, Loss: 0.0073
Finetune epoch 4/30 - Accuracy: 73.974000%, Loss: 0.0069
Finetune epoch 5/30 - Accuracy: 75.064000%, Loss: 0.0065
Finetune epoch 6/30 - Accuracy: 76.322000%, Loss: 0.0061
Finetune epoch 7/30 - Accuracy: 76.980000%, Loss: 0.0059
Finetune epoch 8/30 - Accuracy: 77.604000%, Loss: 0.0057
Finetune epoch 9/30 - Accuracy: 78.488000%, Loss: 0.0055
Finetune epoch 10/30 - Accuracy: 79.172000%, Loss: 0.0053
Finetune epoch 11/30 - Accuracy: 79.310000%, Loss: 0.0053
Finetune epoch 12/30 - Accuracy: 79.860000%, Loss: 0.0051
Finetune epoch 13/30 - Accuracy: 80.458000%, Loss: 0.0050
Finetune epoch 14/30 - Accuracy: 80.774000%, Loss: 0.0049
Finetune epoch 15/30 - Accuracy: 81.260000%, Loss: 0.0047
Finetune epoch 16/30 - Accuracy: 81.356000%, Loss: 0.0047
Finetune epoch 17/30 - Accuracy: 81.784000%, Loss: 0.0046
Finetune epoch 18/30 - Accuracy: 82.260000%, Loss: 0.0045
Finetune epoch 19/30 - Accuracy: 82.816000%, Loss: 0.0044
Finetune epoch 20/30 - Accuracy: 82.730000%, Loss: 0.0044
Finetune epoch 21/30 - Accuracy: 83.054000%, Loss: 0.0042
Finetune epoch 22/30 - Accuracy: 83.486000%, Loss: 0.0041
Finetune epoch 23/30 - Accuracy: 83.622000%, Loss: 0.0041
Finetune epoch 24/30 - Accuracy: 83.806000%, Loss: 0.0041
Finetune epoch 25/30 - Accuracy: 84.018000%, Loss: 0.0040
Finetune epoch 26/30 - Accuracy: 84.518000%, Loss: 0.0039
Finetune epoch 27/30 - Accuracy: 84.326000%, Loss: 0.0039
Finetune epoch 28/30 - Accuracy: 84.596000%, Loss: 0.0038
Finetune epoch 29/30 - Accuracy: 85.102000%, Loss: 0.0037
Finetune epoch 30/30 - Accuracy: 84.966000%, Loss: 0.0037
[Eval Epoch] CPU ΔMem/sample: 0.0000 MB | GPU Peak: 853.165056 MB | Time: 3.753462s
Evaluation - Accuracy: 61.010000%, Loss: 0.0147
Checkpoint saved: ./pruning_checkpoints/Vgg16_datasetcifar100_pretrain10_finetune30_steps21_batch128_devicecuda_strategy_magnitude/checkpoint_Finetuned_0.964816.pth
[Eval Epoch] CPU ΔMem/sample: 0.0000 MB | GPU Peak: 852.106240 MB | Time: 3.464457s
Evaluation - Accuracy: 54.010000%, Loss: 0.0143
Checkpoint saved: ./pruning_checkpoints/Vgg16_datasetcifar100_pretrain10_finetune30_steps21_batch128_devicecuda_strategy_magnitude/checkpoint_Trained_0.964816.pth
Checkpoint saved: ./pruning_checkpoints/Vgg16_datasetcifar100_pretrain10_finetune30_steps21_batch128_devicecuda_strategy_magnitude/checkpoint_Pruned_0.964816.pth
Pruner state updated and saved.
[Eval Epoch] CPU ΔMem/sample: 0.0001 MB | GPU Peak: 853.023744 MB | Time: 4.481022s
Evaluation - Accuracy: 1.410000%, Loss: 0.0430
Checkpoint saved: ./pruning_checkpoints/Vgg16_datasetcifar100_pretrain10_finetune30_steps21_batch128_devicecuda_strategy_magnitude/checkpoint_Original_0.971853.pth
Finetune epoch 1/30 - Accuracy: 63.074000%, Loss: 0.0101
Finetune epoch 2/30 - Accuracy: 68.670000%, Loss: 0.0084
Finetune epoch 3/30 - Accuracy: 71.044000%, Loss: 0.0077
Finetune epoch 4/30 - Accuracy: 73.062000%, Loss: 0.0072
Finetune epoch 5/30 - Accuracy: 74.004000%, Loss: 0.0069
Finetune epoch 6/30 - Accuracy: 74.992000%, Loss: 0.0066
Finetune epoch 7/30 - Accuracy: 75.954000%, Loss: 0.0063
Finetune epoch 8/30 - Accuracy: 76.368000%, Loss: 0.0062
Finetune epoch 9/30 - Accuracy: 76.868000%, Loss: 0.0060
Finetune epoch 10/30 - Accuracy: 77.458000%, Loss: 0.0058
Finetune epoch 11/30 - Accuracy: 78.042000%, Loss: 0.0056
Finetune epoch 12/30 - Accuracy: 78.824000%, Loss: 0.0055
Finetune epoch 13/30 - Accuracy: 78.964000%, Loss: 0.0054
Finetune epoch 14/30 - Accuracy: 79.294000%, Loss: 0.0053
Finetune epoch 15/30 - Accuracy: 80.242000%, Loss: 0.0051
Finetune epoch 16/30 - Accuracy: 80.028000%, Loss: 0.0051
Finetune epoch 17/30 - Accuracy: 80.284000%, Loss: 0.0050
Finetune epoch 18/30 - Accuracy: 80.844000%, Loss: 0.0049
Finetune epoch 19/30 - Accuracy: 80.706000%, Loss: 0.0049
Finetune epoch 20/30 - Accuracy: 80.944000%, Loss: 0.0048
Finetune epoch 21/30 - Accuracy: 81.206000%, Loss: 0.0047
Finetune epoch 22/30 - Accuracy: 81.712000%, Loss: 0.0046
Finetune epoch 23/30 - Accuracy: 82.040000%, Loss: 0.0045
Finetune epoch 24/30 - Accuracy: 82.282000%, Loss: 0.0044
Finetune epoch 25/30 - Accuracy: 82.558000%, Loss: 0.0044
Finetune epoch 26/30 - Accuracy: 83.050000%, Loss: 0.0043
Finetune epoch 27/30 - Accuracy: 82.742000%, Loss: 0.0043
Finetune epoch 28/30 - Accuracy: 83.184000%, Loss: 0.0042
Finetune epoch 29/30 - Accuracy: 83.272000%, Loss: 0.0042
Finetune epoch 30/30 - Accuracy: 83.326000%, Loss: 0.0042
[Eval Epoch] CPU ΔMem/sample: 0.0000 MB | GPU Peak: 854.072320 MB | Time: 3.476272s
Evaluation - Accuracy: 61.210000%, Loss: 0.0143
Checkpoint saved: ./pruning_checkpoints/Vgg16_datasetcifar100_pretrain10_finetune30_steps21_batch128_devicecuda_strategy_magnitude/checkpoint_Finetuned_0.971853.pth
[Eval Epoch] CPU ΔMem/sample: 0.0000 MB | GPU Peak: 855.131136 MB | Time: 3.494572s
Evaluation - Accuracy: 51.290000%, Loss: 0.0151
Checkpoint saved: ./pruning_checkpoints/Vgg16_datasetcifar100_pretrain10_finetune30_steps21_batch128_devicecuda_strategy_magnitude/checkpoint_Trained_0.971853.pth
Checkpoint saved: ./pruning_checkpoints/Vgg16_datasetcifar100_pretrain10_finetune30_steps21_batch128_devicecuda_strategy_magnitude/checkpoint_Pruned_0.971853.pth
Pruner state updated and saved.
[Eval Epoch] CPU ΔMem/sample: 0.0002 MB | GPU Peak: 855.000064 MB | Time: 7.234481s
Evaluation - Accuracy: 1.890000%, Loss: 0.0434
Checkpoint saved: ./pruning_checkpoints/Vgg16_datasetcifar100_pretrain10_finetune30_steps21_batch128_devicecuda_strategy_magnitude/checkpoint_Original_0.977482.pth
Finetune epoch 1/30 - Accuracy: 62.056000%, Loss: 0.0106
Finetune epoch 2/30 - Accuracy: 67.548000%, Loss: 0.0088
Finetune epoch 3/30 - Accuracy: 70.034000%, Loss: 0.0081
Finetune epoch 4/30 - Accuracy: 71.222000%, Loss: 0.0077
Finetune epoch 5/30 - Accuracy: 72.322000%, Loss: 0.0073
Finetune epoch 6/30 - Accuracy: 73.136000%, Loss: 0.0070
Finetune epoch 7/30 - Accuracy: 74.128000%, Loss: 0.0068
Finetune epoch 8/30 - Accuracy: 74.666000%, Loss: 0.0066
Finetune epoch 9/30 - Accuracy: 75.318000%, Loss: 0.0065
Finetune epoch 10/30 - Accuracy: 75.858000%, Loss: 0.0063
Finetune epoch 11/30 - Accuracy: 75.884000%, Loss: 0.0062
Finetune epoch 12/30 - Accuracy: 76.786000%, Loss: 0.0060
Finetune epoch 13/30 - Accuracy: 77.558000%, Loss: 0.0058
Finetune epoch 14/30 - Accuracy: 77.540000%, Loss: 0.0058
Finetune epoch 15/30 - Accuracy: 77.876000%, Loss: 0.0057
Finetune epoch 16/30 - Accuracy: 78.302000%, Loss: 0.0056
Finetune epoch 17/30 - Accuracy: 78.450000%, Loss: 0.0055
Finetune epoch 18/30 - Accuracy: 78.968000%, Loss: 0.0054
Finetune epoch 19/30 - Accuracy: 78.802000%, Loss: 0.0054
Finetune epoch 20/30 - Accuracy: 79.330000%, Loss: 0.0053
Finetune epoch 21/30 - Accuracy: 79.802000%, Loss: 0.0051
Finetune epoch 22/30 - Accuracy: 79.882000%, Loss: 0.0051
Finetune epoch 23/30 - Accuracy: 80.102000%, Loss: 0.0050
Finetune epoch 24/30 - Accuracy: 80.280000%, Loss: 0.0050
Finetune epoch 25/30 - Accuracy: 80.316000%, Loss: 0.0050
Finetune epoch 26/30 - Accuracy: 80.506000%, Loss: 0.0049
Finetune epoch 27/30 - Accuracy: 81.032000%, Loss: 0.0048
Finetune epoch 28/30 - Accuracy: 81.194000%, Loss: 0.0047
Finetune epoch 29/30 - Accuracy: 81.064000%, Loss: 0.0048
Finetune epoch 30/30 - Accuracy: 81.826000%, Loss: 0.0046
[Eval Epoch] CPU ΔMem/sample: 0.0000 MB | GPU Peak: 856.310784 MB | Time: 3.478866s
Evaluation - Accuracy: 61.430000%, Loss: 0.0138
Checkpoint saved: ./pruning_checkpoints/Vgg16_datasetcifar100_pretrain10_finetune30_steps21_batch128_devicecuda_strategy_magnitude/checkpoint_Finetuned_0.977482.pth
[Eval Epoch] CPU ΔMem/sample: 0.0000 MB | GPU Peak: 855.000064 MB | Time: 3.466071s
Evaluation - Accuracy: 53.900000%, Loss: 0.0137
Checkpoint saved: ./pruning_checkpoints/Vgg16_datasetcifar100_pretrain10_finetune30_steps21_batch128_devicecuda_strategy_magnitude/checkpoint_Trained_0.977482.pth
Checkpoint saved: ./pruning_checkpoints/Vgg16_datasetcifar100_pretrain10_finetune30_steps21_batch128_devicecuda_strategy_magnitude/checkpoint_Pruned_0.977482.pth
Pruner state updated and saved.
