[2026-09-11 08:43:41] Starting orchestration script
[2026-09-11 08:43:42] Script path: /Users/jgafur/LTH/manuscript/Tranfer
[2026-09-11 08:43:42] Current working directory: /Users/jgafur/LTH/manuscript/Tranfer
[2026-09-11 08:43:42] Phase: compare
[2026-09-11 08:43:42] Output directory: adversarial_results_ep100_pre300
[2026-09-11 08:43:42] Model filter: ALL
[2026-09-11 08:43:42] Dataset filter: ALL
[2026-09-11 08:43:42] Attack filter: ALL
[2026-09-11 08:43:42] Kind filter: ALL
[2026-09-11 08:43:42] Run log: /Users/jgafur/LTH/manuscript/Tranfer/logs/adversarial_orchestrate_compare_20260911_084341.log
[2026-09-11 08:43:42] qsub command found: /opt/sge/bin/lx-amd64/qsub
[2026-09-11 08:43:42] Found submission file: /Users/jgafur/LTH/manuscript/Tranfer/adversarial_hpc_submit.pbs
[2026-09-11 08:43:42] ============================================================================
[2026-09-11 08:43:42] Adversarial Analysis HPC Orchestration
[2026-09-11 08:43:42] ============================================================================
[2026-09-11 08:43:42] Phase:       compare
[2026-09-11 08:43:42] Output Dir:  adversarial_results_ep100_pre300
[2026-09-11 08:43:42] Models:      6 architectures
[2026-09-11 08:43:42] Datasets:    3 datasets
[2026-09-11 08:43:42] ============================================================================
[2026-09-11 08:43:42] Run outputs will be written as txt files in manuscript/Tranfer/
[2026-09-11 08:43:42]   - generate:      <MODEL>_<DATASET>_<ATTACK>_<KIND>_generate_run.txt
[2026-09-11 08:43:42]   - analyze:       adversarial_analyze_run.txt
[2026-09-11 08:43:42]   - plot:          adversarial_plot_run.txt
[2026-09-11 08:43:42]   - gradient_sim:  adversarial_gradient_sim_run.txt
[2026-09-11 08:43:42]   - epsilon_sweep: adversarial_epsilon_sweep_run.txt
[2026-09-11 08:43:42]   - statistics:    adversarial_statistics_run.txt
[2026-09-11 08:43:42]   - cka:           adversarial_cka_run.txt
[2026-09-11 08:43:42]   - compare:       adversarial_compare_run.txt
[2026-09-11 08:43:42]   - compute_tradeoff: adversarial_compute_tradeoff_run.txt
[2026-09-11 08:43:42]   - correlations:  adversarial_correlations_run.txt
[2026-09-11 08:43:42] [PHASE: COMPARE] Submitting collapsed-vs-original comparison table job...
[2026-09-11 08:43:42] [SUBMIT] compare
[2026-09-11 08:43:42] [CMD] qsub -q all.q -l ngpus=1 -v MODEL="ALL",DATASET="ALL",ATTACK="ALL",KIND="ALL",PHASE="compare",OUTPUT_DIR="adversarial_results_ep100_pre300" adversarial_hpc_submit.pbs </dev/null
[2026-09-11 08:43:45] [OK] compare
[2026-09-11 08:43:46] [OK] qsub output: Your job 6503645 ("adversarial_hpc_submit.pbs") has been submitted
[2026-09-11 08:43:47] [SUCCESS] Compare job submitted
[2026-09-11 08:43:49] Output: collapsed_vs_original_explainability_*.csv, accuracy_parameter_comparison.csv
[2026-09-11 08:43:50] ============================================================================
[2026-09-11 08:44:00] Job submission complete. Check logs/ for details.
[2026-09-11 08:44:03] Run log saved to: /Users/jgafur/LTH/manuscript/Tranfer/logs/adversarial_orchestrate_compare_20260911_084341.log
[2026-09-11 08:44:03] ============================================================================
