[2026-09-11 09:40:25] Starting orchestration script
[2026-09-11 09:40:25] Script path: /Users/jgafur/LTH/manuscript/Tranfer
[2026-09-11 09:40:25] Current working directory: /Users/jgafur/LTH/manuscript/Tranfer
[2026-09-11 09:40:25] Phase: compare
[2026-09-11 09:40:25] Output directory: adversarial_results_ep300_pre100
[2026-09-11 09:40:25] Model filter: ALL
[2026-09-11 09:40:25] Dataset filter: ALL
[2026-09-11 09:40:25] Attack filter: ALL
[2026-09-11 09:40:25] Kind filter: ALL
[2026-09-11 09:40:25] Run log: /Users/jgafur/LTH/manuscript/Tranfer/logs/adversarial_orchestrate_compare_20260911_094025.log
[2026-09-11 09:40:26] qsub command found: /opt/sge/bin/lx-amd64/qsub
[2026-09-11 09:40:26] Found submission file: /Users/jgafur/LTH/manuscript/Tranfer/adversarial_hpc_submit.pbs
[2026-09-11 09:40:26] ============================================================================
[2026-09-11 09:40:26] Adversarial Analysis HPC Orchestration
[2026-09-11 09:40:26] ============================================================================
[2026-09-11 09:40:26] Phase:       compare
[2026-09-11 09:40:26] Output Dir:  adversarial_results_ep300_pre100
[2026-09-11 09:40:26] Models:      6 architectures
[2026-09-11 09:40:26] Datasets:    3 datasets
[2026-09-11 09:40:26] ============================================================================
[2026-09-11 09:40:26] Run outputs will be written as txt files in manuscript/Tranfer/
[2026-09-11 09:40:26]   - generate:      <MODEL>_<DATASET>_<ATTACK>_<KIND>_generate_run.txt
[2026-09-11 09:40:26]   - analyze:       adversarial_analyze_run.txt
[2026-09-11 09:40:26]   - plot:          adversarial_plot_run.txt
[2026-09-11 09:40:26]   - gradient_sim:  adversarial_gradient_sim_run.txt
[2026-09-11 09:40:26]   - epsilon_sweep: adversarial_epsilon_sweep_run.txt
[2026-09-11 09:40:26]   - statistics:    adversarial_statistics_run.txt
[2026-09-11 09:40:26]   - cka:           adversarial_cka_run.txt
[2026-09-11 09:40:26]   - compare:       adversarial_compare_run.txt
[2026-09-11 09:40:26]   - compute_tradeoff: adversarial_compute_tradeoff_run.txt
[2026-09-11 09:40:26]   - correlations:  adversarial_correlations_run.txt
[2026-09-11 09:40:26] [PHASE: COMPARE] Submitting collapsed-vs-original comparison table job...
[2026-09-11 09:40:26] [SUBMIT] compare
[2026-09-11 09:40:26] [CMD] qsub -q all.q -l ngpus=1 -v MODEL="ALL",DATASET="ALL",ATTACK="ALL",KIND="ALL",PHASE="compare",OUTPUT_DIR="adversarial_results_ep300_pre100" adversarial_hpc_submit.pbs </dev/null
