[2026-09-11 09:38:49] Starting orchestration script
[2026-09-11 09:38:49] Script path: /Users/jgafur/LTH/manuscript/Tranfer
[2026-09-11 09:38:49] Current working directory: /Users/jgafur/LTH/manuscript/Tranfer
[2026-09-11 09:38:49] Phase: statistics
[2026-09-11 09:38:49] Output directory: adversarial_results_ep200_pre200
[2026-09-11 09:38:49] Model filter: ALL
[2026-09-11 09:38:49] Dataset filter: ALL
[2026-09-11 09:38:49] Attack filter: ALL
[2026-09-11 09:38:49] Kind filter: ALL
[2026-09-11 09:38:49] Run log: /Users/jgafur/LTH/manuscript/Tranfer/logs/adversarial_orchestrate_statistics_20260911_093849.log
[2026-09-11 09:38:49] qsub command found: /opt/sge/bin/lx-amd64/qsub
[2026-09-11 09:38:49] Found submission file: /Users/jgafur/LTH/manuscript/Tranfer/adversarial_hpc_submit.pbs
[2026-09-11 09:38:49] ============================================================================
[2026-09-11 09:38:49] Adversarial Analysis HPC Orchestration
[2026-09-11 09:38:49] ============================================================================
[2026-09-11 09:38:49] Phase:       statistics
[2026-09-11 09:38:49] Output Dir:  adversarial_results_ep200_pre200
[2026-09-11 09:38:49] Models:      6 architectures
[2026-09-11 09:38:49] Datasets:    3 datasets
[2026-09-11 09:38:49] ============================================================================
[2026-09-11 09:38:49] Run outputs will be written as txt files in manuscript/Tranfer/
[2026-09-11 09:38:49]   - generate:      <MODEL>_<DATASET>_<ATTACK>_<KIND>_generate_run.txt
[2026-09-11 09:38:49]   - analyze:       adversarial_analyze_run.txt
[2026-09-11 09:38:49]   - plot:          adversarial_plot_run.txt
[2026-09-11 09:38:49]   - gradient_sim:  adversarial_gradient_sim_run.txt
[2026-09-11 09:38:49]   - epsilon_sweep: adversarial_epsilon_sweep_run.txt
[2026-09-11 09:38:49]   - statistics:    adversarial_statistics_run.txt
[2026-09-11 09:38:49]   - cka:           adversarial_cka_run.txt
[2026-09-11 09:38:49]   - compare:       adversarial_compare_run.txt
[2026-09-11 09:38:49]   - compute_tradeoff: adversarial_compute_tradeoff_run.txt
[2026-09-11 09:38:49]   - correlations:  adversarial_correlations_run.txt
[2026-09-11 09:38:49] [PHASE: STATISTICS] Submitting Experiment 9 (statistical significance) job...
[2026-09-11 09:38:49] Compares Original vs. Finetuned ASR across run configurations.
[2026-09-11 09:38:49] [SUBMIT] statistics
[2026-09-11 09:38:49] [CMD] qsub -q all.q -l ngpus=1 -v MODEL="ALL",DATASET="ALL",ATTACK="ALL",KIND="ALL",PHASE="statistics",OUTPUT_DIR="adversarial_results_ep200_pre200",RESULT_DIRS=" adversarial_results_ep100_pre300 adversarial_results_ep200_pre200 adversarial_results_ep300_pre100" adversarial_hpc_submit.pbs </dev/null
[2026-09-11 09:39:00] [OK] statistics
[2026-09-11 09:39:01] [OK] qsub output: Your job 6504153 ("adversarial_hpc_submit.pbs") has been submitted
[2026-09-11 09:39:01] [SUCCESS] Statistical significance job submitted
[2026-09-11 09:39:01] Output: statistical_significance.csv, statistical_significance_*.png
[2026-09-11 09:39:01] ============================================================================
[2026-09-11 09:39:01] Job submission complete. Check logs/ for details.
[2026-09-11 09:39:01] Run log saved to: /Users/jgafur/LTH/manuscript/Tranfer/logs/adversarial_orchestrate_statistics_20260911_093849.log
[2026-09-11 09:39:01] ============================================================================
