[2026-09-11 10:30:31] Starting orchestration script
[2026-09-11 10:30:31] Script path: /Users/jgafur/LTH/manuscript/Tranfer
[2026-09-11 10:30:31] Current working directory: /Users/jgafur/LTH/manuscript/Tranfer
[2026-09-11 10:30:31] Phase: cka
[2026-09-11 10:30:31] Output directory: adversarial_results_ep200_pre200
[2026-09-11 10:30:31] Model filter: ALL
[2026-09-11 10:30:31] Dataset filter: ALL
[2026-09-11 10:30:31] Attack filter: ALL
[2026-09-11 10:30:31] Kind filter: ALL
[2026-09-11 10:30:31] Run log: /Users/jgafur/LTH/manuscript/Tranfer/logs/adversarial_orchestrate_cka_20260911_103031.log
[2026-09-11 10:30:31] qsub command found: /opt/sge/bin/lx-amd64/qsub
[2026-09-11 10:30:31] Found submission file: /Users/jgafur/LTH/manuscript/Tranfer/adversarial_hpc_submit.pbs
[2026-09-11 10:30:31] ============================================================================
[2026-09-11 10:30:31] Adversarial Analysis HPC Orchestration
[2026-09-11 10:30:31] ============================================================================
[2026-09-11 10:30:31] Phase:       cka
[2026-09-11 10:30:31] Output Dir:  adversarial_results_ep200_pre200
[2026-09-11 10:30:31] Models:      6 architectures
[2026-09-11 10:30:31] Datasets:    3 datasets
[2026-09-11 10:30:41] ============================================================================
[2026-09-11 10:30:49] Run outputs will be written as txt files in manuscript/Tranfer/
[2026-09-11 10:31:22]   - generate:      <MODEL>_<DATASET>_<ATTACK>_<KIND>_generate_run.txt
[2026-09-11 10:31:25]   - analyze:       adversarial_analyze_run.txt
[2026-09-11 10:31:25]   - plot:          adversarial_plot_run.txt
[2026-09-11 10:31:41]   - gradient_sim:  adversarial_gradient_sim_run.txt
[2026-09-11 10:31:44]   - epsilon_sweep: adversarial_epsilon_sweep_run.txt
[2026-09-11 10:31:45]   - statistics:    adversarial_statistics_run.txt
[2026-09-11 10:31:46]   - cka:           adversarial_cka_run.txt
[2026-09-11 10:31:46]   - compare:       adversarial_compare_run.txt
[2026-09-11 10:31:46]   - compute_tradeoff: adversarial_compute_tradeoff_run.txt
[2026-09-11 10:31:47]   - correlations:  adversarial_correlations_run.txt
[2026-09-11 10:31:47] [PHASE: CKA] Submitting Experiment 10 (CKA feature similarity) job...
[2026-09-11 10:31:47] Computes layer-wise CKA between all model-kind pairs.
[2026-09-11 10:31:47] Requires: model checkpoints accessible from the HPC node.
[2026-09-11 10:31:48] [SUBMIT] cka
[2026-09-11 10:31:48] [CMD] qsub -q all.q -l ngpus=1 -v MODEL="ALL",DATASET="ALL",ATTACK="ALL",KIND="ALL",PHASE="cka",OUTPUT_DIR="adversarial_results_ep200_pre200" adversarial_hpc_submit.pbs </dev/null
[2026-09-11 10:32:02] [OK] cka
[2026-09-11 10:32:04] [OK] qsub output: Your job 6504751 ("adversarial_hpc_submit.pbs") has been submitted
[2026-09-11 10:32:05] [SUCCESS] CKA feature similarity job submitted
[2026-09-11 10:32:06] Output: cka_similarity.csv, cka_mean_matrix_*.csv, cka_mean_heatmap_*.png, cka_layerwise_*.png
[2026-09-11 10:32:06] ============================================================================
[2026-09-11 10:32:06] Job submission complete. Check logs/ for details.
[2026-09-11 10:32:06] Run log saved to: /Users/jgafur/LTH/manuscript/Tranfer/logs/adversarial_orchestrate_cka_20260911_103031.log
[2026-09-11 10:32:06] ============================================================================
