[2026-09-11 08:45:45] Starting orchestration script
[2026-09-11 08:45:45] Script path: /Users/jgafur/LTH/manuscript/Tranfer
[2026-09-11 08:45:45] Current working directory: /Users/jgafur/LTH/manuscript/Tranfer
[2026-09-11 08:45:45] Phase: compute_tradeoff
[2026-09-11 08:45:45] Output directory: adversarial_results_ep300_pre100
[2026-09-11 08:45:45] Model filter: ALL
[2026-09-11 08:45:45] Dataset filter: ALL
[2026-09-11 08:45:45] Attack filter: ALL
[2026-09-11 08:45:45] Kind filter: ALL
[2026-09-11 08:45:45] Run log: /Users/jgafur/LTH/manuscript/Tranfer/logs/adversarial_orchestrate_compute_tradeoff_20260911_084545.log
[2026-09-11 08:45:45] qsub command found: /opt/sge/bin/lx-amd64/qsub
[2026-09-11 08:45:45] Found submission file: /Users/jgafur/LTH/manuscript/Tranfer/adversarial_hpc_submit.pbs
[2026-09-11 08:45:45] ============================================================================
[2026-09-11 08:45:45] Adversarial Analysis HPC Orchestration
[2026-09-11 08:45:45] ============================================================================
[2026-09-11 08:45:45] Phase:       compute_tradeoff
[2026-09-11 08:45:45] Output Dir:  adversarial_results_ep300_pre100
[2026-09-11 08:45:45] Models:      6 architectures
[2026-09-11 08:45:45] Datasets:    3 datasets
[2026-09-11 08:45:45] ============================================================================
[2026-09-11 08:45:45] Run outputs will be written as txt files in manuscript/Tranfer/
[2026-09-11 08:45:45]   - generate:      <MODEL>_<DATASET>_<ATTACK>_<KIND>_generate_run.txt
[2026-09-11 08:45:45]   - analyze:       adversarial_analyze_run.txt
[2026-09-11 08:45:45]   - plot:          adversarial_plot_run.txt
[2026-09-11 08:45:45]   - gradient_sim:  adversarial_gradient_sim_run.txt
[2026-09-11 08:45:45]   - epsilon_sweep: adversarial_epsilon_sweep_run.txt
[2026-09-11 08:45:45]   - statistics:    adversarial_statistics_run.txt
[2026-09-11 08:45:45]   - cka:           adversarial_cka_run.txt
[2026-09-11 08:45:45]   - compare:       adversarial_compare_run.txt
[2026-09-11 08:45:45]   - compute_tradeoff: adversarial_compute_tradeoff_run.txt
[2026-09-11 08:45:45]   - correlations:  adversarial_correlations_run.txt
[2026-09-11 08:45:45] [PHASE: COMPUTE_TRADEOFF] Submitting compute-cost tradeoff job...
[2026-09-11 08:45:45] [SUBMIT] compute_tradeoff
[2026-09-11 08:45:45] [CMD] qsub -q all.q -l ngpus=1 -v MODEL="ALL",DATASET="ALL",ATTACK="ALL",KIND="ALL",PHASE="compute_tradeoff",OUTPUT_DIR="adversarial_results_ep300_pre100" adversarial_hpc_submit.pbs </dev/null
[2026-09-11 08:45:51] [OK] compute_tradeoff
[2026-09-11 08:45:51] [OK] qsub output: Your job 6503663 ("adversarial_hpc_submit.pbs") has been submitted
[2026-09-11 08:45:51] [SUCCESS] Compute tradeoff job submitted
[2026-09-11 08:45:51] Output: compute_profile.csv, tradeoff_summary.csv, figure1-4 tradeoff PNGs
[2026-09-11 08:45:51] ============================================================================
[2026-09-11 08:45:51] Job submission complete. Check logs/ for details.
[2026-09-11 08:45:51] Run log saved to: /Users/jgafur/LTH/manuscript/Tranfer/logs/adversarial_orchestrate_compute_tradeoff_20260911_084545.log
[2026-09-11 08:45:51] ============================================================================
