[2026-09-11 09:39:30] Starting orchestration script
[2026-09-11 09:39:30] Script path: /Users/jgafur/LTH/manuscript/Tranfer
[2026-09-11 09:39:30] Current working directory: /Users/jgafur/LTH/manuscript/Tranfer
[2026-09-11 09:39:30] Phase: correlations
[2026-09-11 09:39:30] Output directory: adversarial_results_ep200_pre200
[2026-09-11 09:39:30] Model filter: ALL
[2026-09-11 09:39:30] Dataset filter: ALL
[2026-09-11 09:39:30] Attack filter: ALL
[2026-09-11 09:39:30] Kind filter: ALL
[2026-09-11 09:39:30] Run log: /Users/jgafur/LTH/manuscript/Tranfer/logs/adversarial_orchestrate_correlations_20260911_093930.log
[2026-09-11 09:39:30] qsub command found: /opt/sge/bin/lx-amd64/qsub
[2026-09-11 09:39:30] Found submission file: /Users/jgafur/LTH/manuscript/Tranfer/adversarial_hpc_submit.pbs
[2026-09-11 09:39:30] ============================================================================
[2026-09-11 09:39:30] Adversarial Analysis HPC Orchestration
[2026-09-11 09:39:30] ============================================================================
[2026-09-11 09:39:30] Phase:       correlations
[2026-09-11 09:39:30] Output Dir:  adversarial_results_ep200_pre200
[2026-09-11 09:39:30] Models:      6 architectures
[2026-09-11 09:39:30] Datasets:    3 datasets
[2026-09-11 09:39:30] ============================================================================
[2026-09-11 09:39:30] Run outputs will be written as txt files in manuscript/Tranfer/
[2026-09-11 09:39:30]   - generate:      <MODEL>_<DATASET>_<ATTACK>_<KIND>_generate_run.txt
[2026-09-11 09:39:30]   - analyze:       adversarial_analyze_run.txt
[2026-09-11 09:39:30]   - plot:          adversarial_plot_run.txt
[2026-09-11 09:39:30]   - gradient_sim:  adversarial_gradient_sim_run.txt
[2026-09-11 09:39:30]   - epsilon_sweep: adversarial_epsilon_sweep_run.txt
[2026-09-11 09:39:30]   - statistics:    adversarial_statistics_run.txt
[2026-09-11 09:39:30]   - cka:           adversarial_cka_run.txt
[2026-09-11 09:39:30]   - compare:       adversarial_compare_run.txt
[2026-09-11 09:39:30]   - compute_tradeoff: adversarial_compute_tradeoff_run.txt
[2026-09-11 09:39:30]   - correlations:  adversarial_correlations_run.txt
[2026-09-11 09:39:30] [PHASE: CORRELATIONS] Submitting correlation analysis job...
[2026-09-11 09:39:30] [SUBMIT] correlations
[2026-09-11 09:39:30] [CMD] qsub -q all.q -l ngpus=1 -v MODEL="ALL",DATASET="ALL",ATTACK="ALL",KIND="ALL",PHASE="correlations",OUTPUT_DIR="adversarial_results_ep200_pre200" adversarial_hpc_submit.pbs </dev/null
[2026-09-11 09:39:36] [OK] correlations
[2026-09-11 09:39:37] [OK] qsub output: Your job 6504165 ("adversarial_hpc_submit.pbs") has been submitted
[2026-09-11 09:39:40] [SUCCESS] Correlation analysis job submitted
[2026-09-11 09:39:40] Output: correlation_summary.csv, partial_correlation_summary.csv, figure5-8 PNGs
[2026-09-11 09:39:41] ============================================================================
[2026-09-11 09:39:44] Job submission complete. Check logs/ for details.
[2026-09-11 09:39:47] Run log saved to: /Users/jgafur/LTH/manuscript/Tranfer/logs/adversarial_orchestrate_correlations_20260911_093930.log
[2026-09-11 09:39:49] ============================================================================
