[2026-09-08 09:38:42] Starting orchestration script
[2026-09-08 09:38:42] Starting orchestration script
[2026-09-08 09:38:42] Starting orchestration script
[2026-09-08 09:38:42] Script path: /Users/jgafur/LTH/manuscript/Tranfer
[2026-09-08 09:38:42] Script path: /Users/jgafur/LTH/manuscript/Tranfer
[2026-09-08 09:38:42] Script path: /Users/jgafur/LTH/manuscript/Tranfer
[2026-09-08 09:38:42] Current working directory: /Users/jgafur/LTH/manuscript/Tranfer
[2026-09-08 09:38:42] Current working directory: /Users/jgafur/LTH/manuscript/Tranfer
[2026-09-08 09:38:42] Current working directory: /Users/jgafur/LTH/manuscript/Tranfer
[2026-09-08 09:38:42] Phase: generate
[2026-09-08 09:38:42] Phase: generate
[2026-09-08 09:38:42] Phase: generate
[2026-09-08 09:38:42] Output directory: adversarial_results_ep200_pre200
[2026-09-08 09:38:42] Output directory: adversarial_results_ep100_pre300
[2026-09-08 09:38:42] Output directory: adversarial_results_ep300_pre100
[2026-09-08 09:38:42] Model filter: ALL
[2026-09-08 09:38:42] Model filter: ALL
[2026-09-08 09:38:42] Model filter: ALL
[2026-09-08 09:38:42] Dataset filter: ALL
[2026-09-08 09:38:42] Dataset filter: ALL
[2026-09-08 09:38:42] Dataset filter: ALL
[2026-09-08 09:38:42] Attack filter: ALL
[2026-09-08 09:38:42] Attack filter: ALL
[2026-09-08 09:38:42] Attack filter: ALL
[2026-09-08 09:38:42] Kind filter: ALL
[2026-09-08 09:38:42] Kind filter: ALL
[2026-09-08 09:38:42] Kind filter: ALL
[2026-09-08 09:38:42] Run log: /Users/jgafur/LTH/manuscript/Tranfer/logs/adversarial_orchestrate_generate_20260908_093842.log
[2026-09-08 09:38:42] Run log: /Users/jgafur/LTH/manuscript/Tranfer/logs/adversarial_orchestrate_generate_20260908_093842.log
[2026-09-08 09:38:42] Run log: /Users/jgafur/LTH/manuscript/Tranfer/logs/adversarial_orchestrate_generate_20260908_093842.log
[2026-09-08 09:38:42] qsub command found: /opt/sge/bin/lx-amd64/qsub
[2026-09-08 09:38:42] qsub command found: /opt/sge/bin/lx-amd64/qsub
[2026-09-08 09:38:42] qsub command found: /opt/sge/bin/lx-amd64/qsub
[2026-09-08 09:38:42] Found submission file: /Users/jgafur/LTH/manuscript/Tranfer/adversarial_hpc_submit.pbs
[2026-09-08 09:38:42] Found submission file: /Users/jgafur/LTH/manuscript/Tranfer/adversarial_hpc_submit.pbs
[2026-09-08 09:38:42] Found submission file: /Users/jgafur/LTH/manuscript/Tranfer/adversarial_hpc_submit.pbs
[2026-09-08 09:38:42] ============================================================================
[2026-09-08 09:38:42] ============================================================================
[2026-09-08 09:38:42] ============================================================================
[2026-09-08 09:38:42] Adversarial Analysis HPC Orchestration
[2026-09-08 09:38:42] Adversarial Analysis HPC Orchestration
[2026-09-08 09:38:42] Adversarial Analysis HPC Orchestration
[2026-09-08 09:38:42] ============================================================================
[2026-09-08 09:38:42] ============================================================================
[2026-09-08 09:38:42] ============================================================================
[2026-09-08 09:38:42] Phase:       generate
[2026-09-08 09:38:42] Phase:       generate
[2026-09-08 09:38:42] Phase:       generate
[2026-09-08 09:38:42] Output Dir:  adversarial_results_ep200_pre200
[2026-09-08 09:38:42] Output Dir:  adversarial_results_ep100_pre300
[2026-09-08 09:38:42] Output Dir:  adversarial_results_ep300_pre100
[2026-09-08 09:38:42] Models:      6 architectures
[2026-09-08 09:38:42] Models:      6 architectures
[2026-09-08 09:38:42] Models:      6 architectures
[2026-09-08 09:38:42] Datasets:    3 datasets
[2026-09-08 09:38:42] Datasets:    3 datasets
[2026-09-08 09:38:42] Datasets:    3 datasets
[2026-09-08 09:38:42] Attacks:     7 attack types
[2026-09-08 09:38:42] Attacks:     7 attack types
[2026-09-08 09:38:42] Total Jobs:  ~126
[2026-09-08 09:38:42] Total Jobs:  ~126
[2026-09-08 09:38:42] Attacks:     7 attack types
[2026-09-08 09:38:42] ============================================================================
[2026-09-08 09:38:42] Total Jobs:  ~126
[2026-09-08 09:38:42] ============================================================================
[2026-09-08 09:38:42] ============================================================================
[2026-09-08 09:38:42] Run outputs will be written as txt files in manuscript/Tranfer/
[2026-09-08 09:38:42] Run outputs will be written as txt files in manuscript/Tranfer/
[2026-09-08 09:38:42]   - generate:      <MODEL>_<DATASET>_<ATTACK>_<KIND>_generate_run.txt
[2026-09-08 09:38:42] Run outputs will be written as txt files in manuscript/Tranfer/
[2026-09-08 09:38:42]   - generate:      <MODEL>_<DATASET>_<ATTACK>_<KIND>_generate_run.txt
[2026-09-08 09:38:42]   - analyze:       adversarial_analyze_run.txt
[2026-09-08 09:38:42]   - generate:      <MODEL>_<DATASET>_<ATTACK>_<KIND>_generate_run.txt
[2026-09-08 09:38:42]   - analyze:       adversarial_analyze_run.txt
[2026-09-08 09:38:42]   - plot:          adversarial_plot_run.txt
[2026-09-08 09:38:42]   - plot:          adversarial_plot_run.txt
[2026-09-08 09:38:42]   - analyze:       adversarial_analyze_run.txt
[2026-09-08 09:38:42]   - gradient_sim:  adversarial_gradient_sim_run.txt
[2026-09-08 09:38:42]   - gradient_sim:  adversarial_gradient_sim_run.txt
[2026-09-08 09:38:42]   - plot:          adversarial_plot_run.txt
[2026-09-08 09:38:43]   - epsilon_sweep: adversarial_epsilon_sweep_run.txt
[2026-09-08 09:38:43]   - epsilon_sweep: adversarial_epsilon_sweep_run.txt
[2026-09-08 09:38:43]   - gradient_sim:  adversarial_gradient_sim_run.txt
[2026-09-08 09:38:43]   - statistics:    adversarial_statistics_run.txt
[2026-09-08 09:38:43]   - statistics:    adversarial_statistics_run.txt
[2026-09-08 09:38:43]   - epsilon_sweep: adversarial_epsilon_sweep_run.txt
[2026-09-08 09:38:43]   - cka:           adversarial_cka_run.txt
[2026-09-08 09:38:43]   - cka:           adversarial_cka_run.txt
[2026-09-08 09:38:43]   - statistics:    adversarial_statistics_run.txt
[2026-09-08 09:38:43]   - compare:       adversarial_compare_run.txt
[2026-09-08 09:38:43]   - compare:       adversarial_compare_run.txt
[2026-09-08 09:38:43]   - cka:           adversarial_cka_run.txt
[2026-09-08 09:38:43]   - compute_tradeoff: adversarial_compute_tradeoff_run.txt
[2026-09-08 09:38:43]   - compute_tradeoff: adversarial_compute_tradeoff_run.txt
[2026-09-08 09:38:43]   - compare:       adversarial_compare_run.txt
[2026-09-08 09:38:43]   - correlations:  adversarial_correlations_run.txt
[2026-09-08 09:38:43]   - correlations:  adversarial_correlations_run.txt
[2026-09-08 09:38:43]   - compute_tradeoff: adversarial_compute_tradeoff_run.txt
[2026-09-08 09:38:43] [PHASE: GENERATE] Submitting attack generation jobs...
[2026-09-08 09:38:43]   - correlations:  adversarial_correlations_run.txt
[2026-09-08 09:38:43] [PHASE: GENERATE] Submitting attack generation jobs...
[2026-09-08 09:38:43] [SUBMIT] VGG16/Cifar10/PGD/ALL
[2026-09-08 09:38:43] [SUBMIT] VGG16/Cifar10/PGD/ALL
[2026-09-08 09:38:43] [CMD] qsub -q all.q -l ngpus=1 -v MODEL="VGG16",DATASET="Cifar10",ATTACK="PGD",KIND="ALL",PHASE="generate",OUTPUT_DIR="adversarial_results_ep100_pre300" adversarial_hpc_submit.pbs </dev/null
[2026-09-08 09:38:43] [PHASE: GENERATE] Submitting attack generation jobs...
[2026-09-08 09:38:43] [CMD] qsub -q all.q -l ngpus=1 -v MODEL="VGG16",DATASET="Cifar10",ATTACK="PGD",KIND="ALL",PHASE="generate",OUTPUT_DIR="adversarial_results_ep200_pre200" adversarial_hpc_submit.pbs </dev/null
[2026-09-08 09:38:43] [SUBMIT] VGG16/Cifar10/PGD/ALL
[2026-09-08 09:38:43] [CMD] qsub -q all.q -l ngpus=1 -v MODEL="VGG16",DATASET="Cifar10",ATTACK="PGD",KIND="ALL",PHASE="generate",OUTPUT_DIR="adversarial_results_ep300_pre100" adversarial_hpc_submit.pbs </dev/null
[2026-09-08 09:38:48] [OK] VGG16/Cifar10/PGD/ALL
[2026-09-08 09:38:48] [OK] qsub output: Your job 6479208 ("adversarial_hpc_submit.pbs") has been submitted
[2026-09-08 09:38:49] [SUBMIT] VGG16/Cifar10/FGSM/ALL
[2026-09-08 09:38:49] [CMD] qsub -q all.q -l ngpus=1 -v MODEL="VGG16",DATASET="Cifar10",ATTACK="FGSM",KIND="ALL",PHASE="generate",OUTPUT_DIR="adversarial_results_ep300_pre100" adversarial_hpc_submit.pbs </dev/null
[2026-09-08 09:38:52] [OK] VGG16/Cifar10/PGD/ALL
[2026-09-08 09:38:52] [OK] qsub output: Your job 6479207 ("adversarial_hpc_submit.pbs") has been submitted
[2026-09-08 09:38:52] [SUBMIT] VGG16/Cifar10/FGSM/ALL
[2026-09-08 09:38:52] [CMD] qsub -q all.q -l ngpus=1 -v MODEL="VGG16",DATASET="Cifar10",ATTACK="FGSM",KIND="ALL",PHASE="generate",OUTPUT_DIR="adversarial_results_ep200_pre200" adversarial_hpc_submit.pbs </dev/null
[2026-09-08 09:38:55] [OK] VGG16/Cifar10/FGSM/ALL
[2026-09-08 09:38:55] [OK] qsub output: Your job 6479210 ("adversarial_hpc_submit.pbs") has been submitted
[2026-09-08 09:38:55] [SUBMIT] VGG16/Cifar10/IFGSM/ALL
[2026-09-08 09:38:55] [CMD] qsub -q all.q -l ngpus=1 -v MODEL="VGG16",DATASET="Cifar10",ATTACK="IFGSM",KIND="ALL",PHASE="generate",OUTPUT_DIR="adversarial_results_ep300_pre100" adversarial_hpc_submit.pbs </dev/null
[2026-09-08 09:38:56] [OK] VGG16/Cifar10/PGD/ALL
[2026-09-08 09:38:56] [OK] qsub output: Your job 6479209 ("adversarial_hpc_submit.pbs") has been submitted
[2026-09-08 09:38:56] [SUBMIT] VGG16/Cifar10/FGSM/ALL
[2026-09-08 09:38:56] [CMD] qsub -q all.q -l ngpus=1 -v MODEL="VGG16",DATASET="Cifar10",ATTACK="FGSM",KIND="ALL",PHASE="generate",OUTPUT_DIR="adversarial_results_ep100_pre300" adversarial_hpc_submit.pbs </dev/null
[2026-09-08 09:38:58] [OK] VGG16/Cifar10/IFGSM/ALL
[2026-09-08 09:38:58] [OK] qsub output: Your job 6479212 ("adversarial_hpc_submit.pbs") has been submitted
[2026-09-08 09:38:58] [SUBMIT] VGG16/Cifar10/BIM/ALL
[2026-09-08 09:38:58] [CMD] qsub -q all.q -l ngpus=1 -v MODEL="VGG16",DATASET="Cifar10",ATTACK="BIM",KIND="ALL",PHASE="generate",OUTPUT_DIR="adversarial_results_ep300_pre100" adversarial_hpc_submit.pbs </dev/null
[2026-09-08 09:39:05] [OK] VGG16/Cifar10/FGSM/ALL
[2026-09-08 09:39:05] [OK] qsub output: Your job 6479211 ("adversarial_hpc_submit.pbs") has been submitted
[2026-09-08 09:39:05] [SUBMIT] VGG16/Cifar10/IFGSM/ALL
[2026-09-08 09:39:05] [CMD] qsub -q all.q -l ngpus=1 -v MODEL="VGG16",DATASET="Cifar10",ATTACK="IFGSM",KIND="ALL",PHASE="generate",OUTPUT_DIR="adversarial_results_ep200_pre200" adversarial_hpc_submit.pbs </dev/null
[2026-09-08 09:39:07] [OK] VGG16/Cifar10/FGSM/ALL
[2026-09-08 09:39:07] [OK] qsub output: Your job 6479213 ("adversarial_hpc_submit.pbs") has been submitted
[2026-09-08 09:39:07] [SUBMIT] VGG16/Cifar10/IFGSM/ALL
[2026-09-08 09:39:07] [CMD] qsub -q all.q -l ngpus=1 -v MODEL="VGG16",DATASET="Cifar10",ATTACK="IFGSM",KIND="ALL",PHASE="generate",OUTPUT_DIR="adversarial_results_ep100_pre300" adversarial_hpc_submit.pbs </dev/null
[2026-09-08 09:39:10] [OK] VGG16/Cifar10/IFGSM/ALL
[2026-09-08 09:39:10] [OK] qsub output: Your job 6479215 ("adversarial_hpc_submit.pbs") has been submitted
[2026-09-08 09:39:10] [SUBMIT] VGG16/Cifar10/BIM/ALL
[2026-09-08 09:39:10] [CMD] qsub -q all.q -l ngpus=1 -v MODEL="VGG16",DATASET="Cifar10",ATTACK="BIM",KIND="ALL",PHASE="generate",OUTPUT_DIR="adversarial_results_ep200_pre200" adversarial_hpc_submit.pbs </dev/null
[2026-09-08 09:39:11] [OK] VGG16/Cifar10/BIM/ALL
[2026-09-08 09:39:11] [OK] qsub output: Your job 6479214 ("adversarial_hpc_submit.pbs") has been submitted
[2026-09-08 09:39:11] [SUBMIT] VGG16/Cifar10/APGD/ALL
[2026-09-08 09:39:11] [CMD] qsub -q all.q -l ngpus=1 -v MODEL="VGG16",DATASET="Cifar10",ATTACK="APGD",KIND="ALL",PHASE="generate",OUTPUT_DIR="adversarial_results_ep300_pre100" adversarial_hpc_submit.pbs </dev/null
[2026-09-08 09:39:17] [OK] VGG16/Cifar10/IFGSM/ALL
[2026-09-08 09:39:17] [OK] qsub output: Your job 6479216 ("adversarial_hpc_submit.pbs") has been submitted
[2026-09-08 09:39:18] [SUBMIT] VGG16/Cifar10/BIM/ALL
[2026-09-08 09:39:18] [CMD] qsub -q all.q -l ngpus=1 -v MODEL="VGG16",DATASET="Cifar10",ATTACK="BIM",KIND="ALL",PHASE="generate",OUTPUT_DIR="adversarial_results_ep100_pre300" adversarial_hpc_submit.pbs </dev/null
[2026-09-08 09:39:18] [OK] VGG16/Cifar10/BIM/ALL
[2026-09-08 09:39:18] [OK] qsub output: Your job 6479217 ("adversarial_hpc_submit.pbs") has been submitted
[2026-09-08 09:39:18] [SUBMIT] VGG16/Cifar10/APGD/ALL
[2026-09-08 09:39:18] [CMD] qsub -q all.q -l ngpus=1 -v MODEL="VGG16",DATASET="Cifar10",ATTACK="APGD",KIND="ALL",PHASE="generate",OUTPUT_DIR="adversarial_results_ep200_pre200" adversarial_hpc_submit.pbs </dev/null
[2026-09-08 09:39:20] [OK] VGG16/Cifar10/BIM/ALL
[2026-09-08 09:39:20] [OK] qsub output: Your job 6479219 ("adversarial_hpc_submit.pbs") has been submitted
[2026-09-08 09:39:20] [SUBMIT] VGG16/Cifar10/APGD/ALL
[2026-09-08 09:39:20] [CMD] qsub -q all.q -l ngpus=1 -v MODEL="VGG16",DATASET="Cifar10",ATTACK="APGD",KIND="ALL",PHASE="generate",OUTPUT_DIR="adversarial_results_ep100_pre300" adversarial_hpc_submit.pbs </dev/null
[2026-09-08 09:39:20] [OK] VGG16/Cifar10/APGD/ALL
[2026-09-08 09:39:20] [OK] qsub output: Your job 6479218 ("adversarial_hpc_submit.pbs") has been submitted
[2026-09-08 09:39:20] [SUBMIT] VGG16/Cifar10/CW/ALL
[2026-09-08 09:39:20] [CMD] qsub -q all.q -l ngpus=1 -v MODEL="VGG16",DATASET="Cifar10",ATTACK="CW",KIND="ALL",PHASE="generate",OUTPUT_DIR="adversarial_results_ep300_pre100" adversarial_hpc_submit.pbs </dev/null
[2026-09-08 09:39:25] [OK] VGG16/Cifar10/APGD/ALL
[2026-09-08 09:39:25] [OK] qsub output: Your job 6479221 ("adversarial_hpc_submit.pbs") has been submitted
[2026-09-08 09:39:25] [SUBMIT] VGG16/Cifar10/CW/ALL
[2026-09-08 09:39:25] [CMD] qsub -q all.q -l ngpus=1 -v MODEL="VGG16",DATASET="Cifar10",ATTACK="CW",KIND="ALL",PHASE="generate",OUTPUT_DIR="adversarial_results_ep100_pre300" adversarial_hpc_submit.pbs </dev/null
[2026-09-08 09:39:28] [OK] VGG16/Cifar10/CW/ALL
[2026-09-08 09:39:28] [OK] qsub output: Your job 6479222 ("adversarial_hpc_submit.pbs") has been submitted
[2026-09-08 09:39:29] [SUBMIT] VGG16/Cifar10/DeepFool/ALL
[2026-09-08 09:39:29] [CMD] qsub -q all.q -l ngpus=1 -v MODEL="VGG16",DATASET="Cifar10",ATTACK="DeepFool",KIND="ALL",PHASE="generate",OUTPUT_DIR="adversarial_results_ep300_pre100" adversarial_hpc_submit.pbs </dev/null
[2026-09-08 09:39:30] [OK] VGG16/Cifar10/APGD/ALL
[2026-09-08 09:39:30] [OK] qsub output: Your job 6479220 ("adversarial_hpc_submit.pbs") has been submitted
[2026-09-08 09:39:30] [SUBMIT] VGG16/Cifar10/CW/ALL
[2026-09-08 09:39:30] [CMD] qsub -q all.q -l ngpus=1 -v MODEL="VGG16",DATASET="Cifar10",ATTACK="CW",KIND="ALL",PHASE="generate",OUTPUT_DIR="adversarial_results_ep200_pre200" adversarial_hpc_submit.pbs </dev/null
[2026-09-08 09:39:35] [OK] VGG16/Cifar10/DeepFool/ALL
[2026-09-08 09:39:35] [OK] qsub output: Your job 6479224 ("adversarial_hpc_submit.pbs") has been submitted
[2026-09-08 09:39:35] [SUBMIT] VGG16/Cifar100/PGD/ALL
[2026-09-08 09:39:35] [CMD] qsub -q all.q -l ngpus=1 -v MODEL="VGG16",DATASET="Cifar100",ATTACK="PGD",KIND="ALL",PHASE="generate",OUTPUT_DIR="adversarial_results_ep300_pre100" adversarial_hpc_submit.pbs </dev/null
[2026-09-08 09:39:36] [OK] VGG16/Cifar10/CW/ALL
[2026-09-08 09:39:36] [OK] qsub output: Your job 6479223 ("adversarial_hpc_submit.pbs") has been submitted
[2026-09-08 09:39:36] [SUBMIT] VGG16/Cifar10/DeepFool/ALL
[2026-09-08 09:39:36] [CMD] qsub -q all.q -l ngpus=1 -v MODEL="VGG16",DATASET="Cifar10",ATTACK="DeepFool",KIND="ALL",PHASE="generate",OUTPUT_DIR="adversarial_results_ep100_pre300" adversarial_hpc_submit.pbs </dev/null
[2026-09-08 09:39:42] [OK] VGG16/Cifar10/CW/ALL
[2026-09-08 09:39:42] [OK] qsub output: Your job 6479225 ("adversarial_hpc_submit.pbs") has been submitted
[2026-09-08 09:39:42] [SUBMIT] VGG16/Cifar10/DeepFool/ALL
[2026-09-08 09:39:42] [CMD] qsub -q all.q -l ngpus=1 -v MODEL="VGG16",DATASET="Cifar10",ATTACK="DeepFool",KIND="ALL",PHASE="generate",OUTPUT_DIR="adversarial_results_ep200_pre200" adversarial_hpc_submit.pbs </dev/null
[2026-09-08 09:39:42] [OK] VGG16/Cifar100/PGD/ALL
[2026-09-08 09:39:42] [OK] qsub output: Your job 6479226 ("adversarial_hpc_submit.pbs") has been submitted
[2026-09-08 09:39:42] [SUBMIT] VGG16/Cifar100/FGSM/ALL
[2026-09-08 09:39:42] [CMD] qsub -q all.q -l ngpus=1 -v MODEL="VGG16",DATASET="Cifar100",ATTACK="FGSM",KIND="ALL",PHASE="generate",OUTPUT_DIR="adversarial_results_ep300_pre100" adversarial_hpc_submit.pbs </dev/null
[2026-09-08 09:39:50] [OK] VGG16/Cifar10/DeepFool/ALL
[2026-09-08 09:39:50] [OK] qsub output: Your job 6479227 ("adversarial_hpc_submit.pbs") has been submitted
[2026-09-08 09:39:50] [SUBMIT] VGG16/Cifar100/PGD/ALL
[2026-09-08 09:39:50] [CMD] qsub -q all.q -l ngpus=1 -v MODEL="VGG16",DATASET="Cifar100",ATTACK="PGD",KIND="ALL",PHASE="generate",OUTPUT_DIR="adversarial_results_ep100_pre300" adversarial_hpc_submit.pbs </dev/null
[2026-09-08 09:39:51] [OK] VGG16/Cifar10/DeepFool/ALL
[2026-09-08 09:39:51] [OK] qsub output: Your job 6479229 ("adversarial_hpc_submit.pbs") has been submitted
[2026-09-08 09:39:51] [SUBMIT] VGG16/Cifar100/PGD/ALL
[2026-09-08 09:39:51] [CMD] qsub -q all.q -l ngpus=1 -v MODEL="VGG16",DATASET="Cifar100",ATTACK="PGD",KIND="ALL",PHASE="generate",OUTPUT_DIR="adversarial_results_ep200_pre200" adversarial_hpc_submit.pbs </dev/null
[2026-09-08 09:39:52] [OK] VGG16/Cifar100/FGSM/ALL
[2026-09-08 09:39:53] [OK] qsub output: Your job 6479230 ("adversarial_hpc_submit.pbs") has been submitted
[2026-09-08 09:39:53] [SUBMIT] VGG16/Cifar100/IFGSM/ALL
[2026-09-08 09:39:53] [CMD] qsub -q all.q -l ngpus=1 -v MODEL="VGG16",DATASET="Cifar100",ATTACK="IFGSM",KIND="ALL",PHASE="generate",OUTPUT_DIR="adversarial_results_ep300_pre100" adversarial_hpc_submit.pbs </dev/null
[2026-09-08 09:39:55] [OK] VGG16/Cifar100/PGD/ALL
[2026-09-08 09:39:55] [OK] qsub output: Your job 6479231 ("adversarial_hpc_submit.pbs") has been submitted
[2026-09-08 09:39:55] [SUBMIT] VGG16/Cifar100/FGSM/ALL
[2026-09-08 09:39:55] [CMD] qsub -q all.q -l ngpus=1 -v MODEL="VGG16",DATASET="Cifar100",ATTACK="FGSM",KIND="ALL",PHASE="generate",OUTPUT_DIR="adversarial_results_ep100_pre300" adversarial_hpc_submit.pbs </dev/null
[2026-09-08 09:39:58] [OK] VGG16/Cifar100/IFGSM/ALL
[2026-09-08 09:39:58] [OK] qsub output: Your job 6479233 ("adversarial_hpc_submit.pbs") has been submitted
[2026-09-08 09:39:58] [SUBMIT] VGG16/Cifar100/BIM/ALL
[2026-09-08 09:39:58] [CMD] qsub -q all.q -l ngpus=1 -v MODEL="VGG16",DATASET="Cifar100",ATTACK="BIM",KIND="ALL",PHASE="generate",OUTPUT_DIR="adversarial_results_ep300_pre100" adversarial_hpc_submit.pbs </dev/null
[2026-09-08 09:40:01] [OK] VGG16/Cifar100/PGD/ALL
[2026-09-08 09:40:01] [OK] qsub output: Your job 6479232 ("adversarial_hpc_submit.pbs") has been submitted
[2026-09-08 09:40:02] [SUBMIT] VGG16/Cifar100/FGSM/ALL
[2026-09-08 09:40:02] [CMD] qsub -q all.q -l ngpus=1 -v MODEL="VGG16",DATASET="Cifar100",ATTACK="FGSM",KIND="ALL",PHASE="generate",OUTPUT_DIR="adversarial_results_ep200_pre200" adversarial_hpc_submit.pbs </dev/null
[2026-09-08 09:40:04] [OK] VGG16/Cifar100/BIM/ALL
[2026-09-08 09:40:04] [OK] qsub output: Your job 6479235 ("adversarial_hpc_submit.pbs") has been submitted
[2026-09-08 09:40:04] [OK] VGG16/Cifar100/FGSM/ALL
[2026-09-08 09:40:04] [OK] qsub output: Your job 6479234 ("adversarial_hpc_submit.pbs") has been submitted
[2026-09-08 09:40:04] [SUBMIT] VGG16/Cifar100/APGD/ALL
[2026-09-08 09:40:04] [CMD] qsub -q all.q -l ngpus=1 -v MODEL="VGG16",DATASET="Cifar100",ATTACK="APGD",KIND="ALL",PHASE="generate",OUTPUT_DIR="adversarial_results_ep300_pre100" adversarial_hpc_submit.pbs </dev/null
[2026-09-08 09:40:05] [SUBMIT] VGG16/Cifar100/IFGSM/ALL
[2026-09-08 09:40:05] [CMD] qsub -q all.q -l ngpus=1 -v MODEL="VGG16",DATASET="Cifar100",ATTACK="IFGSM",KIND="ALL",PHASE="generate",OUTPUT_DIR="adversarial_results_ep100_pre300" adversarial_hpc_submit.pbs </dev/null
[2026-09-08 09:40:10] [OK] VGG16/Cifar100/APGD/ALL
[2026-09-08 09:40:10] [OK] qsub output: Your job 6479237 ("adversarial_hpc_submit.pbs") has been submitted
[2026-09-08 09:40:11] [SUBMIT] VGG16/Cifar100/CW/ALL
[2026-09-08 09:40:11] [CMD] qsub -q all.q -l ngpus=1 -v MODEL="VGG16",DATASET="Cifar100",ATTACK="CW",KIND="ALL",PHASE="generate",OUTPUT_DIR="adversarial_results_ep300_pre100" adversarial_hpc_submit.pbs </dev/null
[2026-09-08 09:40:13] [OK] VGG16/Cifar100/FGSM/ALL
[2026-09-08 09:40:13] [OK] qsub output: Your job 6479236 ("adversarial_hpc_submit.pbs") has been submitted
[2026-09-08 09:40:14] [SUBMIT] VGG16/Cifar100/IFGSM/ALL
[2026-09-08 09:40:14] [CMD] qsub -q all.q -l ngpus=1 -v MODEL="VGG16",DATASET="Cifar100",ATTACK="IFGSM",KIND="ALL",PHASE="generate",OUTPUT_DIR="adversarial_results_ep200_pre200" adversarial_hpc_submit.pbs </dev/null
[2026-09-08 09:40:20] [OK] VGG16/Cifar100/IFGSM/ALL
[2026-09-08 09:40:20] [OK] qsub output: Your job 6479238 ("adversarial_hpc_submit.pbs") has been submitted
[2026-09-08 09:40:20] [SUBMIT] VGG16/Cifar100/BIM/ALL
[2026-09-08 09:40:20] [CMD] qsub -q all.q -l ngpus=1 -v MODEL="VGG16",DATASET="Cifar100",ATTACK="BIM",KIND="ALL",PHASE="generate",OUTPUT_DIR="adversarial_results_ep100_pre300" adversarial_hpc_submit.pbs </dev/null
[2026-09-08 09:40:24] [OK] VGG16/Cifar100/IFGSM/ALL
[2026-09-08 09:40:24] [OK] qsub output: Your job 6479242 ("adversarial_hpc_submit.pbs") has been submitted
[2026-09-08 09:40:24] [SUBMIT] VGG16/Cifar100/BIM/ALL
[2026-09-08 09:40:24] [CMD] qsub -q all.q -l ngpus=1 -v MODEL="VGG16",DATASET="Cifar100",ATTACK="BIM",KIND="ALL",PHASE="generate",OUTPUT_DIR="adversarial_results_ep200_pre200" adversarial_hpc_submit.pbs </dev/null
[2026-09-08 09:40:28] [OK] VGG16/Cifar100/CW/ALL
[2026-09-08 09:40:28] [OK] qsub output: Your job 6479241 ("adversarial_hpc_submit.pbs") has been submitted
[2026-09-08 09:40:28] [SUBMIT] VGG16/Cifar100/DeepFool/ALL
[2026-09-08 09:40:28] [CMD] qsub -q all.q -l ngpus=1 -v MODEL="VGG16",DATASET="Cifar100",ATTACK="DeepFool",KIND="ALL",PHASE="generate",OUTPUT_DIR="adversarial_results_ep300_pre100" adversarial_hpc_submit.pbs </dev/null
[2026-09-08 09:40:28] [OK] VGG16/Cifar100/BIM/ALL
[2026-09-08 09:40:28] [OK] qsub output: Your job 6479243 ("adversarial_hpc_submit.pbs") has been submitted
[2026-09-08 09:40:28] [SUBMIT] VGG16/Cifar100/APGD/ALL
[2026-09-08 09:40:28] [CMD] qsub -q all.q -l ngpus=1 -v MODEL="VGG16",DATASET="Cifar100",ATTACK="APGD",KIND="ALL",PHASE="generate",OUTPUT_DIR="adversarial_results_ep100_pre300" adversarial_hpc_submit.pbs </dev/null
[2026-09-08 09:40:31] [OK] VGG16/Cifar100/DeepFool/ALL
[2026-09-08 09:40:31] [OK] qsub output: Your job 6479245 ("adversarial_hpc_submit.pbs") has been submitted
[2026-09-08 09:40:31] [SUBMIT] VGG16/TinyImageNet/PGD/ALL
[2026-09-08 09:40:31] [CMD] qsub -q all.q -l ngpus=1 -v MODEL="VGG16",DATASET="TinyImageNet",ATTACK="PGD",KIND="ALL",PHASE="generate",OUTPUT_DIR="adversarial_results_ep300_pre100" adversarial_hpc_submit.pbs </dev/null
[2026-09-08 09:40:35] [OK] VGG16/Cifar100/BIM/ALL
[2026-09-08 09:40:35] [OK] qsub output: Your job 6479244 ("adversarial_hpc_submit.pbs") has been submitted
[2026-09-08 09:40:35] [SUBMIT] VGG16/Cifar100/APGD/ALL
[2026-09-08 09:40:35] [CMD] qsub -q all.q -l ngpus=1 -v MODEL="VGG16",DATASET="Cifar100",ATTACK="APGD",KIND="ALL",PHASE="generate",OUTPUT_DIR="adversarial_results_ep200_pre200" adversarial_hpc_submit.pbs </dev/null
[2026-09-08 09:40:36] [OK] VGG16/Cifar100/APGD/ALL
[2026-09-08 09:40:36] [OK] qsub output: Your job 6479246 ("adversarial_hpc_submit.pbs") has been submitted
[2026-09-08 09:40:36] [SUBMIT] VGG16/Cifar100/CW/ALL
[2026-09-08 09:40:36] [CMD] qsub -q all.q -l ngpus=1 -v MODEL="VGG16",DATASET="Cifar100",ATTACK="CW",KIND="ALL",PHASE="generate",OUTPUT_DIR="adversarial_results_ep100_pre300" adversarial_hpc_submit.pbs </dev/null
[2026-09-08 09:40:41] [OK] VGG16/TinyImageNet/PGD/ALL
[2026-09-08 09:40:41] [OK] qsub output: Your job 6479247 ("adversarial_hpc_submit.pbs") has been submitted
[2026-09-08 09:40:41] [SUBMIT] VGG16/TinyImageNet/FGSM/ALL
[2026-09-08 09:40:41] [CMD] qsub -q all.q -l ngpus=1 -v MODEL="VGG16",DATASET="TinyImageNet",ATTACK="FGSM",KIND="ALL",PHASE="generate",OUTPUT_DIR="adversarial_results_ep300_pre100" adversarial_hpc_submit.pbs </dev/null
[2026-09-08 09:40:42] [OK] VGG16/Cifar100/APGD/ALL
[2026-09-08 09:40:42] [OK] qsub output: Your job 6479248 ("adversarial_hpc_submit.pbs") has been submitted
[2026-09-08 09:40:42] [SUBMIT] VGG16/Cifar100/CW/ALL
[2026-09-08 09:40:42] [CMD] qsub -q all.q -l ngpus=1 -v MODEL="VGG16",DATASET="Cifar100",ATTACK="CW",KIND="ALL",PHASE="generate",OUTPUT_DIR="adversarial_results_ep200_pre200" adversarial_hpc_submit.pbs </dev/null
[2026-09-08 09:40:46] [OK] VGG16/Cifar100/CW/ALL
[2026-09-08 09:40:46] [OK] qsub output: Your job 6479249 ("adversarial_hpc_submit.pbs") has been submitted
[2026-09-08 09:40:47] [SUBMIT] VGG16/Cifar100/DeepFool/ALL
[2026-09-08 09:40:47] [CMD] qsub -q all.q -l ngpus=1 -v MODEL="VGG16",DATASET="Cifar100",ATTACK="DeepFool",KIND="ALL",PHASE="generate",OUTPUT_DIR="adversarial_results_ep100_pre300" adversarial_hpc_submit.pbs </dev/null
[2026-09-08 09:40:48] [OK] VGG16/Cifar100/CW/ALL
[2026-09-08 09:40:48] [OK] qsub output: Your job 6479251 ("adversarial_hpc_submit.pbs") has been submitted
[2026-09-08 09:40:48] [SUBMIT] VGG16/Cifar100/DeepFool/ALL
[2026-09-08 09:40:48] [CMD] qsub -q all.q -l ngpus=1 -v MODEL="VGG16",DATASET="Cifar100",ATTACK="DeepFool",KIND="ALL",PHASE="generate",OUTPUT_DIR="adversarial_results_ep200_pre200" adversarial_hpc_submit.pbs </dev/null
[2026-09-08 09:40:49] [OK] VGG16/TinyImageNet/FGSM/ALL
[2026-09-08 09:40:49] [OK] qsub output: Your job 6479250 ("adversarial_hpc_submit.pbs") has been submitted
[2026-09-08 09:40:49] [SUBMIT] VGG16/TinyImageNet/IFGSM/ALL
[2026-09-08 09:40:49] [CMD] qsub -q all.q -l ngpus=1 -v MODEL="VGG16",DATASET="TinyImageNet",ATTACK="IFGSM",KIND="ALL",PHASE="generate",OUTPUT_DIR="adversarial_results_ep300_pre100" adversarial_hpc_submit.pbs </dev/null
[2026-09-08 09:40:53] [OK] VGG16/Cifar100/DeepFool/ALL
[2026-09-08 09:40:53] [OK] qsub output: Your job 6479253 ("adversarial_hpc_submit.pbs") has been submitted
[2026-09-08 09:40:53] [SUBMIT] VGG16/TinyImageNet/PGD/ALL
[2026-09-08 09:40:53] [CMD] qsub -q all.q -l ngpus=1 -v MODEL="VGG16",DATASET="TinyImageNet",ATTACK="PGD",KIND="ALL",PHASE="generate",OUTPUT_DIR="adversarial_results_ep200_pre200" adversarial_hpc_submit.pbs </dev/null
[2026-09-08 09:40:54] [OK] VGG16/Cifar100/DeepFool/ALL
[2026-09-08 09:40:54] [OK] qsub output: Your job 6479252 ("adversarial_hpc_submit.pbs") has been submitted
[2026-09-08 09:40:54] [SUBMIT] VGG16/TinyImageNet/PGD/ALL
[2026-09-08 09:40:54] [CMD] qsub -q all.q -l ngpus=1 -v MODEL="VGG16",DATASET="TinyImageNet",ATTACK="PGD",KIND="ALL",PHASE="generate",OUTPUT_DIR="adversarial_results_ep100_pre300" adversarial_hpc_submit.pbs </dev/null
[2026-09-08 09:40:57] [OK] VGG16/TinyImageNet/PGD/ALL
[2026-09-08 09:40:57] [OK] qsub output: Your job 6479255 ("adversarial_hpc_submit.pbs") has been submitted
[2026-09-08 09:40:58] [SUBMIT] VGG16/TinyImageNet/FGSM/ALL
[2026-09-08 09:40:58] [CMD] qsub -q all.q -l ngpus=1 -v MODEL="VGG16",DATASET="TinyImageNet",ATTACK="FGSM",KIND="ALL",PHASE="generate",OUTPUT_DIR="adversarial_results_ep200_pre200" adversarial_hpc_submit.pbs </dev/null
[2026-09-08 09:41:00] [OK] VGG16/TinyImageNet/IFGSM/ALL
[2026-09-08 09:41:00] [OK] qsub output: Your job 6479254 ("adversarial_hpc_submit.pbs") has been submitted
[2026-09-08 09:41:00] [SUBMIT] VGG16/TinyImageNet/BIM/ALL
[2026-09-08 09:41:00] [CMD] qsub -q all.q -l ngpus=1 -v MODEL="VGG16",DATASET="TinyImageNet",ATTACK="BIM",KIND="ALL",PHASE="generate",OUTPUT_DIR="adversarial_results_ep300_pre100" adversarial_hpc_submit.pbs </dev/null
[2026-09-08 09:41:06] [OK] VGG16/TinyImageNet/PGD/ALL
[2026-09-08 09:41:06] [OK] qsub output: Your job 6479256 ("adversarial_hpc_submit.pbs") has been submitted
[2026-09-08 09:41:06] [SUBMIT] VGG16/TinyImageNet/FGSM/ALL
[2026-09-08 09:41:06] [CMD] qsub -q all.q -l ngpus=1 -v MODEL="VGG16",DATASET="TinyImageNet",ATTACK="FGSM",KIND="ALL",PHASE="generate",OUTPUT_DIR="adversarial_results_ep100_pre300" adversarial_hpc_submit.pbs </dev/null
[2026-09-08 09:41:07] [OK] VGG16/TinyImageNet/FGSM/ALL
[2026-09-08 09:41:07] [OK] qsub output: Your job 6479257 ("adversarial_hpc_submit.pbs") has been submitted
[2026-09-08 09:41:07] [SUBMIT] VGG16/TinyImageNet/IFGSM/ALL
[2026-09-08 09:41:07] [CMD] qsub -q all.q -l ngpus=1 -v MODEL="VGG16",DATASET="TinyImageNet",ATTACK="IFGSM",KIND="ALL",PHASE="generate",OUTPUT_DIR="adversarial_results_ep200_pre200" adversarial_hpc_submit.pbs </dev/null
[2026-09-08 09:41:12] [OK] VGG16/TinyImageNet/BIM/ALL
[2026-09-08 09:41:12] [OK] qsub output: Your job 6479258 ("adversarial_hpc_submit.pbs") has been submitted
[2026-09-08 09:41:12] [SUBMIT] VGG16/TinyImageNet/APGD/ALL
[2026-09-08 09:41:12] [CMD] qsub -q all.q -l ngpus=1 -v MODEL="VGG16",DATASET="TinyImageNet",ATTACK="APGD",KIND="ALL",PHASE="generate",OUTPUT_DIR="adversarial_results_ep300_pre100" adversarial_hpc_submit.pbs </dev/null
[2026-09-08 09:41:12] [OK] VGG16/TinyImageNet/FGSM/ALL
[2026-09-08 09:41:12] [OK] qsub output: Your job 6479259 ("adversarial_hpc_submit.pbs") has been submitted
[2026-09-08 09:41:12] [SUBMIT] VGG16/TinyImageNet/IFGSM/ALL
[2026-09-08 09:41:12] [CMD] qsub -q all.q -l ngpus=1 -v MODEL="VGG16",DATASET="TinyImageNet",ATTACK="IFGSM",KIND="ALL",PHASE="generate",OUTPUT_DIR="adversarial_results_ep100_pre300" adversarial_hpc_submit.pbs </dev/null
[2026-09-08 09:41:15] [OK] VGG16/TinyImageNet/IFGSM/ALL
[2026-09-08 09:41:15] [OK] qsub output: Your job 6479260 ("adversarial_hpc_submit.pbs") has been submitted
[2026-09-08 09:41:15] [SUBMIT] VGG16/TinyImageNet/BIM/ALL
[2026-09-08 09:41:15] [CMD] qsub -q all.q -l ngpus=1 -v MODEL="VGG16",DATASET="TinyImageNet",ATTACK="BIM",KIND="ALL",PHASE="generate",OUTPUT_DIR="adversarial_results_ep200_pre200" adversarial_hpc_submit.pbs </dev/null
[2026-09-08 09:41:17] [OK] VGG16/TinyImageNet/APGD/ALL
[2026-09-08 09:41:17] [OK] qsub output: Your job 6479261 ("adversarial_hpc_submit.pbs") has been submitted
[2026-09-08 09:41:17] [SUBMIT] VGG16/TinyImageNet/CW/ALL
[2026-09-08 09:41:17] [CMD] qsub -q all.q -l ngpus=1 -v MODEL="VGG16",DATASET="TinyImageNet",ATTACK="CW",KIND="ALL",PHASE="generate",OUTPUT_DIR="adversarial_results_ep300_pre100" adversarial_hpc_submit.pbs </dev/null
[2026-09-08 09:41:20] [OK] VGG16/TinyImageNet/IFGSM/ALL
[2026-09-08 09:41:20] [OK] qsub output: Your job 6479262 ("adversarial_hpc_submit.pbs") has been submitted
[2026-09-08 09:41:20] [SUBMIT] VGG16/TinyImageNet/BIM/ALL
[2026-09-08 09:41:20] [CMD] qsub -q all.q -l ngpus=1 -v MODEL="VGG16",DATASET="TinyImageNet",ATTACK="BIM",KIND="ALL",PHASE="generate",OUTPUT_DIR="adversarial_results_ep100_pre300" adversarial_hpc_submit.pbs </dev/null
[2026-09-08 09:41:23] [OK] VGG16/TinyImageNet/BIM/ALL
[2026-09-08 09:41:23] [OK] qsub output: Your job 6479263 ("adversarial_hpc_submit.pbs") has been submitted
[2026-09-08 09:41:23] [SUBMIT] VGG16/TinyImageNet/APGD/ALL
[2026-09-08 09:41:23] [CMD] qsub -q all.q -l ngpus=1 -v MODEL="VGG16",DATASET="TinyImageNet",ATTACK="APGD",KIND="ALL",PHASE="generate",OUTPUT_DIR="adversarial_results_ep200_pre200" adversarial_hpc_submit.pbs </dev/null
[2026-09-08 09:41:29] [OK] VGG16/TinyImageNet/CW/ALL
[2026-09-08 09:41:29] [OK] qsub output: Your job 6479264 ("adversarial_hpc_submit.pbs") has been submitted
[2026-09-08 09:41:29] [SUBMIT] VGG16/TinyImageNet/DeepFool/ALL
[2026-09-08 09:41:29] [CMD] qsub -q all.q -l ngpus=1 -v MODEL="VGG16",DATASET="TinyImageNet",ATTACK="DeepFool",KIND="ALL",PHASE="generate",OUTPUT_DIR="adversarial_results_ep300_pre100" adversarial_hpc_submit.pbs </dev/null
[2026-09-08 09:41:31] [OK] VGG16/TinyImageNet/BIM/ALL
[2026-09-08 09:41:31] [OK] qsub output: Your job 6479265 ("adversarial_hpc_submit.pbs") has been submitted
[2026-09-08 09:41:31] [SUBMIT] VGG16/TinyImageNet/APGD/ALL
[2026-09-08 09:41:31] [CMD] qsub -q all.q -l ngpus=1 -v MODEL="VGG16",DATASET="TinyImageNet",ATTACK="APGD",KIND="ALL",PHASE="generate",OUTPUT_DIR="adversarial_results_ep100_pre300" adversarial_hpc_submit.pbs </dev/null
[2026-09-08 09:41:36] [OK] VGG16/TinyImageNet/APGD/ALL
[2026-09-08 09:41:36] [OK] qsub output: Your job 6479266 ("adversarial_hpc_submit.pbs") has been submitted
[2026-09-08 09:41:36] [SUBMIT] VGG16/TinyImageNet/CW/ALL
[2026-09-08 09:41:36] [CMD] qsub -q all.q -l ngpus=1 -v MODEL="VGG16",DATASET="TinyImageNet",ATTACK="CW",KIND="ALL",PHASE="generate",OUTPUT_DIR="adversarial_results_ep200_pre200" adversarial_hpc_submit.pbs </dev/null
[2026-09-08 09:41:39] [OK] VGG16/TinyImageNet/DeepFool/ALL
[2026-09-08 09:41:39] [OK] qsub output: Your job 6479267 ("adversarial_hpc_submit.pbs") has been submitted
[2026-09-08 09:41:39] [SUBMIT] RegNetX_400MF/Cifar10/PGD/ALL
[2026-09-08 09:41:39] [CMD] qsub -q all.q -l ngpus=1 -v MODEL="RegNetX_400MF",DATASET="Cifar10",ATTACK="PGD",KIND="ALL",PHASE="generate",OUTPUT_DIR="adversarial_results_ep300_pre100" adversarial_hpc_submit.pbs </dev/null
[2026-09-08 09:41:40] [OK] VGG16/TinyImageNet/APGD/ALL
[2026-09-08 09:41:40] [OK] qsub output: Your job 6479268 ("adversarial_hpc_submit.pbs") has been submitted
[2026-09-08 09:41:40] [SUBMIT] VGG16/TinyImageNet/CW/ALL
[2026-09-08 09:41:40] [CMD] qsub -q all.q -l ngpus=1 -v MODEL="VGG16",DATASET="TinyImageNet",ATTACK="CW",KIND="ALL",PHASE="generate",OUTPUT_DIR="adversarial_results_ep100_pre300" adversarial_hpc_submit.pbs </dev/null
[2026-09-08 09:41:45] [OK] VGG16/TinyImageNet/CW/ALL
[2026-09-08 09:41:45] [OK] qsub output: Your job 6479269 ("adversarial_hpc_submit.pbs") has been submitted
[2026-09-08 09:41:45] [SUBMIT] VGG16/TinyImageNet/DeepFool/ALL
[2026-09-08 09:41:45] [CMD] qsub -q all.q -l ngpus=1 -v MODEL="VGG16",DATASET="TinyImageNet",ATTACK="DeepFool",KIND="ALL",PHASE="generate",OUTPUT_DIR="adversarial_results_ep200_pre200" adversarial_hpc_submit.pbs </dev/null
[2026-09-08 09:41:47] [OK] RegNetX_400MF/Cifar10/PGD/ALL
[2026-09-08 09:41:47] [OK] qsub output: Your job 6479270 ("adversarial_hpc_submit.pbs") has been submitted
[2026-09-08 09:41:47] [SUBMIT] RegNetX_400MF/Cifar10/FGSM/ALL
[2026-09-08 09:41:47] [CMD] qsub -q all.q -l ngpus=1 -v MODEL="RegNetX_400MF",DATASET="Cifar10",ATTACK="FGSM",KIND="ALL",PHASE="generate",OUTPUT_DIR="adversarial_results_ep300_pre100" adversarial_hpc_submit.pbs </dev/null
[2026-09-08 09:41:52] [OK] VGG16/TinyImageNet/DeepFool/ALL
[2026-09-08 09:41:52] [OK] qsub output: Your job 6479272 ("adversarial_hpc_submit.pbs") has been submitted
[2026-09-08 09:41:52] [SUBMIT] RegNetX_400MF/Cifar10/PGD/ALL
[2026-09-08 09:41:52] [CMD] qsub -q all.q -l ngpus=1 -v MODEL="RegNetX_400MF",DATASET="Cifar10",ATTACK="PGD",KIND="ALL",PHASE="generate",OUTPUT_DIR="adversarial_results_ep200_pre200" adversarial_hpc_submit.pbs </dev/null
[2026-09-08 09:41:54] [OK] VGG16/TinyImageNet/CW/ALL
[2026-09-08 09:41:54] [OK] qsub output: Your job 6479271 ("adversarial_hpc_submit.pbs") has been submitted
[2026-09-08 09:41:54] [SUBMIT] VGG16/TinyImageNet/DeepFool/ALL
[2026-09-08 09:41:54] [CMD] qsub -q all.q -l ngpus=1 -v MODEL="VGG16",DATASET="TinyImageNet",ATTACK="DeepFool",KIND="ALL",PHASE="generate",OUTPUT_DIR="adversarial_results_ep100_pre300" adversarial_hpc_submit.pbs </dev/null
[2026-09-08 09:41:58] [OK] RegNetX_400MF/Cifar10/PGD/ALL
[2026-09-08 09:41:58] [OK] qsub output: Your job 6479274 ("adversarial_hpc_submit.pbs") has been submitted
[2026-09-08 09:41:59] [SUBMIT] RegNetX_400MF/Cifar10/FGSM/ALL
[2026-09-08 09:41:59] [CMD] qsub -q all.q -l ngpus=1 -v MODEL="RegNetX_400MF",DATASET="Cifar10",ATTACK="FGSM",KIND="ALL",PHASE="generate",OUTPUT_DIR="adversarial_results_ep200_pre200" adversarial_hpc_submit.pbs </dev/null
[2026-09-08 09:42:02] [OK] RegNetX_400MF/Cifar10/FGSM/ALL
[2026-09-08 09:42:02] [OK] qsub output: Your job 6479273 ("adversarial_hpc_submit.pbs") has been submitted
[2026-09-08 09:42:02] [SUBMIT] RegNetX_400MF/Cifar10/IFGSM/ALL
[2026-09-08 09:42:02] [CMD] qsub -q all.q -l ngpus=1 -v MODEL="RegNetX_400MF",DATASET="Cifar10",ATTACK="IFGSM",KIND="ALL",PHASE="generate",OUTPUT_DIR="adversarial_results_ep300_pre100" adversarial_hpc_submit.pbs </dev/null
[2026-09-08 09:42:10] [OK] VGG16/TinyImageNet/DeepFool/ALL
[2026-09-08 09:42:10] [OK] qsub output: Your job 6479276 ("adversarial_hpc_submit.pbs") has been submitted
[2026-09-08 09:42:10] [SUBMIT] RegNetX_400MF/Cifar10/PGD/ALL
[2026-09-08 09:42:10] [CMD] qsub -q all.q -l ngpus=1 -v MODEL="RegNetX_400MF",DATASET="Cifar10",ATTACK="PGD",KIND="ALL",PHASE="generate",OUTPUT_DIR="adversarial_results_ep100_pre300" adversarial_hpc_submit.pbs </dev/null
[2026-09-08 09:42:12] [OK] RegNetX_400MF/Cifar10/FGSM/ALL
[2026-09-08 09:42:12] [OK] qsub output: Your job 6479277 ("adversarial_hpc_submit.pbs") has been submitted
[2026-09-08 09:42:12] [SUBMIT] RegNetX_400MF/Cifar10/IFGSM/ALL
[2026-09-08 09:42:12] [CMD] qsub -q all.q -l ngpus=1 -v MODEL="RegNetX_400MF",DATASET="Cifar10",ATTACK="IFGSM",KIND="ALL",PHASE="generate",OUTPUT_DIR="adversarial_results_ep200_pre200" adversarial_hpc_submit.pbs </dev/null
[2026-09-08 09:42:18] [OK] RegNetX_400MF/Cifar10/IFGSM/ALL
[2026-09-08 09:42:18] [OK] qsub output: Your job 6479278 ("adversarial_hpc_submit.pbs") has been submitted
[2026-09-08 09:42:18] [SUBMIT] RegNetX_400MF/Cifar10/BIM/ALL
[2026-09-08 09:42:18] [CMD] qsub -q all.q -l ngpus=1 -v MODEL="RegNetX_400MF",DATASET="Cifar10",ATTACK="BIM",KIND="ALL",PHASE="generate",OUTPUT_DIR="adversarial_results_ep300_pre100" adversarial_hpc_submit.pbs </dev/null
[2026-09-08 09:42:19] [OK] RegNetX_400MF/Cifar10/PGD/ALL
[2026-09-08 09:42:19] [OK] qsub output: Your job 6479279 ("adversarial_hpc_submit.pbs") has been submitted
[2026-09-08 09:42:19] [SUBMIT] RegNetX_400MF/Cifar10/FGSM/ALL
[2026-09-08 09:42:19] [CMD] qsub -q all.q -l ngpus=1 -v MODEL="RegNetX_400MF",DATASET="Cifar10",ATTACK="FGSM",KIND="ALL",PHASE="generate",OUTPUT_DIR="adversarial_results_ep100_pre300" adversarial_hpc_submit.pbs </dev/null
[2026-09-08 09:42:23] [OK] RegNetX_400MF/Cifar10/IFGSM/ALL
[2026-09-08 09:42:23] [OK] qsub output: Your job 6479280 ("adversarial_hpc_submit.pbs") has been submitted
[2026-09-08 09:42:24] [SUBMIT] RegNetX_400MF/Cifar10/BIM/ALL
[2026-09-08 09:42:24] [CMD] qsub -q all.q -l ngpus=1 -v MODEL="RegNetX_400MF",DATASET="Cifar10",ATTACK="BIM",KIND="ALL",PHASE="generate",OUTPUT_DIR="adversarial_results_ep200_pre200" adversarial_hpc_submit.pbs </dev/null
[2026-09-08 09:42:25] [OK] RegNetX_400MF/Cifar10/BIM/ALL
[2026-09-08 09:42:25] [OK] qsub output: Your job 6479281 ("adversarial_hpc_submit.pbs") has been submitted
[2026-09-08 09:42:25] [SUBMIT] RegNetX_400MF/Cifar10/APGD/ALL
[2026-09-08 09:42:25] [CMD] qsub -q all.q -l ngpus=1 -v MODEL="RegNetX_400MF",DATASET="Cifar10",ATTACK="APGD",KIND="ALL",PHASE="generate",OUTPUT_DIR="adversarial_results_ep300_pre100" adversarial_hpc_submit.pbs </dev/null
[2026-09-08 09:42:27] [OK] RegNetX_400MF/Cifar10/FGSM/ALL
[2026-09-08 09:42:27] [OK] qsub output: Your job 6479282 ("adversarial_hpc_submit.pbs") has been submitted
[2026-09-08 09:42:27] [SUBMIT] RegNetX_400MF/Cifar10/IFGSM/ALL
[2026-09-08 09:42:27] [CMD] qsub -q all.q -l ngpus=1 -v MODEL="RegNetX_400MF",DATASET="Cifar10",ATTACK="IFGSM",KIND="ALL",PHASE="generate",OUTPUT_DIR="adversarial_results_ep100_pre300" adversarial_hpc_submit.pbs </dev/null
[2026-09-08 09:42:35] [OK] RegNetX_400MF/Cifar10/BIM/ALL
[2026-09-08 09:42:35] [OK] qsub output: Your job 6479284 ("adversarial_hpc_submit.pbs") has been submitted
[2026-09-08 09:42:35] [SUBMIT] RegNetX_400MF/Cifar10/APGD/ALL
[2026-09-08 09:42:35] [CMD] qsub -q all.q -l ngpus=1 -v MODEL="RegNetX_400MF",DATASET="Cifar10",ATTACK="APGD",KIND="ALL",PHASE="generate",OUTPUT_DIR="adversarial_results_ep200_pre200" adversarial_hpc_submit.pbs </dev/null
[2026-09-08 09:42:40] [OK] RegNetX_400MF/Cifar10/APGD/ALL
[2026-09-08 09:42:40] [OK] qsub output: Your job 6479285 ("adversarial_hpc_submit.pbs") has been submitted
[2026-09-08 09:42:40] [SUBMIT] RegNetX_400MF/Cifar10/CW/ALL
[2026-09-08 09:42:40] [CMD] qsub -q all.q -l ngpus=1 -v MODEL="RegNetX_400MF",DATASET="Cifar10",ATTACK="CW",KIND="ALL",PHASE="generate",OUTPUT_DIR="adversarial_results_ep300_pre100" adversarial_hpc_submit.pbs </dev/null
[2026-09-08 09:42:45] [OK] RegNetX_400MF/Cifar10/IFGSM/ALL
[2026-09-08 09:42:45] [OK] qsub output: Your job 6479286 ("adversarial_hpc_submit.pbs") has been submitted
[2026-09-08 09:42:46] [SUBMIT] RegNetX_400MF/Cifar10/BIM/ALL
[2026-09-08 09:42:46] [CMD] qsub -q all.q -l ngpus=1 -v MODEL="RegNetX_400MF",DATASET="Cifar10",ATTACK="BIM",KIND="ALL",PHASE="generate",OUTPUT_DIR="adversarial_results_ep100_pre300" adversarial_hpc_submit.pbs </dev/null
[2026-09-08 09:42:51] [OK] RegNetX_400MF/Cifar10/CW/ALL
[2026-09-08 09:42:51] [OK] qsub output: Your job 6479289 ("adversarial_hpc_submit.pbs") has been submitted
[2026-09-08 09:42:51] [SUBMIT] RegNetX_400MF/Cifar10/DeepFool/ALL
[2026-09-08 09:42:51] [CMD] qsub -q all.q -l ngpus=1 -v MODEL="RegNetX_400MF",DATASET="Cifar10",ATTACK="DeepFool",KIND="ALL",PHASE="generate",OUTPUT_DIR="adversarial_results_ep300_pre100" adversarial_hpc_submit.pbs </dev/null
[2026-09-08 09:42:52] [OK] RegNetX_400MF/Cifar10/APGD/ALL
[2026-09-08 09:42:52] [OK] qsub output: Your job 6479288 ("adversarial_hpc_submit.pbs") has been submitted
[2026-09-08 09:42:52] [SUBMIT] RegNetX_400MF/Cifar10/CW/ALL
[2026-09-08 09:42:52] [CMD] qsub -q all.q -l ngpus=1 -v MODEL="RegNetX_400MF",DATASET="Cifar10",ATTACK="CW",KIND="ALL",PHASE="generate",OUTPUT_DIR="adversarial_results_ep200_pre200" adversarial_hpc_submit.pbs </dev/null
[2026-09-08 09:42:55] [OK] RegNetX_400MF/Cifar10/BIM/ALL
[2026-09-08 09:42:55] [OK] qsub output: Your job 6479290 ("adversarial_hpc_submit.pbs") has been submitted
[2026-09-08 09:42:55] [SUBMIT] RegNetX_400MF/Cifar10/APGD/ALL
[2026-09-08 09:42:55] [CMD] qsub -q all.q -l ngpus=1 -v MODEL="RegNetX_400MF",DATASET="Cifar10",ATTACK="APGD",KIND="ALL",PHASE="generate",OUTPUT_DIR="adversarial_results_ep100_pre300" adversarial_hpc_submit.pbs </dev/null
[2026-09-08 09:43:01] [OK] RegNetX_400MF/Cifar10/CW/ALL
[2026-09-08 09:43:01] [OK] qsub output: Your job 6479292 ("adversarial_hpc_submit.pbs") has been submitted
[2026-09-08 09:43:01] [SUBMIT] RegNetX_400MF/Cifar10/DeepFool/ALL
[2026-09-08 09:43:01] [CMD] qsub -q all.q -l ngpus=1 -v MODEL="RegNetX_400MF",DATASET="Cifar10",ATTACK="DeepFool",KIND="ALL",PHASE="generate",OUTPUT_DIR="adversarial_results_ep200_pre200" adversarial_hpc_submit.pbs </dev/null
[2026-09-08 09:43:02] [OK] RegNetX_400MF/Cifar10/DeepFool/ALL
[2026-09-08 09:43:02] [OK] qsub output: Your job 6479291 ("adversarial_hpc_submit.pbs") has been submitted
[2026-09-08 09:43:02] [SUBMIT] RegNetX_400MF/Cifar100/PGD/ALL
[2026-09-08 09:43:02] [CMD] qsub -q all.q -l ngpus=1 -v MODEL="RegNetX_400MF",DATASET="Cifar100",ATTACK="PGD",KIND="ALL",PHASE="generate",OUTPUT_DIR="adversarial_results_ep300_pre100" adversarial_hpc_submit.pbs </dev/null
[2026-09-08 09:43:04] [OK] RegNetX_400MF/Cifar10/DeepFool/ALL
[2026-09-08 09:43:04] [OK] qsub output: Your job 6479294 ("adversarial_hpc_submit.pbs") has been submitted
[2026-09-08 09:43:04] [SUBMIT] RegNetX_400MF/Cifar100/PGD/ALL
[2026-09-08 09:43:04] [CMD] qsub -q all.q -l ngpus=1 -v MODEL="RegNetX_400MF",DATASET="Cifar100",ATTACK="PGD",KIND="ALL",PHASE="generate",OUTPUT_DIR="adversarial_results_ep200_pre200" adversarial_hpc_submit.pbs </dev/null
[2026-09-08 09:43:06] [OK] RegNetX_400MF/Cifar100/PGD/ALL
[2026-09-08 09:43:06] [OK] qsub output: Your job 6479295 ("adversarial_hpc_submit.pbs") has been submitted
[2026-09-08 09:43:06] [SUBMIT] RegNetX_400MF/Cifar100/FGSM/ALL
[2026-09-08 09:43:06] [CMD] qsub -q all.q -l ngpus=1 -v MODEL="RegNetX_400MF",DATASET="Cifar100",ATTACK="FGSM",KIND="ALL",PHASE="generate",OUTPUT_DIR="adversarial_results_ep300_pre100" adversarial_hpc_submit.pbs </dev/null
[2026-09-08 09:43:10] [OK] RegNetX_400MF/Cifar10/APGD/ALL
[2026-09-08 09:43:10] [OK] qsub output: Your job 6479293 ("adversarial_hpc_submit.pbs") has been submitted
[2026-09-08 09:43:10] [SUBMIT] RegNetX_400MF/Cifar10/CW/ALL
[2026-09-08 09:43:10] [CMD] qsub -q all.q -l ngpus=1 -v MODEL="RegNetX_400MF",DATASET="Cifar10",ATTACK="CW",KIND="ALL",PHASE="generate",OUTPUT_DIR="adversarial_results_ep100_pre300" adversarial_hpc_submit.pbs </dev/null
[2026-09-08 09:43:12] [OK] RegNetX_400MF/Cifar100/PGD/ALL
[2026-09-08 09:43:12] [OK] qsub output: Your job 6479296 ("adversarial_hpc_submit.pbs") has been submitted
[2026-09-08 09:43:12] [SUBMIT] RegNetX_400MF/Cifar100/FGSM/ALL
[2026-09-08 09:43:12] [CMD] qsub -q all.q -l ngpus=1 -v MODEL="RegNetX_400MF",DATASET="Cifar100",ATTACK="FGSM",KIND="ALL",PHASE="generate",OUTPUT_DIR="adversarial_results_ep200_pre200" adversarial_hpc_submit.pbs </dev/null
[2026-09-08 09:43:18] [OK] RegNetX_400MF/Cifar100/FGSM/ALL
[2026-09-08 09:43:18] [OK] qsub output: Your job 6479297 ("adversarial_hpc_submit.pbs") has been submitted
[2026-09-08 09:43:19] [SUBMIT] RegNetX_400MF/Cifar100/IFGSM/ALL
[2026-09-08 09:43:19] [CMD] qsub -q all.q -l ngpus=1 -v MODEL="RegNetX_400MF",DATASET="Cifar100",ATTACK="IFGSM",KIND="ALL",PHASE="generate",OUTPUT_DIR="adversarial_results_ep300_pre100" adversarial_hpc_submit.pbs </dev/null
[2026-09-08 09:43:21] [OK] RegNetX_400MF/Cifar10/CW/ALL
[2026-09-08 09:43:21] [OK] qsub output: Your job 6479298 ("adversarial_hpc_submit.pbs") has been submitted
[2026-09-08 09:43:22] [SUBMIT] RegNetX_400MF/Cifar10/DeepFool/ALL
[2026-09-08 09:43:22] [CMD] qsub -q all.q -l ngpus=1 -v MODEL="RegNetX_400MF",DATASET="Cifar10",ATTACK="DeepFool",KIND="ALL",PHASE="generate",OUTPUT_DIR="adversarial_results_ep100_pre300" adversarial_hpc_submit.pbs </dev/null
[2026-09-08 09:43:26] [OK] RegNetX_400MF/Cifar100/IFGSM/ALL
[2026-09-08 09:43:26] [OK] qsub output: Your job 6479300 ("adversarial_hpc_submit.pbs") has been submitted
[2026-09-08 09:43:27] [SUBMIT] RegNetX_400MF/Cifar100/BIM/ALL
[2026-09-08 09:43:27] [CMD] qsub -q all.q -l ngpus=1 -v MODEL="RegNetX_400MF",DATASET="Cifar100",ATTACK="BIM",KIND="ALL",PHASE="generate",OUTPUT_DIR="adversarial_results_ep300_pre100" adversarial_hpc_submit.pbs </dev/null
[2026-09-08 09:43:27] [OK] RegNetX_400MF/Cifar100/FGSM/ALL
[2026-09-08 09:43:27] [OK] qsub output: Your job 6479299 ("adversarial_hpc_submit.pbs") has been submitted
[2026-09-08 09:43:27] [SUBMIT] RegNetX_400MF/Cifar100/IFGSM/ALL
[2026-09-08 09:43:27] [CMD] qsub -q all.q -l ngpus=1 -v MODEL="RegNetX_400MF",DATASET="Cifar100",ATTACK="IFGSM",KIND="ALL",PHASE="generate",OUTPUT_DIR="adversarial_results_ep200_pre200" adversarial_hpc_submit.pbs </dev/null
[2026-09-08 09:43:33] [OK] RegNetX_400MF/Cifar10/DeepFool/ALL
[2026-09-08 09:43:33] [OK] qsub output: Your job 6479302 ("adversarial_hpc_submit.pbs") has been submitted
[2026-09-08 09:43:33] [SUBMIT] RegNetX_400MF/Cifar100/PGD/ALL
[2026-09-08 09:43:33] [CMD] qsub -q all.q -l ngpus=1 -v MODEL="RegNetX_400MF",DATASET="Cifar100",ATTACK="PGD",KIND="ALL",PHASE="generate",OUTPUT_DIR="adversarial_results_ep100_pre300" adversarial_hpc_submit.pbs </dev/null
[2026-09-08 09:43:40] [OK] RegNetX_400MF/Cifar100/BIM/ALL
[2026-09-08 09:43:40] [OK] qsub output: Your job 6479303 ("adversarial_hpc_submit.pbs") has been submitted
[2026-09-08 09:43:40] [SUBMIT] RegNetX_400MF/Cifar100/APGD/ALL
[2026-09-08 09:43:40] [CMD] qsub -q all.q -l ngpus=1 -v MODEL="RegNetX_400MF",DATASET="Cifar100",ATTACK="APGD",KIND="ALL",PHASE="generate",OUTPUT_DIR="adversarial_results_ep300_pre100" adversarial_hpc_submit.pbs </dev/null
[2026-09-08 09:43:42] [OK] RegNetX_400MF/Cifar100/IFGSM/ALL
[2026-09-08 09:43:42] [OK] qsub output: Your job 6479304 ("adversarial_hpc_submit.pbs") has been submitted
[2026-09-08 09:43:42] [SUBMIT] RegNetX_400MF/Cifar100/BIM/ALL
[2026-09-08 09:43:42] [CMD] qsub -q all.q -l ngpus=1 -v MODEL="RegNetX_400MF",DATASET="Cifar100",ATTACK="BIM",KIND="ALL",PHASE="generate",OUTPUT_DIR="adversarial_results_ep200_pre200" adversarial_hpc_submit.pbs </dev/null
[2026-09-08 09:43:43] [OK] RegNetX_400MF/Cifar100/APGD/ALL
[2026-09-08 09:43:43] [OK] qsub output: Your job 6479306 ("adversarial_hpc_submit.pbs") has been submitted
[2026-09-08 09:43:44] [SUBMIT] RegNetX_400MF/Cifar100/CW/ALL
[2026-09-08 09:43:44] [CMD] qsub -q all.q -l ngpus=1 -v MODEL="RegNetX_400MF",DATASET="Cifar100",ATTACK="CW",KIND="ALL",PHASE="generate",OUTPUT_DIR="adversarial_results_ep300_pre100" adversarial_hpc_submit.pbs </dev/null
[2026-09-08 09:43:46] [OK] RegNetX_400MF/Cifar100/PGD/ALL
[2026-09-08 09:43:46] [OK] qsub output: Your job 6479305 ("adversarial_hpc_submit.pbs") has been submitted
[2026-09-08 09:43:46] [SUBMIT] RegNetX_400MF/Cifar100/FGSM/ALL
[2026-09-08 09:43:46] [CMD] qsub -q all.q -l ngpus=1 -v MODEL="RegNetX_400MF",DATASET="Cifar100",ATTACK="FGSM",KIND="ALL",PHASE="generate",OUTPUT_DIR="adversarial_results_ep100_pre300" adversarial_hpc_submit.pbs </dev/null
[2026-09-08 09:43:49] [OK] RegNetX_400MF/Cifar100/BIM/ALL
[2026-09-08 09:43:49] [OK] qsub output: Your job 6479307 ("adversarial_hpc_submit.pbs") has been submitted
[2026-09-08 09:43:49] [SUBMIT] RegNetX_400MF/Cifar100/APGD/ALL
[2026-09-08 09:43:49] [CMD] qsub -q all.q -l ngpus=1 -v MODEL="RegNetX_400MF",DATASET="Cifar100",ATTACK="APGD",KIND="ALL",PHASE="generate",OUTPUT_DIR="adversarial_results_ep200_pre200" adversarial_hpc_submit.pbs </dev/null
[2026-09-08 09:43:55] [OK] RegNetX_400MF/Cifar100/CW/ALL
[2026-09-08 09:43:55] [OK] qsub output: Your job 6479308 ("adversarial_hpc_submit.pbs") has been submitted
[2026-09-08 09:43:55] [SUBMIT] RegNetX_400MF/Cifar100/DeepFool/ALL
[2026-09-08 09:43:55] [CMD] qsub -q all.q -l ngpus=1 -v MODEL="RegNetX_400MF",DATASET="Cifar100",ATTACK="DeepFool",KIND="ALL",PHASE="generate",OUTPUT_DIR="adversarial_results_ep300_pre100" adversarial_hpc_submit.pbs </dev/null
[2026-09-08 09:43:57] [OK] RegNetX_400MF/Cifar100/FGSM/ALL
[2026-09-08 09:43:57] [OK] qsub output: Your job 6479309 ("adversarial_hpc_submit.pbs") has been submitted
[2026-09-08 09:43:57] [SUBMIT] RegNetX_400MF/Cifar100/IFGSM/ALL
[2026-09-08 09:43:57] [CMD] qsub -q all.q -l ngpus=1 -v MODEL="RegNetX_400MF",DATASET="Cifar100",ATTACK="IFGSM",KIND="ALL",PHASE="generate",OUTPUT_DIR="adversarial_results_ep100_pre300" adversarial_hpc_submit.pbs </dev/null
[2026-09-08 09:43:59] [OK] RegNetX_400MF/Cifar100/DeepFool/ALL
[2026-09-08 09:43:59] [OK] qsub output: Your job 6479311 ("adversarial_hpc_submit.pbs") has been submitted
[2026-09-08 09:44:00] [SUBMIT] RegNetX_400MF/TinyImageNet/PGD/ALL
[2026-09-08 09:44:00] [CMD] qsub -q all.q -l ngpus=1 -v MODEL="RegNetX_400MF",DATASET="TinyImageNet",ATTACK="PGD",KIND="ALL",PHASE="generate",OUTPUT_DIR="adversarial_results_ep300_pre100" adversarial_hpc_submit.pbs </dev/null
[2026-09-08 09:44:04] [OK] RegNetX_400MF/Cifar100/APGD/ALL
[2026-09-08 09:44:04] [OK] qsub output: Your job 6479310 ("adversarial_hpc_submit.pbs") has been submitted
[2026-09-08 09:44:04] [SUBMIT] RegNetX_400MF/Cifar100/CW/ALL
[2026-09-08 09:44:04] [CMD] qsub -q all.q -l ngpus=1 -v MODEL="RegNetX_400MF",DATASET="Cifar100",ATTACK="CW",KIND="ALL",PHASE="generate",OUTPUT_DIR="adversarial_results_ep200_pre200" adversarial_hpc_submit.pbs </dev/null
[2026-09-08 09:44:05] [OK] RegNetX_400MF/Cifar100/IFGSM/ALL
[2026-09-08 09:44:05] [OK] qsub output: Your job 6479312 ("adversarial_hpc_submit.pbs") has been submitted
[2026-09-08 09:44:05] [SUBMIT] RegNetX_400MF/Cifar100/BIM/ALL
[2026-09-08 09:44:05] [CMD] qsub -q all.q -l ngpus=1 -v MODEL="RegNetX_400MF",DATASET="Cifar100",ATTACK="BIM",KIND="ALL",PHASE="generate",OUTPUT_DIR="adversarial_results_ep100_pre300" adversarial_hpc_submit.pbs </dev/null
[2026-09-08 09:44:14] [OK] RegNetX_400MF/TinyImageNet/PGD/ALL
[2026-09-08 09:44:14] [OK] qsub output: Your job 6479314 ("adversarial_hpc_submit.pbs") has been submitted
[2026-09-08 09:44:14] [SUBMIT] RegNetX_400MF/TinyImageNet/FGSM/ALL
[2026-09-08 09:44:14] [CMD] qsub -q all.q -l ngpus=1 -v MODEL="RegNetX_400MF",DATASET="TinyImageNet",ATTACK="FGSM",KIND="ALL",PHASE="generate",OUTPUT_DIR="adversarial_results_ep300_pre100" adversarial_hpc_submit.pbs </dev/null
[2026-09-08 09:44:22] [OK] RegNetX_400MF/Cifar100/BIM/ALL
[2026-09-08 09:44:23] [OK] qsub output: Your job 6479316 ("adversarial_hpc_submit.pbs") has been submitted
[2026-09-08 09:44:23] [OK] RegNetX_400MF/Cifar100/CW/ALL
[2026-09-08 09:44:23] [SUBMIT] RegNetX_400MF/Cifar100/APGD/ALL
[2026-09-08 09:44:25] [OK] qsub output: Your job 6479315 ("adversarial_hpc_submit.pbs") has been submitted
[2026-09-08 09:44:28] [CMD] qsub -q all.q -l ngpus=1 -v MODEL="RegNetX_400MF",DATASET="Cifar100",ATTACK="APGD",KIND="ALL",PHASE="generate",OUTPUT_DIR="adversarial_results_ep100_pre300" adversarial_hpc_submit.pbs </dev/null
[2026-09-08 09:44:28] [SUBMIT] RegNetX_400MF/Cifar100/DeepFool/ALL
[2026-09-08 09:44:28] [CMD] qsub -q all.q -l ngpus=1 -v MODEL="RegNetX_400MF",DATASET="Cifar100",ATTACK="DeepFool",KIND="ALL",PHASE="generate",OUTPUT_DIR="adversarial_results_ep200_pre200" adversarial_hpc_submit.pbs </dev/null
[2026-09-08 09:44:32] [OK] RegNetX_400MF/TinyImageNet/FGSM/ALL
[2026-09-08 09:44:32] [OK] qsub output: Your job 6479317 ("adversarial_hpc_submit.pbs") has been submitted
[2026-09-08 09:44:32] [SUBMIT] RegNetX_400MF/TinyImageNet/IFGSM/ALL
[2026-09-08 09:44:32] [CMD] qsub -q all.q -l ngpus=1 -v MODEL="RegNetX_400MF",DATASET="TinyImageNet",ATTACK="IFGSM",KIND="ALL",PHASE="generate",OUTPUT_DIR="adversarial_results_ep300_pre100" adversarial_hpc_submit.pbs </dev/null
[2026-09-08 09:44:38] [OK] RegNetX_400MF/Cifar100/APGD/ALL
[2026-09-08 09:44:38] [OK] qsub output: Your job 6479318 ("adversarial_hpc_submit.pbs") has been submitted
[2026-09-08 09:44:38] [SUBMIT] RegNetX_400MF/Cifar100/CW/ALL
[2026-09-08 09:44:38] [CMD] qsub -q all.q -l ngpus=1 -v MODEL="RegNetX_400MF",DATASET="Cifar100",ATTACK="CW",KIND="ALL",PHASE="generate",OUTPUT_DIR="adversarial_results_ep100_pre300" adversarial_hpc_submit.pbs </dev/null
[2026-09-08 09:44:39] [OK] RegNetX_400MF/Cifar100/DeepFool/ALL
[2026-09-08 09:44:39] [OK] qsub output: Your job 6479319 ("adversarial_hpc_submit.pbs") has been submitted
[2026-09-08 09:44:40] [SUBMIT] RegNetX_400MF/TinyImageNet/PGD/ALL
[2026-09-08 09:44:40] [CMD] qsub -q all.q -l ngpus=1 -v MODEL="RegNetX_400MF",DATASET="TinyImageNet",ATTACK="PGD",KIND="ALL",PHASE="generate",OUTPUT_DIR="adversarial_results_ep200_pre200" adversarial_hpc_submit.pbs </dev/null
[2026-09-08 09:44:43] [OK] RegNetX_400MF/TinyImageNet/IFGSM/ALL
[2026-09-08 09:44:43] [OK] qsub output: Your job 6479320 ("adversarial_hpc_submit.pbs") has been submitted
[2026-09-08 09:44:44] [SUBMIT] RegNetX_400MF/TinyImageNet/BIM/ALL
[2026-09-08 09:44:44] [CMD] qsub -q all.q -l ngpus=1 -v MODEL="RegNetX_400MF",DATASET="TinyImageNet",ATTACK="BIM",KIND="ALL",PHASE="generate",OUTPUT_DIR="adversarial_results_ep300_pre100" adversarial_hpc_submit.pbs </dev/null
[2026-09-08 09:44:45] [OK] RegNetX_400MF/TinyImageNet/PGD/ALL
[2026-09-08 09:44:46] [OK] qsub output: Your job 6479322 ("adversarial_hpc_submit.pbs") has been submitted
[2026-09-08 09:44:46] [OK] RegNetX_400MF/Cifar100/CW/ALL
[2026-09-08 09:44:46] [OK] qsub output: Your job 6479321 ("adversarial_hpc_submit.pbs") has been submitted
[2026-09-08 09:44:46] [SUBMIT] RegNetX_400MF/TinyImageNet/FGSM/ALL
[2026-09-08 09:44:47] [SUBMIT] RegNetX_400MF/Cifar100/DeepFool/ALL
[2026-09-08 09:44:47] [CMD] qsub -q all.q -l ngpus=1 -v MODEL="RegNetX_400MF",DATASET="TinyImageNet",ATTACK="FGSM",KIND="ALL",PHASE="generate",OUTPUT_DIR="adversarial_results_ep200_pre200" adversarial_hpc_submit.pbs </dev/null
[2026-09-08 09:44:47] [CMD] qsub -q all.q -l ngpus=1 -v MODEL="RegNetX_400MF",DATASET="Cifar100",ATTACK="DeepFool",KIND="ALL",PHASE="generate",OUTPUT_DIR="adversarial_results_ep100_pre300" adversarial_hpc_submit.pbs </dev/null
[2026-09-08 09:44:51] [OK] RegNetX_400MF/Cifar100/DeepFool/ALL
[2026-09-08 09:44:51] [OK] qsub output: Your job 6479324 ("adversarial_hpc_submit.pbs") has been submitted
[2026-09-08 09:44:52] [SUBMIT] RegNetX_400MF/TinyImageNet/PGD/ALL
[2026-09-08 09:44:52] [CMD] qsub -q all.q -l ngpus=1 -v MODEL="RegNetX_400MF",DATASET="TinyImageNet",ATTACK="PGD",KIND="ALL",PHASE="generate",OUTPUT_DIR="adversarial_results_ep100_pre300" adversarial_hpc_submit.pbs </dev/null
[2026-09-08 09:44:55] [OK] RegNetX_400MF/TinyImageNet/FGSM/ALL
[2026-09-08 09:44:55] [OK] qsub output: Your job 6479325 ("adversarial_hpc_submit.pbs") has been submitted
[2026-09-08 09:44:55] [SUBMIT] RegNetX_400MF/TinyImageNet/IFGSM/ALL
[2026-09-08 09:44:55] [CMD] qsub -q all.q -l ngpus=1 -v MODEL="RegNetX_400MF",DATASET="TinyImageNet",ATTACK="IFGSM",KIND="ALL",PHASE="generate",OUTPUT_DIR="adversarial_results_ep200_pre200" adversarial_hpc_submit.pbs </dev/null
[2026-09-08 09:44:55] [OK] RegNetX_400MF/TinyImageNet/BIM/ALL
[2026-09-08 09:44:55] [OK] qsub output: Your job 6479323 ("adversarial_hpc_submit.pbs") has been submitted
[2026-09-08 09:44:55] [SUBMIT] RegNetX_400MF/TinyImageNet/APGD/ALL
[2026-09-08 09:44:55] [CMD] qsub -q all.q -l ngpus=1 -v MODEL="RegNetX_400MF",DATASET="TinyImageNet",ATTACK="APGD",KIND="ALL",PHASE="generate",OUTPUT_DIR="adversarial_results_ep300_pre100" adversarial_hpc_submit.pbs </dev/null
[2026-09-08 09:44:58] [OK] RegNetX_400MF/TinyImageNet/IFGSM/ALL
[2026-09-08 09:44:58] [OK] qsub output: Your job 6479327 ("adversarial_hpc_submit.pbs") has been submitted
[2026-09-08 09:44:58] [SUBMIT] RegNetX_400MF/TinyImageNet/BIM/ALL
[2026-09-08 09:44:58] [CMD] qsub -q all.q -l ngpus=1 -v MODEL="RegNetX_400MF",DATASET="TinyImageNet",ATTACK="BIM",KIND="ALL",PHASE="generate",OUTPUT_DIR="adversarial_results_ep200_pre200" adversarial_hpc_submit.pbs </dev/null
[2026-09-08 09:45:02] [OK] RegNetX_400MF/TinyImageNet/PGD/ALL
[2026-09-08 09:45:02] [OK] qsub output: Your job 6479326 ("adversarial_hpc_submit.pbs") has been submitted
[2026-09-08 09:45:02] [SUBMIT] RegNetX_400MF/TinyImageNet/FGSM/ALL
[2026-09-08 09:45:02] [CMD] qsub -q all.q -l ngpus=1 -v MODEL="RegNetX_400MF",DATASET="TinyImageNet",ATTACK="FGSM",KIND="ALL",PHASE="generate",OUTPUT_DIR="adversarial_results_ep100_pre300" adversarial_hpc_submit.pbs </dev/null
[2026-09-08 09:45:05] [OK] RegNetX_400MF/TinyImageNet/APGD/ALL
[2026-09-08 09:45:06] [OK] qsub output: Your job 6479328 ("adversarial_hpc_submit.pbs") has been submitted
[2026-09-08 09:45:06] [SUBMIT] RegNetX_400MF/TinyImageNet/CW/ALL
[2026-09-08 09:45:06] [CMD] qsub -q all.q -l ngpus=1 -v MODEL="RegNetX_400MF",DATASET="TinyImageNet",ATTACK="CW",KIND="ALL",PHASE="generate",OUTPUT_DIR="adversarial_results_ep300_pre100" adversarial_hpc_submit.pbs </dev/null
[2026-09-08 09:45:06] [OK] RegNetX_400MF/TinyImageNet/BIM/ALL
[2026-09-08 09:45:07] [OK] qsub output: Your job 6479329 ("adversarial_hpc_submit.pbs") has been submitted
[2026-09-08 09:45:07] [SUBMIT] RegNetX_400MF/TinyImageNet/APGD/ALL
[2026-09-08 09:45:07] [CMD] qsub -q all.q -l ngpus=1 -v MODEL="RegNetX_400MF",DATASET="TinyImageNet",ATTACK="APGD",KIND="ALL",PHASE="generate",OUTPUT_DIR="adversarial_results_ep200_pre200" adversarial_hpc_submit.pbs </dev/null
[2026-09-08 09:45:09] [OK] RegNetX_400MF/TinyImageNet/FGSM/ALL
[2026-09-08 09:45:10] [OK] qsub output: Your job 6479331 ("adversarial_hpc_submit.pbs") has been submitted
[2026-09-08 09:45:10] [SUBMIT] RegNetX_400MF/TinyImageNet/IFGSM/ALL
[2026-09-08 09:45:10] [CMD] qsub -q all.q -l ngpus=1 -v MODEL="RegNetX_400MF",DATASET="TinyImageNet",ATTACK="IFGSM",KIND="ALL",PHASE="generate",OUTPUT_DIR="adversarial_results_ep100_pre300" adversarial_hpc_submit.pbs </dev/null
[2026-09-08 09:45:19] [OK] RegNetX_400MF/TinyImageNet/CW/ALL
[2026-09-08 09:45:19] [OK] qsub output: Your job 6479332 ("adversarial_hpc_submit.pbs") has been submitted
[2026-09-08 09:45:19] [SUBMIT] RegNetX_400MF/TinyImageNet/DeepFool/ALL
[2026-09-08 09:45:19] [CMD] qsub -q all.q -l ngpus=1 -v MODEL="RegNetX_400MF",DATASET="TinyImageNet",ATTACK="DeepFool",KIND="ALL",PHASE="generate",OUTPUT_DIR="adversarial_results_ep300_pre100" adversarial_hpc_submit.pbs </dev/null
[2026-09-08 09:45:21] [OK] RegNetX_400MF/TinyImageNet/IFGSM/ALL
[2026-09-08 09:45:22] [OK] qsub output: Your job 6479335 ("adversarial_hpc_submit.pbs") has been submitted
[2026-09-08 09:45:22] [SUBMIT] RegNetX_400MF/TinyImageNet/BIM/ALL
[2026-09-08 09:45:22] [CMD] qsub -q all.q -l ngpus=1 -v MODEL="RegNetX_400MF",DATASET="TinyImageNet",ATTACK="BIM",KIND="ALL",PHASE="generate",OUTPUT_DIR="adversarial_results_ep100_pre300" adversarial_hpc_submit.pbs </dev/null
[2026-09-08 09:45:26] [OK] RegNetX_400MF/TinyImageNet/APGD/ALL
[2026-09-08 09:45:26] [OK] qsub output: Your job 6479334 ("adversarial_hpc_submit.pbs") has been submitted
[2026-09-08 09:45:26] [SUBMIT] RegNetX_400MF/TinyImageNet/CW/ALL
[2026-09-08 09:45:26] [CMD] qsub -q all.q -l ngpus=1 -v MODEL="RegNetX_400MF",DATASET="TinyImageNet",ATTACK="CW",KIND="ALL",PHASE="generate",OUTPUT_DIR="adversarial_results_ep200_pre200" adversarial_hpc_submit.pbs </dev/null
[2026-09-08 09:45:30] [OK] RegNetX_400MF/TinyImageNet/BIM/ALL
[2026-09-08 09:45:30] [OK] qsub output: Your job 6479338 ("adversarial_hpc_submit.pbs") has been submitted
[2026-09-08 09:45:30] [SUBMIT] RegNetX_400MF/TinyImageNet/APGD/ALL
[2026-09-08 09:45:30] [CMD] qsub -q all.q -l ngpus=1 -v MODEL="RegNetX_400MF",DATASET="TinyImageNet",ATTACK="APGD",KIND="ALL",PHASE="generate",OUTPUT_DIR="adversarial_results_ep100_pre300" adversarial_hpc_submit.pbs </dev/null
[2026-09-08 09:45:31] [OK] RegNetX_400MF/TinyImageNet/DeepFool/ALL
[2026-09-08 09:45:32] [OK] qsub output: Your job 6479337 ("adversarial_hpc_submit.pbs") has been submitted
[2026-09-08 09:45:32] [SUBMIT] InceptionNet/Cifar10/PGD/ALL
[2026-09-08 09:45:32] [CMD] qsub -q all.q -l ngpus=1 -v MODEL="InceptionNet",DATASET="Cifar10",ATTACK="PGD",KIND="ALL",PHASE="generate",OUTPUT_DIR="adversarial_results_ep300_pre100" adversarial_hpc_submit.pbs </dev/null
[2026-09-08 09:45:40] [OK] RegNetX_400MF/TinyImageNet/CW/ALL
[2026-09-08 09:45:40] [OK] qsub output: Your job 6479340 ("adversarial_hpc_submit.pbs") has been submitted
[2026-09-08 09:45:40] [SUBMIT] RegNetX_400MF/TinyImageNet/DeepFool/ALL
[2026-09-08 09:45:40] [CMD] qsub -q all.q -l ngpus=1 -v MODEL="RegNetX_400MF",DATASET="TinyImageNet",ATTACK="DeepFool",KIND="ALL",PHASE="generate",OUTPUT_DIR="adversarial_results_ep200_pre200" adversarial_hpc_submit.pbs </dev/null
[2026-09-08 09:45:46] [OK] RegNetX_400MF/TinyImageNet/APGD/ALL
[2026-09-08 09:45:47] [OK] qsub output: Your job 6479342 ("adversarial_hpc_submit.pbs") has been submitted
[2026-09-08 09:45:47] [SUBMIT] RegNetX_400MF/TinyImageNet/CW/ALL
[2026-09-08 09:45:47] [CMD] qsub -q all.q -l ngpus=1 -v MODEL="RegNetX_400MF",DATASET="TinyImageNet",ATTACK="CW",KIND="ALL",PHASE="generate",OUTPUT_DIR="adversarial_results_ep100_pre300" adversarial_hpc_submit.pbs </dev/null
[2026-09-08 09:45:50] [OK] InceptionNet/Cifar10/PGD/ALL
[2026-09-08 09:45:50] [OK] qsub output: Your job 6479343 ("adversarial_hpc_submit.pbs") has been submitted
[2026-09-08 09:45:50] [SUBMIT] InceptionNet/Cifar10/FGSM/ALL
[2026-09-08 09:45:50] [CMD] qsub -q all.q -l ngpus=1 -v MODEL="InceptionNet",DATASET="Cifar10",ATTACK="FGSM",KIND="ALL",PHASE="generate",OUTPUT_DIR="adversarial_results_ep300_pre100" adversarial_hpc_submit.pbs </dev/null
[2026-09-08 09:45:55] [OK] RegNetX_400MF/TinyImageNet/DeepFool/ALL
[2026-09-08 09:45:55] [OK] qsub output: Your job 6479344 ("adversarial_hpc_submit.pbs") has been submitted
[2026-09-08 09:45:56] [SUBMIT] InceptionNet/Cifar10/PGD/ALL
[2026-09-08 09:45:56] [CMD] qsub -q all.q -l ngpus=1 -v MODEL="InceptionNet",DATASET="Cifar10",ATTACK="PGD",KIND="ALL",PHASE="generate",OUTPUT_DIR="adversarial_results_ep200_pre200" adversarial_hpc_submit.pbs </dev/null
[2026-09-08 09:45:58] [OK] RegNetX_400MF/TinyImageNet/CW/ALL
[2026-09-08 09:45:59] [OK] InceptionNet/Cifar10/FGSM/ALL
[2026-09-08 09:46:01] [OK] InceptionNet/Cifar10/PGD/ALL
[2026-09-08 09:46:05] [OK] qsub output: Your job 6479346 ("adversarial_hpc_submit.pbs") has been submitted
[2026-09-08 09:46:07] [OK] qsub output: Your job 6479347 ("adversarial_hpc_submit.pbs") has been submitted
[2026-09-08 09:46:15] [OK] qsub output: Your job 6479348 ("adversarial_hpc_submit.pbs") has been submitted
[2026-09-08 09:46:21] [SUBMIT] RegNetX_400MF/TinyImageNet/DeepFool/ALL
[2026-09-08 09:46:23] [SUBMIT] InceptionNet/Cifar10/IFGSM/ALL
[2026-09-08 09:46:25] [SUBMIT] InceptionNet/Cifar10/FGSM/ALL
[2026-09-08 09:46:25] [CMD] qsub -q all.q -l ngpus=1 -v MODEL="RegNetX_400MF",DATASET="TinyImageNet",ATTACK="DeepFool",KIND="ALL",PHASE="generate",OUTPUT_DIR="adversarial_results_ep100_pre300" adversarial_hpc_submit.pbs </dev/null
[2026-09-08 09:46:25] [CMD] qsub -q all.q -l ngpus=1 -v MODEL="InceptionNet",DATASET="Cifar10",ATTACK="IFGSM",KIND="ALL",PHASE="generate",OUTPUT_DIR="adversarial_results_ep300_pre100" adversarial_hpc_submit.pbs </dev/null
[2026-09-08 09:46:25] [CMD] qsub -q all.q -l ngpus=1 -v MODEL="InceptionNet",DATASET="Cifar10",ATTACK="FGSM",KIND="ALL",PHASE="generate",OUTPUT_DIR="adversarial_results_ep200_pre200" adversarial_hpc_submit.pbs </dev/null
[2026-09-08 09:46:28] [OK] InceptionNet/Cifar10/FGSM/ALL
[2026-09-08 09:46:29] [OK] qsub output: Your job 6479349 ("adversarial_hpc_submit.pbs") has been submitted
[2026-09-08 09:46:29] [SUBMIT] InceptionNet/Cifar10/IFGSM/ALL
[2026-09-08 09:46:29] [CMD] qsub -q all.q -l ngpus=1 -v MODEL="InceptionNet",DATASET="Cifar10",ATTACK="IFGSM",KIND="ALL",PHASE="generate",OUTPUT_DIR="adversarial_results_ep200_pre200" adversarial_hpc_submit.pbs </dev/null
[2026-09-08 09:46:31] [OK] InceptionNet/Cifar10/IFGSM/ALL
[2026-09-08 09:46:31] [OK] qsub output: Your job 6479350 ("adversarial_hpc_submit.pbs") has been submitted
[2026-09-08 09:46:32] [SUBMIT] InceptionNet/Cifar10/BIM/ALL
[2026-09-08 09:46:32] [CMD] qsub -q all.q -l ngpus=1 -v MODEL="InceptionNet",DATASET="Cifar10",ATTACK="BIM",KIND="ALL",PHASE="generate",OUTPUT_DIR="adversarial_results_ep300_pre100" adversarial_hpc_submit.pbs </dev/null
[2026-09-08 09:46:34] [OK] RegNetX_400MF/TinyImageNet/DeepFool/ALL
[2026-09-08 09:46:34] [OK] qsub output: Your job 6479351 ("adversarial_hpc_submit.pbs") has been submitted
[2026-09-08 09:46:34] [SUBMIT] InceptionNet/Cifar10/PGD/ALL
[2026-09-08 09:46:34] [CMD] qsub -q all.q -l ngpus=1 -v MODEL="InceptionNet",DATASET="Cifar10",ATTACK="PGD",KIND="ALL",PHASE="generate",OUTPUT_DIR="adversarial_results_ep100_pre300" adversarial_hpc_submit.pbs </dev/null
[2026-09-08 09:46:37] [OK] InceptionNet/Cifar10/IFGSM/ALL
[2026-09-08 09:46:37] [OK] qsub output: Your job 6479352 ("adversarial_hpc_submit.pbs") has been submitted
[2026-09-08 09:46:37] [SUBMIT] InceptionNet/Cifar10/BIM/ALL
[2026-09-08 09:46:37] [CMD] qsub -q all.q -l ngpus=1 -v MODEL="InceptionNet",DATASET="Cifar10",ATTACK="BIM",KIND="ALL",PHASE="generate",OUTPUT_DIR="adversarial_results_ep200_pre200" adversarial_hpc_submit.pbs </dev/null
[2026-09-08 09:46:38] [OK] InceptionNet/Cifar10/BIM/ALL
[2026-09-08 09:46:38] [OK] qsub output: Your job 6479353 ("adversarial_hpc_submit.pbs") has been submitted
[2026-09-08 09:46:38] [SUBMIT] InceptionNet/Cifar10/APGD/ALL
[2026-09-08 09:46:38] [CMD] qsub -q all.q -l ngpus=1 -v MODEL="InceptionNet",DATASET="Cifar10",ATTACK="APGD",KIND="ALL",PHASE="generate",OUTPUT_DIR="adversarial_results_ep300_pre100" adversarial_hpc_submit.pbs </dev/null
[2026-09-08 09:46:40] [OK] InceptionNet/Cifar10/PGD/ALL
[2026-09-08 09:46:40] [OK] qsub output: Your job 6479354 ("adversarial_hpc_submit.pbs") has been submitted
[2026-09-08 09:46:40] [SUBMIT] InceptionNet/Cifar10/FGSM/ALL
[2026-09-08 09:46:40] [CMD] qsub -q all.q -l ngpus=1 -v MODEL="InceptionNet",DATASET="Cifar10",ATTACK="FGSM",KIND="ALL",PHASE="generate",OUTPUT_DIR="adversarial_results_ep100_pre300" adversarial_hpc_submit.pbs </dev/null
[2026-09-08 09:46:40] [OK] InceptionNet/Cifar10/BIM/ALL
[2026-09-08 09:46:41] [OK] qsub output: Your job 6479355 ("adversarial_hpc_submit.pbs") has been submitted
[2026-09-08 09:46:41] [SUBMIT] InceptionNet/Cifar10/APGD/ALL
[2026-09-08 09:46:41] [CMD] qsub -q all.q -l ngpus=1 -v MODEL="InceptionNet",DATASET="Cifar10",ATTACK="APGD",KIND="ALL",PHASE="generate",OUTPUT_DIR="adversarial_results_ep200_pre200" adversarial_hpc_submit.pbs </dev/null
[2026-09-08 09:46:47] [OK] InceptionNet/Cifar10/FGSM/ALL
[2026-09-08 09:46:47] [OK] qsub output: Your job 6479357 ("adversarial_hpc_submit.pbs") has been submitted
[2026-09-08 09:46:47] [SUBMIT] InceptionNet/Cifar10/IFGSM/ALL
[2026-09-08 09:46:48] [CMD] qsub -q all.q -l ngpus=1 -v MODEL="InceptionNet",DATASET="Cifar10",ATTACK="IFGSM",KIND="ALL",PHASE="generate",OUTPUT_DIR="adversarial_results_ep100_pre300" adversarial_hpc_submit.pbs </dev/null
[2026-09-08 09:46:48] [OK] InceptionNet/Cifar10/APGD/ALL
[2026-09-08 09:46:48] [OK] qsub output: Your job 6479356 ("adversarial_hpc_submit.pbs") has been submitted
[2026-09-08 09:46:48] [SUBMIT] InceptionNet/Cifar10/CW/ALL
[2026-09-08 09:46:48] [CMD] qsub -q all.q -l ngpus=1 -v MODEL="InceptionNet",DATASET="Cifar10",ATTACK="CW",KIND="ALL",PHASE="generate",OUTPUT_DIR="adversarial_results_ep300_pre100" adversarial_hpc_submit.pbs </dev/null
[2026-09-08 09:46:50] [OK] InceptionNet/Cifar10/APGD/ALL
[2026-09-08 09:46:50] [OK] qsub output: Your job 6479358 ("adversarial_hpc_submit.pbs") has been submitted
[2026-09-08 09:46:50] [SUBMIT] InceptionNet/Cifar10/CW/ALL
[2026-09-08 09:46:50] [CMD] qsub -q all.q -l ngpus=1 -v MODEL="InceptionNet",DATASET="Cifar10",ATTACK="CW",KIND="ALL",PHASE="generate",OUTPUT_DIR="adversarial_results_ep200_pre200" adversarial_hpc_submit.pbs </dev/null
[2026-09-08 09:46:52] [OK] InceptionNet/Cifar10/IFGSM/ALL
[2026-09-08 09:46:52] [OK] qsub output: Your job 6479359 ("adversarial_hpc_submit.pbs") has been submitted
[2026-09-08 09:46:52] [SUBMIT] InceptionNet/Cifar10/BIM/ALL
[2026-09-08 09:46:52] [CMD] qsub -q all.q -l ngpus=1 -v MODEL="InceptionNet",DATASET="Cifar10",ATTACK="BIM",KIND="ALL",PHASE="generate",OUTPUT_DIR="adversarial_results_ep100_pre300" adversarial_hpc_submit.pbs </dev/null
[2026-09-08 09:46:56] [OK] InceptionNet/Cifar10/CW/ALL
[2026-09-08 09:46:56] [OK] qsub output: Your job 6479360 ("adversarial_hpc_submit.pbs") has been submitted
[2026-09-08 09:46:56] [SUBMIT] InceptionNet/Cifar10/DeepFool/ALL
[2026-09-08 09:46:56] [CMD] qsub -q all.q -l ngpus=1 -v MODEL="InceptionNet",DATASET="Cifar10",ATTACK="DeepFool",KIND="ALL",PHASE="generate",OUTPUT_DIR="adversarial_results_ep300_pre100" adversarial_hpc_submit.pbs </dev/null
[2026-09-08 09:46:57] [OK] InceptionNet/Cifar10/CW/ALL
[2026-09-08 09:46:57] [OK] qsub output: Your job 6479361 ("adversarial_hpc_submit.pbs") has been submitted
[2026-09-08 09:46:57] [SUBMIT] InceptionNet/Cifar10/DeepFool/ALL
[2026-09-08 09:46:57] [CMD] qsub -q all.q -l ngpus=1 -v MODEL="InceptionNet",DATASET="Cifar10",ATTACK="DeepFool",KIND="ALL",PHASE="generate",OUTPUT_DIR="adversarial_results_ep200_pre200" adversarial_hpc_submit.pbs </dev/null
[2026-09-08 09:47:04] [OK] InceptionNet/Cifar10/DeepFool/ALL
[2026-09-08 09:47:05] [OK] InceptionNet/Cifar10/BIM/ALL
[2026-09-08 09:47:05] [OK] qsub output: Your job 6479363 ("adversarial_hpc_submit.pbs") has been submitted
[2026-09-08 09:47:05] [OK] qsub output: Your job 6479362 ("adversarial_hpc_submit.pbs") has been submitted
[2026-09-08 09:47:05] [SUBMIT] InceptionNet/Cifar100/PGD/ALL
[2026-09-08 09:47:05] [SUBMIT] InceptionNet/Cifar10/APGD/ALL
[2026-09-08 09:47:05] [CMD] qsub -q all.q -l ngpus=1 -v MODEL="InceptionNet",DATASET="Cifar100",ATTACK="PGD",KIND="ALL",PHASE="generate",OUTPUT_DIR="adversarial_results_ep300_pre100" adversarial_hpc_submit.pbs </dev/null
[2026-09-08 09:47:05] [CMD] qsub -q all.q -l ngpus=1 -v MODEL="InceptionNet",DATASET="Cifar10",ATTACK="APGD",KIND="ALL",PHASE="generate",OUTPUT_DIR="adversarial_results_ep100_pre300" adversarial_hpc_submit.pbs </dev/null
[2026-09-08 09:47:08] [OK] InceptionNet/Cifar10/DeepFool/ALL
[2026-09-08 09:47:08] [OK] qsub output: Your job 6479364 ("adversarial_hpc_submit.pbs") has been submitted
[2026-09-08 09:47:08] [SUBMIT] InceptionNet/Cifar100/PGD/ALL
[2026-09-08 09:47:08] [CMD] qsub -q all.q -l ngpus=1 -v MODEL="InceptionNet",DATASET="Cifar100",ATTACK="PGD",KIND="ALL",PHASE="generate",OUTPUT_DIR="adversarial_results_ep200_pre200" adversarial_hpc_submit.pbs </dev/null
[2026-09-08 09:47:08] [OK] InceptionNet/Cifar100/PGD/ALL
[2026-09-08 09:47:08] [OK] qsub output: Your job 6479365 ("adversarial_hpc_submit.pbs") has been submitted
[2026-09-08 09:47:08] [SUBMIT] InceptionNet/Cifar100/FGSM/ALL
[2026-09-08 09:47:08] [CMD] qsub -q all.q -l ngpus=1 -v MODEL="InceptionNet",DATASET="Cifar100",ATTACK="FGSM",KIND="ALL",PHASE="generate",OUTPUT_DIR="adversarial_results_ep300_pre100" adversarial_hpc_submit.pbs </dev/null
[2026-09-08 09:47:11] [OK] InceptionNet/Cifar10/APGD/ALL
[2026-09-08 09:47:11] [OK] qsub output: Your job 6479366 ("adversarial_hpc_submit.pbs") has been submitted
[2026-09-08 09:47:11] [SUBMIT] InceptionNet/Cifar10/CW/ALL
[2026-09-08 09:47:11] [CMD] qsub -q all.q -l ngpus=1 -v MODEL="InceptionNet",DATASET="Cifar10",ATTACK="CW",KIND="ALL",PHASE="generate",OUTPUT_DIR="adversarial_results_ep100_pre300" adversarial_hpc_submit.pbs </dev/null
[2026-09-08 09:47:13] [OK] InceptionNet/Cifar100/PGD/ALL
[2026-09-08 09:47:13] [OK] qsub output: Your job 6479367 ("adversarial_hpc_submit.pbs") has been submitted
[2026-09-08 09:47:14] [SUBMIT] InceptionNet/Cifar100/FGSM/ALL
[2026-09-08 09:47:14] [CMD] qsub -q all.q -l ngpus=1 -v MODEL="InceptionNet",DATASET="Cifar100",ATTACK="FGSM",KIND="ALL",PHASE="generate",OUTPUT_DIR="adversarial_results_ep200_pre200" adversarial_hpc_submit.pbs </dev/null
[2026-09-08 09:47:15] [OK] InceptionNet/Cifar100/FGSM/ALL
[2026-09-08 09:47:15] [OK] qsub output: Your job 6479368 ("adversarial_hpc_submit.pbs") has been submitted
[2026-09-08 09:47:15] [SUBMIT] InceptionNet/Cifar100/IFGSM/ALL
[2026-09-08 09:47:15] [CMD] qsub -q all.q -l ngpus=1 -v MODEL="InceptionNet",DATASET="Cifar100",ATTACK="IFGSM",KIND="ALL",PHASE="generate",OUTPUT_DIR="adversarial_results_ep300_pre100" adversarial_hpc_submit.pbs </dev/null
[2026-09-08 09:47:21] [OK] InceptionNet/Cifar10/CW/ALL
[2026-09-08 09:47:22] [OK] InceptionNet/Cifar100/FGSM/ALL
[2026-09-08 09:47:23] [OK] InceptionNet/Cifar100/IFGSM/ALL
[2026-09-08 09:47:25] [OK] qsub output: Your job 6479369 ("adversarial_hpc_submit.pbs") has been submitted
[2026-09-08 09:47:25] [OK] qsub output: Your job 6479370 ("adversarial_hpc_submit.pbs") has been submitted
[2026-09-08 09:47:25] [OK] qsub output: Your job 6479371 ("adversarial_hpc_submit.pbs") has been submitted
[2026-09-08 09:47:25] [SUBMIT] InceptionNet/Cifar10/DeepFool/ALL
[2026-09-08 09:47:25] [SUBMIT] InceptionNet/Cifar100/IFGSM/ALL
[2026-09-08 09:47:25] [SUBMIT] InceptionNet/Cifar100/BIM/ALL
[2026-09-08 09:47:25] [CMD] qsub -q all.q -l ngpus=1 -v MODEL="InceptionNet",DATASET="Cifar10",ATTACK="DeepFool",KIND="ALL",PHASE="generate",OUTPUT_DIR="adversarial_results_ep100_pre300" adversarial_hpc_submit.pbs </dev/null
[2026-09-08 09:47:25] [CMD] qsub -q all.q -l ngpus=1 -v MODEL="InceptionNet",DATASET="Cifar100",ATTACK="IFGSM",KIND="ALL",PHASE="generate",OUTPUT_DIR="adversarial_results_ep200_pre200" adversarial_hpc_submit.pbs </dev/null
[2026-09-08 09:47:25] [CMD] qsub -q all.q -l ngpus=1 -v MODEL="InceptionNet",DATASET="Cifar100",ATTACK="BIM",KIND="ALL",PHASE="generate",OUTPUT_DIR="adversarial_results_ep300_pre100" adversarial_hpc_submit.pbs </dev/null
[2026-09-08 09:47:26] [OK] InceptionNet/Cifar100/BIM/ALL
[2026-09-08 09:47:27] [OK] qsub output: Your job 6479372 ("adversarial_hpc_submit.pbs") has been submitted
[2026-09-08 09:47:27] [SUBMIT] InceptionNet/Cifar100/APGD/ALL
[2026-09-08 09:47:28] [CMD] qsub -q all.q -l ngpus=1 -v MODEL="InceptionNet",DATASET="Cifar100",ATTACK="APGD",KIND="ALL",PHASE="generate",OUTPUT_DIR="adversarial_results_ep300_pre100" adversarial_hpc_submit.pbs </dev/null
[2026-09-08 09:47:30] [OK] InceptionNet/Cifar100/IFGSM/ALL
[2026-09-08 09:47:30] [OK] qsub output: Your job 6479373 ("adversarial_hpc_submit.pbs") has been submitted
[2026-09-08 09:47:30] [SUBMIT] InceptionNet/Cifar100/BIM/ALL
[2026-09-08 09:47:30] [CMD] qsub -q all.q -l ngpus=1 -v MODEL="InceptionNet",DATASET="Cifar100",ATTACK="BIM",KIND="ALL",PHASE="generate",OUTPUT_DIR="adversarial_results_ep200_pre200" adversarial_hpc_submit.pbs </dev/null
[2026-09-08 09:47:32] [OK] InceptionNet/Cifar10/DeepFool/ALL
[2026-09-08 09:47:32] [OK] qsub output: Your job 6479374 ("adversarial_hpc_submit.pbs") has been submitted
[2026-09-08 09:47:32] [SUBMIT] InceptionNet/Cifar100/PGD/ALL
[2026-09-08 09:47:32] [CMD] qsub -q all.q -l ngpus=1 -v MODEL="InceptionNet",DATASET="Cifar100",ATTACK="PGD",KIND="ALL",PHASE="generate",OUTPUT_DIR="adversarial_results_ep100_pre300" adversarial_hpc_submit.pbs </dev/null
[2026-09-08 09:47:34] [OK] InceptionNet/Cifar100/APGD/ALL
[2026-09-08 09:47:34] [OK] qsub output: Your job 6479375 ("adversarial_hpc_submit.pbs") has been submitted
[2026-09-08 09:47:35] [SUBMIT] InceptionNet/Cifar100/CW/ALL
[2026-09-08 09:47:35] [CMD] qsub -q all.q -l ngpus=1 -v MODEL="InceptionNet",DATASET="Cifar100",ATTACK="CW",KIND="ALL",PHASE="generate",OUTPUT_DIR="adversarial_results_ep300_pre100" adversarial_hpc_submit.pbs </dev/null
[2026-09-08 09:47:36] [OK] InceptionNet/Cifar100/BIM/ALL
[2026-09-08 09:47:36] [OK] qsub output: Your job 6479376 ("adversarial_hpc_submit.pbs") has been submitted
[2026-09-08 09:47:36] [SUBMIT] InceptionNet/Cifar100/APGD/ALL
[2026-09-08 09:47:36] [CMD] qsub -q all.q -l ngpus=1 -v MODEL="InceptionNet",DATASET="Cifar100",ATTACK="APGD",KIND="ALL",PHASE="generate",OUTPUT_DIR="adversarial_results_ep200_pre200" adversarial_hpc_submit.pbs </dev/null
[2026-09-08 09:47:39] [OK] InceptionNet/Cifar100/PGD/ALL
[2026-09-08 09:47:39] [OK] qsub output: Your job 6479377 ("adversarial_hpc_submit.pbs") has been submitted
[2026-09-08 09:47:39] [SUBMIT] InceptionNet/Cifar100/FGSM/ALL
[2026-09-08 09:47:39] [CMD] qsub -q all.q -l ngpus=1 -v MODEL="InceptionNet",DATASET="Cifar100",ATTACK="FGSM",KIND="ALL",PHASE="generate",OUTPUT_DIR="adversarial_results_ep100_pre300" adversarial_hpc_submit.pbs </dev/null
[2026-09-08 09:47:41] [OK] InceptionNet/Cifar100/CW/ALL
[2026-09-08 09:47:42] [OK] qsub output: Your job 6479378 ("adversarial_hpc_submit.pbs") has been submitted
[2026-09-08 09:47:42] [SUBMIT] InceptionNet/Cifar100/DeepFool/ALL
[2026-09-08 09:47:42] [CMD] qsub -q all.q -l ngpus=1 -v MODEL="InceptionNet",DATASET="Cifar100",ATTACK="DeepFool",KIND="ALL",PHASE="generate",OUTPUT_DIR="adversarial_results_ep300_pre100" adversarial_hpc_submit.pbs </dev/null
[2026-09-08 09:47:45] [OK] InceptionNet/Cifar100/APGD/ALL
[2026-09-08 09:47:45] [OK] qsub output: Your job 6479379 ("adversarial_hpc_submit.pbs") has been submitted
[2026-09-08 09:47:45] [SUBMIT] InceptionNet/Cifar100/CW/ALL
[2026-09-08 09:47:45] [CMD] qsub -q all.q -l ngpus=1 -v MODEL="InceptionNet",DATASET="Cifar100",ATTACK="CW",KIND="ALL",PHASE="generate",OUTPUT_DIR="adversarial_results_ep200_pre200" adversarial_hpc_submit.pbs </dev/null
[2026-09-08 09:47:58] [OK] InceptionNet/Cifar100/FGSM/ALL
[2026-09-08 09:47:58] [OK] qsub output: Your job 6479383 ("adversarial_hpc_submit.pbs") has been submitted
[2026-09-08 09:47:58] [SUBMIT] InceptionNet/Cifar100/IFGSM/ALL
[2026-09-08 09:47:58] [CMD] qsub -q all.q -l ngpus=1 -v MODEL="InceptionNet",DATASET="Cifar100",ATTACK="IFGSM",KIND="ALL",PHASE="generate",OUTPUT_DIR="adversarial_results_ep100_pre300" adversarial_hpc_submit.pbs </dev/null
[2026-09-08 09:47:59] [OK] InceptionNet/Cifar100/CW/ALL
[2026-09-08 09:47:59] [OK] qsub output: Your job 6479385 ("adversarial_hpc_submit.pbs") has been submitted
[2026-09-08 09:47:59] [SUBMIT] InceptionNet/Cifar100/DeepFool/ALL
[2026-09-08 09:47:59] [CMD] qsub -q all.q -l ngpus=1 -v MODEL="InceptionNet",DATASET="Cifar100",ATTACK="DeepFool",KIND="ALL",PHASE="generate",OUTPUT_DIR="adversarial_results_ep200_pre200" adversarial_hpc_submit.pbs </dev/null
[2026-09-08 09:48:01] [OK] InceptionNet/Cifar100/DeepFool/ALL
[2026-09-08 09:48:01] [OK] qsub output: Your job 6479384 ("adversarial_hpc_submit.pbs") has been submitted
[2026-09-08 09:48:01] [SUBMIT] InceptionNet/TinyImageNet/PGD/ALL
[2026-09-08 09:48:01] [CMD] qsub -q all.q -l ngpus=1 -v MODEL="InceptionNet",DATASET="TinyImageNet",ATTACK="PGD",KIND="ALL",PHASE="generate",OUTPUT_DIR="adversarial_results_ep300_pre100" adversarial_hpc_submit.pbs </dev/null
[2026-09-08 09:48:03] [OK] InceptionNet/Cifar100/DeepFool/ALL
[2026-09-08 09:48:04] [OK] qsub output: Your job 6479387 ("adversarial_hpc_submit.pbs") has been submitted
[2026-09-08 09:48:04] [SUBMIT] InceptionNet/TinyImageNet/PGD/ALL
[2026-09-08 09:48:04] [CMD] qsub -q all.q -l ngpus=1 -v MODEL="InceptionNet",DATASET="TinyImageNet",ATTACK="PGD",KIND="ALL",PHASE="generate",OUTPUT_DIR="adversarial_results_ep200_pre200" adversarial_hpc_submit.pbs </dev/null
[2026-09-08 09:48:06] [OK] InceptionNet/Cifar100/IFGSM/ALL
[2026-09-08 09:48:07] [OK] qsub output: Your job 6479386 ("adversarial_hpc_submit.pbs") has been submitted
[2026-09-08 09:48:08] [SUBMIT] InceptionNet/Cifar100/BIM/ALL
[2026-09-08 09:48:08] [CMD] qsub -q all.q -l ngpus=1 -v MODEL="InceptionNet",DATASET="Cifar100",ATTACK="BIM",KIND="ALL",PHASE="generate",OUTPUT_DIR="adversarial_results_ep100_pre300" adversarial_hpc_submit.pbs </dev/null
[2026-09-08 09:48:09] [OK] InceptionNet/TinyImageNet/PGD/ALL
[2026-09-08 09:48:11] [OK] qsub output: Your job 6479388 ("adversarial_hpc_submit.pbs") has been submitted
[2026-09-08 09:48:12] [SUBMIT] InceptionNet/TinyImageNet/FGSM/ALL
[2026-09-08 09:48:12] [CMD] qsub -q all.q -l ngpus=1 -v MODEL="InceptionNet",DATASET="TinyImageNet",ATTACK="FGSM",KIND="ALL",PHASE="generate",OUTPUT_DIR="adversarial_results_ep300_pre100" adversarial_hpc_submit.pbs </dev/null
[2026-09-08 09:48:12] [OK] InceptionNet/Cifar100/BIM/ALL
[2026-09-08 09:48:15] [OK] InceptionNet/TinyImageNet/PGD/ALL
[2026-09-08 09:48:18] [OK] qsub output: Your job 6479390 ("adversarial_hpc_submit.pbs") has been submitted
[2026-09-08 09:48:18] [OK] qsub output: Your job 6479389 ("adversarial_hpc_submit.pbs") has been submitted
[2026-09-08 09:48:18] [SUBMIT] InceptionNet/Cifar100/APGD/ALL
[2026-09-08 09:48:24] [SUBMIT] InceptionNet/TinyImageNet/FGSM/ALL
[2026-09-08 09:48:24] [OK] InceptionNet/TinyImageNet/FGSM/ALL
[2026-09-08 09:48:27] [CMD] qsub -q all.q -l ngpus=1 -v MODEL="InceptionNet",DATASET="Cifar100",ATTACK="APGD",KIND="ALL",PHASE="generate",OUTPUT_DIR="adversarial_results_ep100_pre300" adversarial_hpc_submit.pbs </dev/null
[2026-09-08 09:48:27] [CMD] qsub -q all.q -l ngpus=1 -v MODEL="InceptionNet",DATASET="TinyImageNet",ATTACK="FGSM",KIND="ALL",PHASE="generate",OUTPUT_DIR="adversarial_results_ep200_pre200" adversarial_hpc_submit.pbs </dev/null
[2026-09-08 09:48:27] [OK] qsub output: Your job 6479392 ("adversarial_hpc_submit.pbs") has been submitted
[2026-09-08 09:48:28] [SUBMIT] InceptionNet/TinyImageNet/IFGSM/ALL
[2026-09-08 09:48:28] [CMD] qsub -q all.q -l ngpus=1 -v MODEL="InceptionNet",DATASET="TinyImageNet",ATTACK="IFGSM",KIND="ALL",PHASE="generate",OUTPUT_DIR="adversarial_results_ep300_pre100" adversarial_hpc_submit.pbs </dev/null
[2026-09-08 09:48:31] [OK] InceptionNet/Cifar100/APGD/ALL
[2026-09-08 09:48:35] [OK] InceptionNet/TinyImageNet/FGSM/ALL
[2026-09-08 09:48:35] [OK] qsub output: Your job 6479393 ("adversarial_hpc_submit.pbs") has been submitted
[2026-09-08 09:48:39] [OK] qsub output: Your job 6479394 ("adversarial_hpc_submit.pbs") has been submitted
[2026-09-08 09:48:39] [SUBMIT] InceptionNet/Cifar100/CW/ALL
[2026-09-08 09:48:40] [SUBMIT] InceptionNet/TinyImageNet/IFGSM/ALL
[2026-09-08 09:48:40] [OK] InceptionNet/TinyImageNet/IFGSM/ALL
[2026-09-08 09:48:43] [CMD] qsub -q all.q -l ngpus=1 -v MODEL="InceptionNet",DATASET="Cifar100",ATTACK="CW",KIND="ALL",PHASE="generate",OUTPUT_DIR="adversarial_results_ep100_pre300" adversarial_hpc_submit.pbs </dev/null
[2026-09-08 09:48:48] [CMD] qsub -q all.q -l ngpus=1 -v MODEL="InceptionNet",DATASET="TinyImageNet",ATTACK="IFGSM",KIND="ALL",PHASE="generate",OUTPUT_DIR="adversarial_results_ep200_pre200" adversarial_hpc_submit.pbs </dev/null
[2026-09-08 09:48:51] [OK] qsub output: Your job 6479395 ("adversarial_hpc_submit.pbs") has been submitted
[2026-09-08 09:48:51] [SUBMIT] InceptionNet/TinyImageNet/BIM/ALL
[2026-09-08 09:48:51] [CMD] qsub -q all.q -l ngpus=1 -v MODEL="InceptionNet",DATASET="TinyImageNet",ATTACK="BIM",KIND="ALL",PHASE="generate",OUTPUT_DIR="adversarial_results_ep300_pre100" adversarial_hpc_submit.pbs </dev/null
[2026-09-08 09:48:55] [OK] InceptionNet/TinyImageNet/IFGSM/ALL
[2026-09-08 09:48:58] [OK] qsub output: Your job 6479398 ("adversarial_hpc_submit.pbs") has been submitted
[2026-09-08 09:48:59] [SUBMIT] InceptionNet/TinyImageNet/BIM/ALL
[2026-09-08 09:48:59] [CMD] qsub -q all.q -l ngpus=1 -v MODEL="InceptionNet",DATASET="TinyImageNet",ATTACK="BIM",KIND="ALL",PHASE="generate",OUTPUT_DIR="adversarial_results_ep200_pre200" adversarial_hpc_submit.pbs </dev/null
[2026-09-08 09:48:59] [OK] InceptionNet/Cifar100/CW/ALL
[2026-09-08 09:49:00] [OK] InceptionNet/TinyImageNet/BIM/ALL
[2026-09-08 09:49:15] [OK] qsub output: Your job 6479397 ("adversarial_hpc_submit.pbs") has been submitted
[2026-09-08 09:49:15] [OK] qsub output: Your job 6479399 ("adversarial_hpc_submit.pbs") has been submitted
[2026-09-08 09:49:15] [SUBMIT] InceptionNet/Cifar100/DeepFool/ALL
[2026-09-08 09:49:15] [SUBMIT] InceptionNet/TinyImageNet/APGD/ALL
[2026-09-08 09:49:15] [CMD] qsub -q all.q -l ngpus=1 -v MODEL="InceptionNet",DATASET="Cifar100",ATTACK="DeepFool",KIND="ALL",PHASE="generate",OUTPUT_DIR="adversarial_results_ep100_pre300" adversarial_hpc_submit.pbs </dev/null
[2026-09-08 09:49:17] [OK] InceptionNet/TinyImageNet/BIM/ALL
[2026-09-08 09:49:22] [CMD] qsub -q all.q -l ngpus=1 -v MODEL="InceptionNet",DATASET="TinyImageNet",ATTACK="APGD",KIND="ALL",PHASE="generate",OUTPUT_DIR="adversarial_results_ep300_pre100" adversarial_hpc_submit.pbs </dev/null
[2026-09-08 09:49:26] [OK] qsub output: Your job 6479400 ("adversarial_hpc_submit.pbs") has been submitted
[2026-09-08 09:49:26] [SUBMIT] InceptionNet/TinyImageNet/APGD/ALL
[2026-09-08 09:49:26] [CMD] qsub -q all.q -l ngpus=1 -v MODEL="InceptionNet",DATASET="TinyImageNet",ATTACK="APGD",KIND="ALL",PHASE="generate",OUTPUT_DIR="adversarial_results_ep200_pre200" adversarial_hpc_submit.pbs </dev/null
[2026-09-08 09:49:30] [OK] InceptionNet/TinyImageNet/APGD/ALL
[2026-09-08 09:49:31] [OK] InceptionNet/Cifar100/DeepFool/ALL
[2026-09-08 09:49:34] [OK] InceptionNet/TinyImageNet/APGD/ALL
[2026-09-08 09:49:43] [OK] qsub output: Your job 6479402 ("adversarial_hpc_submit.pbs") has been submitted
[2026-09-08 09:49:44] [OK] qsub output: Your job 6479401 ("adversarial_hpc_submit.pbs") has been submitted
[2026-09-08 09:49:44] [OK] qsub output: Your job 6479403 ("adversarial_hpc_submit.pbs") has been submitted
[2026-09-08 09:49:47] [SUBMIT] InceptionNet/TinyImageNet/CW/ALL
[2026-09-08 09:49:50] [SUBMIT] InceptionNet/TinyImageNet/PGD/ALL
[2026-09-08 09:49:53] [SUBMIT] InceptionNet/TinyImageNet/CW/ALL
[2026-09-08 09:49:53] [CMD] qsub -q all.q -l ngpus=1 -v MODEL="InceptionNet",DATASET="TinyImageNet",ATTACK="CW",KIND="ALL",PHASE="generate",OUTPUT_DIR="adversarial_results_ep300_pre100" adversarial_hpc_submit.pbs </dev/null
[2026-09-08 09:49:54] [CMD] qsub -q all.q -l ngpus=1 -v MODEL="InceptionNet",DATASET="TinyImageNet",ATTACK="PGD",KIND="ALL",PHASE="generate",OUTPUT_DIR="adversarial_results_ep100_pre300" adversarial_hpc_submit.pbs </dev/null
[2026-09-08 09:49:54] [CMD] qsub -q all.q -l ngpus=1 -v MODEL="InceptionNet",DATASET="TinyImageNet",ATTACK="CW",KIND="ALL",PHASE="generate",OUTPUT_DIR="adversarial_results_ep200_pre200" adversarial_hpc_submit.pbs </dev/null
[2026-09-08 09:50:00] [OK] InceptionNet/TinyImageNet/CW/ALL
[2026-09-08 09:50:04] [OK] qsub output: Your job 6479407 ("adversarial_hpc_submit.pbs") has been submitted
[2026-09-08 09:50:05] [OK] InceptionNet/TinyImageNet/CW/ALL
[2026-09-08 09:50:08] [OK] InceptionNet/TinyImageNet/PGD/ALL
[2026-09-08 09:50:10] [SUBMIT] InceptionNet/TinyImageNet/DeepFool/ALL
[2026-09-08 09:50:10] [OK] qsub output: Your job 6479409 ("adversarial_hpc_submit.pbs") has been submitted
[2026-09-08 09:50:12] [OK] qsub output: Your job 6479408 ("adversarial_hpc_submit.pbs") has been submitted
[2026-09-08 09:50:12] [CMD] qsub -q all.q -l ngpus=1 -v MODEL="InceptionNet",DATASET="TinyImageNet",ATTACK="DeepFool",KIND="ALL",PHASE="generate",OUTPUT_DIR="adversarial_results_ep300_pre100" adversarial_hpc_submit.pbs </dev/null
[2026-09-08 09:50:14] [SUBMIT] InceptionNet/TinyImageNet/DeepFool/ALL
[2026-09-08 09:50:14] [SUBMIT] InceptionNet/TinyImageNet/FGSM/ALL
[2026-09-08 09:50:17] [CMD] qsub -q all.q -l ngpus=1 -v MODEL="InceptionNet",DATASET="TinyImageNet",ATTACK="DeepFool",KIND="ALL",PHASE="generate",OUTPUT_DIR="adversarial_results_ep200_pre200" adversarial_hpc_submit.pbs </dev/null
[2026-09-08 09:50:17] [CMD] qsub -q all.q -l ngpus=1 -v MODEL="InceptionNet",DATASET="TinyImageNet",ATTACK="FGSM",KIND="ALL",PHASE="generate",OUTPUT_DIR="adversarial_results_ep100_pre300" adversarial_hpc_submit.pbs </dev/null
[2026-09-08 09:50:20] [OK] InceptionNet/TinyImageNet/DeepFool/ALL
[2026-09-08 09:50:21] [OK] qsub output: Your job 6479413 ("adversarial_hpc_submit.pbs") has been submitted
[2026-09-08 09:50:22] [SUBMIT] MobileNet/Cifar10/PGD/ALL
[2026-09-08 09:50:22] [CMD] qsub -q all.q -l ngpus=1 -v MODEL="MobileNet",DATASET="Cifar10",ATTACK="PGD",KIND="ALL",PHASE="generate",OUTPUT_DIR="adversarial_results_ep300_pre100" adversarial_hpc_submit.pbs </dev/null
[2026-09-08 09:50:24] [OK] InceptionNet/TinyImageNet/DeepFool/ALL
[2026-09-08 09:50:26] [OK] qsub output: Your job 6479414 ("adversarial_hpc_submit.pbs") has been submitted
[2026-09-08 09:50:26] [OK] InceptionNet/TinyImageNet/FGSM/ALL
[2026-09-08 09:50:28] [OK] qsub output: Your job 6479415 ("adversarial_hpc_submit.pbs") has been submitted
[2026-09-08 09:50:28] [SUBMIT] MobileNet/Cifar10/PGD/ALL
[2026-09-08 09:50:28] [CMD] qsub -q all.q -l ngpus=1 -v MODEL="MobileNet",DATASET="Cifar10",ATTACK="PGD",KIND="ALL",PHASE="generate",OUTPUT_DIR="adversarial_results_ep200_pre200" adversarial_hpc_submit.pbs </dev/null
[2026-09-08 09:50:28] [SUBMIT] InceptionNet/TinyImageNet/IFGSM/ALL
[2026-09-08 09:50:28] [CMD] qsub -q all.q -l ngpus=1 -v MODEL="InceptionNet",DATASET="TinyImageNet",ATTACK="IFGSM",KIND="ALL",PHASE="generate",OUTPUT_DIR="adversarial_results_ep100_pre300" adversarial_hpc_submit.pbs </dev/null
[2026-09-08 09:50:30] [OK] MobileNet/Cifar10/PGD/ALL
[2026-09-08 09:50:32] [OK] MobileNet/Cifar10/PGD/ALL
[2026-09-08 09:50:33] [OK] InceptionNet/TinyImageNet/IFGSM/ALL
[2026-09-08 09:50:45] [OK] qsub output: Your job 6479416 ("adversarial_hpc_submit.pbs") has been submitted
[2026-09-08 09:50:48] [OK] qsub output: Your job 6479417 ("adversarial_hpc_submit.pbs") has been submitted
[2026-09-08 09:50:49] [OK] qsub output: Your job 6479418 ("adversarial_hpc_submit.pbs") has been submitted
[2026-09-08 09:51:00] [SUBMIT] MobileNet/Cifar10/FGSM/ALL
[2026-09-08 09:51:06] [SUBMIT] MobileNet/Cifar10/FGSM/ALL
[2026-09-08 09:51:07] [SUBMIT] InceptionNet/TinyImageNet/BIM/ALL
[2026-09-08 09:51:07] [CMD] qsub -q all.q -l ngpus=1 -v MODEL="MobileNet",DATASET="Cifar10",ATTACK="FGSM",KIND="ALL",PHASE="generate",OUTPUT_DIR="adversarial_results_ep300_pre100" adversarial_hpc_submit.pbs </dev/null
[2026-09-08 09:51:07] [CMD] qsub -q all.q -l ngpus=1 -v MODEL="MobileNet",DATASET="Cifar10",ATTACK="FGSM",KIND="ALL",PHASE="generate",OUTPUT_DIR="adversarial_results_ep200_pre200" adversarial_hpc_submit.pbs </dev/null
[2026-09-08 09:51:07] [CMD] qsub -q all.q -l ngpus=1 -v MODEL="InceptionNet",DATASET="TinyImageNet",ATTACK="BIM",KIND="ALL",PHASE="generate",OUTPUT_DIR="adversarial_results_ep100_pre300" adversarial_hpc_submit.pbs </dev/null
[2026-09-08 09:51:12] [OK] MobileNet/Cifar10/FGSM/ALL
[2026-09-08 09:51:15] [OK] MobileNet/Cifar10/FGSM/ALL
[2026-09-08 09:51:19] [OK] qsub output: Your job 6479421 ("adversarial_hpc_submit.pbs") has been submitted
[2026-09-08 09:51:22] [OK] InceptionNet/TinyImageNet/BIM/ALL
[2026-09-08 09:51:25] [OK] qsub output: Your job 6479420 ("adversarial_hpc_submit.pbs") has been submitted
[2026-09-08 09:51:25] [OK] qsub output: Your job 6479422 ("adversarial_hpc_submit.pbs") has been submitted
[2026-09-08 09:51:25] [SUBMIT] MobileNet/Cifar10/IFGSM/ALL
[2026-09-08 09:51:25] [SUBMIT] MobileNet/Cifar10/IFGSM/ALL
[2026-09-08 09:51:25] [SUBMIT] InceptionNet/TinyImageNet/APGD/ALL
[2026-09-08 09:51:25] [CMD] qsub -q all.q -l ngpus=1 -v MODEL="MobileNet",DATASET="Cifar10",ATTACK="IFGSM",KIND="ALL",PHASE="generate",OUTPUT_DIR="adversarial_results_ep300_pre100" adversarial_hpc_submit.pbs </dev/null
[2026-09-08 09:51:25] [CMD] qsub -q all.q -l ngpus=1 -v MODEL="MobileNet",DATASET="Cifar10",ATTACK="IFGSM",KIND="ALL",PHASE="generate",OUTPUT_DIR="adversarial_results_ep200_pre200" adversarial_hpc_submit.pbs </dev/null
[2026-09-08 09:51:25] [CMD] qsub -q all.q -l ngpus=1 -v MODEL="InceptionNet",DATASET="TinyImageNet",ATTACK="APGD",KIND="ALL",PHASE="generate",OUTPUT_DIR="adversarial_results_ep100_pre300" adversarial_hpc_submit.pbs </dev/null
[2026-09-08 09:51:32] [OK] MobileNet/Cifar10/IFGSM/ALL
[2026-09-08 09:51:32] [OK] qsub output: Your job 6479424 ("adversarial_hpc_submit.pbs") has been submitted
[2026-09-08 09:51:32] [SUBMIT] MobileNet/Cifar10/BIM/ALL
[2026-09-08 09:51:32] [CMD] qsub -q all.q -l ngpus=1 -v MODEL="MobileNet",DATASET="Cifar10",ATTACK="BIM",KIND="ALL",PHASE="generate",OUTPUT_DIR="adversarial_results_ep300_pre100" adversarial_hpc_submit.pbs </dev/null
[2026-09-08 09:51:34] [OK] MobileNet/Cifar10/IFGSM/ALL
[2026-09-08 09:51:35] [OK] qsub output: Your job 6479423 ("adversarial_hpc_submit.pbs") has been submitted
[2026-09-08 09:51:36] [SUBMIT] MobileNet/Cifar10/BIM/ALL
[2026-09-08 09:51:36] [CMD] qsub -q all.q -l ngpus=1 -v MODEL="MobileNet",DATASET="Cifar10",ATTACK="BIM",KIND="ALL",PHASE="generate",OUTPUT_DIR="adversarial_results_ep200_pre200" adversarial_hpc_submit.pbs </dev/null
[2026-09-08 09:51:41] [OK] InceptionNet/TinyImageNet/APGD/ALL
[2026-09-08 09:51:41] [OK] qsub output: Your job 6479425 ("adversarial_hpc_submit.pbs") has been submitted
[2026-09-08 09:51:41] [SUBMIT] InceptionNet/TinyImageNet/CW/ALL
[2026-09-08 09:51:41] [CMD] qsub -q all.q -l ngpus=1 -v MODEL="InceptionNet",DATASET="TinyImageNet",ATTACK="CW",KIND="ALL",PHASE="generate",OUTPUT_DIR="adversarial_results_ep100_pre300" adversarial_hpc_submit.pbs </dev/null
[2026-09-08 09:51:43] [OK] MobileNet/Cifar10/BIM/ALL
[2026-09-08 09:51:43] [OK] qsub output: Your job 6479426 ("adversarial_hpc_submit.pbs") has been submitted
[2026-09-08 09:51:43] [SUBMIT] MobileNet/Cifar10/APGD/ALL
[2026-09-08 09:51:43] [CMD] qsub -q all.q -l ngpus=1 -v MODEL="MobileNet",DATASET="Cifar10",ATTACK="APGD",KIND="ALL",PHASE="generate",OUTPUT_DIR="adversarial_results_ep300_pre100" adversarial_hpc_submit.pbs </dev/null
[2026-09-08 09:51:44] [OK] InceptionNet/TinyImageNet/CW/ALL
[2026-09-08 09:51:44] [OK] qsub output: Your job 6479429 ("adversarial_hpc_submit.pbs") has been submitted
[2026-09-08 09:51:45] [SUBMIT] InceptionNet/TinyImageNet/DeepFool/ALL
[2026-09-08 09:51:45] [CMD] qsub -q all.q -l ngpus=1 -v MODEL="InceptionNet",DATASET="TinyImageNet",ATTACK="DeepFool",KIND="ALL",PHASE="generate",OUTPUT_DIR="adversarial_results_ep100_pre300" adversarial_hpc_submit.pbs </dev/null
[2026-09-08 09:51:50] [OK] MobileNet/Cifar10/BIM/ALL
[2026-09-08 09:51:50] [OK] qsub output: Your job 6479428 ("adversarial_hpc_submit.pbs") has been submitted
[2026-09-08 09:51:50] [SUBMIT] MobileNet/Cifar10/APGD/ALL
[2026-09-08 09:51:50] [CMD] qsub -q all.q -l ngpus=1 -v MODEL="MobileNet",DATASET="Cifar10",ATTACK="APGD",KIND="ALL",PHASE="generate",OUTPUT_DIR="adversarial_results_ep200_pre200" adversarial_hpc_submit.pbs </dev/null
[2026-09-08 09:51:54] [OK] MobileNet/Cifar10/APGD/ALL
[2026-09-08 09:51:54] [OK] qsub output: Your job 6479430 ("adversarial_hpc_submit.pbs") has been submitted
[2026-09-08 09:51:54] [SUBMIT] MobileNet/Cifar10/CW/ALL
[2026-09-08 09:51:54] [CMD] qsub -q all.q -l ngpus=1 -v MODEL="MobileNet",DATASET="Cifar10",ATTACK="CW",KIND="ALL",PHASE="generate",OUTPUT_DIR="adversarial_results_ep300_pre100" adversarial_hpc_submit.pbs </dev/null
[2026-09-08 09:52:04] [OK] MobileNet/Cifar10/CW/ALL
[2026-09-08 09:52:05] [OK] qsub output: Your job 6479433 ("adversarial_hpc_submit.pbs") has been submitted
[2026-09-08 09:52:05] [SUBMIT] MobileNet/Cifar10/DeepFool/ALL
[2026-09-08 09:52:05] [CMD] qsub -q all.q -l ngpus=1 -v MODEL="MobileNet",DATASET="Cifar10",ATTACK="DeepFool",KIND="ALL",PHASE="generate",OUTPUT_DIR="adversarial_results_ep300_pre100" adversarial_hpc_submit.pbs </dev/null
[2026-09-08 09:52:13] [OK] MobileNet/Cifar10/DeepFool/ALL
[2026-09-08 09:52:15] [OK] qsub output: Your job 6479434 ("adversarial_hpc_submit.pbs") has been submitted
[2026-09-08 09:52:16] [SUBMIT] MobileNet/Cifar100/PGD/ALL
[2026-09-08 09:52:17] [CMD] qsub -q all.q -l ngpus=1 -v MODEL="MobileNet",DATASET="Cifar100",ATTACK="PGD",KIND="ALL",PHASE="generate",OUTPUT_DIR="adversarial_results_ep300_pre100" adversarial_hpc_submit.pbs </dev/null
