[2026-09-11 09:38:07] Starting orchestration script
[2026-09-11 09:38:07] Script path: /Users/jgafur/LTH/manuscript/Tranfer
[2026-09-11 09:38:07] Current working directory: /Users/jgafur/LTH/manuscript/Tranfer
[2026-09-11 09:38:07] Phase: plot
[2026-09-11 09:38:07] Output directory: adversarial_results_ep200_pre200
[2026-09-11 09:38:07] Model filter: ALL
[2026-09-11 09:38:07] Dataset filter: ALL
[2026-09-11 09:38:07] Attack filter: ALL
[2026-09-11 09:38:07] Kind filter: ALL
[2026-09-11 09:38:07] Run log: /Users/jgafur/LTH/manuscript/Tranfer/logs/adversarial_orchestrate_plot_20260911_093807.log
[2026-09-11 09:38:07] qsub command found: /opt/sge/bin/lx-amd64/qsub
[2026-09-11 09:38:07] Found submission file: /Users/jgafur/LTH/manuscript/Tranfer/adversarial_hpc_submit.pbs
[2026-09-11 09:38:07] ============================================================================
[2026-09-11 09:38:07] Adversarial Analysis HPC Orchestration
[2026-09-11 09:38:07] ============================================================================
[2026-09-11 09:38:07] Phase:       plot
[2026-09-11 09:38:07] Output Dir:  adversarial_results_ep200_pre200
[2026-09-11 09:38:07] Models:      6 architectures
[2026-09-11 09:38:07] Datasets:    3 datasets
[2026-09-11 09:38:07] ============================================================================
[2026-09-11 09:38:07] Run outputs will be written as txt files in manuscript/Tranfer/
[2026-09-11 09:38:07]   - generate:      <MODEL>_<DATASET>_<ATTACK>_<KIND>_generate_run.txt
[2026-09-11 09:38:07]   - analyze:       adversarial_analyze_run.txt
[2026-09-11 09:38:07]   - plot:          adversarial_plot_run.txt
[2026-09-11 09:38:07]   - gradient_sim:  adversarial_gradient_sim_run.txt
[2026-09-11 09:38:07]   - epsilon_sweep: adversarial_epsilon_sweep_run.txt
[2026-09-11 09:38:07]   - statistics:    adversarial_statistics_run.txt
[2026-09-11 09:38:07]   - cka:           adversarial_cka_run.txt
[2026-09-11 09:38:07]   - compare:       adversarial_compare_run.txt
[2026-09-11 09:38:07]   - compute_tradeoff: adversarial_compute_tradeoff_run.txt
[2026-09-11 09:38:07]   - correlations:  adversarial_correlations_run.txt
[2026-09-11 09:38:07] [PHASE: PLOT] Submitting visualization job...
[2026-09-11 09:38:07] WARNING: This requires summary.csv and transferability.csv to exist.
[2026-09-11 09:38:07] [SUBMIT] plot
[2026-09-11 09:38:07] [CMD] qsub -q all.q -l ngpus=1 -v MODEL="ALL",DATASET="ALL",ATTACK="ALL",KIND="ALL",PHASE="plot",OUTPUT_DIR="adversarial_results_ep200_pre200" adversarial_hpc_submit.pbs </dev/null
[2026-09-11 09:38:20] [OK] plot
[2026-09-11 09:38:20] [OK] qsub output: Your job 6504139 ("adversarial_hpc_submit.pbs") has been submitted
[2026-09-11 09:38:20] [SUCCESS] Visualization job submitted
[2026-09-11 09:38:20] ============================================================================
[2026-09-11 09:38:20] Job submission complete. Check logs/ for details.
[2026-09-11 09:38:20] Run log saved to: /Users/jgafur/LTH/manuscript/Tranfer/logs/adversarial_orchestrate_plot_20260911_093807.log
[2026-09-11 09:38:20] ============================================================================
