[2026-09-11 09:39:13] Starting orchestration script
[2026-09-11 09:39:13] Script path: /Users/jgafur/LTH/manuscript/Tranfer
[2026-09-11 09:39:13] Current working directory: /Users/jgafur/LTH/manuscript/Tranfer
[2026-09-11 09:39:13] Phase: compute_tradeoff
[2026-09-11 09:39:13] Output directory: adversarial_results_ep200_pre200
[2026-09-11 09:39:13] Model filter: ALL
[2026-09-11 09:39:13] Dataset filter: ALL
[2026-09-11 09:39:13] Attack filter: ALL
[2026-09-11 09:39:13] Kind filter: ALL
[2026-09-11 09:39:13] Run log: /Users/jgafur/LTH/manuscript/Tranfer/logs/adversarial_orchestrate_compute_tradeoff_20260911_093913.log
[2026-09-11 09:39:13] qsub command found: /opt/sge/bin/lx-amd64/qsub
[2026-09-11 09:39:13] Found submission file: /Users/jgafur/LTH/manuscript/Tranfer/adversarial_hpc_submit.pbs
[2026-09-11 09:39:13] ============================================================================
[2026-09-11 09:39:13] Adversarial Analysis HPC Orchestration
[2026-09-11 09:39:13] ============================================================================
[2026-09-11 09:39:13] Phase:       compute_tradeoff
[2026-09-11 09:39:13] Output Dir:  adversarial_results_ep200_pre200
[2026-09-11 09:39:13] Models:      6 architectures
[2026-09-11 09:39:13] Datasets:    3 datasets
[2026-09-11 09:39:13] ============================================================================
[2026-09-11 09:39:13] Run outputs will be written as txt files in manuscript/Tranfer/
[2026-09-11 09:39:13]   - generate:      <MODEL>_<DATASET>_<ATTACK>_<KIND>_generate_run.txt
[2026-09-11 09:39:13]   - analyze:       adversarial_analyze_run.txt
[2026-09-11 09:39:13]   - plot:          adversarial_plot_run.txt
[2026-09-11 09:39:13]   - gradient_sim:  adversarial_gradient_sim_run.txt
[2026-09-11 09:39:13]   - epsilon_sweep: adversarial_epsilon_sweep_run.txt
[2026-09-11 09:39:13]   - statistics:    adversarial_statistics_run.txt
[2026-09-11 09:39:13]   - cka:           adversarial_cka_run.txt
[2026-09-11 09:39:13]   - compare:       adversarial_compare_run.txt
[2026-09-11 09:39:13]   - compute_tradeoff: adversarial_compute_tradeoff_run.txt
[2026-09-11 09:39:13]   - correlations:  adversarial_correlations_run.txt
[2026-09-11 09:39:13] [PHASE: COMPUTE_TRADEOFF] Submitting compute-cost tradeoff job...
[2026-09-11 09:39:13] [SUBMIT] compute_tradeoff
[2026-09-11 09:39:13] [CMD] qsub -q all.q -l ngpus=1 -v MODEL="ALL",DATASET="ALL",ATTACK="ALL",KIND="ALL",PHASE="compute_tradeoff",OUTPUT_DIR="adversarial_results_ep200_pre200" adversarial_hpc_submit.pbs </dev/null
[2026-09-11 09:39:25] [OK] compute_tradeoff
[2026-09-11 09:39:27] [OK] qsub output: Your job 6504160 ("adversarial_hpc_submit.pbs") has been submitted
[2026-09-11 09:39:27] [SUCCESS] Compute tradeoff job submitted
[2026-09-11 09:39:27] Output: compute_profile.csv, tradeoff_summary.csv, figure1-4 tradeoff PNGs
[2026-09-11 09:39:29] ============================================================================
[2026-09-11 09:39:30] Job submission complete. Check logs/ for details.
[2026-09-11 09:39:30] Run log saved to: /Users/jgafur/LTH/manuscript/Tranfer/logs/adversarial_orchestrate_compute_tradeoff_20260911_093913.log
[2026-09-11 09:39:30] ============================================================================
