[2026-09-11 09:40:17] Starting orchestration script
[2026-09-11 09:40:17] Script path: /Users/jgafur/LTH/manuscript/Tranfer
[2026-09-11 09:40:17] Current working directory: /Users/jgafur/LTH/manuscript/Tranfer
[2026-09-11 09:40:17] Phase: plot
[2026-09-11 09:40:17] Output directory: adversarial_results_ep100_pre300
[2026-09-11 09:40:17] Model filter: ALL
[2026-09-11 09:40:17] Dataset filter: ALL
[2026-09-11 09:40:17] Attack filter: ALL
[2026-09-11 09:40:17] Kind filter: ALL
[2026-09-11 09:40:17] Run log: /Users/jgafur/LTH/manuscript/Tranfer/logs/adversarial_orchestrate_plot_20260911_094017.log
[2026-09-11 09:40:17] qsub command found: /opt/sge/bin/lx-amd64/qsub
[2026-09-11 09:40:17] Found submission file: /Users/jgafur/LTH/manuscript/Tranfer/adversarial_hpc_submit.pbs
[2026-09-11 09:40:17] ============================================================================
[2026-09-11 09:40:17] Adversarial Analysis HPC Orchestration
[2026-09-11 09:40:17] ============================================================================
[2026-09-11 09:40:17] Phase:       plot
[2026-09-11 09:40:17] Output Dir:  adversarial_results_ep100_pre300
[2026-09-11 09:40:17] Models:      6 architectures
[2026-09-11 09:40:17] Datasets:    3 datasets
[2026-09-11 09:40:17] ============================================================================
[2026-09-11 09:40:17] Run outputs will be written as txt files in manuscript/Tranfer/
[2026-09-11 09:40:17]   - generate:      <MODEL>_<DATASET>_<ATTACK>_<KIND>_generate_run.txt
[2026-09-11 09:40:17]   - analyze:       adversarial_analyze_run.txt
[2026-09-11 09:40:17]   - plot:          adversarial_plot_run.txt
[2026-09-11 09:40:17]   - gradient_sim:  adversarial_gradient_sim_run.txt
[2026-09-11 09:40:17]   - epsilon_sweep: adversarial_epsilon_sweep_run.txt
[2026-09-11 09:40:17]   - statistics:    adversarial_statistics_run.txt
[2026-09-11 09:40:17]   - cka:           adversarial_cka_run.txt
[2026-09-11 09:40:17]   - compare:       adversarial_compare_run.txt
[2026-09-11 09:40:17]   - compute_tradeoff: adversarial_compute_tradeoff_run.txt
[2026-09-11 09:40:17]   - correlations:  adversarial_correlations_run.txt
[2026-09-11 09:40:18] [PHASE: PLOT] Submitting visualization job...
[2026-09-11 09:40:18] WARNING: This requires summary.csv and transferability.csv to exist.
[2026-09-11 09:40:18] [SUBMIT] plot
[2026-09-11 09:40:18] [CMD] qsub -q all.q -l ngpus=1 -v MODEL="ALL",DATASET="ALL",ATTACK="ALL",KIND="ALL",PHASE="plot",OUTPUT_DIR="adversarial_results_ep100_pre300" adversarial_hpc_submit.pbs </dev/null
[2026-09-11 09:40:20] [OK] plot
[2026-09-11 09:40:21] [OK] qsub output: Your job 6504173 ("adversarial_hpc_submit.pbs") has been submitted
[2026-09-11 09:40:21] [SUCCESS] Visualization job submitted
[2026-09-11 09:40:21] ============================================================================
[2026-09-11 09:40:21] Job submission complete. Check logs/ for details.
[2026-09-11 09:40:21] Run log saved to: /Users/jgafur/LTH/manuscript/Tranfer/logs/adversarial_orchestrate_plot_20260911_094017.log
[2026-09-11 09:40:22] ============================================================================
