[2026-09-11 09:38:20] Starting orchestration script
[2026-09-11 09:38:20] Script path: /Users/jgafur/LTH/manuscript/Tranfer
[2026-09-11 09:38:20] Current working directory: /Users/jgafur/LTH/manuscript/Tranfer
[2026-09-11 09:38:20] Phase: compare
[2026-09-11 09:38:20] Output directory: adversarial_results_ep200_pre200
[2026-09-11 09:38:20] Model filter: ALL
[2026-09-11 09:38:20] Dataset filter: ALL
[2026-09-11 09:38:20] Attack filter: ALL
[2026-09-11 09:38:20] Kind filter: ALL
[2026-09-11 09:38:20] Run log: /Users/jgafur/LTH/manuscript/Tranfer/logs/adversarial_orchestrate_compare_20260911_093820.log
[2026-09-11 09:38:20] qsub command found: /opt/sge/bin/lx-amd64/qsub
[2026-09-11 09:38:20] Found submission file: /Users/jgafur/LTH/manuscript/Tranfer/adversarial_hpc_submit.pbs
[2026-09-11 09:38:20] ============================================================================
[2026-09-11 09:38:20] Adversarial Analysis HPC Orchestration
[2026-09-11 09:38:20] ============================================================================
[2026-09-11 09:38:20] Phase:       compare
[2026-09-11 09:38:20] Output Dir:  adversarial_results_ep200_pre200
[2026-09-11 09:38:20] Models:      6 architectures
[2026-09-11 09:38:20] Datasets:    3 datasets
[2026-09-11 09:38:20] ============================================================================
[2026-09-11 09:38:20] Run outputs will be written as txt files in manuscript/Tranfer/
[2026-09-11 09:38:20]   - generate:      <MODEL>_<DATASET>_<ATTACK>_<KIND>_generate_run.txt
[2026-09-11 09:38:20]   - analyze:       adversarial_analyze_run.txt
[2026-09-11 09:38:20]   - plot:          adversarial_plot_run.txt
[2026-09-11 09:38:20]   - gradient_sim:  adversarial_gradient_sim_run.txt
[2026-09-11 09:38:20]   - epsilon_sweep: adversarial_epsilon_sweep_run.txt
[2026-09-11 09:38:20]   - statistics:    adversarial_statistics_run.txt
[2026-09-11 09:38:20]   - cka:           adversarial_cka_run.txt
[2026-09-11 09:38:20]   - compare:       adversarial_compare_run.txt
[2026-09-11 09:38:20]   - compute_tradeoff: adversarial_compute_tradeoff_run.txt
[2026-09-11 09:38:20]   - correlations:  adversarial_correlations_run.txt
[2026-09-11 09:38:20] [PHASE: COMPARE] Submitting collapsed-vs-original comparison table job...
[2026-09-11 09:38:20] [SUBMIT] compare
[2026-09-11 09:38:20] [CMD] qsub -q all.q -l ngpus=1 -v MODEL="ALL",DATASET="ALL",ATTACK="ALL",KIND="ALL",PHASE="compare",OUTPUT_DIR="adversarial_results_ep200_pre200" adversarial_hpc_submit.pbs </dev/null
[2026-09-11 09:38:32] [OK] compare
[2026-09-11 09:38:32] [OK] qsub output: Your job 6504143 ("adversarial_hpc_submit.pbs") has been submitted
[2026-09-11 09:38:32] [SUCCESS] Compare job submitted
[2026-09-11 09:38:32] Output: collapsed_vs_original_explainability_*.csv, accuracy_parameter_comparison.csv
[2026-09-11 09:38:32] ============================================================================
[2026-09-11 09:38:32] Job submission complete. Check logs/ for details.
[2026-09-11 09:38:32] Run log saved to: /Users/jgafur/LTH/manuscript/Tranfer/logs/adversarial_orchestrate_compare_20260911_093820.log
[2026-09-11 09:38:32] ============================================================================
