[2026-09-07 09:32:42] Starting orchestration script
[2026-09-07 09:32:42] Starting orchestration script
[2026-09-07 09:32:42] Starting orchestration script
[2026-09-07 09:32:42] Script path: /Users/jgafur/LTH/manuscript/Tranfer
[2026-09-07 09:32:42] Script path: /Users/jgafur/LTH/manuscript/Tranfer
[2026-09-07 09:32:42] Script path: /Users/jgafur/LTH/manuscript/Tranfer
[2026-09-07 09:32:42] Current working directory: /Users/jgafur/LTH/manuscript/Tranfer
[2026-09-07 09:32:42] Current working directory: /Users/jgafur/LTH/manuscript/Tranfer
[2026-09-07 09:32:42] Current working directory: /Users/jgafur/LTH/manuscript/Tranfer
[2026-09-07 09:32:42] Phase: generate
[2026-09-07 09:32:42] Phase: generate
[2026-09-07 09:32:42] Phase: generate
[2026-09-07 09:32:42] Output directory: adversarial_results_ep200_pre200
[2026-09-07 09:32:42] Output directory: adversarial_results_ep100_pre300
[2026-09-07 09:32:42] Output directory: adversarial_results_ep300_pre100
[2026-09-07 09:32:42] Model filter: ALL
[2026-09-07 09:32:42] Model filter: ALL
[2026-09-07 09:32:42] Model filter: ALL
[2026-09-07 09:32:42] Dataset filter: ALL
[2026-09-07 09:32:42] Dataset filter: ALL
[2026-09-07 09:32:42] Dataset filter: ALL
[2026-09-07 09:32:42] Attack filter: ALL
[2026-09-07 09:32:42] Attack filter: ALL
[2026-09-07 09:32:42] Kind filter: ALL
[2026-09-07 09:32:42] Attack filter: ALL
[2026-09-07 09:32:42] Kind filter: ALL
[2026-09-07 09:32:42] Run log: /Users/jgafur/LTH/manuscript/Tranfer/logs/adversarial_orchestrate_generate_20260907_093242.log
[2026-09-07 09:32:42] Kind filter: ALL
[2026-09-07 09:32:43] Run log: /Users/jgafur/LTH/manuscript/Tranfer/logs/adversarial_orchestrate_generate_20260907_093242.log
[2026-09-07 09:32:43] Run log: /Users/jgafur/LTH/manuscript/Tranfer/logs/adversarial_orchestrate_generate_20260907_093242.log
[2026-09-07 09:32:43] qsub command found: /opt/sge/bin/lx-amd64/qsub
[2026-09-07 09:32:43] qsub command found: /opt/sge/bin/lx-amd64/qsub
[2026-09-07 09:32:43] qsub command found: /opt/sge/bin/lx-amd64/qsub
[2026-09-07 09:32:43] Found submission file: /Users/jgafur/LTH/manuscript/Tranfer/adversarial_hpc_submit.pbs
[2026-09-07 09:32:43] Found submission file: /Users/jgafur/LTH/manuscript/Tranfer/adversarial_hpc_submit.pbs
[2026-09-07 09:32:43] Found submission file: /Users/jgafur/LTH/manuscript/Tranfer/adversarial_hpc_submit.pbs
[2026-09-07 09:32:43] ============================================================================
[2026-09-07 09:32:43] ============================================================================
[2026-09-07 09:32:43] Adversarial Analysis HPC Orchestration
[2026-09-07 09:32:43] ============================================================================
[2026-09-07 09:32:43] ============================================================================
[2026-09-07 09:32:43] Adversarial Analysis HPC Orchestration
[2026-09-07 09:32:43] Adversarial Analysis HPC Orchestration
[2026-09-07 09:32:43] Phase:       generate
[2026-09-07 09:32:43] ============================================================================
[2026-09-07 09:32:43] ============================================================================
[2026-09-07 09:32:43] Output Dir:  adversarial_results_ep200_pre200
[2026-09-07 09:32:43] Phase:       generate
[2026-09-07 09:32:43] Phase:       generate
[2026-09-07 09:32:43] Models:      6 architectures
[2026-09-07 09:32:43] Output Dir:  adversarial_results_ep300_pre100
[2026-09-07 09:32:43] Output Dir:  adversarial_results_ep100_pre300
[2026-09-07 09:32:43] Datasets:    2 datasets
[2026-09-07 09:32:43] Models:      6 architectures
[2026-09-07 09:32:43] Models:      6 architectures
[2026-09-07 09:32:43] Datasets:    2 datasets
[2026-09-07 09:32:43] Attacks:     7 attack types
[2026-09-07 09:32:43] Total Jobs:  ~84
[2026-09-07 09:32:43] Attacks:     7 attack types
[2026-09-07 09:32:43] ============================================================================
[2026-09-07 09:32:43] Datasets:    2 datasets
[2026-09-07 09:32:43] Total Jobs:  ~84
[2026-09-07 09:32:43] Attacks:     7 attack types
[2026-09-07 09:32:43] Run outputs will be written as txt files in manuscript/Tranfer/
[2026-09-07 09:32:43] ============================================================================
[2026-09-07 09:32:43] Total Jobs:  ~84
[2026-09-07 09:32:43]   - generate:      <MODEL>_<DATASET>_<ATTACK>_<KIND>_generate_run.txt
[2026-09-07 09:32:43] ============================================================================
[2026-09-07 09:32:43] Run outputs will be written as txt files in manuscript/Tranfer/
[2026-09-07 09:32:43]   - analyze:       adversarial_analyze_run.txt
[2026-09-07 09:32:43]   - generate:      <MODEL>_<DATASET>_<ATTACK>_<KIND>_generate_run.txt
[2026-09-07 09:32:43]   - plot:          adversarial_plot_run.txt
[2026-09-07 09:32:43] Run outputs will be written as txt files in manuscript/Tranfer/
[2026-09-07 09:32:43]   - analyze:       adversarial_analyze_run.txt
[2026-09-07 09:32:43]   - gradient_sim:  adversarial_gradient_sim_run.txt
[2026-09-07 09:32:43]   - generate:      <MODEL>_<DATASET>_<ATTACK>_<KIND>_generate_run.txt
[2026-09-07 09:32:43]   - plot:          adversarial_plot_run.txt
[2026-09-07 09:32:43]   - epsilon_sweep: adversarial_epsilon_sweep_run.txt
[2026-09-07 09:32:43]   - analyze:       adversarial_analyze_run.txt
[2026-09-07 09:32:43]   - gradient_sim:  adversarial_gradient_sim_run.txt
[2026-09-07 09:32:43]   - statistics:    adversarial_statistics_run.txt
[2026-09-07 09:32:43]   - plot:          adversarial_plot_run.txt
[2026-09-07 09:32:43]   - epsilon_sweep: adversarial_epsilon_sweep_run.txt
[2026-09-07 09:32:43]   - cka:           adversarial_cka_run.txt
[2026-09-07 09:32:43]   - gradient_sim:  adversarial_gradient_sim_run.txt
[2026-09-07 09:32:43]   - statistics:    adversarial_statistics_run.txt
[2026-09-07 09:32:43]   - compare:       adversarial_compare_run.txt
[2026-09-07 09:32:43]   - epsilon_sweep: adversarial_epsilon_sweep_run.txt
[2026-09-07 09:32:43]   - cka:           adversarial_cka_run.txt
[2026-09-07 09:32:43]   - compute_tradeoff: adversarial_compute_tradeoff_run.txt
[2026-09-07 09:32:43]   - statistics:    adversarial_statistics_run.txt
[2026-09-07 09:32:43]   - compare:       adversarial_compare_run.txt
[2026-09-07 09:32:43]   - correlations:  adversarial_correlations_run.txt
[2026-09-07 09:32:43]   - cka:           adversarial_cka_run.txt
[2026-09-07 09:32:43]   - compute_tradeoff: adversarial_compute_tradeoff_run.txt
[2026-09-07 09:32:43]   - compare:       adversarial_compare_run.txt
[2026-09-07 09:32:43] [PHASE: GENERATE] Submitting attack generation jobs...
[2026-09-07 09:32:43]   - correlations:  adversarial_correlations_run.txt
[2026-09-07 09:32:43]   - compute_tradeoff: adversarial_compute_tradeoff_run.txt
[2026-09-07 09:32:43] [SUBMIT] VGG16/Cifar10/PGD/ALL
[2026-09-07 09:32:43] [PHASE: GENERATE] Submitting attack generation jobs...
[2026-09-07 09:32:43]   - correlations:  adversarial_correlations_run.txt
[2026-09-07 09:32:43] [CMD] qsub -q all.q -l ngpus=1 -v MODEL="VGG16",DATASET="Cifar10",ATTACK="PGD",KIND="ALL",PHASE="generate",OUTPUT_DIR="adversarial_results_ep100_pre300" adversarial_hpc_submit.pbs </dev/null
[2026-09-07 09:32:43] [PHASE: GENERATE] Submitting attack generation jobs...
[2026-09-07 09:32:43] [SUBMIT] VGG16/Cifar10/PGD/ALL
[2026-09-07 09:32:43] [CMD] qsub -q all.q -l ngpus=1 -v MODEL="VGG16",DATASET="Cifar10",ATTACK="PGD",KIND="ALL",PHASE="generate",OUTPUT_DIR="adversarial_results_ep200_pre200" adversarial_hpc_submit.pbs </dev/null
[2026-09-07 09:32:43] [SUBMIT] VGG16/Cifar10/PGD/ALL
[2026-09-07 09:32:43] [CMD] qsub -q all.q -l ngpus=1 -v MODEL="VGG16",DATASET="Cifar10",ATTACK="PGD",KIND="ALL",PHASE="generate",OUTPUT_DIR="adversarial_results_ep300_pre100" adversarial_hpc_submit.pbs </dev/null
[2026-09-07 09:32:56] [OK] VGG16/Cifar10/PGD/ALL
[2026-09-07 09:32:56] [OK] qsub output: Your job 6475505 ("adversarial_hpc_submit.pbs") has been submitted
[2026-09-07 09:32:56] [SUBMIT] VGG16/Cifar10/FGSM/ALL
[2026-09-07 09:32:56] [CMD] qsub -q all.q -l ngpus=1 -v MODEL="VGG16",DATASET="Cifar10",ATTACK="FGSM",KIND="ALL",PHASE="generate",OUTPUT_DIR="adversarial_results_ep100_pre300" adversarial_hpc_submit.pbs </dev/null
[2026-09-07 09:33:02] [OK] VGG16/Cifar10/PGD/ALL
[2026-09-07 09:33:02] [OK] qsub output: Your job 6475506 ("adversarial_hpc_submit.pbs") has been submitted
[2026-09-07 09:33:02] [SUBMIT] VGG16/Cifar10/FGSM/ALL
[2026-09-07 09:33:02] [CMD] qsub -q all.q -l ngpus=1 -v MODEL="VGG16",DATASET="Cifar10",ATTACK="FGSM",KIND="ALL",PHASE="generate",OUTPUT_DIR="adversarial_results_ep200_pre200" adversarial_hpc_submit.pbs </dev/null
[2026-09-07 09:33:05] [OK] VGG16/Cifar10/PGD/ALL
[2026-09-07 09:33:05] [OK] qsub output: Your job 6475507 ("adversarial_hpc_submit.pbs") has been submitted
[2026-09-07 09:33:05] [SUBMIT] VGG16/Cifar10/FGSM/ALL
[2026-09-07 09:33:05] [CMD] qsub -q all.q -l ngpus=1 -v MODEL="VGG16",DATASET="Cifar10",ATTACK="FGSM",KIND="ALL",PHASE="generate",OUTPUT_DIR="adversarial_results_ep300_pre100" adversarial_hpc_submit.pbs </dev/null
[2026-09-07 09:33:15] [OK] VGG16/Cifar10/FGSM/ALL
[2026-09-07 09:33:15] [OK] qsub output: Your job 6475511 ("adversarial_hpc_submit.pbs") has been submitted
[2026-09-07 09:33:15] [SUBMIT] VGG16/Cifar10/IFGSM/ALL
[2026-09-07 09:33:15] [CMD] qsub -q all.q -l ngpus=1 -v MODEL="VGG16",DATASET="Cifar10",ATTACK="IFGSM",KIND="ALL",PHASE="generate",OUTPUT_DIR="adversarial_results_ep100_pre300" adversarial_hpc_submit.pbs </dev/null
