[2026-09-11 10:28:33] Starting orchestration script
[2026-09-11 10:28:35] Script path: /Users/jgafur/LTH/manuscript/Tranfer
[2026-09-11 10:28:35] Current working directory: /Users/jgafur/LTH/manuscript/Tranfer
[2026-09-11 10:28:35] Phase: cka
[2026-09-11 10:28:35] Output directory: adversarial_results_ep300_pre100
[2026-09-11 10:28:35] Model filter: ALL
[2026-09-11 10:28:35] Dataset filter: ALL
[2026-09-11 10:28:35] Attack filter: ALL
[2026-09-11 10:28:35] Kind filter: ALL
[2026-09-11 10:28:35] Run log: /Users/jgafur/LTH/manuscript/Tranfer/logs/adversarial_orchestrate_cka_20260911_102833.log
[2026-09-11 10:28:35] qsub command found: /opt/sge/bin/lx-amd64/qsub
[2026-09-11 10:28:35] Found submission file: /Users/jgafur/LTH/manuscript/Tranfer/adversarial_hpc_submit.pbs
[2026-09-11 10:28:35] ============================================================================
[2026-09-11 10:28:35] Adversarial Analysis HPC Orchestration
[2026-09-11 10:28:35] ============================================================================
[2026-09-11 10:28:35] Phase:       cka
[2026-09-11 10:28:35] Output Dir:  adversarial_results_ep300_pre100
[2026-09-11 10:28:35] Models:      6 architectures
[2026-09-11 10:28:35] Datasets:    3 datasets
[2026-09-11 10:28:35] ============================================================================
[2026-09-11 10:28:35] Run outputs will be written as txt files in manuscript/Tranfer/
[2026-09-11 10:28:35]   - generate:      <MODEL>_<DATASET>_<ATTACK>_<KIND>_generate_run.txt
[2026-09-11 10:28:35]   - analyze:       adversarial_analyze_run.txt
[2026-09-11 10:28:35]   - plot:          adversarial_plot_run.txt
[2026-09-11 10:28:35]   - gradient_sim:  adversarial_gradient_sim_run.txt
[2026-09-11 10:28:35]   - epsilon_sweep: adversarial_epsilon_sweep_run.txt
[2026-09-11 10:28:35]   - statistics:    adversarial_statistics_run.txt
[2026-09-11 10:28:35]   - cka:           adversarial_cka_run.txt
[2026-09-11 10:28:35]   - compare:       adversarial_compare_run.txt
[2026-09-11 10:28:35]   - compute_tradeoff: adversarial_compute_tradeoff_run.txt
[2026-09-11 10:28:35]   - correlations:  adversarial_correlations_run.txt
[2026-09-11 10:28:35] [PHASE: CKA] Submitting Experiment 10 (CKA feature similarity) job...
[2026-09-11 10:28:35] Computes layer-wise CKA between all model-kind pairs.
[2026-09-11 10:28:35] Requires: model checkpoints accessible from the HPC node.
[2026-09-11 10:28:35] [SUBMIT] cka
[2026-09-11 10:28:35] [CMD] qsub -q all.q -l ngpus=1 -v MODEL="ALL",DATASET="ALL",ATTACK="ALL",KIND="ALL",PHASE="cka",OUTPUT_DIR="adversarial_results_ep300_pre100" adversarial_hpc_submit.pbs </dev/null
[2026-09-11 10:28:46] [OK] cka
[2026-09-11 10:28:53] [OK] qsub output: Your job 6504733 ("adversarial_hpc_submit.pbs") has been submitted
[2026-09-11 10:28:55] [SUCCESS] CKA feature similarity job submitted
[2026-09-11 10:28:55] Output: cka_similarity.csv, cka_mean_matrix_*.csv, cka_mean_heatmap_*.png, cka_layerwise_*.png
[2026-09-11 10:28:55] ============================================================================
[2026-09-11 10:28:56] Job submission complete. Check logs/ for details.
[2026-09-11 10:28:56] Run log saved to: /Users/jgafur/LTH/manuscript/Tranfer/logs/adversarial_orchestrate_cka_20260911_102833.log
[2026-09-11 10:30:31] ============================================================================
