[2026-09-11 10:30:31] Starting orchestration script
[2026-09-11 10:30:31] Script path: /Users/jgafur/LTH/manuscript/Tranfer
[2026-09-11 10:30:31] Current working directory: /Users/jgafur/LTH/manuscript/Tranfer
[2026-09-11 10:30:31] Phase: compute_tradeoff
[2026-09-11 10:30:31] Output directory: adversarial_results_ep300_pre100
[2026-09-11 10:30:31] Model filter: ALL
[2026-09-11 10:30:31] Dataset filter: ALL
[2026-09-11 10:30:31] Attack filter: ALL
[2026-09-11 10:30:31] Kind filter: ALL
[2026-09-11 10:30:31] Run log: /Users/jgafur/LTH/manuscript/Tranfer/logs/adversarial_orchestrate_compute_tradeoff_20260911_103031.log
[2026-09-11 10:30:31] qsub command found: /opt/sge/bin/lx-amd64/qsub
[2026-09-11 10:30:31] Found submission file: /Users/jgafur/LTH/manuscript/Tranfer/adversarial_hpc_submit.pbs
[2026-09-11 10:30:31] ============================================================================
[2026-09-11 10:30:31] Adversarial Analysis HPC Orchestration
[2026-09-11 10:30:31] ============================================================================
[2026-09-11 10:30:31] Phase:       compute_tradeoff
[2026-09-11 10:30:31] Output Dir:  adversarial_results_ep300_pre100
[2026-09-11 10:30:31] Models:      6 architectures
[2026-09-11 10:30:31] Datasets:    3 datasets
[2026-09-11 10:30:31] ============================================================================
[2026-09-11 10:30:31] Run outputs will be written as txt files in manuscript/Tranfer/
[2026-09-11 10:30:31]   - generate:      <MODEL>_<DATASET>_<ATTACK>_<KIND>_generate_run.txt
[2026-09-11 10:30:31]   - analyze:       adversarial_analyze_run.txt
[2026-09-11 10:30:48]   - plot:          adversarial_plot_run.txt
[2026-09-11 10:31:21]   - gradient_sim:  adversarial_gradient_sim_run.txt
[2026-09-11 10:31:25]   - epsilon_sweep: adversarial_epsilon_sweep_run.txt
[2026-09-11 10:31:25]   - statistics:    adversarial_statistics_run.txt
[2026-09-11 10:31:39]   - cka:           adversarial_cka_run.txt
[2026-09-11 10:31:43]   - compare:       adversarial_compare_run.txt
[2026-09-11 10:31:44]   - compute_tradeoff: adversarial_compute_tradeoff_run.txt
[2026-09-11 10:31:45]   - correlations:  adversarial_correlations_run.txt
[2026-09-11 10:31:46] [PHASE: COMPUTE_TRADEOFF] Submitting compute-cost tradeoff job...
[2026-09-11 10:31:46] [SUBMIT] compute_tradeoff
[2026-09-11 10:31:46] [CMD] qsub -q all.q -l ngpus=1 -v MODEL="ALL",DATASET="ALL",ATTACK="ALL",KIND="ALL",PHASE="compute_tradeoff",OUTPUT_DIR="adversarial_results_ep300_pre100" adversarial_hpc_submit.pbs </dev/null
[2026-09-11 10:31:55] [OK] compute_tradeoff
[2026-09-11 10:31:57] [OK] qsub output: Your job 6504749 ("adversarial_hpc_submit.pbs") has been submitted
[2026-09-11 10:31:59] [SUCCESS] Compute tradeoff job submitted
[2026-09-11 10:31:59] Output: compute_profile.csv, tradeoff_summary.csv, figure1-4 tradeoff PNGs
[2026-09-11 10:32:02] ============================================================================
[2026-09-11 10:32:04] Job submission complete. Check logs/ for details.
[2026-09-11 10:32:05] Run log saved to: /Users/jgafur/LTH/manuscript/Tranfer/logs/adversarial_orchestrate_compute_tradeoff_20260911_103031.log
[2026-09-11 10:32:06] ============================================================================
