[2026-09-11 08:59:54] Starting orchestration script
[2026-09-11 08:59:54] Starting orchestration script
[2026-09-11 08:59:54] Starting orchestration script
[2026-09-11 08:59:54] Script path: /Users/jgafur/LTH/manuscript/Tranfer
[2026-09-11 08:59:54] Script path: /Users/jgafur/LTH/manuscript/Tranfer
[2026-09-11 08:59:54] Script path: /Users/jgafur/LTH/manuscript/Tranfer
[2026-09-11 08:59:54] Current working directory: /Users/jgafur/LTH/manuscript/Tranfer
[2026-09-11 08:59:54] Current working directory: /Users/jgafur/LTH/manuscript/Tranfer
[2026-09-11 08:59:54] Current working directory: /Users/jgafur/LTH/manuscript/Tranfer
[2026-09-11 08:59:54] Phase: generate
[2026-09-11 08:59:54] Phase: generate
[2026-09-11 08:59:54] Phase: generate
[2026-09-11 08:59:54] Output directory: adversarial_results_ep100_pre300
[2026-09-11 08:59:54] Output directory: adversarial_results_ep300_pre100
[2026-09-11 08:59:54] Output directory: adversarial_results_ep200_pre200
[2026-09-11 08:59:54] Model filter: ALL
[2026-09-11 08:59:54] Model filter: ALL
[2026-09-11 08:59:54] Model filter: ALL
[2026-09-11 08:59:54] Dataset filter: ALL
[2026-09-11 08:59:54] Dataset filter: ALL
[2026-09-11 08:59:54] Dataset filter: ALL
[2026-09-11 08:59:54] Attack filter: ALL
[2026-09-11 08:59:54] Attack filter: ALL
[2026-09-11 08:59:54] Attack filter: ALL
[2026-09-11 08:59:54] Kind filter: ALL
[2026-09-11 08:59:54] Kind filter: ALL
[2026-09-11 08:59:54] Kind filter: ALL
[2026-09-11 08:59:54] Run log: /Users/jgafur/LTH/manuscript/Tranfer/logs/adversarial_orchestrate_generate_20260911_085954.log
[2026-09-11 08:59:54] Run log: /Users/jgafur/LTH/manuscript/Tranfer/logs/adversarial_orchestrate_generate_20260911_085954.log
[2026-09-11 08:59:54] Run log: /Users/jgafur/LTH/manuscript/Tranfer/logs/adversarial_orchestrate_generate_20260911_085954.log
[2026-09-11 08:59:54] qsub command found: /opt/sge/bin/lx-amd64/qsub
[2026-09-11 08:59:54] qsub command found: /opt/sge/bin/lx-amd64/qsub
[2026-09-11 08:59:54] Found submission file: /Users/jgafur/LTH/manuscript/Tranfer/adversarial_hpc_submit.pbs
[2026-09-11 08:59:54] qsub command found: /opt/sge/bin/lx-amd64/qsub
[2026-09-11 08:59:54] Found submission file: /Users/jgafur/LTH/manuscript/Tranfer/adversarial_hpc_submit.pbs
[2026-09-11 08:59:54] Found submission file: /Users/jgafur/LTH/manuscript/Tranfer/adversarial_hpc_submit.pbs
[2026-09-11 08:59:54] ============================================================================
[2026-09-11 08:59:54] ============================================================================
[2026-09-11 08:59:54] ============================================================================
[2026-09-11 08:59:54] Adversarial Analysis HPC Orchestration
[2026-09-11 08:59:54] Adversarial Analysis HPC Orchestration
[2026-09-11 08:59:54] Adversarial Analysis HPC Orchestration
[2026-09-11 08:59:54] ============================================================================
[2026-09-11 08:59:54] ============================================================================
[2026-09-11 08:59:54] ============================================================================
[2026-09-11 08:59:54] Phase:       generate
[2026-09-11 08:59:54] Phase:       generate
[2026-09-11 08:59:54] Phase:       generate
[2026-09-11 08:59:54] Output Dir:  adversarial_results_ep300_pre100
[2026-09-11 08:59:54] Output Dir:  adversarial_results_ep100_pre300
[2026-09-11 08:59:54] Output Dir:  adversarial_results_ep200_pre200
[2026-09-11 08:59:54] Models:      6 architectures
[2026-09-11 08:59:54] Models:      6 architectures
[2026-09-11 08:59:54] Models:      6 architectures
[2026-09-11 08:59:54] Datasets:    3 datasets
[2026-09-11 08:59:54] Datasets:    3 datasets
[2026-09-11 08:59:54] Datasets:    3 datasets
[2026-09-11 08:59:55] Attacks:     7 attack types
[2026-09-11 08:59:55] Attacks:     7 attack types
[2026-09-11 08:59:55] Attacks:     7 attack types
[2026-09-11 08:59:55] Total Jobs:  ~126
[2026-09-11 08:59:55] Total Jobs:  ~126
[2026-09-11 08:59:55] Total Jobs:  ~126
[2026-09-11 08:59:55] ============================================================================
[2026-09-11 08:59:55] ============================================================================
[2026-09-11 08:59:55] ============================================================================
[2026-09-11 08:59:55] Run outputs will be written as txt files in manuscript/Tranfer/
[2026-09-11 08:59:55] Run outputs will be written as txt files in manuscript/Tranfer/
[2026-09-11 08:59:55] Run outputs will be written as txt files in manuscript/Tranfer/
[2026-09-11 08:59:55]   - generate:      <MODEL>_<DATASET>_<ATTACK>_<KIND>_generate_run.txt
[2026-09-11 08:59:55]   - generate:      <MODEL>_<DATASET>_<ATTACK>_<KIND>_generate_run.txt
[2026-09-11 08:59:55]   - generate:      <MODEL>_<DATASET>_<ATTACK>_<KIND>_generate_run.txt
[2026-09-11 08:59:55]   - analyze:       adversarial_analyze_run.txt
[2026-09-11 08:59:55]   - analyze:       adversarial_analyze_run.txt
[2026-09-11 08:59:55]   - analyze:       adversarial_analyze_run.txt
[2026-09-11 08:59:55]   - plot:          adversarial_plot_run.txt
[2026-09-11 08:59:55]   - gradient_sim:  adversarial_gradient_sim_run.txt
[2026-09-11 08:59:55]   - plot:          adversarial_plot_run.txt
[2026-09-11 08:59:55]   - plot:          adversarial_plot_run.txt
[2026-09-11 08:59:55]   - gradient_sim:  adversarial_gradient_sim_run.txt
[2026-09-11 08:59:55]   - epsilon_sweep: adversarial_epsilon_sweep_run.txt
[2026-09-11 08:59:55]   - gradient_sim:  adversarial_gradient_sim_run.txt
[2026-09-11 08:59:55]   - epsilon_sweep: adversarial_epsilon_sweep_run.txt
[2026-09-11 08:59:55]   - statistics:    adversarial_statistics_run.txt
[2026-09-11 08:59:55]   - epsilon_sweep: adversarial_epsilon_sweep_run.txt
[2026-09-11 08:59:55]   - statistics:    adversarial_statistics_run.txt
[2026-09-11 08:59:55]   - cka:           adversarial_cka_run.txt
[2026-09-11 08:59:55]   - statistics:    adversarial_statistics_run.txt
[2026-09-11 08:59:55]   - cka:           adversarial_cka_run.txt
[2026-09-11 08:59:55]   - compare:       adversarial_compare_run.txt
[2026-09-11 08:59:55]   - cka:           adversarial_cka_run.txt
[2026-09-11 08:59:55]   - compare:       adversarial_compare_run.txt
[2026-09-11 08:59:55]   - compute_tradeoff: adversarial_compute_tradeoff_run.txt
[2026-09-11 08:59:55]   - compute_tradeoff: adversarial_compute_tradeoff_run.txt
[2026-09-11 08:59:55]   - compare:       adversarial_compare_run.txt
[2026-09-11 08:59:55]   - correlations:  adversarial_correlations_run.txt
[2026-09-11 08:59:55]   - compute_tradeoff: adversarial_compute_tradeoff_run.txt
[2026-09-11 08:59:55]   - correlations:  adversarial_correlations_run.txt
[2026-09-11 08:59:55] [PHASE: GENERATE] Submitting attack generation jobs...
[2026-09-11 08:59:55]   - correlations:  adversarial_correlations_run.txt
[2026-09-11 08:59:55] [SUBMIT] VGG16/Cifar10/PGD/ALL
[2026-09-11 08:59:55] [PHASE: GENERATE] Submitting attack generation jobs...
[2026-09-11 08:59:55] [PHASE: GENERATE] Submitting attack generation jobs...
[2026-09-11 08:59:55] [CMD] qsub -q all.q -l ngpus=1 -v MODEL="VGG16",DATASET="Cifar10",ATTACK="PGD",KIND="ALL",PHASE="generate",OUTPUT_DIR="adversarial_results_ep300_pre100" adversarial_hpc_submit.pbs </dev/null
[2026-09-11 08:59:55] [SUBMIT] VGG16/Cifar10/PGD/ALL
[2026-09-11 08:59:55] [SUBMIT] VGG16/Cifar10/PGD/ALL
[2026-09-11 08:59:55] [CMD] qsub -q all.q -l ngpus=1 -v MODEL="VGG16",DATASET="Cifar10",ATTACK="PGD",KIND="ALL",PHASE="generate",OUTPUT_DIR="adversarial_results_ep100_pre300" adversarial_hpc_submit.pbs </dev/null
[2026-09-11 08:59:55] [CMD] qsub -q all.q -l ngpus=1 -v MODEL="VGG16",DATASET="Cifar10",ATTACK="PGD",KIND="ALL",PHASE="generate",OUTPUT_DIR="adversarial_results_ep200_pre200" adversarial_hpc_submit.pbs </dev/null
[2026-09-11 08:59:59] [OK] VGG16/Cifar10/PGD/ALL
[2026-09-11 08:59:59] [OK] qsub output: Your job 6503699 ("adversarial_hpc_submit.pbs") has been submitted
[2026-09-11 08:59:59] [SUBMIT] VGG16/Cifar10/FGSM/ALL
[2026-09-11 08:59:59] [CMD] qsub -q all.q -l ngpus=1 -v MODEL="VGG16",DATASET="Cifar10",ATTACK="FGSM",KIND="ALL",PHASE="generate",OUTPUT_DIR="adversarial_results_ep300_pre100" adversarial_hpc_submit.pbs </dev/null
[2026-09-11 09:00:03] [OK] VGG16/Cifar10/PGD/ALL
[2026-09-11 09:00:03] [OK] qsub output: Your job 6503700 ("adversarial_hpc_submit.pbs") has been submitted
[2026-09-11 09:00:03] [SUBMIT] VGG16/Cifar10/FGSM/ALL
[2026-09-11 09:00:03] [CMD] qsub -q all.q -l ngpus=1 -v MODEL="VGG16",DATASET="Cifar10",ATTACK="FGSM",KIND="ALL",PHASE="generate",OUTPUT_DIR="adversarial_results_ep100_pre300" adversarial_hpc_submit.pbs </dev/null
[2026-09-11 09:00:05] [OK] VGG16/Cifar10/PGD/ALL
[2026-09-11 09:00:05] [OK] qsub output: Your job 6503701 ("adversarial_hpc_submit.pbs") has been submitted
[2026-09-11 09:00:05] [SUBMIT] VGG16/Cifar10/FGSM/ALL
[2026-09-11 09:00:05] [CMD] qsub -q all.q -l ngpus=1 -v MODEL="VGG16",DATASET="Cifar10",ATTACK="FGSM",KIND="ALL",PHASE="generate",OUTPUT_DIR="adversarial_results_ep200_pre200" adversarial_hpc_submit.pbs </dev/null
[2026-09-11 09:00:14] [OK] VGG16/Cifar10/FGSM/ALL
[2026-09-11 09:00:14] [OK] qsub output: Your job 6503703 ("adversarial_hpc_submit.pbs") has been submitted
[2026-09-11 09:00:14] [SUBMIT] VGG16/Cifar10/IFGSM/ALL
[2026-09-11 09:00:14] [CMD] qsub -q all.q -l ngpus=1 -v MODEL="VGG16",DATASET="Cifar10",ATTACK="IFGSM",KIND="ALL",PHASE="generate",OUTPUT_DIR="adversarial_results_ep300_pre100" adversarial_hpc_submit.pbs </dev/null
[2026-09-11 09:00:17] [OK] VGG16/Cifar10/FGSM/ALL
[2026-09-11 09:00:17] [OK] qsub output: Your job 6503704 ("adversarial_hpc_submit.pbs") has been submitted
[2026-09-11 09:00:17] [SUBMIT] VGG16/Cifar10/IFGSM/ALL
[2026-09-11 09:00:17] [CMD] qsub -q all.q -l ngpus=1 -v MODEL="VGG16",DATASET="Cifar10",ATTACK="IFGSM",KIND="ALL",PHASE="generate",OUTPUT_DIR="adversarial_results_ep100_pre300" adversarial_hpc_submit.pbs </dev/null
[2026-09-11 09:00:21] [OK] VGG16/Cifar10/FGSM/ALL
[2026-09-11 09:00:21] [OK] qsub output: Your job 6503705 ("adversarial_hpc_submit.pbs") has been submitted
[2026-09-11 09:00:21] [SUBMIT] VGG16/Cifar10/IFGSM/ALL
[2026-09-11 09:00:22] [CMD] qsub -q all.q -l ngpus=1 -v MODEL="VGG16",DATASET="Cifar10",ATTACK="IFGSM",KIND="ALL",PHASE="generate",OUTPUT_DIR="adversarial_results_ep200_pre200" adversarial_hpc_submit.pbs </dev/null
