[2026-09-11 10:27:42] Starting orchestration script
[2026-09-11 10:27:42] Script path: /Users/jgafur/LTH/manuscript/Tranfer
[2026-09-11 10:27:42] Current working directory: /Users/jgafur/LTH/manuscript/Tranfer
[2026-09-11 10:27:42] Phase: gradient_sim
[2026-09-11 10:27:42] Output directory: adversarial_results_ep300_pre100
[2026-09-11 10:27:42] Model filter: ALL
[2026-09-11 10:27:42] Dataset filter: ALL
[2026-09-11 10:27:42] Attack filter: ALL
[2026-09-11 10:27:42] Kind filter: ALL
[2026-09-11 10:27:43] Run log: /Users/jgafur/LTH/manuscript/Tranfer/logs/adversarial_orchestrate_gradient_sim_20260911_102742.log
[2026-09-11 10:27:43] qsub command found: /opt/sge/bin/lx-amd64/qsub
[2026-09-11 10:27:43] Found submission file: /Users/jgafur/LTH/manuscript/Tranfer/adversarial_hpc_submit.pbs
[2026-09-11 10:27:43] ============================================================================
[2026-09-11 10:27:43] Adversarial Analysis HPC Orchestration
[2026-09-11 10:27:43] ============================================================================
[2026-09-11 10:27:43] Phase:       gradient_sim
[2026-09-11 10:27:43] Output Dir:  adversarial_results_ep300_pre100
[2026-09-11 10:27:43] Models:      6 architectures
[2026-09-11 10:27:43] Datasets:    3 datasets
[2026-09-11 10:27:43] ============================================================================
[2026-09-11 10:27:43] Run outputs will be written as txt files in manuscript/Tranfer/
[2026-09-11 10:27:43]   - generate:      <MODEL>_<DATASET>_<ATTACK>_<KIND>_generate_run.txt
[2026-09-11 10:27:43]   - analyze:       adversarial_analyze_run.txt
[2026-09-11 10:27:43]   - plot:          adversarial_plot_run.txt
[2026-09-11 10:27:43]   - gradient_sim:  adversarial_gradient_sim_run.txt
[2026-09-11 10:27:43]   - epsilon_sweep: adversarial_epsilon_sweep_run.txt
[2026-09-11 10:27:43]   - statistics:    adversarial_statistics_run.txt
[2026-09-11 10:27:43]   - cka:           adversarial_cka_run.txt
[2026-09-11 10:27:43]   - compare:       adversarial_compare_run.txt
[2026-09-11 10:27:43]   - compute_tradeoff: adversarial_compute_tradeoff_run.txt
[2026-09-11 10:27:43]   - correlations:  adversarial_correlations_run.txt
[2026-09-11 10:27:43] [PHASE: GRADIENT_SIM] Submitting Experiment 4 (gradient similarity) job...
[2026-09-11 10:27:43] Requires: model checkpoints accessible from the HPC node.
[2026-09-11 10:27:43] [SUBMIT] gradient_sim
[2026-09-11 10:27:43] [CMD] qsub -q all.q -l ngpus=1 -v MODEL="ALL",DATASET="ALL",ATTACK="ALL",KIND="ALL",PHASE="gradient_sim",OUTPUT_DIR="adversarial_results_ep300_pre100" adversarial_hpc_submit.pbs </dev/null
[2026-09-11 10:27:48] [OK] gradient_sim
[2026-09-11 10:27:49] [OK] qsub output: Your job 6504724 ("adversarial_hpc_submit.pbs") has been submitted
[2026-09-11 10:27:49] [SUCCESS] Gradient similarity job submitted
[2026-09-11 10:27:49] Output: gradient_similarity.csv, gradient_similarity_matrix_*.csv, gradient_similarity_heatmap_*.png
[2026-09-11 10:27:49] ============================================================================
[2026-09-11 10:27:49] Job submission complete. Check logs/ for details.
[2026-09-11 10:27:49] Run log saved to: /Users/jgafur/LTH/manuscript/Tranfer/logs/adversarial_orchestrate_gradient_sim_20260911_102742.log
[2026-09-11 10:27:49] ============================================================================
