[2026-09-11 10:28:17] Starting orchestration script
[2026-09-11 10:28:17] Script path: /Users/jgafur/LTH/manuscript/Tranfer
[2026-09-11 10:28:17] Current working directory: /Users/jgafur/LTH/manuscript/Tranfer
[2026-09-11 10:28:17] Phase: gradient_sim
[2026-09-11 10:28:17] Output directory: adversarial_results_ep200_pre200
[2026-09-11 10:28:17] Model filter: ALL
[2026-09-11 10:28:17] Dataset filter: ALL
[2026-09-11 10:28:17] Attack filter: ALL
[2026-09-11 10:28:17] Kind filter: ALL
[2026-09-11 10:28:17] Run log: /Users/jgafur/LTH/manuscript/Tranfer/logs/adversarial_orchestrate_gradient_sim_20260911_102817.log
[2026-09-11 10:28:17] qsub command found: /opt/sge/bin/lx-amd64/qsub
[2026-09-11 10:28:17] Found submission file: /Users/jgafur/LTH/manuscript/Tranfer/adversarial_hpc_submit.pbs
[2026-09-11 10:28:17] ============================================================================
[2026-09-11 10:28:17] Adversarial Analysis HPC Orchestration
[2026-09-11 10:28:17] ============================================================================
[2026-09-11 10:28:17] Phase:       gradient_sim
[2026-09-11 10:28:17] Output Dir:  adversarial_results_ep200_pre200
[2026-09-11 10:28:17] Models:      6 architectures
[2026-09-11 10:28:17] Datasets:    3 datasets
[2026-09-11 10:28:18] ============================================================================
[2026-09-11 10:28:18] Run outputs will be written as txt files in manuscript/Tranfer/
[2026-09-11 10:28:18]   - generate:      <MODEL>_<DATASET>_<ATTACK>_<KIND>_generate_run.txt
[2026-09-11 10:28:18]   - analyze:       adversarial_analyze_run.txt
[2026-09-11 10:28:18]   - plot:          adversarial_plot_run.txt
[2026-09-11 10:28:18]   - gradient_sim:  adversarial_gradient_sim_run.txt
[2026-09-11 10:28:18]   - epsilon_sweep: adversarial_epsilon_sweep_run.txt
[2026-09-11 10:28:18]   - statistics:    adversarial_statistics_run.txt
[2026-09-11 10:28:18]   - cka:           adversarial_cka_run.txt
[2026-09-11 10:28:18]   - compare:       adversarial_compare_run.txt
[2026-09-11 10:28:18]   - compute_tradeoff: adversarial_compute_tradeoff_run.txt
[2026-09-11 10:28:18]   - correlations:  adversarial_correlations_run.txt
[2026-09-11 10:28:18] [PHASE: GRADIENT_SIM] Submitting Experiment 4 (gradient similarity) job...
[2026-09-11 10:28:18] Requires: model checkpoints accessible from the HPC node.
[2026-09-11 10:28:18] [SUBMIT] gradient_sim
[2026-09-11 10:28:18] [CMD] qsub -q all.q -l ngpus=1 -v MODEL="ALL",DATASET="ALL",ATTACK="ALL",KIND="ALL",PHASE="gradient_sim",OUTPUT_DIR="adversarial_results_ep200_pre200" adversarial_hpc_submit.pbs </dev/null
[2026-09-11 10:28:31] [OK] gradient_sim
[2026-09-11 10:28:32] [OK] qsub output: Your job 6504729 ("adversarial_hpc_submit.pbs") has been submitted
[2026-09-11 10:28:33] [SUCCESS] Gradient similarity job submitted
[2026-09-11 10:28:33] Output: gradient_similarity.csv, gradient_similarity_matrix_*.csv, gradient_similarity_heatmap_*.png
[2026-09-11 10:28:33] ============================================================================
[2026-09-11 10:28:33] Job submission complete. Check logs/ for details.
[2026-09-11 10:28:33] Run log saved to: /Users/jgafur/LTH/manuscript/Tranfer/logs/adversarial_orchestrate_gradient_sim_20260911_102817.log
[2026-09-11 10:28:33] ============================================================================
