[2026-09-11 10:27:39] Starting orchestration script
[2026-09-11 10:27:39] Script path: /Users/jgafur/LTH/manuscript/Tranfer
[2026-09-11 10:27:39] Current working directory: /Users/jgafur/LTH/manuscript/Tranfer
[2026-09-11 10:27:39] Phase: compare
[2026-09-11 10:27:39] Output directory: adversarial_results_ep200_pre200
[2026-09-11 10:27:39] Model filter: ALL
[2026-09-11 10:27:39] Dataset filter: ALL
[2026-09-11 10:27:39] Attack filter: ALL
[2026-09-11 10:27:40] Kind filter: ALL
[2026-09-11 10:27:40] Run log: /Users/jgafur/LTH/manuscript/Tranfer/logs/adversarial_orchestrate_compare_20260911_102739.log
[2026-09-11 10:27:41] qsub command found: /opt/sge/bin/lx-amd64/qsub
[2026-09-11 10:27:41] Found submission file: /Users/jgafur/LTH/manuscript/Tranfer/adversarial_hpc_submit.pbs
[2026-09-11 10:27:41] ============================================================================
[2026-09-11 10:27:42] Adversarial Analysis HPC Orchestration
[2026-09-11 10:27:42] ============================================================================
[2026-09-11 10:27:42] Phase:       compare
[2026-09-11 10:27:42] Output Dir:  adversarial_results_ep200_pre200
[2026-09-11 10:27:42] Models:      6 architectures
[2026-09-11 10:27:42] Datasets:    3 datasets
[2026-09-11 10:27:42] ============================================================================
[2026-09-11 10:27:42] Run outputs will be written as txt files in manuscript/Tranfer/
[2026-09-11 10:27:42]   - generate:      <MODEL>_<DATASET>_<ATTACK>_<KIND>_generate_run.txt
[2026-09-11 10:27:42]   - analyze:       adversarial_analyze_run.txt
[2026-09-11 10:27:42]   - plot:          adversarial_plot_run.txt
[2026-09-11 10:27:42]   - gradient_sim:  adversarial_gradient_sim_run.txt
[2026-09-11 10:27:42]   - epsilon_sweep: adversarial_epsilon_sweep_run.txt
[2026-09-11 10:27:42]   - statistics:    adversarial_statistics_run.txt
[2026-09-11 10:27:42]   - cka:           adversarial_cka_run.txt
[2026-09-11 10:27:42]   - compare:       adversarial_compare_run.txt
[2026-09-11 10:27:42]   - compute_tradeoff: adversarial_compute_tradeoff_run.txt
[2026-09-11 10:27:42]   - correlations:  adversarial_correlations_run.txt
[2026-09-11 10:27:42] [PHASE: COMPARE] Submitting Control_Continuted-vs-variant comparison table job...
[2026-09-11 10:27:43] [SUBMIT] compare
[2026-09-11 10:27:43] [CMD] qsub -q all.q -l ngpus=1 -v MODEL="ALL",DATASET="ALL",ATTACK="ALL",KIND="ALL",PHASE="compare",OUTPUT_DIR="adversarial_results_ep200_pre200" adversarial_hpc_submit.pbs </dev/null
[2026-09-11 10:27:52] [OK] compare
[2026-09-11 10:27:55] [OK] qsub output: Your job 6504723 ("adversarial_hpc_submit.pbs") has been submitted
[2026-09-11 10:27:56] [SUCCESS] Compare job submitted
[2026-09-11 10:27:58] Output: collapsed_vs_original_explainability_*.csv, accuracy_parameter_comparison.csv
[2026-09-11 10:28:07] ============================================================================
[2026-09-11 10:28:08] Job submission complete. Check logs/ for details.
[2026-09-11 10:28:13] Run log saved to: /Users/jgafur/LTH/manuscript/Tranfer/logs/adversarial_orchestrate_compare_20260911_102739.log
[2026-09-11 10:28:14] ============================================================================
