[2026-09-11 10:27:31] Starting orchestration script
[2026-09-11 10:27:31] Starting orchestration script
[2026-09-11 10:27:31] Script path: /Users/jgafur/LTH/manuscript/Tranfer
[2026-09-11 10:27:31] Script path: /Users/jgafur/LTH/manuscript/Tranfer
[2026-09-11 10:27:31] Current working directory: /Users/jgafur/LTH/manuscript/Tranfer
[2026-09-11 10:27:31] Current working directory: /Users/jgafur/LTH/manuscript/Tranfer
[2026-09-11 10:27:31] Phase: plot
[2026-09-11 10:27:31] Phase: plot
[2026-09-11 10:27:31] Output directory: adversarial_results_ep200_pre200
[2026-09-11 10:27:31] Output directory: adversarial_results_ep300_pre100
[2026-09-11 10:27:31] Model filter: ALL
[2026-09-11 10:27:31] Model filter: ALL
[2026-09-11 10:27:31] Dataset filter: ALL
[2026-09-11 10:27:31] Dataset filter: ALL
[2026-09-11 10:27:31] Attack filter: ALL
[2026-09-11 10:27:31] Attack filter: ALL
[2026-09-11 10:27:31] Kind filter: ALL
[2026-09-11 10:27:31] Kind filter: ALL
[2026-09-11 10:27:31] Run log: /Users/jgafur/LTH/manuscript/Tranfer/logs/adversarial_orchestrate_plot_20260911_102731.log
[2026-09-11 10:27:31] Run log: /Users/jgafur/LTH/manuscript/Tranfer/logs/adversarial_orchestrate_plot_20260911_102731.log
[2026-09-11 10:27:31] qsub command found: /opt/sge/bin/lx-amd64/qsub
[2026-09-11 10:27:31] qsub command found: /opt/sge/bin/lx-amd64/qsub
[2026-09-11 10:27:31] Found submission file: /Users/jgafur/LTH/manuscript/Tranfer/adversarial_hpc_submit.pbs
[2026-09-11 10:27:31] Found submission file: /Users/jgafur/LTH/manuscript/Tranfer/adversarial_hpc_submit.pbs
[2026-09-11 10:27:31] ============================================================================
[2026-09-11 10:27:31] ============================================================================
[2026-09-11 10:27:31] Adversarial Analysis HPC Orchestration
[2026-09-11 10:27:31] Adversarial Analysis HPC Orchestration
[2026-09-11 10:27:31] ============================================================================
[2026-09-11 10:27:31] ============================================================================
[2026-09-11 10:27:31] Phase:       plot
[2026-09-11 10:27:31] Phase:       plot
[2026-09-11 10:27:31] Output Dir:  adversarial_results_ep200_pre200
[2026-09-11 10:27:31] Output Dir:  adversarial_results_ep300_pre100
[2026-09-11 10:27:31] Models:      6 architectures
[2026-09-11 10:27:31] Models:      6 architectures
[2026-09-11 10:27:31] Datasets:    3 datasets
[2026-09-11 10:27:31] Datasets:    3 datasets
[2026-09-11 10:27:31] ============================================================================
[2026-09-11 10:27:31] ============================================================================
[2026-09-11 10:27:31] Run outputs will be written as txt files in manuscript/Tranfer/
[2026-09-11 10:27:31] Run outputs will be written as txt files in manuscript/Tranfer/
[2026-09-11 10:27:31]   - generate:      <MODEL>_<DATASET>_<ATTACK>_<KIND>_generate_run.txt
[2026-09-11 10:27:31]   - generate:      <MODEL>_<DATASET>_<ATTACK>_<KIND>_generate_run.txt
[2026-09-11 10:27:32]   - analyze:       adversarial_analyze_run.txt
[2026-09-11 10:27:32]   - analyze:       adversarial_analyze_run.txt
[2026-09-11 10:27:32]   - plot:          adversarial_plot_run.txt
[2026-09-11 10:27:32]   - plot:          adversarial_plot_run.txt
[2026-09-11 10:27:32]   - gradient_sim:  adversarial_gradient_sim_run.txt
[2026-09-11 10:27:32]   - gradient_sim:  adversarial_gradient_sim_run.txt
[2026-09-11 10:27:32]   - epsilon_sweep: adversarial_epsilon_sweep_run.txt
[2026-09-11 10:27:32]   - epsilon_sweep: adversarial_epsilon_sweep_run.txt
[2026-09-11 10:27:32]   - statistics:    adversarial_statistics_run.txt
[2026-09-11 10:27:32]   - statistics:    adversarial_statistics_run.txt
[2026-09-11 10:27:32]   - cka:           adversarial_cka_run.txt
[2026-09-11 10:27:32]   - cka:           adversarial_cka_run.txt
[2026-09-11 10:27:32]   - compare:       adversarial_compare_run.txt
[2026-09-11 10:27:32]   - compare:       adversarial_compare_run.txt
[2026-09-11 10:27:32]   - compute_tradeoff: adversarial_compute_tradeoff_run.txt
[2026-09-11 10:27:32]   - compute_tradeoff: adversarial_compute_tradeoff_run.txt
[2026-09-11 10:27:32]   - correlations:  adversarial_correlations_run.txt
[2026-09-11 10:27:32]   - correlations:  adversarial_correlations_run.txt
[2026-09-11 10:27:32] [PHASE: PLOT] Submitting visualization job...
[2026-09-11 10:27:32] [PHASE: PLOT] Submitting visualization job...
[2026-09-11 10:27:32] WARNING: This requires summary.csv and transferability.csv to exist.
[2026-09-11 10:27:32] WARNING: This requires summary.csv and transferability.csv to exist.
[2026-09-11 10:27:32] [SUBMIT] plot
[2026-09-11 10:27:32] [SUBMIT] plot
[2026-09-11 10:27:32] [CMD] qsub -q all.q -l ngpus=1 -v MODEL="ALL",DATASET="ALL",ATTACK="ALL",KIND="ALL",PHASE="plot",OUTPUT_DIR="adversarial_results_ep200_pre200" adversarial_hpc_submit.pbs </dev/null
[2026-09-11 10:27:32] [CMD] qsub -q all.q -l ngpus=1 -v MODEL="ALL",DATASET="ALL",ATTACK="ALL",KIND="ALL",PHASE="plot",OUTPUT_DIR="adversarial_results_ep300_pre100" adversarial_hpc_submit.pbs </dev/null
[2026-09-11 10:27:35] [OK] plot
[2026-09-11 10:27:35] [OK] qsub output: Your job 6504720 ("adversarial_hpc_submit.pbs") has been submitted
[2026-09-11 10:27:35] [SUCCESS] Visualization job submitted
[2026-09-11 10:27:35] ============================================================================
[2026-09-11 10:27:35] Job submission complete. Check logs/ for details.
[2026-09-11 10:27:35] Run log saved to: /Users/jgafur/LTH/manuscript/Tranfer/logs/adversarial_orchestrate_plot_20260911_102731.log
[2026-09-11 10:27:35] ============================================================================
[2026-09-11 10:27:38] [OK] plot
[2026-09-11 10:27:39] [OK] qsub output: Your job 6504719 ("adversarial_hpc_submit.pbs") has been submitted
[2026-09-11 10:27:39] [SUCCESS] Visualization job submitted
[2026-09-11 10:27:39] ============================================================================
[2026-09-11 10:27:39] Job submission complete. Check logs/ for details.
[2026-09-11 10:27:39] Run log saved to: /Users/jgafur/LTH/manuscript/Tranfer/logs/adversarial_orchestrate_plot_20260911_102731.log
[2026-09-11 10:27:39] ============================================================================
