[2026-09-11 10:27:49] Starting orchestration script
[2026-09-11 10:27:49] Script path: /Users/jgafur/LTH/manuscript/Tranfer
[2026-09-11 10:27:49] Current working directory: /Users/jgafur/LTH/manuscript/Tranfer
[2026-09-11 10:27:49] Phase: epsilon_sweep
[2026-09-11 10:27:49] Output directory: adversarial_results_ep300_pre100
[2026-09-11 10:27:50] Model filter: ALL
[2026-09-11 10:27:51] Dataset filter: ALL
[2026-09-11 10:27:51] Attack filter: ALL
[2026-09-11 10:27:51] Kind filter: ALL
[2026-09-11 10:27:51] Run log: /Users/jgafur/LTH/manuscript/Tranfer/logs/adversarial_orchestrate_epsilon_sweep_20260911_102749.log
[2026-09-11 10:27:51] qsub command found: /opt/sge/bin/lx-amd64/qsub
[2026-09-11 10:27:51] Found submission file: /Users/jgafur/LTH/manuscript/Tranfer/adversarial_hpc_submit.pbs
[2026-09-11 10:27:51] ============================================================================
[2026-09-11 10:27:51] Adversarial Analysis HPC Orchestration
[2026-09-11 10:27:51] ============================================================================
[2026-09-11 10:27:51] Phase:       epsilon_sweep
[2026-09-11 10:27:51] Output Dir:  adversarial_results_ep300_pre100
[2026-09-11 10:27:51] Models:      6 architectures
[2026-09-11 10:27:51] Datasets:    3 datasets
[2026-09-11 10:27:51] ============================================================================
[2026-09-11 10:27:51] Run outputs will be written as txt files in manuscript/Tranfer/
[2026-09-11 10:27:55]   - generate:      <MODEL>_<DATASET>_<ATTACK>_<KIND>_generate_run.txt
[2026-09-11 10:27:56]   - analyze:       adversarial_analyze_run.txt
[2026-09-11 10:27:58]   - plot:          adversarial_plot_run.txt
[2026-09-11 10:28:07]   - gradient_sim:  adversarial_gradient_sim_run.txt
[2026-09-11 10:28:08]   - epsilon_sweep: adversarial_epsilon_sweep_run.txt
[2026-09-11 10:28:13]   - statistics:    adversarial_statistics_run.txt
[2026-09-11 10:28:14]   - cka:           adversarial_cka_run.txt
[2026-09-11 10:28:17]   - compare:       adversarial_compare_run.txt
[2026-09-11 10:28:17]   - compute_tradeoff: adversarial_compute_tradeoff_run.txt
[2026-09-11 10:28:17]   - correlations:  adversarial_correlations_run.txt
[2026-09-11 10:28:17] [PHASE: EPSILON_SWEEP] Submitting Experiment 7 (epsilon sensitivity) job...
[2026-09-11 10:28:17] Sweeps epsilon in {1,2,4,8,16}/255 for PGD, FGSM, BIM.
[2026-09-11 10:28:17] Requires: model checkpoints accessible from the HPC node.
[2026-09-11 10:28:17] [SUBMIT] epsilon_sweep
[2026-09-11 10:28:17] [CMD] qsub -q all.q -l ngpus=1 -v MODEL="ALL",DATASET="ALL",ATTACK="ALL",KIND="ALL",PHASE="epsilon_sweep",OUTPUT_DIR="adversarial_results_ep300_pre100",EPSILON_ATTACKS="ALL" adversarial_hpc_submit.pbs </dev/null
[2026-09-11 10:28:24] [OK] epsilon_sweep
[2026-09-11 10:28:24] [OK] qsub output: Your job 6504727 ("adversarial_hpc_submit.pbs") has been submitted
[2026-09-11 10:28:24] [SUCCESS] Epsilon sensitivity job submitted
[2026-09-11 10:28:24] Output: epsilon_sensitivity.csv, epsilon_sensitivity_delta.csv, epsilon_sensitivity_*.png
[2026-09-11 10:28:24] ============================================================================
[2026-09-11 10:28:24] Job submission complete. Check logs/ for details.
[2026-09-11 10:28:24] Run log saved to: /Users/jgafur/LTH/manuscript/Tranfer/logs/adversarial_orchestrate_epsilon_sweep_20260911_102749.log
[2026-09-11 10:28:25] ============================================================================
