[2026-09-11 10:27:35] Starting orchestration script
[2026-09-11 10:27:35] Script path: /Users/jgafur/LTH/manuscript/Tranfer
[2026-09-11 10:27:35] Current working directory: /Users/jgafur/LTH/manuscript/Tranfer
[2026-09-11 10:27:35] Phase: compare
[2026-09-11 10:27:35] Output directory: adversarial_results_ep300_pre100
[2026-09-11 10:27:35] Model filter: ALL
[2026-09-11 10:27:35] Dataset filter: ALL
[2026-09-11 10:27:35] Attack filter: ALL
[2026-09-11 10:27:35] Kind filter: ALL
[2026-09-11 10:27:35] Run log: /Users/jgafur/LTH/manuscript/Tranfer/logs/adversarial_orchestrate_compare_20260911_102735.log
[2026-09-11 10:27:35] qsub command found: /opt/sge/bin/lx-amd64/qsub
[2026-09-11 10:27:35] Found submission file: /Users/jgafur/LTH/manuscript/Tranfer/adversarial_hpc_submit.pbs
[2026-09-11 10:27:35] ============================================================================
[2026-09-11 10:27:35] Adversarial Analysis HPC Orchestration
[2026-09-11 10:27:35] ============================================================================
[2026-09-11 10:27:35] Phase:       compare
[2026-09-11 10:27:35] Output Dir:  adversarial_results_ep300_pre100
[2026-09-11 10:27:35] Models:      6 architectures
[2026-09-11 10:27:35] Datasets:    3 datasets
[2026-09-11 10:27:35] ============================================================================
[2026-09-11 10:27:35] Run outputs will be written as txt files in manuscript/Tranfer/
[2026-09-11 10:27:35]   - generate:      <MODEL>_<DATASET>_<ATTACK>_<KIND>_generate_run.txt
[2026-09-11 10:27:35]   - analyze:       adversarial_analyze_run.txt
[2026-09-11 10:27:35]   - plot:          adversarial_plot_run.txt
[2026-09-11 10:27:35]   - gradient_sim:  adversarial_gradient_sim_run.txt
[2026-09-11 10:27:35]   - epsilon_sweep: adversarial_epsilon_sweep_run.txt
[2026-09-11 10:27:35]   - statistics:    adversarial_statistics_run.txt
[2026-09-11 10:27:35]   - cka:           adversarial_cka_run.txt
[2026-09-11 10:27:35]   - compare:       adversarial_compare_run.txt
[2026-09-11 10:27:35]   - compute_tradeoff: adversarial_compute_tradeoff_run.txt
[2026-09-11 10:27:35]   - correlations:  adversarial_correlations_run.txt
[2026-09-11 10:27:36] [PHASE: COMPARE] Submitting Control_Continuted-vs-variant comparison table job...
[2026-09-11 10:27:36] [SUBMIT] compare
[2026-09-11 10:27:36] [CMD] qsub -q all.q -l ngpus=1 -v MODEL="ALL",DATASET="ALL",ATTACK="ALL",KIND="ALL",PHASE="compare",OUTPUT_DIR="adversarial_results_ep300_pre100" adversarial_hpc_submit.pbs </dev/null
[2026-09-11 10:27:42] [OK] compare
[2026-09-11 10:27:42] [OK] qsub output: Your job 6504722 ("adversarial_hpc_submit.pbs") has been submitted
[2026-09-11 10:27:42] [SUCCESS] Compare job submitted
[2026-09-11 10:27:42] Output: collapsed_vs_original_explainability_*.csv, accuracy_parameter_comparison.csv
[2026-09-11 10:27:42] ============================================================================
[2026-09-11 10:27:42] Job submission complete. Check logs/ for details.
[2026-09-11 10:27:42] Run log saved to: /Users/jgafur/LTH/manuscript/Tranfer/logs/adversarial_orchestrate_compare_20260911_102735.log
[2026-09-11 10:27:42] ============================================================================
