[2026-09-11 08:45:43] Starting orchestration script
[2026-09-11 08:45:43] Script path: /Users/jgafur/LTH/manuscript/Tranfer
[2026-09-11 08:45:43] Current working directory: /Users/jgafur/LTH/manuscript/Tranfer
[2026-09-11 08:45:43] Phase: compute_tradeoff
[2026-09-11 08:45:43] Output directory: adversarial_results_ep200_pre200
[2026-09-11 08:45:43] Model filter: ALL
[2026-09-11 08:45:43] Dataset filter: ALL
[2026-09-11 08:45:43] Attack filter: ALL
[2026-09-11 08:45:43] Kind filter: ALL
[2026-09-11 08:45:43] Run log: /Users/jgafur/LTH/manuscript/Tranfer/logs/adversarial_orchestrate_compute_tradeoff_20260911_084543.log
[2026-09-11 08:45:43] qsub command found: /opt/sge/bin/lx-amd64/qsub
[2026-09-11 08:45:43] Found submission file: /Users/jgafur/LTH/manuscript/Tranfer/adversarial_hpc_submit.pbs
[2026-09-11 08:45:43] ============================================================================
[2026-09-11 08:45:43] Adversarial Analysis HPC Orchestration
[2026-09-11 08:45:43] ============================================================================
[2026-09-11 08:45:43] Phase:       compute_tradeoff
[2026-09-11 08:45:43] Output Dir:  adversarial_results_ep200_pre200
[2026-09-11 08:45:43] Models:      6 architectures
[2026-09-11 08:45:43] Datasets:    3 datasets
[2026-09-11 08:45:43] ============================================================================
[2026-09-11 08:45:43] Run outputs will be written as txt files in manuscript/Tranfer/
[2026-09-11 08:45:43]   - generate:      <MODEL>_<DATASET>_<ATTACK>_<KIND>_generate_run.txt
[2026-09-11 08:45:43]   - analyze:       adversarial_analyze_run.txt
[2026-09-11 08:45:43]   - plot:          adversarial_plot_run.txt
[2026-09-11 08:45:43]   - gradient_sim:  adversarial_gradient_sim_run.txt
[2026-09-11 08:45:43]   - epsilon_sweep: adversarial_epsilon_sweep_run.txt
[2026-09-11 08:45:43]   - statistics:    adversarial_statistics_run.txt
[2026-09-11 08:45:43]   - cka:           adversarial_cka_run.txt
[2026-09-11 08:45:43]   - compare:       adversarial_compare_run.txt
[2026-09-11 08:45:43]   - compute_tradeoff: adversarial_compute_tradeoff_run.txt
[2026-09-11 08:45:43]   - correlations:  adversarial_correlations_run.txt
[2026-09-11 08:45:43] [PHASE: COMPUTE_TRADEOFF] Submitting compute-cost tradeoff job...
[2026-09-11 08:45:43] [SUBMIT] compute_tradeoff
[2026-09-11 08:45:43] [CMD] qsub -q all.q -l ngpus=1 -v MODEL="ALL",DATASET="ALL",ATTACK="ALL",KIND="ALL",PHASE="compute_tradeoff",OUTPUT_DIR="adversarial_results_ep200_pre200" adversarial_hpc_submit.pbs </dev/null
[2026-09-11 08:45:45] [OK] compute_tradeoff
[2026-09-11 08:45:46] [OK] qsub output: Your job 6503662 ("adversarial_hpc_submit.pbs") has been submitted
[2026-09-11 08:45:46] [SUCCESS] Compute tradeoff job submitted
[2026-09-11 08:45:46] Output: compute_profile.csv, tradeoff_summary.csv, figure1-4 tradeoff PNGs
[2026-09-11 08:45:47] ============================================================================
[2026-09-11 08:45:47] Job submission complete. Check logs/ for details.
[2026-09-11 08:45:47] Run log saved to: /Users/jgafur/LTH/manuscript/Tranfer/logs/adversarial_orchestrate_compute_tradeoff_20260911_084543.log
[2026-09-11 08:45:47] ============================================================================
