[2026-09-07 07:52:08] Starting orchestration script
[2026-09-07 07:52:08] Script path: /Users/jgafur/LTH/manuscript/Tranfer
[2026-09-07 07:52:08] Current working directory: /Users/jgafur/LTH/manuscript/Tranfer
[2026-09-07 07:52:09] Phase: generate
[2026-09-07 07:52:09] Output directory: adversarial_results_ep100_pre300
[2026-09-07 07:52:09] Model filter: ALL
[2026-09-07 07:52:09] Dataset filter: ALL
[2026-09-07 07:52:09] Attack filter: ALL
[2026-09-07 07:52:09] Kind filter: ALL
[2026-09-07 07:52:09] Run log: /Users/jgafur/LTH/manuscript/Tranfer/logs/adversarial_orchestrate_generate_20260907_075208.log
[2026-09-07 07:52:09] qsub command found: /opt/sge/bin/lx-amd64/qsub
[2026-09-07 07:52:09] Found submission file: /Users/jgafur/LTH/manuscript/Tranfer/adversarial_hpc_submit.pbs
[2026-09-07 07:52:09] ============================================================================
[2026-09-07 07:52:09] Adversarial Analysis HPC Orchestration
[2026-09-07 07:52:09] ============================================================================
[2026-09-07 07:52:09] Phase:       generate
[2026-09-07 07:52:09] Output Dir:  adversarial_results_ep100_pre300
[2026-09-07 07:52:09] Models:      6 architectures
[2026-09-07 07:52:09] Datasets:    2 datasets
[2026-09-07 07:52:09] Attacks:     7 attack types
[2026-09-07 07:52:09] Total Jobs:  ~84
[2026-09-07 07:52:09] ============================================================================
[2026-09-07 07:52:09] Run outputs will be written as txt files in manuscript/Tranfer/
[2026-09-07 07:52:09]   - generate:      <MODEL>_<DATASET>_<ATTACK>_<KIND>_generate_run.txt
[2026-09-07 07:52:09]   - analyze:       adversarial_analyze_run.txt
[2026-09-07 07:52:09]   - plot:          adversarial_plot_run.txt
[2026-09-07 07:52:09]   - gradient_sim:  adversarial_gradient_sim_run.txt
[2026-09-07 07:52:09]   - epsilon_sweep: adversarial_epsilon_sweep_run.txt
[2026-09-07 07:52:09]   - statistics:    adversarial_statistics_run.txt
[2026-09-07 07:52:09]   - cka:           adversarial_cka_run.txt
[2026-09-07 07:52:09]   - compare:       adversarial_compare_run.txt
[2026-09-07 07:52:09]   - compute_tradeoff: adversarial_compute_tradeoff_run.txt
[2026-09-07 07:52:09]   - correlations:  adversarial_correlations_run.txt
[2026-09-07 07:52:09] [PHASE: GENERATE] Submitting attack generation jobs...
[2026-09-07 07:52:09] [SUBMIT] VGG16/Cifar10/PGD/ALL
[2026-09-07 07:52:09] [CMD] qsub -q all.q -l ngpus=1 -v MODEL="VGG16",DATASET="Cifar10",ATTACK="PGD",KIND="ALL",PHASE="generate",OUTPUT_DIR="adversarial_results_ep100_pre300" adversarial_hpc_submit.pbs </dev/null
[2026-09-07 07:52:14] [OK] VGG16/Cifar10/PGD/ALL
[2026-09-07 07:52:14] [OK] qsub output: Your job 6474660 ("adversarial_hpc_submit.pbs") has been submitted
[2026-09-07 07:52:14] [SUBMIT] VGG16/Cifar10/FGSM/ALL
[2026-09-07 07:52:14] [CMD] qsub -q all.q -l ngpus=1 -v MODEL="VGG16",DATASET="Cifar10",ATTACK="FGSM",KIND="ALL",PHASE="generate",OUTPUT_DIR="adversarial_results_ep100_pre300" adversarial_hpc_submit.pbs </dev/null
[2026-09-07 07:52:24] [OK] VGG16/Cifar10/FGSM/ALL
[2026-09-07 07:52:24] [OK] qsub output: Your job 6474661 ("adversarial_hpc_submit.pbs") has been submitted
[2026-09-07 07:52:24] [SUBMIT] VGG16/Cifar10/IFGSM/ALL
[2026-09-07 07:52:24] [CMD] qsub -q all.q -l ngpus=1 -v MODEL="VGG16",DATASET="Cifar10",ATTACK="IFGSM",KIND="ALL",PHASE="generate",OUTPUT_DIR="adversarial_results_ep100_pre300" adversarial_hpc_submit.pbs </dev/null
[2026-09-07 07:52:29] [OK] VGG16/Cifar10/IFGSM/ALL
[2026-09-07 07:52:29] [OK] qsub output: Your job 6474662 ("adversarial_hpc_submit.pbs") has been submitted
[2026-09-07 07:52:29] [SUBMIT] VGG16/Cifar10/BIM/ALL
[2026-09-07 07:52:29] [CMD] qsub -q all.q -l ngpus=1 -v MODEL="VGG16",DATASET="Cifar10",ATTACK="BIM",KIND="ALL",PHASE="generate",OUTPUT_DIR="adversarial_results_ep100_pre300" adversarial_hpc_submit.pbs </dev/null
[2026-09-07 07:52:32] [OK] VGG16/Cifar10/BIM/ALL
[2026-09-07 07:52:32] [OK] qsub output: Your job 6474663 ("adversarial_hpc_submit.pbs") has been submitted
[2026-09-07 07:52:32] [SUBMIT] VGG16/Cifar10/APGD/ALL
[2026-09-07 07:52:32] [CMD] qsub -q all.q -l ngpus=1 -v MODEL="VGG16",DATASET="Cifar10",ATTACK="APGD",KIND="ALL",PHASE="generate",OUTPUT_DIR="adversarial_results_ep100_pre300" adversarial_hpc_submit.pbs </dev/null
[2026-09-07 07:52:40] [OK] VGG16/Cifar10/APGD/ALL
[2026-09-07 07:52:40] [OK] qsub output: Your job 6474664 ("adversarial_hpc_submit.pbs") has been submitted
[2026-09-07 07:52:41] [SUBMIT] VGG16/Cifar10/CW/ALL
[2026-09-07 07:52:41] [CMD] qsub -q all.q -l ngpus=1 -v MODEL="VGG16",DATASET="Cifar10",ATTACK="CW",KIND="ALL",PHASE="generate",OUTPUT_DIR="adversarial_results_ep100_pre300" adversarial_hpc_submit.pbs </dev/null
[2026-09-07 07:52:50] [OK] VGG16/Cifar10/CW/ALL
[2026-09-07 07:52:50] [OK] qsub output: Your job 6474665 ("adversarial_hpc_submit.pbs") has been submitted
[2026-09-07 07:52:50] [SUBMIT] VGG16/Cifar10/DeepFool/ALL
[2026-09-07 07:52:50] [CMD] qsub -q all.q -l ngpus=1 -v MODEL="VGG16",DATASET="Cifar10",ATTACK="DeepFool",KIND="ALL",PHASE="generate",OUTPUT_DIR="adversarial_results_ep100_pre300" adversarial_hpc_submit.pbs </dev/null
[2026-09-07 07:52:53] [OK] VGG16/Cifar10/DeepFool/ALL
[2026-09-07 07:52:53] [OK] qsub output: Your job 6474667 ("adversarial_hpc_submit.pbs") has been submitted
[2026-09-07 07:52:53] [SUBMIT] VGG16/Cifar100/PGD/ALL
[2026-09-07 07:52:53] [CMD] qsub -q all.q -l ngpus=1 -v MODEL="VGG16",DATASET="Cifar100",ATTACK="PGD",KIND="ALL",PHASE="generate",OUTPUT_DIR="adversarial_results_ep100_pre300" adversarial_hpc_submit.pbs </dev/null
[2026-09-07 07:52:55] [OK] VGG16/Cifar100/PGD/ALL
[2026-09-07 07:52:55] [OK] qsub output: Your job 6474668 ("adversarial_hpc_submit.pbs") has been submitted
[2026-09-07 07:52:55] [SUBMIT] VGG16/Cifar100/FGSM/ALL
[2026-09-07 07:52:55] [CMD] qsub -q all.q -l ngpus=1 -v MODEL="VGG16",DATASET="Cifar100",ATTACK="FGSM",KIND="ALL",PHASE="generate",OUTPUT_DIR="adversarial_results_ep100_pre300" adversarial_hpc_submit.pbs </dev/null
[2026-09-07 07:53:04] [OK] VGG16/Cifar100/FGSM/ALL
[2026-09-07 07:53:04] [OK] qsub output: Your job 6474669 ("adversarial_hpc_submit.pbs") has been submitted
[2026-09-07 07:53:04] [SUBMIT] VGG16/Cifar100/IFGSM/ALL
[2026-09-07 07:53:04] [CMD] qsub -q all.q -l ngpus=1 -v MODEL="VGG16",DATASET="Cifar100",ATTACK="IFGSM",KIND="ALL",PHASE="generate",OUTPUT_DIR="adversarial_results_ep100_pre300" adversarial_hpc_submit.pbs </dev/null
[2026-09-07 07:53:13] [OK] VGG16/Cifar100/IFGSM/ALL
[2026-09-07 07:53:13] [OK] qsub output: Your job 6474670 ("adversarial_hpc_submit.pbs") has been submitted
[2026-09-07 07:53:14] [SUBMIT] VGG16/Cifar100/BIM/ALL
[2026-09-07 07:53:14] [CMD] qsub -q all.q -l ngpus=1 -v MODEL="VGG16",DATASET="Cifar100",ATTACK="BIM",KIND="ALL",PHASE="generate",OUTPUT_DIR="adversarial_results_ep100_pre300" adversarial_hpc_submit.pbs </dev/null
[2026-09-07 07:53:18] [OK] VGG16/Cifar100/BIM/ALL
[2026-09-07 07:53:18] [OK] qsub output: Your job 6474671 ("adversarial_hpc_submit.pbs") has been submitted
[2026-09-07 07:53:18] [SUBMIT] VGG16/Cifar100/APGD/ALL
[2026-09-07 07:53:18] [CMD] qsub -q all.q -l ngpus=1 -v MODEL="VGG16",DATASET="Cifar100",ATTACK="APGD",KIND="ALL",PHASE="generate",OUTPUT_DIR="adversarial_results_ep100_pre300" adversarial_hpc_submit.pbs </dev/null
[2026-09-07 07:53:25] [OK] VGG16/Cifar100/APGD/ALL
[2026-09-07 07:53:25] [OK] qsub output: Your job 6474672 ("adversarial_hpc_submit.pbs") has been submitted
[2026-09-07 07:53:25] [SUBMIT] VGG16/Cifar100/CW/ALL
[2026-09-07 07:53:25] [CMD] qsub -q all.q -l ngpus=1 -v MODEL="VGG16",DATASET="Cifar100",ATTACK="CW",KIND="ALL",PHASE="generate",OUTPUT_DIR="adversarial_results_ep100_pre300" adversarial_hpc_submit.pbs </dev/null
[2026-09-07 07:53:32] [OK] VGG16/Cifar100/CW/ALL
[2026-09-07 07:53:32] [OK] qsub output: Your job 6474673 ("adversarial_hpc_submit.pbs") has been submitted
[2026-09-07 07:53:32] [SUBMIT] VGG16/Cifar100/DeepFool/ALL
[2026-09-07 07:53:32] [CMD] qsub -q all.q -l ngpus=1 -v MODEL="VGG16",DATASET="Cifar100",ATTACK="DeepFool",KIND="ALL",PHASE="generate",OUTPUT_DIR="adversarial_results_ep100_pre300" adversarial_hpc_submit.pbs </dev/null
[2026-09-07 07:53:36] [OK] VGG16/Cifar100/DeepFool/ALL
[2026-09-07 07:53:36] [OK] qsub output: Your job 6474674 ("adversarial_hpc_submit.pbs") has been submitted
[2026-09-07 07:53:37] [SUBMIT] RegNetX_400MF/Cifar10/PGD/ALL
[2026-09-07 07:53:37] [CMD] qsub -q all.q -l ngpus=1 -v MODEL="RegNetX_400MF",DATASET="Cifar10",ATTACK="PGD",KIND="ALL",PHASE="generate",OUTPUT_DIR="adversarial_results_ep100_pre300" adversarial_hpc_submit.pbs </dev/null
[2026-09-07 07:53:44] [OK] RegNetX_400MF/Cifar10/PGD/ALL
[2026-09-07 07:53:44] [OK] qsub output: Your job 6474675 ("adversarial_hpc_submit.pbs") has been submitted
[2026-09-07 07:53:44] [SUBMIT] RegNetX_400MF/Cifar10/FGSM/ALL
[2026-09-07 07:53:44] [CMD] qsub -q all.q -l ngpus=1 -v MODEL="RegNetX_400MF",DATASET="Cifar10",ATTACK="FGSM",KIND="ALL",PHASE="generate",OUTPUT_DIR="adversarial_results_ep100_pre300" adversarial_hpc_submit.pbs </dev/null
[2026-09-07 07:53:48] [OK] RegNetX_400MF/Cifar10/FGSM/ALL
[2026-09-07 07:53:48] [OK] qsub output: Your job 6474676 ("adversarial_hpc_submit.pbs") has been submitted
[2026-09-07 07:53:48] [SUBMIT] RegNetX_400MF/Cifar10/IFGSM/ALL
[2026-09-07 07:53:48] [CMD] qsub -q all.q -l ngpus=1 -v MODEL="RegNetX_400MF",DATASET="Cifar10",ATTACK="IFGSM",KIND="ALL",PHASE="generate",OUTPUT_DIR="adversarial_results_ep100_pre300" adversarial_hpc_submit.pbs </dev/null
[2026-09-07 07:53:56] [OK] RegNetX_400MF/Cifar10/IFGSM/ALL
[2026-09-07 07:53:56] [OK] qsub output: Your job 6474677 ("adversarial_hpc_submit.pbs") has been submitted
[2026-09-07 07:53:56] [SUBMIT] RegNetX_400MF/Cifar10/BIM/ALL
[2026-09-07 07:53:56] [CMD] qsub -q all.q -l ngpus=1 -v MODEL="RegNetX_400MF",DATASET="Cifar10",ATTACK="BIM",KIND="ALL",PHASE="generate",OUTPUT_DIR="adversarial_results_ep100_pre300" adversarial_hpc_submit.pbs </dev/null
[2026-09-07 07:54:01] [OK] RegNetX_400MF/Cifar10/BIM/ALL
[2026-09-07 07:54:01] [OK] qsub output: Your job 6474678 ("adversarial_hpc_submit.pbs") has been submitted
[2026-09-07 07:54:01] [SUBMIT] RegNetX_400MF/Cifar10/APGD/ALL
[2026-09-07 07:54:01] [CMD] qsub -q all.q -l ngpus=1 -v MODEL="RegNetX_400MF",DATASET="Cifar10",ATTACK="APGD",KIND="ALL",PHASE="generate",OUTPUT_DIR="adversarial_results_ep100_pre300" adversarial_hpc_submit.pbs </dev/null
[2026-09-07 07:54:11] [OK] RegNetX_400MF/Cifar10/APGD/ALL
[2026-09-07 07:54:11] [OK] qsub output: Your job 6474679 ("adversarial_hpc_submit.pbs") has been submitted
[2026-09-07 07:54:11] [SUBMIT] RegNetX_400MF/Cifar10/CW/ALL
[2026-09-07 07:54:11] [CMD] qsub -q all.q -l ngpus=1 -v MODEL="RegNetX_400MF",DATASET="Cifar10",ATTACK="CW",KIND="ALL",PHASE="generate",OUTPUT_DIR="adversarial_results_ep100_pre300" adversarial_hpc_submit.pbs </dev/null
[2026-09-07 07:54:15] [OK] RegNetX_400MF/Cifar10/CW/ALL
[2026-09-07 07:54:15] [OK] qsub output: Your job 6474680 ("adversarial_hpc_submit.pbs") has been submitted
[2026-09-07 07:54:15] [SUBMIT] RegNetX_400MF/Cifar10/DeepFool/ALL
[2026-09-07 07:54:15] [CMD] qsub -q all.q -l ngpus=1 -v MODEL="RegNetX_400MF",DATASET="Cifar10",ATTACK="DeepFool",KIND="ALL",PHASE="generate",OUTPUT_DIR="adversarial_results_ep100_pre300" adversarial_hpc_submit.pbs </dev/null
[2026-09-07 07:54:21] [OK] RegNetX_400MF/Cifar10/DeepFool/ALL
[2026-09-07 07:54:22] [OK] qsub output: Your job 6474681 ("adversarial_hpc_submit.pbs") has been submitted
[2026-09-07 07:54:22] [SUBMIT] RegNetX_400MF/Cifar100/PGD/ALL
[2026-09-07 07:54:22] [CMD] qsub -q all.q -l ngpus=1 -v MODEL="RegNetX_400MF",DATASET="Cifar100",ATTACK="PGD",KIND="ALL",PHASE="generate",OUTPUT_DIR="adversarial_results_ep100_pre300" adversarial_hpc_submit.pbs </dev/null
[2026-09-07 07:54:31] [OK] RegNetX_400MF/Cifar100/PGD/ALL
[2026-09-07 07:54:31] [OK] qsub output: Your job 6474682 ("adversarial_hpc_submit.pbs") has been submitted
[2026-09-07 07:54:31] [SUBMIT] RegNetX_400MF/Cifar100/FGSM/ALL
[2026-09-07 07:54:31] [CMD] qsub -q all.q -l ngpus=1 -v MODEL="RegNetX_400MF",DATASET="Cifar100",ATTACK="FGSM",KIND="ALL",PHASE="generate",OUTPUT_DIR="adversarial_results_ep100_pre300" adversarial_hpc_submit.pbs </dev/null
[2026-09-07 07:54:35] [OK] RegNetX_400MF/Cifar100/FGSM/ALL
[2026-09-07 07:54:35] [OK] qsub output: Your job 6474684 ("adversarial_hpc_submit.pbs") has been submitted
[2026-09-07 07:54:36] [SUBMIT] RegNetX_400MF/Cifar100/IFGSM/ALL
[2026-09-07 07:54:36] [CMD] qsub -q all.q -l ngpus=1 -v MODEL="RegNetX_400MF",DATASET="Cifar100",ATTACK="IFGSM",KIND="ALL",PHASE="generate",OUTPUT_DIR="adversarial_results_ep100_pre300" adversarial_hpc_submit.pbs </dev/null
[2026-09-07 07:54:41] [OK] RegNetX_400MF/Cifar100/IFGSM/ALL
[2026-09-07 07:54:41] [OK] qsub output: Your job 6474685 ("adversarial_hpc_submit.pbs") has been submitted
[2026-09-07 07:54:41] [SUBMIT] RegNetX_400MF/Cifar100/BIM/ALL
[2026-09-07 07:54:41] [CMD] qsub -q all.q -l ngpus=1 -v MODEL="RegNetX_400MF",DATASET="Cifar100",ATTACK="BIM",KIND="ALL",PHASE="generate",OUTPUT_DIR="adversarial_results_ep100_pre300" adversarial_hpc_submit.pbs </dev/null
[2026-09-07 07:54:44] [OK] RegNetX_400MF/Cifar100/BIM/ALL
[2026-09-07 07:54:44] [OK] qsub output: Your job 6474686 ("adversarial_hpc_submit.pbs") has been submitted
[2026-09-07 07:54:44] [SUBMIT] RegNetX_400MF/Cifar100/APGD/ALL
[2026-09-07 07:54:44] [CMD] qsub -q all.q -l ngpus=1 -v MODEL="RegNetX_400MF",DATASET="Cifar100",ATTACK="APGD",KIND="ALL",PHASE="generate",OUTPUT_DIR="adversarial_results_ep100_pre300" adversarial_hpc_submit.pbs </dev/null
[2026-09-07 07:54:50] [OK] RegNetX_400MF/Cifar100/APGD/ALL
[2026-09-07 07:54:50] [OK] qsub output: Your job 6474687 ("adversarial_hpc_submit.pbs") has been submitted
[2026-09-07 07:54:50] [SUBMIT] RegNetX_400MF/Cifar100/CW/ALL
[2026-09-07 07:54:50] [CMD] qsub -q all.q -l ngpus=1 -v MODEL="RegNetX_400MF",DATASET="Cifar100",ATTACK="CW",KIND="ALL",PHASE="generate",OUTPUT_DIR="adversarial_results_ep100_pre300" adversarial_hpc_submit.pbs </dev/null
[2026-09-07 07:54:57] [OK] RegNetX_400MF/Cifar100/CW/ALL
[2026-09-07 07:54:57] [OK] qsub output: Your job 6474688 ("adversarial_hpc_submit.pbs") has been submitted
[2026-09-07 07:54:57] [SUBMIT] RegNetX_400MF/Cifar100/DeepFool/ALL
[2026-09-07 07:54:57] [CMD] qsub -q all.q -l ngpus=1 -v MODEL="RegNetX_400MF",DATASET="Cifar100",ATTACK="DeepFool",KIND="ALL",PHASE="generate",OUTPUT_DIR="adversarial_results_ep100_pre300" adversarial_hpc_submit.pbs </dev/null
[2026-09-07 07:55:06] [OK] RegNetX_400MF/Cifar100/DeepFool/ALL
[2026-09-07 07:55:06] [OK] qsub output: Your job 6474689 ("adversarial_hpc_submit.pbs") has been submitted
[2026-09-07 07:55:06] [SUBMIT] InceptionNet/Cifar10/PGD/ALL
[2026-09-07 07:55:06] [CMD] qsub -q all.q -l ngpus=1 -v MODEL="InceptionNet",DATASET="Cifar10",ATTACK="PGD",KIND="ALL",PHASE="generate",OUTPUT_DIR="adversarial_results_ep100_pre300" adversarial_hpc_submit.pbs </dev/null
[2026-09-07 07:55:12] [OK] InceptionNet/Cifar10/PGD/ALL
[2026-09-07 07:55:12] [OK] qsub output: Your job 6474690 ("adversarial_hpc_submit.pbs") has been submitted
[2026-09-07 07:55:12] [SUBMIT] InceptionNet/Cifar10/FGSM/ALL
[2026-09-07 07:55:12] [CMD] qsub -q all.q -l ngpus=1 -v MODEL="InceptionNet",DATASET="Cifar10",ATTACK="FGSM",KIND="ALL",PHASE="generate",OUTPUT_DIR="adversarial_results_ep100_pre300" adversarial_hpc_submit.pbs </dev/null
[2026-09-07 07:55:17] [OK] InceptionNet/Cifar10/FGSM/ALL
[2026-09-07 07:55:17] [OK] qsub output: Your job 6474691 ("adversarial_hpc_submit.pbs") has been submitted
[2026-09-07 07:55:17] [SUBMIT] InceptionNet/Cifar10/IFGSM/ALL
[2026-09-07 07:55:17] [CMD] qsub -q all.q -l ngpus=1 -v MODEL="InceptionNet",DATASET="Cifar10",ATTACK="IFGSM",KIND="ALL",PHASE="generate",OUTPUT_DIR="adversarial_results_ep100_pre300" adversarial_hpc_submit.pbs </dev/null
[2026-09-07 07:55:19] [OK] InceptionNet/Cifar10/IFGSM/ALL
[2026-09-07 07:55:19] [OK] qsub output: Your job 6474692 ("adversarial_hpc_submit.pbs") has been submitted
[2026-09-07 07:55:19] [SUBMIT] InceptionNet/Cifar10/BIM/ALL
[2026-09-07 07:55:19] [CMD] qsub -q all.q -l ngpus=1 -v MODEL="InceptionNet",DATASET="Cifar10",ATTACK="BIM",KIND="ALL",PHASE="generate",OUTPUT_DIR="adversarial_results_ep100_pre300" adversarial_hpc_submit.pbs </dev/null
[2026-09-07 07:55:27] [OK] InceptionNet/Cifar10/BIM/ALL
[2026-09-07 07:55:27] [OK] qsub output: Your job 6474693 ("adversarial_hpc_submit.pbs") has been submitted
[2026-09-07 07:55:27] [SUBMIT] InceptionNet/Cifar10/APGD/ALL
[2026-09-07 07:55:27] [CMD] qsub -q all.q -l ngpus=1 -v MODEL="InceptionNet",DATASET="Cifar10",ATTACK="APGD",KIND="ALL",PHASE="generate",OUTPUT_DIR="adversarial_results_ep100_pre300" adversarial_hpc_submit.pbs </dev/null
[2026-09-07 07:55:30] [OK] InceptionNet/Cifar10/APGD/ALL
[2026-09-07 07:55:30] [OK] qsub output: Your job 6474694 ("adversarial_hpc_submit.pbs") has been submitted
[2026-09-07 07:55:30] [SUBMIT] InceptionNet/Cifar10/CW/ALL
[2026-09-07 07:55:30] [CMD] qsub -q all.q -l ngpus=1 -v MODEL="InceptionNet",DATASET="Cifar10",ATTACK="CW",KIND="ALL",PHASE="generate",OUTPUT_DIR="adversarial_results_ep100_pre300" adversarial_hpc_submit.pbs </dev/null
[2026-09-07 07:55:38] [OK] InceptionNet/Cifar10/CW/ALL
[2026-09-07 07:55:38] [OK] qsub output: Your job 6474695 ("adversarial_hpc_submit.pbs") has been submitted
[2026-09-07 07:55:38] [SUBMIT] InceptionNet/Cifar10/DeepFool/ALL
[2026-09-07 07:55:38] [CMD] qsub -q all.q -l ngpus=1 -v MODEL="InceptionNet",DATASET="Cifar10",ATTACK="DeepFool",KIND="ALL",PHASE="generate",OUTPUT_DIR="adversarial_results_ep100_pre300" adversarial_hpc_submit.pbs </dev/null
[2026-09-07 07:55:45] [OK] InceptionNet/Cifar10/DeepFool/ALL
[2026-09-07 07:55:45] [OK] qsub output: Your job 6474696 ("adversarial_hpc_submit.pbs") has been submitted
[2026-09-07 07:55:45] [SUBMIT] InceptionNet/Cifar100/PGD/ALL
[2026-09-07 07:55:45] [CMD] qsub -q all.q -l ngpus=1 -v MODEL="InceptionNet",DATASET="Cifar100",ATTACK="PGD",KIND="ALL",PHASE="generate",OUTPUT_DIR="adversarial_results_ep100_pre300" adversarial_hpc_submit.pbs </dev/null
[2026-09-07 07:55:51] [OK] InceptionNet/Cifar100/PGD/ALL
[2026-09-07 07:55:51] [OK] qsub output: Your job 6474698 ("adversarial_hpc_submit.pbs") has been submitted
[2026-09-07 07:55:51] [SUBMIT] InceptionNet/Cifar100/FGSM/ALL
[2026-09-07 07:55:51] [CMD] qsub -q all.q -l ngpus=1 -v MODEL="InceptionNet",DATASET="Cifar100",ATTACK="FGSM",KIND="ALL",PHASE="generate",OUTPUT_DIR="adversarial_results_ep100_pre300" adversarial_hpc_submit.pbs </dev/null
[2026-09-07 07:55:54] [OK] InceptionNet/Cifar100/FGSM/ALL
[2026-09-07 07:55:54] [OK] qsub output: Your job 6474699 ("adversarial_hpc_submit.pbs") has been submitted
[2026-09-07 07:55:54] [SUBMIT] InceptionNet/Cifar100/IFGSM/ALL
[2026-09-07 07:55:54] [CMD] qsub -q all.q -l ngpus=1 -v MODEL="InceptionNet",DATASET="Cifar100",ATTACK="IFGSM",KIND="ALL",PHASE="generate",OUTPUT_DIR="adversarial_results_ep100_pre300" adversarial_hpc_submit.pbs </dev/null
