[2026-08-05 15:39:13] [OK] RegNetX_400MF/Cifar10/CW/ALL
[2026-08-05 15:39:13] [OK] qsub output: Your job 6373938 ("adversarial_hpc_submit.pbs") has been submitted
[2026-08-05 15:39:13] [SUBMIT] RegNetX_400MF/Cifar10/DeepFool/ALL
[2026-08-05 15:39:13] [CMD] qsub -q all.q -l ngpus=1 -v MODEL="RegNetX_400MF",DATASET="Cifar10",ATTACK="DeepFool",KIND="ALL",PHASE="generate",OUTPUT_DIR="adversarial_results_ep200_pre200" adversarial_hpc_submit.pbs </dev/null
[2026-08-05 15:39:27] [OK] RegNetX_400MF/Cifar10/DeepFool/ALL
[2026-08-05 15:39:27] [OK] qsub output: Your job 6373943 ("adversarial_hpc_submit.pbs") has been submitted
[2026-08-05 15:39:27] [SUBMIT] RegNetX_400MF/Cifar100/PGD/ALL
[2026-08-05 15:39:27] [CMD] qsub -q all.q -l ngpus=1 -v MODEL="RegNetX_400MF",DATASET="Cifar100",ATTACK="PGD",KIND="ALL",PHASE="generate",OUTPUT_DIR="adversarial_results_ep200_pre200" adversarial_hpc_submit.pbs </dev/null
[2026-08-05 15:39:37] [OK] RegNetX_400MF/Cifar100/PGD/ALL
[2026-08-05 15:39:37] [OK] qsub output: Your job 6373950 ("adversarial_hpc_submit.pbs") has been submitted
[2026-08-05 15:39:37] [SUBMIT] RegNetX_400MF/Cifar100/FGSM/ALL
[2026-08-05 15:39:37] [CMD] qsub -q all.q -l ngpus=1 -v MODEL="RegNetX_400MF",DATASET="Cifar100",ATTACK="FGSM",KIND="ALL",PHASE="generate",OUTPUT_DIR="adversarial_results_ep200_pre200" adversarial_hpc_submit.pbs </dev/null
[2026-08-05 15:39:44] [OK] RegNetX_400MF/Cifar100/FGSM/ALL
[2026-08-05 15:39:45] [OK] qsub output: Your job 6373954 ("adversarial_hpc_submit.pbs") has been submitted
[2026-08-05 15:39:45] [SUBMIT] RegNetX_400MF/Cifar100/IFGSM/ALL
[2026-08-05 15:39:45] [CMD] qsub -q all.q -l ngpus=1 -v MODEL="RegNetX_400MF",DATASET="Cifar100",ATTACK="IFGSM",KIND="ALL",PHASE="generate",OUTPUT_DIR="adversarial_results_ep200_pre200" adversarial_hpc_submit.pbs </dev/null
[2026-08-05 15:39:52] [OK] RegNetX_400MF/Cifar100/IFGSM/ALL
[2026-08-05 15:39:52] [OK] qsub output: Your job 6373958 ("adversarial_hpc_submit.pbs") has been submitted
[2026-08-05 15:39:52] [SUBMIT] RegNetX_400MF/Cifar100/BIM/ALL
[2026-08-05 15:39:52] [CMD] qsub -q all.q -l ngpus=1 -v MODEL="RegNetX_400MF",DATASET="Cifar100",ATTACK="BIM",KIND="ALL",PHASE="generate",OUTPUT_DIR="adversarial_results_ep200_pre200" adversarial_hpc_submit.pbs </dev/null
[2026-08-05 15:40:06] [OK] RegNetX_400MF/Cifar100/BIM/ALL
[2026-08-05 15:40:06] [OK] qsub output: Your job 6373962 ("adversarial_hpc_submit.pbs") has been submitted
[2026-08-05 15:40:06] [SUBMIT] RegNetX_400MF/Cifar100/APGD/ALL
[2026-08-05 15:40:06] [CMD] qsub -q all.q -l ngpus=1 -v MODEL="RegNetX_400MF",DATASET="Cifar100",ATTACK="APGD",KIND="ALL",PHASE="generate",OUTPUT_DIR="adversarial_results_ep200_pre200" adversarial_hpc_submit.pbs </dev/null
[2026-08-05 15:40:14] [OK] RegNetX_400MF/Cifar100/APGD/ALL
[2026-08-05 15:40:14] [OK] qsub output: Your job 6373965 ("adversarial_hpc_submit.pbs") has been submitted
[2026-08-05 15:40:15] [SUBMIT] RegNetX_400MF/Cifar100/CW/ALL
[2026-08-05 15:40:15] [CMD] qsub -q all.q -l ngpus=1 -v MODEL="RegNetX_400MF",DATASET="Cifar100",ATTACK="CW",KIND="ALL",PHASE="generate",OUTPUT_DIR="adversarial_results_ep200_pre200" adversarial_hpc_submit.pbs </dev/null
[2026-08-05 15:40:24] [OK] RegNetX_400MF/Cifar100/CW/ALL
[2026-08-05 15:40:24] [OK] qsub output: Your job 6373968 ("adversarial_hpc_submit.pbs") has been submitted
[2026-08-05 15:40:24] [SUBMIT] RegNetX_400MF/Cifar100/DeepFool/ALL
[2026-08-05 15:40:24] [CMD] qsub -q all.q -l ngpus=1 -v MODEL="RegNetX_400MF",DATASET="Cifar100",ATTACK="DeepFool",KIND="ALL",PHASE="generate",OUTPUT_DIR="adversarial_results_ep200_pre200" adversarial_hpc_submit.pbs </dev/null
[2026-08-05 15:40:36] [OK] RegNetX_400MF/Cifar100/DeepFool/ALL
[2026-08-05 15:40:36] [OK] qsub output: Your job 6373973 ("adversarial_hpc_submit.pbs") has been submitted
[2026-08-05 15:40:36] [SUBMIT] InceptionNet/Cifar10/PGD/ALL
[2026-08-05 15:40:36] [CMD] qsub -q all.q -l ngpus=1 -v MODEL="InceptionNet",DATASET="Cifar10",ATTACK="PGD",KIND="ALL",PHASE="generate",OUTPUT_DIR="adversarial_results_ep200_pre200" adversarial_hpc_submit.pbs </dev/null
[2026-08-05 15:40:47] [OK] InceptionNet/Cifar10/PGD/ALL
[2026-08-05 15:40:47] [OK] qsub output: Your job 6373978 ("adversarial_hpc_submit.pbs") has been submitted
[2026-08-05 15:40:47] [SUBMIT] InceptionNet/Cifar10/FGSM/ALL
[2026-08-05 15:40:47] [CMD] qsub -q all.q -l ngpus=1 -v MODEL="InceptionNet",DATASET="Cifar10",ATTACK="FGSM",KIND="ALL",PHASE="generate",OUTPUT_DIR="adversarial_results_ep200_pre200" adversarial_hpc_submit.pbs </dev/null
[2026-08-05 15:40:57] [OK] InceptionNet/Cifar10/FGSM/ALL
[2026-08-05 15:40:57] [OK] qsub output: Your job 6373982 ("adversarial_hpc_submit.pbs") has been submitted
[2026-08-05 15:40:58] [SUBMIT] InceptionNet/Cifar10/IFGSM/ALL
[2026-08-05 15:40:58] [CMD] qsub -q all.q -l ngpus=1 -v MODEL="InceptionNet",DATASET="Cifar10",ATTACK="IFGSM",KIND="ALL",PHASE="generate",OUTPUT_DIR="adversarial_results_ep200_pre200" adversarial_hpc_submit.pbs </dev/null
[2026-08-05 15:41:11] [OK] InceptionNet/Cifar10/IFGSM/ALL
[2026-08-05 15:41:11] [OK] qsub output: Your job 6373986 ("adversarial_hpc_submit.pbs") has been submitted
[2026-08-05 15:41:11] [SUBMIT] InceptionNet/Cifar10/BIM/ALL
[2026-08-05 15:41:11] [CMD] qsub -q all.q -l ngpus=1 -v MODEL="InceptionNet",DATASET="Cifar10",ATTACK="BIM",KIND="ALL",PHASE="generate",OUTPUT_DIR="adversarial_results_ep200_pre200" adversarial_hpc_submit.pbs </dev/null
[2026-08-05 15:41:16] [OK] InceptionNet/Cifar10/BIM/ALL
[2026-08-05 15:41:16] [OK] qsub output: Your job 6373990 ("adversarial_hpc_submit.pbs") has been submitted
[2026-08-05 15:41:16] [SUBMIT] InceptionNet/Cifar10/APGD/ALL
[2026-08-05 15:41:16] [CMD] qsub -q all.q -l ngpus=1 -v MODEL="InceptionNet",DATASET="Cifar10",ATTACK="APGD",KIND="ALL",PHASE="generate",OUTPUT_DIR="adversarial_results_ep200_pre200" adversarial_hpc_submit.pbs </dev/null
[2026-08-05 15:41:25] [OK] InceptionNet/Cifar10/APGD/ALL
[2026-08-05 15:41:25] [OK] qsub output: Your job 6373993 ("adversarial_hpc_submit.pbs") has been submitted
[2026-08-05 15:41:25] [SUBMIT] InceptionNet/Cifar10/CW/ALL
[2026-08-05 15:41:25] [CMD] qsub -q all.q -l ngpus=1 -v MODEL="InceptionNet",DATASET="Cifar10",ATTACK="CW",KIND="ALL",PHASE="generate",OUTPUT_DIR="adversarial_results_ep200_pre200" adversarial_hpc_submit.pbs </dev/null
[2026-08-05 15:41:39] [OK] InceptionNet/Cifar10/CW/ALL
[2026-08-05 15:41:39] [OK] qsub output: Your job 6373996 ("adversarial_hpc_submit.pbs") has been submitted
[2026-08-05 15:41:39] [SUBMIT] InceptionNet/Cifar10/DeepFool/ALL
[2026-08-05 15:41:39] [CMD] qsub -q all.q -l ngpus=1 -v MODEL="InceptionNet",DATASET="Cifar10",ATTACK="DeepFool",KIND="ALL",PHASE="generate",OUTPUT_DIR="adversarial_results_ep200_pre200" adversarial_hpc_submit.pbs </dev/null
[2026-08-05 15:41:54] [OK] InceptionNet/Cifar10/DeepFool/ALL
[2026-08-05 15:41:55] [OK] qsub output: Your job 6374001 ("adversarial_hpc_submit.pbs") has been submitted
[2026-08-05 15:41:55] [SUBMIT] InceptionNet/Cifar100/PGD/ALL
[2026-08-05 15:41:55] [CMD] qsub -q all.q -l ngpus=1 -v MODEL="InceptionNet",DATASET="Cifar100",ATTACK="PGD",KIND="ALL",PHASE="generate",OUTPUT_DIR="adversarial_results_ep200_pre200" adversarial_hpc_submit.pbs </dev/null
[2026-08-05 15:42:11] [OK] InceptionNet/Cifar100/PGD/ALL
[2026-08-05 15:42:12] [OK] qsub output: Your job 6374005 ("adversarial_hpc_submit.pbs") has been submitted
[2026-08-05 15:42:12] [SUBMIT] InceptionNet/Cifar100/FGSM/ALL
[2026-08-05 15:42:12] [CMD] qsub -q all.q -l ngpus=1 -v MODEL="InceptionNet",DATASET="Cifar100",ATTACK="FGSM",KIND="ALL",PHASE="generate",OUTPUT_DIR="adversarial_results_ep200_pre200" adversarial_hpc_submit.pbs </dev/null
[2026-08-05 15:42:25] [OK] InceptionNet/Cifar100/FGSM/ALL
[2026-08-05 15:42:25] [OK] qsub output: Your job 6374010 ("adversarial_hpc_submit.pbs") has been submitted
[2026-08-05 15:42:25] [SUBMIT] InceptionNet/Cifar100/IFGSM/ALL
[2026-08-05 15:42:25] [CMD] qsub -q all.q -l ngpus=1 -v MODEL="InceptionNet",DATASET="Cifar100",ATTACK="IFGSM",KIND="ALL",PHASE="generate",OUTPUT_DIR="adversarial_results_ep200_pre200" adversarial_hpc_submit.pbs </dev/null
[2026-08-05 15:42:33] [OK] InceptionNet/Cifar100/IFGSM/ALL
[2026-08-05 15:42:35] [OK] qsub output: Your job 6374016 ("adversarial_hpc_submit.pbs") has been submitted
[2026-08-05 15:42:36] [SUBMIT] InceptionNet/Cifar100/BIM/ALL
[2026-08-05 15:42:36] [CMD] qsub -q all.q -l ngpus=1 -v MODEL="InceptionNet",DATASET="Cifar100",ATTACK="BIM",KIND="ALL",PHASE="generate",OUTPUT_DIR="adversarial_results_ep200_pre200" adversarial_hpc_submit.pbs </dev/null
[2026-08-05 15:42:56] [OK] InceptionNet/Cifar100/BIM/ALL
[2026-08-05 15:42:57] [OK] qsub output: Your job 6374024 ("adversarial_hpc_submit.pbs") has been submitted
[2026-08-05 15:42:57] [SUBMIT] InceptionNet/Cifar100/APGD/ALL
[2026-08-05 15:42:57] [CMD] qsub -q all.q -l ngpus=1 -v MODEL="InceptionNet",DATASET="Cifar100",ATTACK="APGD",KIND="ALL",PHASE="generate",OUTPUT_DIR="adversarial_results_ep200_pre200" adversarial_hpc_submit.pbs </dev/null
[2026-08-05 15:43:07] [OK] InceptionNet/Cifar100/APGD/ALL
[2026-08-05 15:43:26] [OK] qsub output: Your job 6374027 ("adversarial_hpc_submit.pbs") has been submitted
[2026-08-05 15:43:27] [SUBMIT] InceptionNet/Cifar100/CW/ALL
[2026-08-05 15:43:35] [CMD] qsub -q all.q -l ngpus=1 -v MODEL="InceptionNet",DATASET="Cifar100",ATTACK="CW",KIND="ALL",PHASE="generate",OUTPUT_DIR="adversarial_results_ep200_pre200" adversarial_hpc_submit.pbs </dev/null
[2026-08-05 15:43:47] [OK] InceptionNet/Cifar100/CW/ALL
[2026-08-05 15:43:47] [OK] qsub output: Your job 6374038 ("adversarial_hpc_submit.pbs") has been submitted
[2026-08-05 15:43:47] [SUBMIT] InceptionNet/Cifar100/DeepFool/ALL
[2026-08-05 15:43:47] [CMD] qsub -q all.q -l ngpus=1 -v MODEL="InceptionNet",DATASET="Cifar100",ATTACK="DeepFool",KIND="ALL",PHASE="generate",OUTPUT_DIR="adversarial_results_ep200_pre200" adversarial_hpc_submit.pbs </dev/null
[2026-08-05 15:43:56] [OK] InceptionNet/Cifar100/DeepFool/ALL
[2026-08-05 15:43:56] [OK] qsub output: Your job 6374042 ("adversarial_hpc_submit.pbs") has been submitted
[2026-08-05 15:43:56] [SUBMIT] MobileNet/Cifar10/PGD/ALL
[2026-08-05 15:43:56] [CMD] qsub -q all.q -l ngpus=1 -v MODEL="MobileNet",DATASET="Cifar10",ATTACK="PGD",KIND="ALL",PHASE="generate",OUTPUT_DIR="adversarial_results_ep200_pre200" adversarial_hpc_submit.pbs </dev/null
[2026-08-05 15:44:10] [OK] MobileNet/Cifar10/PGD/ALL
[2026-08-05 15:44:12] [OK] qsub output: Your job 6374045 ("adversarial_hpc_submit.pbs") has been submitted
[2026-08-05 15:44:12] [SUBMIT] MobileNet/Cifar10/FGSM/ALL
[2026-08-05 15:44:12] [CMD] qsub -q all.q -l ngpus=1 -v MODEL="MobileNet",DATASET="Cifar10",ATTACK="FGSM",KIND="ALL",PHASE="generate",OUTPUT_DIR="adversarial_results_ep200_pre200" adversarial_hpc_submit.pbs </dev/null
[2026-08-05 15:44:22] [OK] MobileNet/Cifar10/FGSM/ALL
[2026-08-05 15:44:22] [OK] qsub output: Your job 6374049 ("adversarial_hpc_submit.pbs") has been submitted
[2026-08-05 15:44:22] [SUBMIT] MobileNet/Cifar10/IFGSM/ALL
[2026-08-05 15:44:22] [CMD] qsub -q all.q -l ngpus=1 -v MODEL="MobileNet",DATASET="Cifar10",ATTACK="IFGSM",KIND="ALL",PHASE="generate",OUTPUT_DIR="adversarial_results_ep200_pre200" adversarial_hpc_submit.pbs </dev/null
[2026-08-05 15:44:38] [OK] MobileNet/Cifar10/IFGSM/ALL
[2026-08-05 15:44:39] [OK] qsub output: Your job 6374054 ("adversarial_hpc_submit.pbs") has been submitted
[2026-08-05 15:44:40] [SUBMIT] MobileNet/Cifar10/BIM/ALL
[2026-08-05 15:44:40] [CMD] qsub -q all.q -l ngpus=1 -v MODEL="MobileNet",DATASET="Cifar10",ATTACK="BIM",KIND="ALL",PHASE="generate",OUTPUT_DIR="adversarial_results_ep200_pre200" adversarial_hpc_submit.pbs </dev/null
[2026-08-05 15:44:50] [OK] MobileNet/Cifar10/BIM/ALL
[2026-08-05 15:44:50] [OK] qsub output: Your job 6374059 ("adversarial_hpc_submit.pbs") has been submitted
[2026-08-05 15:44:50] [SUBMIT] MobileNet/Cifar10/APGD/ALL
[2026-08-05 15:44:50] [CMD] qsub -q all.q -l ngpus=1 -v MODEL="MobileNet",DATASET="Cifar10",ATTACK="APGD",KIND="ALL",PHASE="generate",OUTPUT_DIR="adversarial_results_ep200_pre200" adversarial_hpc_submit.pbs </dev/null
[2026-08-05 15:45:09] [OK] MobileNet/Cifar10/APGD/ALL
[2026-08-05 15:45:09] [OK] qsub output: Your job 6374064 ("adversarial_hpc_submit.pbs") has been submitted
[2026-08-05 15:45:09] [SUBMIT] MobileNet/Cifar10/CW/ALL
[2026-08-05 15:45:09] [CMD] qsub -q all.q -l ngpus=1 -v MODEL="MobileNet",DATASET="Cifar10",ATTACK="CW",KIND="ALL",PHASE="generate",OUTPUT_DIR="adversarial_results_ep200_pre200" adversarial_hpc_submit.pbs </dev/null
[2026-08-05 15:45:21] [OK] MobileNet/Cifar10/CW/ALL
[2026-08-05 15:45:21] [OK] qsub output: Your job 6374069 ("adversarial_hpc_submit.pbs") has been submitted
[2026-08-05 15:45:22] [SUBMIT] MobileNet/Cifar10/DeepFool/ALL
[2026-08-05 15:45:22] [CMD] qsub -q all.q -l ngpus=1 -v MODEL="MobileNet",DATASET="Cifar10",ATTACK="DeepFool",KIND="ALL",PHASE="generate",OUTPUT_DIR="adversarial_results_ep200_pre200" adversarial_hpc_submit.pbs </dev/null
[2026-08-05 15:45:40] [OK] MobileNet/Cifar10/DeepFool/ALL
[2026-08-05 15:45:40] [OK] qsub output: Your job 6374074 ("adversarial_hpc_submit.pbs") has been submitted
[2026-08-05 15:45:40] [SUBMIT] MobileNet/Cifar100/PGD/ALL
[2026-08-05 15:45:40] [CMD] qsub -q all.q -l ngpus=1 -v MODEL="MobileNet",DATASET="Cifar100",ATTACK="PGD",KIND="ALL",PHASE="generate",OUTPUT_DIR="adversarial_results_ep200_pre200" adversarial_hpc_submit.pbs </dev/null
[2026-08-05 15:45:55] [OK] MobileNet/Cifar100/PGD/ALL
[2026-08-05 15:45:55] [OK] qsub output: Your job 6374081 ("adversarial_hpc_submit.pbs") has been submitted
[2026-08-05 15:45:55] [SUBMIT] MobileNet/Cifar100/FGSM/ALL
[2026-08-05 15:45:55] [CMD] qsub -q all.q -l ngpus=1 -v MODEL="MobileNet",DATASET="Cifar100",ATTACK="FGSM",KIND="ALL",PHASE="generate",OUTPUT_DIR="adversarial_results_ep200_pre200" adversarial_hpc_submit.pbs </dev/null
[2026-08-05 15:46:09] [OK] MobileNet/Cifar100/FGSM/ALL
[2026-08-05 15:46:09] [OK] qsub output: Your job 6374086 ("adversarial_hpc_submit.pbs") has been submitted
[2026-08-05 15:46:10] [SUBMIT] MobileNet/Cifar100/IFGSM/ALL
[2026-08-05 15:46:10] [CMD] qsub -q all.q -l ngpus=1 -v MODEL="MobileNet",DATASET="Cifar100",ATTACK="IFGSM",KIND="ALL",PHASE="generate",OUTPUT_DIR="adversarial_results_ep200_pre200" adversarial_hpc_submit.pbs </dev/null
[2026-08-05 15:46:26] [OK] MobileNet/Cifar100/IFGSM/ALL
[2026-08-05 15:46:26] [OK] qsub output: Your job 6374091 ("adversarial_hpc_submit.pbs") has been submitted
[2026-08-05 15:46:26] [SUBMIT] MobileNet/Cifar100/BIM/ALL
[2026-08-05 15:46:26] [CMD] qsub -q all.q -l ngpus=1 -v MODEL="MobileNet",DATASET="Cifar100",ATTACK="BIM",KIND="ALL",PHASE="generate",OUTPUT_DIR="adversarial_results_ep200_pre200" adversarial_hpc_submit.pbs </dev/null
[2026-08-05 15:46:43] [OK] MobileNet/Cifar100/BIM/ALL
[2026-08-05 15:46:43] [OK] qsub output: Your job 6374096 ("adversarial_hpc_submit.pbs") has been submitted
[2026-08-05 15:46:43] [SUBMIT] MobileNet/Cifar100/APGD/ALL
[2026-08-05 15:46:43] [CMD] qsub -q all.q -l ngpus=1 -v MODEL="MobileNet",DATASET="Cifar100",ATTACK="APGD",KIND="ALL",PHASE="generate",OUTPUT_DIR="adversarial_results_ep200_pre200" adversarial_hpc_submit.pbs </dev/null
[2026-08-05 15:46:51] [OK] MobileNet/Cifar100/APGD/ALL
[2026-08-05 15:46:52] [OK] qsub output: Your job 6374101 ("adversarial_hpc_submit.pbs") has been submitted
[2026-08-05 15:46:52] [SUBMIT] MobileNet/Cifar100/CW/ALL
[2026-08-05 15:46:52] [CMD] qsub -q all.q -l ngpus=1 -v MODEL="MobileNet",DATASET="Cifar100",ATTACK="CW",KIND="ALL",PHASE="generate",OUTPUT_DIR="adversarial_results_ep200_pre200" adversarial_hpc_submit.pbs </dev/null
[2026-08-05 15:47:15] [OK] MobileNet/Cifar100/CW/ALL
[2026-08-05 15:47:16] [OK] qsub output: Your job 6374106 ("adversarial_hpc_submit.pbs") has been submitted
[2026-08-05 15:47:16] [SUBMIT] MobileNet/Cifar100/DeepFool/ALL
[2026-08-05 15:47:16] [CMD] qsub -q all.q -l ngpus=1 -v MODEL="MobileNet",DATASET="Cifar100",ATTACK="DeepFool",KIND="ALL",PHASE="generate",OUTPUT_DIR="adversarial_results_ep200_pre200" adversarial_hpc_submit.pbs </dev/null
[2026-08-05 15:47:38] [OK] MobileNet/Cifar100/DeepFool/ALL
[2026-08-05 15:47:38] [OK] qsub output: Your job 6374113 ("adversarial_hpc_submit.pbs") has been submitted
[2026-08-05 15:47:38] [SUBMIT] XceptionNet/Cifar10/PGD/ALL
[2026-08-05 15:47:38] [CMD] qsub -q all.q -l ngpus=1 -v MODEL="XceptionNet",DATASET="Cifar10",ATTACK="PGD",KIND="ALL",PHASE="generate",OUTPUT_DIR="adversarial_results_ep200_pre200" adversarial_hpc_submit.pbs </dev/null
[2026-08-05 15:47:53] [OK] XceptionNet/Cifar10/PGD/ALL
[2026-08-05 15:47:53] [OK] qsub output: Your job 6374118 ("adversarial_hpc_submit.pbs") has been submitted
[2026-08-05 15:47:53] [SUBMIT] XceptionNet/Cifar10/FGSM/ALL
[2026-08-05 15:47:53] [CMD] qsub -q all.q -l ngpus=1 -v MODEL="XceptionNet",DATASET="Cifar10",ATTACK="FGSM",KIND="ALL",PHASE="generate",OUTPUT_DIR="adversarial_results_ep200_pre200" adversarial_hpc_submit.pbs </dev/null
[2026-08-05 15:48:06] [OK] XceptionNet/Cifar10/FGSM/ALL
[2026-08-05 15:48:06] [OK] qsub output: Your job 6374123 ("adversarial_hpc_submit.pbs") has been submitted
[2026-08-05 15:48:06] [SUBMIT] XceptionNet/Cifar10/IFGSM/ALL
[2026-08-05 15:48:06] [CMD] qsub -q all.q -l ngpus=1 -v MODEL="XceptionNet",DATASET="Cifar10",ATTACK="IFGSM",KIND="ALL",PHASE="generate",OUTPUT_DIR="adversarial_results_ep200_pre200" adversarial_hpc_submit.pbs </dev/null
[2026-08-05 15:48:19] [OK] XceptionNet/Cifar10/IFGSM/ALL
[2026-08-05 15:48:19] [OK] qsub output: Your job 6374128 ("adversarial_hpc_submit.pbs") has been submitted
[2026-08-05 15:48:19] [SUBMIT] XceptionNet/Cifar10/BIM/ALL
[2026-08-05 15:48:19] [CMD] qsub -q all.q -l ngpus=1 -v MODEL="XceptionNet",DATASET="Cifar10",ATTACK="BIM",KIND="ALL",PHASE="generate",OUTPUT_DIR="adversarial_results_ep200_pre200" adversarial_hpc_submit.pbs </dev/null
[2026-08-05 15:48:32] [OK] XceptionNet/Cifar10/BIM/ALL
[2026-08-05 15:48:32] [OK] qsub output: Your job 6374132 ("adversarial_hpc_submit.pbs") has been submitted
[2026-08-05 15:48:32] [SUBMIT] XceptionNet/Cifar10/APGD/ALL
[2026-08-05 15:48:32] [CMD] qsub -q all.q -l ngpus=1 -v MODEL="XceptionNet",DATASET="Cifar10",ATTACK="APGD",KIND="ALL",PHASE="generate",OUTPUT_DIR="adversarial_results_ep200_pre200" adversarial_hpc_submit.pbs </dev/null
[2026-08-05 15:48:48] [OK] XceptionNet/Cifar10/APGD/ALL
[2026-08-05 15:48:48] [OK] qsub output: Your job 6374136 ("adversarial_hpc_submit.pbs") has been submitted
[2026-08-05 15:48:48] [SUBMIT] XceptionNet/Cifar10/CW/ALL
[2026-08-05 15:48:48] [CMD] qsub -q all.q -l ngpus=1 -v MODEL="XceptionNet",DATASET="Cifar10",ATTACK="CW",KIND="ALL",PHASE="generate",OUTPUT_DIR="adversarial_results_ep200_pre200" adversarial_hpc_submit.pbs </dev/null
[2026-08-05 15:49:03] [OK] XceptionNet/Cifar10/CW/ALL
[2026-08-05 15:49:03] [OK] qsub output: Your job 6374140 ("adversarial_hpc_submit.pbs") has been submitted
[2026-08-05 15:49:03] [SUBMIT] XceptionNet/Cifar10/DeepFool/ALL
[2026-08-05 15:49:03] [CMD] qsub -q all.q -l ngpus=1 -v MODEL="XceptionNet",DATASET="Cifar10",ATTACK="DeepFool",KIND="ALL",PHASE="generate",OUTPUT_DIR="adversarial_results_ep200_pre200" adversarial_hpc_submit.pbs </dev/null
[2026-08-05 15:49:15] [OK] XceptionNet/Cifar10/DeepFool/ALL
[2026-08-05 15:49:15] [OK] qsub output: Your job 6374145 ("adversarial_hpc_submit.pbs") has been submitted
[2026-08-05 15:49:15] [SUBMIT] XceptionNet/Cifar100/PGD/ALL
[2026-08-05 15:49:15] [CMD] qsub -q all.q -l ngpus=1 -v MODEL="XceptionNet",DATASET="Cifar100",ATTACK="PGD",KIND="ALL",PHASE="generate",OUTPUT_DIR="adversarial_results_ep200_pre200" adversarial_hpc_submit.pbs </dev/null
[2026-08-05 15:49:26] [OK] XceptionNet/Cifar100/PGD/ALL
[2026-08-05 15:49:26] [OK] qsub output: Your job 6374149 ("adversarial_hpc_submit.pbs") has been submitted
[2026-08-05 15:49:26] [SUBMIT] XceptionNet/Cifar100/FGSM/ALL
[2026-08-05 15:49:26] [CMD] qsub -q all.q -l ngpus=1 -v MODEL="XceptionNet",DATASET="Cifar100",ATTACK="FGSM",KIND="ALL",PHASE="generate",OUTPUT_DIR="adversarial_results_ep200_pre200" adversarial_hpc_submit.pbs </dev/null
[2026-08-05 15:49:38] [OK] XceptionNet/Cifar100/FGSM/ALL
[2026-08-05 15:49:38] [OK] qsub output: Your job 6374153 ("adversarial_hpc_submit.pbs") has been submitted
[2026-08-05 15:49:38] [SUBMIT] XceptionNet/Cifar100/IFGSM/ALL
[2026-08-05 15:49:38] [CMD] qsub -q all.q -l ngpus=1 -v MODEL="XceptionNet",DATASET="Cifar100",ATTACK="IFGSM",KIND="ALL",PHASE="generate",OUTPUT_DIR="adversarial_results_ep200_pre200" adversarial_hpc_submit.pbs </dev/null
[2026-08-05 15:49:55] [OK] XceptionNet/Cifar100/IFGSM/ALL
[2026-08-05 15:49:55] [OK] qsub output: Your job 6374157 ("adversarial_hpc_submit.pbs") has been submitted
[2026-08-05 15:49:55] [SUBMIT] XceptionNet/Cifar100/BIM/ALL
[2026-08-05 15:49:55] [CMD] qsub -q all.q -l ngpus=1 -v MODEL="XceptionNet",DATASET="Cifar100",ATTACK="BIM",KIND="ALL",PHASE="generate",OUTPUT_DIR="adversarial_results_ep200_pre200" adversarial_hpc_submit.pbs </dev/null
[2026-08-05 15:50:12] [OK] XceptionNet/Cifar100/BIM/ALL
[2026-08-05 15:50:12] [OK] qsub output: Your job 6374163 ("adversarial_hpc_submit.pbs") has been submitted
[2026-08-05 15:50:12] [SUBMIT] XceptionNet/Cifar100/APGD/ALL
[2026-08-05 15:50:12] [CMD] qsub -q all.q -l ngpus=1 -v MODEL="XceptionNet",DATASET="Cifar100",ATTACK="APGD",KIND="ALL",PHASE="generate",OUTPUT_DIR="adversarial_results_ep200_pre200" adversarial_hpc_submit.pbs </dev/null
[2026-08-05 15:50:22] [OK] XceptionNet/Cifar100/APGD/ALL
[2026-08-05 15:50:22] [OK] qsub output: Your job 6374169 ("adversarial_hpc_submit.pbs") has been submitted
[2026-08-05 15:50:22] [SUBMIT] XceptionNet/Cifar100/CW/ALL
[2026-08-05 15:50:22] [CMD] qsub -q all.q -l ngpus=1 -v MODEL="XceptionNet",DATASET="Cifar100",ATTACK="CW",KIND="ALL",PHASE="generate",OUTPUT_DIR="adversarial_results_ep200_pre200" adversarial_hpc_submit.pbs </dev/null
[2026-08-05 15:50:27] [OK] XceptionNet/Cifar100/CW/ALL
[2026-08-05 15:50:27] [OK] qsub output: Your job 6374172 ("adversarial_hpc_submit.pbs") has been submitted
[2026-08-05 15:50:27] [SUBMIT] XceptionNet/Cifar100/DeepFool/ALL
[2026-08-05 15:50:27] [CMD] qsub -q all.q -l ngpus=1 -v MODEL="XceptionNet",DATASET="Cifar100",ATTACK="DeepFool",KIND="ALL",PHASE="generate",OUTPUT_DIR="adversarial_results_ep200_pre200" adversarial_hpc_submit.pbs </dev/null
[2026-08-05 15:50:35] [OK] XceptionNet/Cifar100/DeepFool/ALL
[2026-08-05 15:50:35] [OK] qsub output: Your job 6374175 ("adversarial_hpc_submit.pbs") has been submitted
[2026-08-05 15:50:35] [SUBMIT] ConvNeXt/Cifar10/PGD/ALL
[2026-08-05 15:50:35] [CMD] qsub -q all.q -l ngpus=1 -v MODEL="ConvNeXt",DATASET="Cifar10",ATTACK="PGD",KIND="ALL",PHASE="generate",OUTPUT_DIR="adversarial_results_ep200_pre200" adversarial_hpc_submit.pbs </dev/null
[2026-08-05 15:50:42] [OK] ConvNeXt/Cifar10/PGD/ALL
[2026-08-05 15:50:42] [OK] qsub output: Your job 6374178 ("adversarial_hpc_submit.pbs") has been submitted
[2026-08-05 15:50:42] [SUBMIT] ConvNeXt/Cifar10/FGSM/ALL
[2026-08-05 15:50:42] [CMD] qsub -q all.q -l ngpus=1 -v MODEL="ConvNeXt",DATASET="Cifar10",ATTACK="FGSM",KIND="ALL",PHASE="generate",OUTPUT_DIR="adversarial_results_ep200_pre200" adversarial_hpc_submit.pbs </dev/null
[2026-08-05 15:50:49] [OK] ConvNeXt/Cifar10/FGSM/ALL
[2026-08-05 15:50:49] [OK] qsub output: Your job 6374181 ("adversarial_hpc_submit.pbs") has been submitted
[2026-08-05 15:50:49] [SUBMIT] ConvNeXt/Cifar10/IFGSM/ALL
[2026-08-05 15:50:49] [CMD] qsub -q all.q -l ngpus=1 -v MODEL="ConvNeXt",DATASET="Cifar10",ATTACK="IFGSM",KIND="ALL",PHASE="generate",OUTPUT_DIR="adversarial_results_ep200_pre200" adversarial_hpc_submit.pbs </dev/null
[2026-08-05 15:51:05] [OK] ConvNeXt/Cifar10/IFGSM/ALL
[2026-08-05 15:51:05] [OK] qsub output: Your job 6374185 ("adversarial_hpc_submit.pbs") has been submitted
[2026-08-05 15:51:05] [SUBMIT] ConvNeXt/Cifar10/BIM/ALL
[2026-08-05 15:51:05] [CMD] qsub -q all.q -l ngpus=1 -v MODEL="ConvNeXt",DATASET="Cifar10",ATTACK="BIM",KIND="ALL",PHASE="generate",OUTPUT_DIR="adversarial_results_ep200_pre200" adversarial_hpc_submit.pbs </dev/null
[2026-08-05 15:51:21] [OK] ConvNeXt/Cifar10/BIM/ALL
[2026-08-05 15:51:21] [OK] qsub output: Your job 6374190 ("adversarial_hpc_submit.pbs") has been submitted
[2026-08-05 15:51:21] [SUBMIT] ConvNeXt/Cifar10/APGD/ALL
[2026-08-05 15:51:21] [CMD] qsub -q all.q -l ngpus=1 -v MODEL="ConvNeXt",DATASET="Cifar10",ATTACK="APGD",KIND="ALL",PHASE="generate",OUTPUT_DIR="adversarial_results_ep200_pre200" adversarial_hpc_submit.pbs </dev/null
[2026-08-05 15:51:34] [OK] ConvNeXt/Cifar10/APGD/ALL
[2026-08-05 15:51:34] [OK] qsub output: Your job 6374194 ("adversarial_hpc_submit.pbs") has been submitted
[2026-08-05 15:51:34] [SUBMIT] ConvNeXt/Cifar10/CW/ALL
[2026-08-05 15:51:34] [CMD] qsub -q all.q -l ngpus=1 -v MODEL="ConvNeXt",DATASET="Cifar10",ATTACK="CW",KIND="ALL",PHASE="generate",OUTPUT_DIR="adversarial_results_ep200_pre200" adversarial_hpc_submit.pbs </dev/null
[2026-08-05 15:51:48] [OK] ConvNeXt/Cifar10/CW/ALL
[2026-08-05 15:51:48] [OK] qsub output: Your job 6374198 ("adversarial_hpc_submit.pbs") has been submitted
[2026-08-05 15:51:48] [SUBMIT] ConvNeXt/Cifar10/DeepFool/ALL
[2026-08-05 15:51:48] [CMD] qsub -q all.q -l ngpus=1 -v MODEL="ConvNeXt",DATASET="Cifar10",ATTACK="DeepFool",KIND="ALL",PHASE="generate",OUTPUT_DIR="adversarial_results_ep200_pre200" adversarial_hpc_submit.pbs </dev/null
[2026-08-05 15:52:02] [OK] ConvNeXt/Cifar10/DeepFool/ALL
[2026-08-05 15:52:02] [OK] qsub output: Your job 6374203 ("adversarial_hpc_submit.pbs") has been submitted
[2026-08-05 15:52:02] [SUBMIT] ConvNeXt/Cifar100/PGD/ALL
[2026-08-05 15:52:02] [CMD] qsub -q all.q -l ngpus=1 -v MODEL="ConvNeXt",DATASET="Cifar100",ATTACK="PGD",KIND="ALL",PHASE="generate",OUTPUT_DIR="adversarial_results_ep200_pre200" adversarial_hpc_submit.pbs </dev/null
[2026-08-05 15:52:17] [OK] ConvNeXt/Cifar100/PGD/ALL
[2026-08-05 15:52:17] [OK] qsub output: Your job 6374208 ("adversarial_hpc_submit.pbs") has been submitted
[2026-08-05 15:52:18] [SUBMIT] ConvNeXt/Cifar100/FGSM/ALL
[2026-08-05 15:52:18] [CMD] qsub -q all.q -l ngpus=1 -v MODEL="ConvNeXt",DATASET="Cifar100",ATTACK="FGSM",KIND="ALL",PHASE="generate",OUTPUT_DIR="adversarial_results_ep200_pre200" adversarial_hpc_submit.pbs </dev/null
[2026-08-05 15:52:28] [OK] ConvNeXt/Cifar100/FGSM/ALL
[2026-08-05 15:52:28] [OK] qsub output: Your job 6374213 ("adversarial_hpc_submit.pbs") has been submitted
[2026-08-05 15:52:28] [SUBMIT] ConvNeXt/Cifar100/IFGSM/ALL
[2026-08-05 15:52:28] [CMD] qsub -q all.q -l ngpus=1 -v MODEL="ConvNeXt",DATASET="Cifar100",ATTACK="IFGSM",KIND="ALL",PHASE="generate",OUTPUT_DIR="adversarial_results_ep200_pre200" adversarial_hpc_submit.pbs </dev/null
[2026-08-05 15:52:34] [OK] ConvNeXt/Cifar100/IFGSM/ALL
[2026-08-05 15:52:34] [OK] qsub output: Your job 6374217 ("adversarial_hpc_submit.pbs") has been submitted
[2026-08-05 15:52:34] [SUBMIT] ConvNeXt/Cifar100/BIM/ALL
[2026-08-05 15:52:34] [CMD] qsub -q all.q -l ngpus=1 -v MODEL="ConvNeXt",DATASET="Cifar100",ATTACK="BIM",KIND="ALL",PHASE="generate",OUTPUT_DIR="adversarial_results_ep200_pre200" adversarial_hpc_submit.pbs </dev/null
[2026-08-05 15:52:44] [OK] ConvNeXt/Cifar100/BIM/ALL
[2026-08-05 15:52:44] [OK] qsub output: Your job 6374220 ("adversarial_hpc_submit.pbs") has been submitted
[2026-08-05 15:52:44] [SUBMIT] ConvNeXt/Cifar100/APGD/ALL
[2026-08-05 15:52:44] [CMD] qsub -q all.q -l ngpus=1 -v MODEL="ConvNeXt",DATASET="Cifar100",ATTACK="APGD",KIND="ALL",PHASE="generate",OUTPUT_DIR="adversarial_results_ep200_pre200" adversarial_hpc_submit.pbs </dev/null
[2026-08-05 15:52:58] [OK] ConvNeXt/Cifar100/APGD/ALL
[2026-08-05 15:52:58] [OK] qsub output: Your job 6374224 ("adversarial_hpc_submit.pbs") has been submitted
[2026-08-05 15:52:58] [SUBMIT] ConvNeXt/Cifar100/CW/ALL
[2026-08-05 15:52:58] [CMD] qsub -q all.q -l ngpus=1 -v MODEL="ConvNeXt",DATASET="Cifar100",ATTACK="CW",KIND="ALL",PHASE="generate",OUTPUT_DIR="adversarial_results_ep200_pre200" adversarial_hpc_submit.pbs </dev/null
[2026-08-05 15:53:05] [OK] ConvNeXt/Cifar100/CW/ALL
[2026-08-05 15:53:05] [OK] qsub output: Your job 6374229 ("adversarial_hpc_submit.pbs") has been submitted
[2026-08-05 15:53:05] [SUBMIT] ConvNeXt/Cifar100/DeepFool/ALL
[2026-08-05 15:53:05] [CMD] qsub -q all.q -l ngpus=1 -v MODEL="ConvNeXt",DATASET="Cifar100",ATTACK="DeepFool",KIND="ALL",PHASE="generate",OUTPUT_DIR="adversarial_results_ep200_pre200" adversarial_hpc_submit.pbs </dev/null
[2026-08-05 15:53:09] [OK] ConvNeXt/Cifar100/DeepFool/ALL
[2026-08-05 15:53:10] [OK] qsub output: Your job 6374232 ("adversarial_hpc_submit.pbs") has been submitted
[2026-08-05 15:53:10] [SUCCESS] Submitted 84 jobs
[2026-08-05 15:53:10] Monitor progress with: qstat
[2026-08-05 15:53:10] ============================================================================
[2026-08-05 15:53:10] Job submission complete. Check logs/ for details.
[2026-08-05 15:53:10] Run log saved to: /Users/jgafur/LTH/manuscript/Tranfer/logs/adversarial_orchestrate_generate_20260805_153528.log
[2026-08-05 15:53:10] ============================================================================
