[2026-09-11 08:44:25] Starting orchestration script
[2026-09-11 08:44:40] Script path: /Users/jgafur/LTH/manuscript/Tranfer
[2026-09-11 08:44:41] Current working directory: /Users/jgafur/LTH/manuscript/Tranfer
[2026-09-11 08:44:41] Phase: epsilon_sweep
[2026-09-11 08:44:41] Output directory: adversarial_results_ep100_pre300
[2026-09-11 08:44:41] Model filter: ALL
[2026-09-11 08:44:41] Dataset filter: ALL
[2026-09-11 08:44:41] Attack filter: ALL
[2026-09-11 08:44:41] Kind filter: ALL
[2026-09-11 08:44:41] Run log: /Users/jgafur/LTH/manuscript/Tranfer/logs/adversarial_orchestrate_epsilon_sweep_20260911_084424.log
[2026-09-11 08:44:41] qsub command found: /opt/sge/bin/lx-amd64/qsub
[2026-09-11 08:44:41] Found submission file: /Users/jgafur/LTH/manuscript/Tranfer/adversarial_hpc_submit.pbs
[2026-09-11 08:44:44] ============================================================================
[2026-09-11 08:44:53] Adversarial Analysis HPC Orchestration
[2026-09-11 08:45:01] ============================================================================
[2026-09-11 08:45:01] Phase:       epsilon_sweep
[2026-09-11 08:45:01] Output Dir:  adversarial_results_ep100_pre300
[2026-09-11 08:45:01] Models:      6 architectures
[2026-09-11 08:45:01] Datasets:    3 datasets
[2026-09-11 08:45:04] ============================================================================
[2026-09-11 08:45:08] Run outputs will be written as txt files in manuscript/Tranfer/
[2026-09-11 08:45:10]   - generate:      <MODEL>_<DATASET>_<ATTACK>_<KIND>_generate_run.txt
[2026-09-11 08:45:11]   - analyze:       adversarial_analyze_run.txt
[2026-09-11 08:45:11]   - plot:          adversarial_plot_run.txt
[2026-09-11 08:45:11]   - gradient_sim:  adversarial_gradient_sim_run.txt
[2026-09-11 08:45:11]   - epsilon_sweep: adversarial_epsilon_sweep_run.txt
[2026-09-11 08:45:14]   - statistics:    adversarial_statistics_run.txt
[2026-09-11 08:45:15]   - cka:           adversarial_cka_run.txt
[2026-09-11 08:45:16]   - compare:       adversarial_compare_run.txt
[2026-09-11 08:45:18]   - compute_tradeoff: adversarial_compute_tradeoff_run.txt
[2026-09-11 08:45:20]   - correlations:  adversarial_correlations_run.txt
[2026-09-11 08:45:22] [PHASE: EPSILON_SWEEP] Submitting Experiment 7 (epsilon sensitivity) job...
[2026-09-11 08:45:23] Sweeps epsilon in {1,2,4,8,16}/255 for PGD, FGSM, BIM.
[2026-09-11 08:45:24] Requires: model checkpoints accessible from the HPC node.
[2026-09-11 08:45:24] [SUBMIT] epsilon_sweep
[2026-09-11 08:45:24] [CMD] qsub -q all.q -l ngpus=1 -v MODEL="ALL",DATASET="ALL",ATTACK="ALL",KIND="ALL",PHASE="epsilon_sweep",OUTPUT_DIR="adversarial_results_ep100_pre300",EPSILON_ATTACKS="ALL" adversarial_hpc_submit.pbs </dev/null
[2026-09-11 08:45:34] [OK] epsilon_sweep
[2026-09-11 08:45:34] [OK] qsub output: Your job 6503657 ("adversarial_hpc_submit.pbs") has been submitted
[2026-09-11 08:45:34] [SUCCESS] Epsilon sensitivity job submitted
[2026-09-11 08:45:34] Output: epsilon_sensitivity.csv, epsilon_sensitivity_delta.csv, epsilon_sensitivity_*.png
[2026-09-11 08:45:34] ============================================================================
[2026-09-11 08:45:34] Job submission complete. Check logs/ for details.
[2026-09-11 08:45:34] Run log saved to: /Users/jgafur/LTH/manuscript/Tranfer/logs/adversarial_orchestrate_epsilon_sweep_20260911_084424.log
[2026-09-11 08:45:34] ============================================================================
