[2026-09-11 09:39:53] Starting orchestration script
[2026-09-11 09:39:57] Script path: /Users/jgafur/LTH/manuscript/Tranfer
[2026-09-11 09:39:57] Current working directory: /Users/jgafur/LTH/manuscript/Tranfer
[2026-09-11 09:39:57] Phase: analyze
[2026-09-11 09:39:57] Output directory: adversarial_results_ep100_pre300
[2026-09-11 09:39:57] Model filter: ALL
[2026-09-11 09:39:57] Dataset filter: ALL
[2026-09-11 09:39:57] Attack filter: ALL
[2026-09-11 09:39:57] Kind filter: ALL
[2026-09-11 09:39:57] Run log: /Users/jgafur/LTH/manuscript/Tranfer/logs/adversarial_orchestrate_analyze_20260911_093953.log
[2026-09-11 09:39:57] qsub command found: /opt/sge/bin/lx-amd64/qsub
[2026-09-11 09:39:57] Found submission file: /Users/jgafur/LTH/manuscript/Tranfer/adversarial_hpc_submit.pbs
[2026-09-11 09:39:57] ============================================================================
[2026-09-11 09:39:57] Adversarial Analysis HPC Orchestration
[2026-09-11 09:39:58] ============================================================================
[2026-09-11 09:39:58] Phase:       analyze
[2026-09-11 09:39:58] Output Dir:  adversarial_results_ep100_pre300
[2026-09-11 09:39:58] Models:      6 architectures
[2026-09-11 09:39:58] Datasets:    3 datasets
[2026-09-11 09:39:58] ============================================================================
[2026-09-11 09:39:58] Run outputs will be written as txt files in manuscript/Tranfer/
[2026-09-11 09:39:58]   - generate:      <MODEL>_<DATASET>_<ATTACK>_<KIND>_generate_run.txt
[2026-09-11 09:39:58]   - analyze:       adversarial_analyze_run.txt
[2026-09-11 09:39:58]   - plot:          adversarial_plot_run.txt
[2026-09-11 09:39:58]   - gradient_sim:  adversarial_gradient_sim_run.txt
[2026-09-11 09:39:58]   - epsilon_sweep: adversarial_epsilon_sweep_run.txt
[2026-09-11 09:39:58]   - statistics:    adversarial_statistics_run.txt
[2026-09-11 09:39:58]   - cka:           adversarial_cka_run.txt
[2026-09-11 09:40:06]   - compare:       adversarial_compare_run.txt
[2026-09-11 09:40:08]   - compute_tradeoff: adversarial_compute_tradeoff_run.txt
[2026-09-11 09:40:09]   - correlations:  adversarial_correlations_run.txt
[2026-09-11 09:40:10] [PHASE: ANALYZE] Submitting transferability analysis job...
[2026-09-11 09:40:10] WARNING: This requires all attacks from --generate to be completed first.
[2026-09-11 09:40:10] [SUBMIT] analyze
[2026-09-11 09:40:10] [CMD] qsub -q all.q -l ngpus=1 -v MODEL="ALL",DATASET="ALL",ATTACK="ALL",KIND="ALL",PHASE="analyze",OUTPUT_DIR="adversarial_results_ep100_pre300" adversarial_hpc_submit.pbs </dev/null
[2026-09-11 09:40:13] [OK] analyze
[2026-09-11 09:40:13] [OK] qsub output: Your job 6504170 ("adversarial_hpc_submit.pbs") has been submitted
[2026-09-11 09:40:13] [SUCCESS] Transferability analysis job submitted
[2026-09-11 09:40:13] ============================================================================
[2026-09-11 09:40:15] Job submission complete. Check logs/ for details.
[2026-09-11 09:40:15] Run log saved to: /Users/jgafur/LTH/manuscript/Tranfer/logs/adversarial_orchestrate_analyze_20260911_093953.log
[2026-09-11 09:40:17] ============================================================================
