[2026-09-11 08:45:51] Starting orchestration script
[2026-09-11 08:45:51] Script path: /Users/jgafur/LTH/manuscript/Tranfer
[2026-09-11 08:45:51] Current working directory: /Users/jgafur/LTH/manuscript/Tranfer
[2026-09-11 08:45:51] Phase: correlations
[2026-09-11 08:45:51] Output directory: adversarial_results_ep300_pre100
[2026-09-11 08:45:51] Model filter: ALL
[2026-09-11 08:45:51] Dataset filter: ALL
[2026-09-11 08:45:51] Attack filter: ALL
[2026-09-11 08:45:51] Kind filter: ALL
[2026-09-11 08:45:51] Run log: /Users/jgafur/LTH/manuscript/Tranfer/logs/adversarial_orchestrate_correlations_20260911_084551.log
[2026-09-11 08:45:51] qsub command found: /opt/sge/bin/lx-amd64/qsub
[2026-09-11 08:45:51] Found submission file: /Users/jgafur/LTH/manuscript/Tranfer/adversarial_hpc_submit.pbs
[2026-09-11 08:45:51] ============================================================================
[2026-09-11 08:45:51] Adversarial Analysis HPC Orchestration
[2026-09-11 08:45:51] ============================================================================
[2026-09-11 08:45:51] Phase:       correlations
[2026-09-11 08:45:51] Output Dir:  adversarial_results_ep300_pre100
[2026-09-11 08:45:51] Models:      6 architectures
[2026-09-11 08:45:51] Datasets:    3 datasets
[2026-09-11 08:45:51] ============================================================================
[2026-09-11 08:45:51] Run outputs will be written as txt files in manuscript/Tranfer/
[2026-09-11 08:45:51]   - generate:      <MODEL>_<DATASET>_<ATTACK>_<KIND>_generate_run.txt
[2026-09-11 08:45:51]   - analyze:       adversarial_analyze_run.txt
[2026-09-11 08:45:51]   - plot:          adversarial_plot_run.txt
[2026-09-11 08:45:51]   - gradient_sim:  adversarial_gradient_sim_run.txt
[2026-09-11 08:45:51]   - epsilon_sweep: adversarial_epsilon_sweep_run.txt
[2026-09-11 08:45:51]   - statistics:    adversarial_statistics_run.txt
[2026-09-11 08:45:51]   - cka:           adversarial_cka_run.txt
[2026-09-11 08:45:51]   - compare:       adversarial_compare_run.txt
[2026-09-11 08:45:51]   - compute_tradeoff: adversarial_compute_tradeoff_run.txt
[2026-09-11 08:45:51]   - correlations:  adversarial_correlations_run.txt
[2026-09-11 08:45:52] [PHASE: CORRELATIONS] Submitting correlation analysis job...
[2026-09-11 08:45:52] [SUBMIT] correlations
[2026-09-11 08:45:52] [CMD] qsub -q all.q -l ngpus=1 -v MODEL="ALL",DATASET="ALL",ATTACK="ALL",KIND="ALL",PHASE="correlations",OUTPUT_DIR="adversarial_results_ep300_pre100" adversarial_hpc_submit.pbs </dev/null
[2026-09-11 08:46:01] [OK] correlations
[2026-09-11 08:46:01] [OK] qsub output: Your job 6503666 ("adversarial_hpc_submit.pbs") has been submitted
[2026-09-11 08:46:01] [SUCCESS] Correlation analysis job submitted
[2026-09-11 08:46:01] Output: correlation_summary.csv, partial_correlation_summary.csv, figure5-8 PNGs
[2026-09-11 08:46:01] ============================================================================
[2026-09-11 08:46:01] Job submission complete. Check logs/ for details.
[2026-09-11 08:46:01] Run log saved to: /Users/jgafur/LTH/manuscript/Tranfer/logs/adversarial_orchestrate_correlations_20260911_084551.log
[2026-09-11 08:46:01] ============================================================================
