[2026-09-11 09:37:51] Starting orchestration script
[2026-09-11 09:37:51] Script path: /Users/jgafur/LTH/manuscript/Tranfer
[2026-09-11 09:37:51] Current working directory: /Users/jgafur/LTH/manuscript/Tranfer
[2026-09-11 09:37:52] Phase: analyze
[2026-09-11 09:37:52] Output directory: adversarial_results_ep200_pre200
[2026-09-11 09:37:52] Model filter: ALL
[2026-09-11 09:37:54] Dataset filter: ALL
[2026-09-11 09:37:54] Attack filter: ALL
[2026-09-11 09:37:54] Kind filter: ALL
[2026-09-11 09:37:57] Run log: /Users/jgafur/LTH/manuscript/Tranfer/logs/adversarial_orchestrate_analyze_20260911_093751.log
[2026-09-11 09:37:57] qsub command found: /opt/sge/bin/lx-amd64/qsub
[2026-09-11 09:37:57] Found submission file: /Users/jgafur/LTH/manuscript/Tranfer/adversarial_hpc_submit.pbs
[2026-09-11 09:37:57] ============================================================================
[2026-09-11 09:37:57] Adversarial Analysis HPC Orchestration
[2026-09-11 09:37:57] ============================================================================
[2026-09-11 09:37:57] Phase:       analyze
[2026-09-11 09:37:57] Output Dir:  adversarial_results_ep200_pre200
[2026-09-11 09:37:57] Models:      6 architectures
[2026-09-11 09:37:57] Datasets:    3 datasets
[2026-09-11 09:37:57] ============================================================================
[2026-09-11 09:37:57] Run outputs will be written as txt files in manuscript/Tranfer/
[2026-09-11 09:37:57]   - generate:      <MODEL>_<DATASET>_<ATTACK>_<KIND>_generate_run.txt
[2026-09-11 09:37:57]   - analyze:       adversarial_analyze_run.txt
[2026-09-11 09:37:57]   - plot:          adversarial_plot_run.txt
[2026-09-11 09:37:57]   - gradient_sim:  adversarial_gradient_sim_run.txt
[2026-09-11 09:37:57]   - epsilon_sweep: adversarial_epsilon_sweep_run.txt
[2026-09-11 09:37:57]   - statistics:    adversarial_statistics_run.txt
[2026-09-11 09:37:57]   - cka:           adversarial_cka_run.txt
[2026-09-11 09:37:57]   - compare:       adversarial_compare_run.txt
[2026-09-11 09:37:57]   - compute_tradeoff: adversarial_compute_tradeoff_run.txt
[2026-09-11 09:37:57]   - correlations:  adversarial_correlations_run.txt
[2026-09-11 09:37:57] [PHASE: ANALYZE] Submitting transferability analysis job...
[2026-09-11 09:37:57] WARNING: This requires all attacks from --generate to be completed first.
[2026-09-11 09:37:57] [SUBMIT] analyze
[2026-09-11 09:37:57] [CMD] qsub -q all.q -l ngpus=1 -v MODEL="ALL",DATASET="ALL",ATTACK="ALL",KIND="ALL",PHASE="analyze",OUTPUT_DIR="adversarial_results_ep200_pre200" adversarial_hpc_submit.pbs </dev/null
[2026-09-11 09:38:05] [OK] analyze
[2026-09-11 09:38:07] [OK] qsub output: Your job 6504136 ("adversarial_hpc_submit.pbs") has been submitted
[2026-09-11 09:38:07] [SUCCESS] Transferability analysis job submitted
[2026-09-11 09:38:07] ============================================================================
[2026-09-11 09:38:07] Job submission complete. Check logs/ for details.
[2026-09-11 09:38:07] Run log saved to: /Users/jgafur/LTH/manuscript/Tranfer/logs/adversarial_orchestrate_analyze_20260911_093751.log
[2026-09-11 09:38:07] ============================================================================
