[2026-09-11 08:43:07] Starting orchestration script
[2026-09-11 08:43:07] Script path: /Users/jgafur/LTH/manuscript/Tranfer
[2026-09-11 08:43:07] Current working directory: /Users/jgafur/LTH/manuscript/Tranfer
[2026-09-11 08:43:08] Phase: plot
[2026-09-11 08:43:08] Output directory: adversarial_results_ep100_pre300
[2026-09-11 08:43:08] Model filter: ALL
[2026-09-11 08:43:08] Dataset filter: ALL
[2026-09-11 08:43:08] Attack filter: ALL
[2026-09-11 08:43:08] Kind filter: ALL
[2026-09-11 08:43:08] Run log: /Users/jgafur/LTH/manuscript/Tranfer/logs/adversarial_orchestrate_plot_20260911_084307.log
[2026-09-11 08:43:08] qsub command found: /opt/sge/bin/lx-amd64/qsub
[2026-09-11 08:43:08] Found submission file: /Users/jgafur/LTH/manuscript/Tranfer/adversarial_hpc_submit.pbs
[2026-09-11 08:43:08] ============================================================================
[2026-09-11 08:43:08] Adversarial Analysis HPC Orchestration
[2026-09-11 08:43:08] ============================================================================
[2026-09-11 08:43:08] Phase:       plot
[2026-09-11 08:43:08] Output Dir:  adversarial_results_ep100_pre300
[2026-09-11 08:43:08] Models:      6 architectures
[2026-09-11 08:43:08] Datasets:    3 datasets
[2026-09-11 08:43:08] ============================================================================
[2026-09-11 08:43:08] Run outputs will be written as txt files in manuscript/Tranfer/
[2026-09-11 08:43:08]   - generate:      <MODEL>_<DATASET>_<ATTACK>_<KIND>_generate_run.txt
[2026-09-11 08:43:08]   - analyze:       adversarial_analyze_run.txt
[2026-09-11 08:43:08]   - plot:          adversarial_plot_run.txt
[2026-09-11 08:43:08]   - gradient_sim:  adversarial_gradient_sim_run.txt
[2026-09-11 08:43:08]   - epsilon_sweep: adversarial_epsilon_sweep_run.txt
[2026-09-11 08:43:08]   - statistics:    adversarial_statistics_run.txt
[2026-09-11 08:43:08]   - cka:           adversarial_cka_run.txt
[2026-09-11 08:43:08]   - compare:       adversarial_compare_run.txt
[2026-09-11 08:43:08]   - compute_tradeoff: adversarial_compute_tradeoff_run.txt
[2026-09-11 08:43:08]   - correlations:  adversarial_correlations_run.txt
[2026-09-11 08:43:08] [PHASE: PLOT] Submitting visualization job...
[2026-09-11 08:43:08] WARNING: This requires summary.csv and transferability.csv to exist.
[2026-09-11 08:43:08] [SUBMIT] plot
[2026-09-11 08:43:08] [CMD] qsub -q all.q -l ngpus=1 -v MODEL="ALL",DATASET="ALL",ATTACK="ALL",KIND="ALL",PHASE="plot",OUTPUT_DIR="adversarial_results_ep100_pre300" adversarial_hpc_submit.pbs </dev/null
[2026-09-11 08:43:18] [OK] plot
[2026-09-11 08:43:23] [OK] qsub output: Your job 6503643 ("adversarial_hpc_submit.pbs") has been submitted
[2026-09-11 08:43:28] [SUCCESS] Visualization job submitted
[2026-09-11 08:43:39] ============================================================================
[2026-09-11 08:43:41] Job submission complete. Check logs/ for details.
[2026-09-11 08:43:41] Run log saved to: /Users/jgafur/LTH/manuscript/Tranfer/logs/adversarial_orchestrate_plot_20260911_084307.log
[2026-09-11 08:43:41] ============================================================================
