[2026-09-11 08:44:24] Starting orchestration script
[2026-09-11 08:44:30] Script path: /Users/jgafur/LTH/manuscript/Tranfer
[2026-09-11 08:44:40] Current working directory: /Users/jgafur/LTH/manuscript/Tranfer
[2026-09-11 08:44:41] Phase: statistics
[2026-09-11 08:44:41] Output directory: adversarial_results_ep200_pre200
[2026-09-11 08:44:41] Model filter: ALL
[2026-09-11 08:44:41] Dataset filter: ALL
[2026-09-11 08:44:41] Attack filter: ALL
[2026-09-11 08:44:41] Kind filter: ALL
[2026-09-11 08:44:41] Run log: /Users/jgafur/LTH/manuscript/Tranfer/logs/adversarial_orchestrate_statistics_20260911_084424.log
[2026-09-11 08:44:41] qsub command found: /opt/sge/bin/lx-amd64/qsub
[2026-09-11 08:44:41] Found submission file: /Users/jgafur/LTH/manuscript/Tranfer/adversarial_hpc_submit.pbs
[2026-09-11 08:44:41] ============================================================================
[2026-09-11 08:44:47] Adversarial Analysis HPC Orchestration
[2026-09-11 08:44:53] ============================================================================
[2026-09-11 08:45:01] Phase:       statistics
[2026-09-11 08:45:01] Output Dir:  adversarial_results_ep200_pre200
[2026-09-11 08:45:01] Models:      6 architectures
[2026-09-11 08:45:01] Datasets:    3 datasets
[2026-09-11 08:45:01] ============================================================================
[2026-09-11 08:45:08] Run outputs will be written as txt files in manuscript/Tranfer/
[2026-09-11 08:45:10]   - generate:      <MODEL>_<DATASET>_<ATTACK>_<KIND>_generate_run.txt
[2026-09-11 08:45:11]   - analyze:       adversarial_analyze_run.txt
[2026-09-11 08:45:11]   - plot:          adversarial_plot_run.txt
[2026-09-11 08:45:11]   - gradient_sim:  adversarial_gradient_sim_run.txt
[2026-09-11 08:45:11]   - epsilon_sweep: adversarial_epsilon_sweep_run.txt
[2026-09-11 08:45:14]   - statistics:    adversarial_statistics_run.txt
[2026-09-11 08:45:15]   - cka:           adversarial_cka_run.txt
[2026-09-11 08:45:16]   - compare:       adversarial_compare_run.txt
[2026-09-11 08:45:18]   - compute_tradeoff: adversarial_compute_tradeoff_run.txt
[2026-09-11 08:45:20]   - correlations:  adversarial_correlations_run.txt
[2026-09-11 08:45:22] [PHASE: STATISTICS] Submitting Experiment 9 (statistical significance) job...
[2026-09-11 08:45:23] Compares Original vs. Finetuned ASR across run configurations.
[2026-09-11 08:45:24] [SUBMIT] statistics
[2026-09-11 08:45:24] [CMD] qsub -q all.q -l ngpus=1 -v MODEL="ALL",DATASET="ALL",ATTACK="ALL",KIND="ALL",PHASE="statistics",OUTPUT_DIR="adversarial_results_ep200_pre200",RESULT_DIRS=" adversarial_results_ep100_pre300 adversarial_results_ep200_pre200 adversarial_results_ep300_pre100" adversarial_hpc_submit.pbs </dev/null
[2026-09-11 08:45:33] [OK] statistics
[2026-09-11 08:45:33] [OK] qsub output: Your job 6503656 ("adversarial_hpc_submit.pbs") has been submitted
[2026-09-11 08:45:33] [SUCCESS] Statistical significance job submitted
[2026-09-11 08:45:33] Output: statistical_significance.csv, statistical_significance_*.png
[2026-09-11 08:45:33] ============================================================================
[2026-09-11 08:45:33] Job submission complete. Check logs/ for details.
[2026-09-11 08:45:33] Run log saved to: /Users/jgafur/LTH/manuscript/Tranfer/logs/adversarial_orchestrate_statistics_20260911_084424.log
[2026-09-11 08:45:33] ============================================================================
