[2026-09-11 08:43:07] Starting orchestration script
[2026-09-11 08:43:07] Script path: /Users/jgafur/LTH/manuscript/Tranfer
[2026-09-11 08:43:07] Current working directory: /Users/jgafur/LTH/manuscript/Tranfer
[2026-09-11 08:43:07] Phase: compare
[2026-09-11 08:43:07] Output directory: adversarial_results_ep300_pre100
[2026-09-11 08:43:07] Model filter: ALL
[2026-09-11 08:43:07] Dataset filter: ALL
[2026-09-11 08:43:07] Attack filter: ALL
[2026-09-11 08:43:07] Kind filter: ALL
[2026-09-11 08:43:07] Run log: /Users/jgafur/LTH/manuscript/Tranfer/logs/adversarial_orchestrate_compare_20260911_084307.log
[2026-09-11 08:43:07] qsub command found: /opt/sge/bin/lx-amd64/qsub
[2026-09-11 08:43:07] Found submission file: /Users/jgafur/LTH/manuscript/Tranfer/adversarial_hpc_submit.pbs
[2026-09-11 08:43:07] ============================================================================
[2026-09-11 08:43:07] Adversarial Analysis HPC Orchestration
[2026-09-11 08:43:07] ============================================================================
[2026-09-11 08:43:07] Phase:       compare
[2026-09-11 08:43:07] Output Dir:  adversarial_results_ep300_pre100
[2026-09-11 08:43:07] Models:      6 architectures
[2026-09-11 08:43:07] Datasets:    3 datasets
[2026-09-11 08:43:07] ============================================================================
[2026-09-11 08:43:07] Run outputs will be written as txt files in manuscript/Tranfer/
[2026-09-11 08:43:07]   - generate:      <MODEL>_<DATASET>_<ATTACK>_<KIND>_generate_run.txt
[2026-09-11 08:43:07]   - analyze:       adversarial_analyze_run.txt
[2026-09-11 08:43:07]   - plot:          adversarial_plot_run.txt
[2026-09-11 08:43:07]   - gradient_sim:  adversarial_gradient_sim_run.txt
[2026-09-11 08:43:07]   - epsilon_sweep: adversarial_epsilon_sweep_run.txt
[2026-09-11 08:43:07]   - statistics:    adversarial_statistics_run.txt
[2026-09-11 08:43:07]   - cka:           adversarial_cka_run.txt
[2026-09-11 08:43:07]   - compare:       adversarial_compare_run.txt
[2026-09-11 08:43:07]   - compute_tradeoff: adversarial_compute_tradeoff_run.txt
[2026-09-11 08:43:07]   - correlations:  adversarial_correlations_run.txt
[2026-09-11 08:43:07] [PHASE: COMPARE] Submitting collapsed-vs-original comparison table job...
[2026-09-11 08:43:07] [SUBMIT] compare
[2026-09-11 08:43:07] [CMD] qsub -q all.q -l ngpus=1 -v MODEL="ALL",DATASET="ALL",ATTACK="ALL",KIND="ALL",PHASE="compare",OUTPUT_DIR="adversarial_results_ep300_pre100" adversarial_hpc_submit.pbs </dev/null
[2026-09-11 08:43:17] [OK] compare
[2026-09-11 08:43:21] [OK] qsub output: Your job 6503642 ("adversarial_hpc_submit.pbs") has been submitted
[2026-09-11 08:43:26] [SUCCESS] Compare job submitted
[2026-09-11 08:43:29] Output: collapsed_vs_original_explainability_*.csv, accuracy_parameter_comparison.csv
[2026-09-11 08:43:39] ============================================================================
[2026-09-11 08:43:41] Job submission complete. Check logs/ for details.
[2026-09-11 08:43:41] Run log saved to: /Users/jgafur/LTH/manuscript/Tranfer/logs/adversarial_orchestrate_compare_20260911_084307.log
[2026-09-11 08:43:41] ============================================================================
