[2026-09-11 08:37:47] Starting orchestration script
[2026-09-11 08:38:18] Script path: /Users/jgafur/LTH/manuscript/Tranfer
[2026-09-11 08:38:32] Current working directory: /Users/jgafur/LTH/manuscript/Tranfer
[2026-09-11 08:38:32] Phase: analyze
[2026-09-11 08:38:32] Output directory: adversarial_results_ep300_pre100
[2026-09-11 08:38:32] Model filter: ALL
[2026-09-11 08:38:32] Dataset filter: ALL
[2026-09-11 08:38:32] Attack filter: ALL
[2026-09-11 08:38:33] Kind filter: ALL
[2026-09-11 08:38:55] Run log: /Users/jgafur/LTH/manuscript/Tranfer/logs/adversarial_orchestrate_analyze_20260911_083747.log
[2026-09-11 08:39:00] qsub command found: /opt/sge/bin/lx-amd64/qsub
[2026-09-11 08:39:10] Found submission file: /Users/jgafur/LTH/manuscript/Tranfer/adversarial_hpc_submit.pbs
[2026-09-11 08:39:21] ============================================================================
[2026-09-11 08:39:31] Adversarial Analysis HPC Orchestration
[2026-09-11 08:39:38] ============================================================================
[2026-09-11 08:39:51] Phase:       analyze
[2026-09-11 08:40:09] Output Dir:  adversarial_results_ep300_pre100
[2026-09-11 08:40:29] Models:      6 architectures
[2026-09-11 08:40:54] Datasets:    3 datasets
[2026-09-11 08:41:06] ============================================================================
[2026-09-11 08:41:21] Run outputs will be written as txt files in manuscript/Tranfer/
[2026-09-11 08:41:39]   - generate:      <MODEL>_<DATASET>_<ATTACK>_<KIND>_generate_run.txt
[2026-09-11 08:41:42]   - analyze:       adversarial_analyze_run.txt
[2026-09-11 08:41:42]   - plot:          adversarial_plot_run.txt
[2026-09-11 08:41:56]   - gradient_sim:  adversarial_gradient_sim_run.txt
[2026-09-11 08:42:03]   - epsilon_sweep: adversarial_epsilon_sweep_run.txt
[2026-09-11 08:42:08]   - statistics:    adversarial_statistics_run.txt
[2026-09-11 08:42:08]   - cka:           adversarial_cka_run.txt
[2026-09-11 08:42:08]   - compare:       adversarial_compare_run.txt
[2026-09-11 08:42:10]   - compute_tradeoff: adversarial_compute_tradeoff_run.txt
[2026-09-11 08:42:11]   - correlations:  adversarial_correlations_run.txt
[2026-09-11 08:42:13] [PHASE: ANALYZE] Submitting transferability analysis job...
[2026-09-11 08:42:14] WARNING: This requires all attacks from --generate to be completed first.
[2026-09-11 08:42:33] [SUBMIT] analyze
[2026-09-11 08:42:38] [CMD] qsub -q all.q -l ngpus=1 -v MODEL="ALL",DATASET="ALL",ATTACK="ALL",KIND="ALL",PHASE="analyze",OUTPUT_DIR="adversarial_results_ep300_pre100" adversarial_hpc_submit.pbs </dev/null
[2026-09-11 08:42:45] [OK] analyze
[2026-09-11 08:42:55] [OK] qsub output: Your job 6503636 ("adversarial_hpc_submit.pbs") has been submitted
[2026-09-11 08:42:56] [SUCCESS] Transferability analysis job submitted
[2026-09-11 08:42:57] ============================================================================
[2026-09-11 08:42:57] Job submission complete. Check logs/ for details.
[2026-09-11 08:42:57] Run log saved to: /Users/jgafur/LTH/manuscript/Tranfer/logs/adversarial_orchestrate_analyze_20260911_083747.log
[2026-09-11 08:42:57] ============================================================================
