[2026-09-11 09:39:01] Starting orchestration script
[2026-09-11 09:39:01] Script path: /Users/jgafur/LTH/manuscript/Tranfer
[2026-09-11 09:39:01] Current working directory: /Users/jgafur/LTH/manuscript/Tranfer
[2026-09-11 09:39:01] Phase: cka
[2026-09-11 09:39:01] Output directory: adversarial_results_ep200_pre200
[2026-09-11 09:39:01] Model filter: ALL
[2026-09-11 09:39:01] Dataset filter: ALL
[2026-09-11 09:39:01] Attack filter: ALL
[2026-09-11 09:39:01] Kind filter: ALL
[2026-09-11 09:39:01] Run log: /Users/jgafur/LTH/manuscript/Tranfer/logs/adversarial_orchestrate_cka_20260911_093901.log
[2026-09-11 09:39:01] qsub command found: /opt/sge/bin/lx-amd64/qsub
[2026-09-11 09:39:01] Found submission file: /Users/jgafur/LTH/manuscript/Tranfer/adversarial_hpc_submit.pbs
[2026-09-11 09:39:01] ============================================================================
[2026-09-11 09:39:01] Adversarial Analysis HPC Orchestration
[2026-09-11 09:39:01] ============================================================================
[2026-09-11 09:39:01] Phase:       cka
[2026-09-11 09:39:01] Output Dir:  adversarial_results_ep200_pre200
[2026-09-11 09:39:01] Models:      6 architectures
[2026-09-11 09:39:01] Datasets:    3 datasets
[2026-09-11 09:39:01] ============================================================================
[2026-09-11 09:39:01] Run outputs will be written as txt files in manuscript/Tranfer/
[2026-09-11 09:39:01]   - generate:      <MODEL>_<DATASET>_<ATTACK>_<KIND>_generate_run.txt
[2026-09-11 09:39:01]   - analyze:       adversarial_analyze_run.txt
[2026-09-11 09:39:01]   - plot:          adversarial_plot_run.txt
[2026-09-11 09:39:01]   - gradient_sim:  adversarial_gradient_sim_run.txt
[2026-09-11 09:39:01]   - epsilon_sweep: adversarial_epsilon_sweep_run.txt
[2026-09-11 09:39:01]   - statistics:    adversarial_statistics_run.txt
[2026-09-11 09:39:01]   - cka:           adversarial_cka_run.txt
[2026-09-11 09:39:01]   - compare:       adversarial_compare_run.txt
[2026-09-11 09:39:01]   - compute_tradeoff: adversarial_compute_tradeoff_run.txt
[2026-09-11 09:39:01]   - correlations:  adversarial_correlations_run.txt
[2026-09-11 09:39:01] [PHASE: CKA] Submitting Experiment 10 (CKA feature similarity) job...
[2026-09-11 09:39:01] Computes layer-wise CKA between all model-kind pairs.
[2026-09-11 09:39:01] Requires: model checkpoints accessible from the HPC node.
[2026-09-11 09:39:01] [SUBMIT] cka
[2026-09-11 09:39:01] [CMD] qsub -q all.q -l ngpus=1 -v MODEL="ALL",DATASET="ALL",ATTACK="ALL",KIND="ALL",PHASE="cka",OUTPUT_DIR="adversarial_results_ep200_pre200" adversarial_hpc_submit.pbs </dev/null
[2026-09-11 09:39:12] [OK] cka
[2026-09-11 09:39:12] [OK] qsub output: Your job 6504156 ("adversarial_hpc_submit.pbs") has been submitted
[2026-09-11 09:39:12] [SUCCESS] CKA feature similarity job submitted
[2026-09-11 09:39:12] Output: cka_similarity.csv, cka_mean_matrix_*.csv, cka_mean_heatmap_*.png, cka_layerwise_*.png
[2026-09-11 09:39:12] ============================================================================
[2026-09-11 09:39:12] Job submission complete. Check logs/ for details.
[2026-09-11 09:39:12] Run log saved to: /Users/jgafur/LTH/manuscript/Tranfer/logs/adversarial_orchestrate_cka_20260911_093901.log
[2026-09-11 09:39:12] ============================================================================
