[2026-09-11 10:28:14] Starting orchestration script
[2026-09-11 10:28:17] Script path: /Users/jgafur/LTH/manuscript/Tranfer
[2026-09-11 10:28:17] Current working directory: /Users/jgafur/LTH/manuscript/Tranfer
[2026-09-11 10:28:17] Phase: compare
[2026-09-11 10:28:17] Output directory: adversarial_results_ep100_pre300
[2026-09-11 10:28:17] Model filter: ALL
[2026-09-11 10:28:17] Dataset filter: ALL
[2026-09-11 10:28:17] Attack filter: ALL
[2026-09-11 10:28:17] Kind filter: ALL
[2026-09-11 10:28:17] Run log: /Users/jgafur/LTH/manuscript/Tranfer/logs/adversarial_orchestrate_compare_20260911_102814.log
[2026-09-11 10:28:17] qsub command found: /opt/sge/bin/lx-amd64/qsub
[2026-09-11 10:28:17] Found submission file: /Users/jgafur/LTH/manuscript/Tranfer/adversarial_hpc_submit.pbs
[2026-09-11 10:28:17] ============================================================================
[2026-09-11 10:28:17] Adversarial Analysis HPC Orchestration
[2026-09-11 10:28:17] ============================================================================
[2026-09-11 10:28:17] Phase:       compare
[2026-09-11 10:28:17] Output Dir:  adversarial_results_ep100_pre300
[2026-09-11 10:28:17] Models:      6 architectures
[2026-09-11 10:28:17] Datasets:    3 datasets
[2026-09-11 10:28:18] ============================================================================
[2026-09-11 10:28:18] Run outputs will be written as txt files in manuscript/Tranfer/
[2026-09-11 10:28:18]   - generate:      <MODEL>_<DATASET>_<ATTACK>_<KIND>_generate_run.txt
[2026-09-11 10:28:18]   - analyze:       adversarial_analyze_run.txt
[2026-09-11 10:28:18]   - plot:          adversarial_plot_run.txt
[2026-09-11 10:28:18]   - gradient_sim:  adversarial_gradient_sim_run.txt
[2026-09-11 10:28:18]   - epsilon_sweep: adversarial_epsilon_sweep_run.txt
[2026-09-11 10:28:18]   - statistics:    adversarial_statistics_run.txt
[2026-09-11 10:28:18]   - cka:           adversarial_cka_run.txt
[2026-09-11 10:28:18]   - compare:       adversarial_compare_run.txt
[2026-09-11 10:28:18]   - compute_tradeoff: adversarial_compute_tradeoff_run.txt
[2026-09-11 10:28:18]   - correlations:  adversarial_correlations_run.txt
[2026-09-11 10:28:18] [PHASE: COMPARE] Submitting Control_Continuted-vs-variant comparison table job...
[2026-09-11 10:28:18] [SUBMIT] compare
[2026-09-11 10:28:18] [CMD] qsub -q all.q -l ngpus=1 -v MODEL="ALL",DATASET="ALL",ATTACK="ALL",KIND="ALL",PHASE="compare",OUTPUT_DIR="adversarial_results_ep100_pre300" adversarial_hpc_submit.pbs </dev/null
[2026-09-11 10:28:25] [OK] compare
[2026-09-11 10:28:25] [OK] qsub output: Your job 6504728 ("adversarial_hpc_submit.pbs") has been submitted
[2026-09-11 10:28:25] [SUCCESS] Compare job submitted
[2026-09-11 10:28:25] Output: collapsed_vs_original_explainability_*.csv, accuracy_parameter_comparison.csv
[2026-09-11 10:28:25] ============================================================================
[2026-09-11 10:28:25] Job submission complete. Check logs/ for details.
[2026-09-11 10:28:25] Run log saved to: /Users/jgafur/LTH/manuscript/Tranfer/logs/adversarial_orchestrate_compare_20260911_102814.log
[2026-09-11 10:28:25] ============================================================================
