[2026-09-11 08:42:57] Starting orchestration script
[2026-09-11 08:42:57] Starting orchestration script
[2026-09-11 08:42:57] Script path: /Users/jgafur/LTH/manuscript/Tranfer
[2026-09-11 08:42:57] Script path: /Users/jgafur/LTH/manuscript/Tranfer
[2026-09-11 08:42:57] Current working directory: /Users/jgafur/LTH/manuscript/Tranfer
[2026-09-11 08:42:57] Current working directory: /Users/jgafur/LTH/manuscript/Tranfer
[2026-09-11 08:42:58] Phase: plot
[2026-09-11 08:42:58] Phase: plot
[2026-09-11 08:42:58] Output directory: adversarial_results_ep300_pre100
[2026-09-11 08:42:58] Output directory: adversarial_results_ep200_pre200
[2026-09-11 08:42:58] Model filter: ALL
[2026-09-11 08:42:58] Model filter: ALL
[2026-09-11 08:42:58] Dataset filter: ALL
[2026-09-11 08:42:58] Dataset filter: ALL
[2026-09-11 08:42:58] Attack filter: ALL
[2026-09-11 08:42:58] Attack filter: ALL
[2026-09-11 08:42:58] Kind filter: ALL
[2026-09-11 08:42:58] Kind filter: ALL
[2026-09-11 08:42:58] Run log: /Users/jgafur/LTH/manuscript/Tranfer/logs/adversarial_orchestrate_plot_20260911_084257.log
[2026-09-11 08:42:58] Run log: /Users/jgafur/LTH/manuscript/Tranfer/logs/adversarial_orchestrate_plot_20260911_084257.log
[2026-09-11 08:42:58] qsub command found: /opt/sge/bin/lx-amd64/qsub
[2026-09-11 08:42:58] Found submission file: /Users/jgafur/LTH/manuscript/Tranfer/adversarial_hpc_submit.pbs
[2026-09-11 08:42:58] qsub command found: /opt/sge/bin/lx-amd64/qsub
[2026-09-11 08:42:58] ============================================================================
[2026-09-11 08:42:58] Adversarial Analysis HPC Orchestration
[2026-09-11 08:42:58] Found submission file: /Users/jgafur/LTH/manuscript/Tranfer/adversarial_hpc_submit.pbs
[2026-09-11 08:42:58] ============================================================================
[2026-09-11 08:42:58] ============================================================================
[2026-09-11 08:42:58] Phase:       plot
[2026-09-11 08:42:58] Adversarial Analysis HPC Orchestration
[2026-09-11 08:42:58] Output Dir:  adversarial_results_ep200_pre200
[2026-09-11 08:42:58] ============================================================================
[2026-09-11 08:42:58] Models:      6 architectures
[2026-09-11 08:42:58] Phase:       plot
[2026-09-11 08:42:58] Datasets:    3 datasets
[2026-09-11 08:42:58] Output Dir:  adversarial_results_ep300_pre100
[2026-09-11 08:42:58] ============================================================================
[2026-09-11 08:42:58] Models:      6 architectures
[2026-09-11 08:42:58] Run outputs will be written as txt files in manuscript/Tranfer/
[2026-09-11 08:42:58] Datasets:    3 datasets
[2026-09-11 08:42:58]   - generate:      <MODEL>_<DATASET>_<ATTACK>_<KIND>_generate_run.txt
[2026-09-11 08:42:58] ============================================================================
[2026-09-11 08:42:58]   - analyze:       adversarial_analyze_run.txt
[2026-09-11 08:42:58]   - plot:          adversarial_plot_run.txt
[2026-09-11 08:42:58] Run outputs will be written as txt files in manuscript/Tranfer/
[2026-09-11 08:42:58]   - generate:      <MODEL>_<DATASET>_<ATTACK>_<KIND>_generate_run.txt
[2026-09-11 08:42:58]   - gradient_sim:  adversarial_gradient_sim_run.txt
[2026-09-11 08:42:58]   - analyze:       adversarial_analyze_run.txt
[2026-09-11 08:42:58]   - epsilon_sweep: adversarial_epsilon_sweep_run.txt
[2026-09-11 08:42:58]   - plot:          adversarial_plot_run.txt
[2026-09-11 08:42:58]   - statistics:    adversarial_statistics_run.txt
[2026-09-11 08:42:58]   - gradient_sim:  adversarial_gradient_sim_run.txt
[2026-09-11 08:42:58]   - cka:           adversarial_cka_run.txt
[2026-09-11 08:42:58]   - epsilon_sweep: adversarial_epsilon_sweep_run.txt
[2026-09-11 08:42:58]   - compare:       adversarial_compare_run.txt
[2026-09-11 08:42:58]   - statistics:    adversarial_statistics_run.txt
[2026-09-11 08:42:58]   - compute_tradeoff: adversarial_compute_tradeoff_run.txt
[2026-09-11 08:42:58]   - cka:           adversarial_cka_run.txt
[2026-09-11 08:42:58]   - correlations:  adversarial_correlations_run.txt
[2026-09-11 08:42:58]   - compare:       adversarial_compare_run.txt
[2026-09-11 08:42:58] [PHASE: PLOT] Submitting visualization job...
[2026-09-11 08:42:58]   - compute_tradeoff: adversarial_compute_tradeoff_run.txt
[2026-09-11 08:42:58]   - correlations:  adversarial_correlations_run.txt
[2026-09-11 08:42:58] WARNING: This requires summary.csv and transferability.csv to exist.
[2026-09-11 08:42:58] [SUBMIT] plot
[2026-09-11 08:42:58] [PHASE: PLOT] Submitting visualization job...
[2026-09-11 08:42:58] [CMD] qsub -q all.q -l ngpus=1 -v MODEL="ALL",DATASET="ALL",ATTACK="ALL",KIND="ALL",PHASE="plot",OUTPUT_DIR="adversarial_results_ep200_pre200" adversarial_hpc_submit.pbs </dev/null
[2026-09-11 08:42:58] WARNING: This requires summary.csv and transferability.csv to exist.
[2026-09-11 08:42:58] [SUBMIT] plot
[2026-09-11 08:42:58] [CMD] qsub -q all.q -l ngpus=1 -v MODEL="ALL",DATASET="ALL",ATTACK="ALL",KIND="ALL",PHASE="plot",OUTPUT_DIR="adversarial_results_ep300_pre100" adversarial_hpc_submit.pbs </dev/null
[2026-09-11 08:43:05] [OK] plot
[2026-09-11 08:43:05] [OK] qsub output: Your job 6503639 ("adversarial_hpc_submit.pbs") has been submitted
[2026-09-11 08:43:05] [SUCCESS] Visualization job submitted
[2026-09-11 08:43:05] ============================================================================
[2026-09-11 08:43:05] Job submission complete. Check logs/ for details.
[2026-09-11 08:43:05] Run log saved to: /Users/jgafur/LTH/manuscript/Tranfer/logs/adversarial_orchestrate_plot_20260911_084257.log
[2026-09-11 08:43:05] ============================================================================
[2026-09-11 08:43:07] [OK] plot
[2026-09-11 08:43:07] [OK] qsub output: Your job 6503640 ("adversarial_hpc_submit.pbs") has been submitted
[2026-09-11 08:43:07] [SUCCESS] Visualization job submitted
[2026-09-11 08:43:07] ============================================================================
[2026-09-11 08:43:07] Job submission complete. Check logs/ for details.
[2026-09-11 08:43:07] Run log saved to: /Users/jgafur/LTH/manuscript/Tranfer/logs/adversarial_orchestrate_plot_20260911_084257.log
[2026-09-11 08:43:07] ============================================================================
