[2026-09-07 07:56:54] Starting orchestration script
[2026-09-07 07:56:54] Script path: /Users/jgafur/LTH/manuscript/Tranfer
[2026-09-07 07:56:54] Current working directory: /Users/jgafur/LTH/manuscript/Tranfer
[2026-09-07 07:56:54] Phase: generate
[2026-09-07 07:56:54] Output directory: adversarial_results_ep100_pre300
[2026-09-07 07:56:54] Model filter: ALL
[2026-09-07 07:56:54] Dataset filter: ALL
[2026-09-07 07:56:54] Attack filter: ALL
[2026-09-07 07:56:54] Kind filter: ALL
[2026-09-07 07:56:54] Run log: /Users/jgafur/LTH/manuscript/Tranfer/logs/adversarial_orchestrate_generate_20260907_075654.log
[2026-09-07 07:56:54] qsub command found: /opt/sge/bin/lx-amd64/qsub
[2026-09-07 07:56:54] Found submission file: /Users/jgafur/LTH/manuscript/Tranfer/adversarial_hpc_submit.pbs
[2026-09-07 07:56:54] ============================================================================
[2026-09-07 07:56:54] Adversarial Analysis HPC Orchestration
[2026-09-07 07:56:54] ============================================================================
[2026-09-07 07:56:54] Phase:       generate
[2026-09-07 07:56:54] Output Dir:  adversarial_results_ep100_pre300
[2026-09-07 07:56:54] Models:      6 architectures
[2026-09-07 07:56:54] Datasets:    2 datasets
[2026-09-07 07:56:54] Attacks:     7 attack types
[2026-09-07 07:56:54] Total Jobs:  ~84
[2026-09-07 07:56:54] ============================================================================
[2026-09-07 07:56:54] Run outputs will be written as txt files in manuscript/Tranfer/
[2026-09-07 07:56:54]   - generate:      <MODEL>_<DATASET>_<ATTACK>_<KIND>_generate_run.txt
[2026-09-07 07:56:54]   - analyze:       adversarial_analyze_run.txt
[2026-09-07 07:56:54]   - plot:          adversarial_plot_run.txt
[2026-09-07 07:56:54]   - gradient_sim:  adversarial_gradient_sim_run.txt
[2026-09-07 07:56:54]   - epsilon_sweep: adversarial_epsilon_sweep_run.txt
[2026-09-07 07:56:54]   - statistics:    adversarial_statistics_run.txt
[2026-09-07 07:56:54]   - cka:           adversarial_cka_run.txt
[2026-09-07 07:56:54]   - compare:       adversarial_compare_run.txt
[2026-09-07 07:56:54]   - compute_tradeoff: adversarial_compute_tradeoff_run.txt
[2026-09-07 07:56:54]   - correlations:  adversarial_correlations_run.txt
[2026-09-07 07:56:54] [PHASE: GENERATE] Submitting attack generation jobs...
[2026-09-07 07:56:54] [SUBMIT] VGG16/Cifar10/PGD/ALL
[2026-09-07 07:56:54] [CMD] qsub -q all.q -l ngpus=1 -v MODEL="VGG16",DATASET="Cifar10",ATTACK="PGD",KIND="ALL",PHASE="generate",OUTPUT_DIR="adversarial_results_ep100_pre300" adversarial_hpc_submit.pbs </dev/null
[2026-09-07 07:57:03] [OK] VGG16/Cifar10/PGD/ALL
[2026-09-07 07:57:03] [OK] qsub output: Your job 6474701 ("adversarial_hpc_submit.pbs") has been submitted
[2026-09-07 07:57:03] [SUBMIT] VGG16/Cifar10/FGSM/ALL
[2026-09-07 07:57:03] [CMD] qsub -q all.q -l ngpus=1 -v MODEL="VGG16",DATASET="Cifar10",ATTACK="FGSM",KIND="ALL",PHASE="generate",OUTPUT_DIR="adversarial_results_ep100_pre300" adversarial_hpc_submit.pbs </dev/null
[2026-09-07 07:57:08] [OK] VGG16/Cifar10/FGSM/ALL
[2026-09-07 07:57:08] [OK] qsub output: Your job 6474702 ("adversarial_hpc_submit.pbs") has been submitted
[2026-09-07 07:57:08] [SUBMIT] VGG16/Cifar10/IFGSM/ALL
[2026-09-07 07:57:08] [CMD] qsub -q all.q -l ngpus=1 -v MODEL="VGG16",DATASET="Cifar10",ATTACK="IFGSM",KIND="ALL",PHASE="generate",OUTPUT_DIR="adversarial_results_ep100_pre300" adversarial_hpc_submit.pbs </dev/null
[2026-09-07 07:57:18] [OK] VGG16/Cifar10/IFGSM/ALL
[2026-09-07 07:57:18] [OK] qsub output: Your job 6474703 ("adversarial_hpc_submit.pbs") has been submitted
[2026-09-07 07:57:18] [SUBMIT] VGG16/Cifar10/BIM/ALL
[2026-09-07 07:57:18] [CMD] qsub -q all.q -l ngpus=1 -v MODEL="VGG16",DATASET="Cifar10",ATTACK="BIM",KIND="ALL",PHASE="generate",OUTPUT_DIR="adversarial_results_ep100_pre300" adversarial_hpc_submit.pbs </dev/null
