[2026-09-11 08:45:34] Starting orchestration script
[2026-09-11 08:45:34] Script path: /Users/jgafur/LTH/manuscript/Tranfer
[2026-09-11 08:45:34] Current working directory: /Users/jgafur/LTH/manuscript/Tranfer
[2026-09-11 08:45:34] Phase: statistics
[2026-09-11 08:45:34] Output directory: adversarial_results_ep100_pre300
[2026-09-11 08:45:34] Model filter: ALL
[2026-09-11 08:45:34] Dataset filter: ALL
[2026-09-11 08:45:34] Attack filter: ALL
[2026-09-11 08:45:34] Kind filter: ALL
[2026-09-11 08:45:34] Run log: /Users/jgafur/LTH/manuscript/Tranfer/logs/adversarial_orchestrate_statistics_20260911_084534.log
[2026-09-11 08:45:34] qsub command found: /opt/sge/bin/lx-amd64/qsub
[2026-09-11 08:45:34] Found submission file: /Users/jgafur/LTH/manuscript/Tranfer/adversarial_hpc_submit.pbs
[2026-09-11 08:45:34] ============================================================================
[2026-09-11 08:45:34] Adversarial Analysis HPC Orchestration
[2026-09-11 08:45:34] ============================================================================
[2026-09-11 08:45:34] Phase:       statistics
[2026-09-11 08:45:34] Output Dir:  adversarial_results_ep100_pre300
[2026-09-11 08:45:34] Models:      6 architectures
[2026-09-11 08:45:34] Datasets:    3 datasets
[2026-09-11 08:45:34] ============================================================================
[2026-09-11 08:45:34] Run outputs will be written as txt files in manuscript/Tranfer/
[2026-09-11 08:45:34]   - generate:      <MODEL>_<DATASET>_<ATTACK>_<KIND>_generate_run.txt
[2026-09-11 08:45:34]   - analyze:       adversarial_analyze_run.txt
[2026-09-11 08:45:34]   - plot:          adversarial_plot_run.txt
[2026-09-11 08:45:34]   - gradient_sim:  adversarial_gradient_sim_run.txt
[2026-09-11 08:45:34]   - epsilon_sweep: adversarial_epsilon_sweep_run.txt
[2026-09-11 08:45:34]   - statistics:    adversarial_statistics_run.txt
[2026-09-11 08:45:34]   - cka:           adversarial_cka_run.txt
[2026-09-11 08:45:34]   - compare:       adversarial_compare_run.txt
[2026-09-11 08:45:34]   - compute_tradeoff: adversarial_compute_tradeoff_run.txt
[2026-09-11 08:45:34]   - correlations:  adversarial_correlations_run.txt
[2026-09-11 08:45:34] [PHASE: STATISTICS] Submitting Experiment 9 (statistical significance) job...
[2026-09-11 08:45:34] Compares Original vs. Finetuned ASR across run configurations.
[2026-09-11 08:45:34] [SUBMIT] statistics
[2026-09-11 08:45:34] [CMD] qsub -q all.q -l ngpus=1 -v MODEL="ALL",DATASET="ALL",ATTACK="ALL",KIND="ALL",PHASE="statistics",OUTPUT_DIR="adversarial_results_ep100_pre300",RESULT_DIRS=" adversarial_results_ep100_pre300 adversarial_results_ep200_pre200 adversarial_results_ep300_pre100" adversarial_hpc_submit.pbs </dev/null
[2026-09-11 08:45:47] [OK] statistics
[2026-09-11 08:45:47] [OK] qsub output: Your job 6503660 ("adversarial_hpc_submit.pbs") has been submitted
[2026-09-11 08:45:47] [SUCCESS] Statistical significance job submitted
[2026-09-11 08:45:47] Output: statistical_significance.csv, statistical_significance_*.png
[2026-09-11 08:45:47] ============================================================================
[2026-09-11 08:45:47] Job submission complete. Check logs/ for details.
[2026-09-11 08:45:47] Run log saved to: /Users/jgafur/LTH/manuscript/Tranfer/logs/adversarial_orchestrate_statistics_20260911_084534.log
[2026-09-11 08:45:47] ============================================================================
