[2026-09-11 10:28:38] Starting orchestration script
[2026-09-11 10:28:38] Script path: /Users/jgafur/LTH/manuscript/Tranfer
[2026-09-11 10:28:38] Current working directory: /Users/jgafur/LTH/manuscript/Tranfer
[2026-09-11 10:28:38] Phase: statistics
[2026-09-11 10:28:38] Output directory: adversarial_results_ep200_pre200
[2026-09-11 10:28:38] Model filter: ALL
[2026-09-11 10:28:38] Dataset filter: ALL
[2026-09-11 10:28:38] Attack filter: ALL
[2026-09-11 10:28:38] Kind filter: ALL
[2026-09-11 10:28:38] Run log: /Users/jgafur/LTH/manuscript/Tranfer/logs/adversarial_orchestrate_statistics_20260911_102838.log
[2026-09-11 10:28:38] qsub command found: /opt/sge/bin/lx-amd64/qsub
[2026-09-11 10:28:38] Found submission file: /Users/jgafur/LTH/manuscript/Tranfer/adversarial_hpc_submit.pbs
[2026-09-11 10:28:38] ============================================================================
[2026-09-11 10:28:38] Adversarial Analysis HPC Orchestration
[2026-09-11 10:28:38] ============================================================================
[2026-09-11 10:28:38] Phase:       statistics
[2026-09-11 10:28:38] Output Dir:  adversarial_results_ep200_pre200
[2026-09-11 10:28:38] Models:      6 architectures
[2026-09-11 10:28:38] Datasets:    3 datasets
[2026-09-11 10:28:38] ============================================================================
[2026-09-11 10:28:38] Run outputs will be written as txt files in manuscript/Tranfer/
[2026-09-11 10:28:38]   - generate:      <MODEL>_<DATASET>_<ATTACK>_<KIND>_generate_run.txt
[2026-09-11 10:28:38]   - analyze:       adversarial_analyze_run.txt
[2026-09-11 10:28:38]   - plot:          adversarial_plot_run.txt
[2026-09-11 10:28:38]   - gradient_sim:  adversarial_gradient_sim_run.txt
[2026-09-11 10:28:38]   - epsilon_sweep: adversarial_epsilon_sweep_run.txt
[2026-09-11 10:28:38]   - statistics:    adversarial_statistics_run.txt
[2026-09-11 10:28:38]   - cka:           adversarial_cka_run.txt
[2026-09-11 10:28:38]   - compare:       adversarial_compare_run.txt
[2026-09-11 10:28:38]   - compute_tradeoff: adversarial_compute_tradeoff_run.txt
[2026-09-11 10:28:38]   - correlations:  adversarial_correlations_run.txt
[2026-09-11 10:28:38] [PHASE: STATISTICS] Submitting Experiment 9 (statistical significance) job...
[2026-09-11 10:28:38] Compares Control_Continuted vs. collapsed-variant ASR across run configurations.
[2026-09-11 10:28:38] [SUBMIT] statistics
[2026-09-11 10:28:38] [CMD] qsub -q all.q -l ngpus=1 -v MODEL="ALL",DATASET="ALL",ATTACK="ALL",KIND="ALL",PHASE="statistics",OUTPUT_DIR="adversarial_results_ep200_pre200",RESULT_DIRS=" adversarial_results_ep100_pre300 adversarial_results_ep200_pre200 adversarial_results_ep300_pre100" adversarial_hpc_submit.pbs </dev/null
[2026-09-11 10:28:49] [OK] statistics
[2026-09-11 10:28:53] [OK] qsub output: Your job 6504735 ("adversarial_hpc_submit.pbs") has been submitted
[2026-09-11 10:28:55] [SUCCESS] Statistical significance job submitted
[2026-09-11 10:28:55] Output: statistical_significance.csv, statistical_significance_*.png
[2026-09-11 10:28:55] ============================================================================
[2026-09-11 10:28:56] Job submission complete. Check logs/ for details.
[2026-09-11 10:30:31] Run log saved to: /Users/jgafur/LTH/manuscript/Tranfer/logs/adversarial_orchestrate_statistics_20260911_102838.log
[2026-09-11 10:30:31] ============================================================================
