[2026-09-11 10:32:32] Starting orchestration script
[2026-09-11 10:32:32] Script path: /Users/jgafur/LTH/manuscript/Tranfer
[2026-09-11 10:32:32] Current working directory: /Users/jgafur/LTH/manuscript/Tranfer
[2026-09-11 10:32:32] Phase: correlations
[2026-09-11 10:32:32] Output directory: adversarial_results_ep200_pre200
[2026-09-11 10:32:33] Model filter: ALL
[2026-09-11 10:32:33] Dataset filter: ALL
[2026-09-11 10:32:33] Attack filter: ALL
[2026-09-11 10:32:34] Kind filter: ALL
[2026-09-11 10:32:35] Run log: /Users/jgafur/LTH/manuscript/Tranfer/logs/adversarial_orchestrate_correlations_20260911_103232.log
[2026-09-11 10:32:35] qsub command found: /opt/sge/bin/lx-amd64/qsub
[2026-09-11 10:32:35] Found submission file: /Users/jgafur/LTH/manuscript/Tranfer/adversarial_hpc_submit.pbs
[2026-09-11 10:32:35] ============================================================================
[2026-09-11 10:32:35] Adversarial Analysis HPC Orchestration
[2026-09-11 10:32:35] ============================================================================
[2026-09-11 10:32:35] Phase:       correlations
[2026-09-11 10:32:36] Output Dir:  adversarial_results_ep200_pre200
[2026-09-11 10:32:36] Models:      6 architectures
[2026-09-11 10:32:36] Datasets:    3 datasets
[2026-09-11 10:32:36] ============================================================================
[2026-09-11 10:32:36] Run outputs will be written as txt files in manuscript/Tranfer/
[2026-09-11 10:32:36]   - generate:      <MODEL>_<DATASET>_<ATTACK>_<KIND>_generate_run.txt
[2026-09-11 10:32:36]   - analyze:       adversarial_analyze_run.txt
[2026-09-11 10:32:36]   - plot:          adversarial_plot_run.txt
[2026-09-11 10:32:37]   - gradient_sim:  adversarial_gradient_sim_run.txt
[2026-09-11 10:32:37]   - epsilon_sweep: adversarial_epsilon_sweep_run.txt
[2026-09-11 10:32:37]   - statistics:    adversarial_statistics_run.txt
[2026-09-11 10:32:37]   - cka:           adversarial_cka_run.txt
[2026-09-11 10:32:37]   - compare:       adversarial_compare_run.txt
[2026-09-11 10:32:37]   - compute_tradeoff: adversarial_compute_tradeoff_run.txt
[2026-09-11 10:32:37]   - correlations:  adversarial_correlations_run.txt
[2026-09-11 10:32:38] [PHASE: CORRELATIONS] Submitting correlation analysis job...
[2026-09-11 10:32:38] [SUBMIT] correlations
[2026-09-11 10:32:38] [CMD] qsub -q all.q -l ngpus=1 -v MODEL="ALL",DATASET="ALL",ATTACK="ALL",KIND="ALL",PHASE="correlations",OUTPUT_DIR="adversarial_results_ep200_pre200" adversarial_hpc_submit.pbs </dev/null
[2026-09-11 10:32:50] [OK] correlations
[2026-09-11 10:32:50] [OK] qsub output: Your job 6504755 ("adversarial_hpc_submit.pbs") has been submitted
[2026-09-11 10:32:50] [SUCCESS] Correlation analysis job submitted
[2026-09-11 10:32:50] Output: correlation_summary.csv, partial_correlation_summary.csv, figure5-8 PNGs
[2026-09-11 10:32:50] ============================================================================
[2026-09-11 10:32:50] Job submission complete. Check logs/ for details.
[2026-09-11 10:32:50] Run log saved to: /Users/jgafur/LTH/manuscript/Tranfer/logs/adversarial_orchestrate_correlations_20260911_103232.log
[2026-09-11 10:32:50] ============================================================================
