[2026-09-11 08:38:32] Starting orchestration script
[2026-09-11 08:38:32] Script path: /Users/jgafur/LTH/manuscript/Tranfer
[2026-09-11 08:38:33] Current working directory: /Users/jgafur/LTH/manuscript/Tranfer
[2026-09-11 08:38:55] Phase: analyze
[2026-09-11 08:39:00] Output directory: adversarial_results_ep200_pre200
[2026-09-11 08:39:10] Model filter: ALL
[2026-09-11 08:39:21] Dataset filter: ALL
[2026-09-11 08:39:31] Attack filter: ALL
[2026-09-11 08:39:38] Kind filter: ALL
[2026-09-11 08:39:51] Run log: /Users/jgafur/LTH/manuscript/Tranfer/logs/adversarial_orchestrate_analyze_20260911_083832.log
[2026-09-11 08:40:09] qsub command found: /opt/sge/bin/lx-amd64/qsub
[2026-09-11 08:40:29] Found submission file: /Users/jgafur/LTH/manuscript/Tranfer/adversarial_hpc_submit.pbs
[2026-09-11 08:40:54] ============================================================================
[2026-09-11 08:41:06] Adversarial Analysis HPC Orchestration
[2026-09-11 08:41:21] ============================================================================
[2026-09-11 08:41:39] Phase:       analyze
[2026-09-11 08:41:42] Output Dir:  adversarial_results_ep200_pre200
[2026-09-11 08:41:42] Models:      6 architectures
[2026-09-11 08:41:56] Datasets:    3 datasets
[2026-09-11 08:42:03] ============================================================================
[2026-09-11 08:42:07] Run outputs will be written as txt files in manuscript/Tranfer/
[2026-09-11 08:42:08]   - generate:      <MODEL>_<DATASET>_<ATTACK>_<KIND>_generate_run.txt
[2026-09-11 08:42:08]   - analyze:       adversarial_analyze_run.txt
[2026-09-11 08:42:10]   - plot:          adversarial_plot_run.txt
[2026-09-11 08:42:11]   - gradient_sim:  adversarial_gradient_sim_run.txt
[2026-09-11 08:42:13]   - epsilon_sweep: adversarial_epsilon_sweep_run.txt
[2026-09-11 08:42:14]   - statistics:    adversarial_statistics_run.txt
[2026-09-11 08:42:33]   - cka:           adversarial_cka_run.txt
[2026-09-11 08:42:38]   - compare:       adversarial_compare_run.txt
[2026-09-11 08:42:39]   - compute_tradeoff: adversarial_compute_tradeoff_run.txt
[2026-09-11 08:42:39]   - correlations:  adversarial_correlations_run.txt
[2026-09-11 08:42:39] [PHASE: ANALYZE] Submitting transferability analysis job...
[2026-09-11 08:42:39] WARNING: This requires all attacks from --generate to be completed first.
[2026-09-11 08:42:39] [SUBMIT] analyze
[2026-09-11 08:42:39] [CMD] qsub -q all.q -l ngpus=1 -v MODEL="ALL",DATASET="ALL",ATTACK="ALL",KIND="ALL",PHASE="analyze",OUTPUT_DIR="adversarial_results_ep200_pre200" adversarial_hpc_submit.pbs </dev/null
[2026-09-11 08:42:49] [OK] analyze
[2026-09-11 08:42:55] [OK] qsub output: Your job 6503637 ("adversarial_hpc_submit.pbs") has been submitted
[2026-09-11 08:42:56] [SUCCESS] Transferability analysis job submitted
[2026-09-11 08:42:57] ============================================================================
[2026-09-11 08:42:57] Job submission complete. Check logs/ for details.
[2026-09-11 08:42:57] Run log saved to: /Users/jgafur/LTH/manuscript/Tranfer/logs/adversarial_orchestrate_analyze_20260911_083832.log
[2026-09-11 08:42:57] ============================================================================
