[2026-09-11 10:27:15] Starting orchestration script
[2026-09-11 10:27:15] Script path: /Users/jgafur/LTH/manuscript/Tranfer
[2026-09-11 10:27:15] Current working directory: /Users/jgafur/LTH/manuscript/Tranfer
[2026-09-11 10:27:15] Phase: analyze
[2026-09-11 10:27:15] Output directory: adversarial_results_ep300_pre100
[2026-09-11 10:27:15] Model filter: ALL
[2026-09-11 10:27:15] Dataset filter: ALL
[2026-09-11 10:27:15] Attack filter: ALL
[2026-09-11 10:27:15] Kind filter: ALL
[2026-09-11 10:27:15] Run log: /Users/jgafur/LTH/manuscript/Tranfer/logs/adversarial_orchestrate_analyze_20260911_102715.log
[2026-09-11 10:27:15] qsub command found: /opt/sge/bin/lx-amd64/qsub
[2026-09-11 10:27:15] Found submission file: /Users/jgafur/LTH/manuscript/Tranfer/adversarial_hpc_submit.pbs
[2026-09-11 10:27:15] ============================================================================
[2026-09-11 10:27:15] Adversarial Analysis HPC Orchestration
[2026-09-11 10:27:15] ============================================================================
[2026-09-11 10:27:15] Phase:       analyze
[2026-09-11 10:27:15] Output Dir:  adversarial_results_ep300_pre100
[2026-09-11 10:27:15] Models:      6 architectures
[2026-09-11 10:27:15] Datasets:    3 datasets
[2026-09-11 10:27:15] ============================================================================
[2026-09-11 10:27:15] Run outputs will be written as txt files in manuscript/Tranfer/
[2026-09-11 10:27:15]   - generate:      <MODEL>_<DATASET>_<ATTACK>_<KIND>_generate_run.txt
[2026-09-11 10:27:15]   - analyze:       adversarial_analyze_run.txt
[2026-09-11 10:27:15]   - plot:          adversarial_plot_run.txt
[2026-09-11 10:27:15]   - gradient_sim:  adversarial_gradient_sim_run.txt
[2026-09-11 10:27:15]   - epsilon_sweep: adversarial_epsilon_sweep_run.txt
[2026-09-11 10:27:15]   - statistics:    adversarial_statistics_run.txt
[2026-09-11 10:27:15]   - cka:           adversarial_cka_run.txt
[2026-09-11 10:27:15]   - compare:       adversarial_compare_run.txt
[2026-09-11 10:27:15]   - compute_tradeoff: adversarial_compute_tradeoff_run.txt
[2026-09-11 10:27:15]   - correlations:  adversarial_correlations_run.txt
[2026-09-11 10:27:15] [PHASE: ANALYZE] Submitting transferability analysis job...
[2026-09-11 10:27:15] WARNING: This requires all attacks from --generate to be completed first.
[2026-09-11 10:27:15] [SUBMIT] analyze
[2026-09-11 10:27:15] [CMD] qsub -q all.q -l ngpus=1 -v MODEL="ALL",DATASET="ALL",ATTACK="ALL",KIND="ALL",PHASE="analyze",OUTPUT_DIR="adversarial_results_ep300_pre100" adversarial_hpc_submit.pbs </dev/null
[2026-09-11 10:27:22] [OK] analyze
[2026-09-11 10:27:30] [OK] qsub output: Your job 6504715 ("adversarial_hpc_submit.pbs") has been submitted
[2026-09-11 10:27:31] [SUCCESS] Transferability analysis job submitted
[2026-09-11 10:27:31] ============================================================================
[2026-09-11 10:27:31] Job submission complete. Check logs/ for details.
[2026-09-11 10:27:31] Run log saved to: /Users/jgafur/LTH/manuscript/Tranfer/logs/adversarial_orchestrate_analyze_20260911_102715.log
[2026-09-11 10:27:31] ============================================================================
