[2026-09-11 10:32:32] Starting orchestration script
[2026-09-11 10:32:32] Script path: /Users/jgafur/LTH/manuscript/Tranfer
[2026-09-11 10:32:33] Current working directory: /Users/jgafur/LTH/manuscript/Tranfer
[2026-09-11 10:32:33] Phase: compute_tradeoff
[2026-09-11 10:32:33] Output directory: adversarial_results_ep100_pre300
[2026-09-11 10:32:34] Model filter: ALL
[2026-09-11 10:32:35] Dataset filter: ALL
[2026-09-11 10:32:35] Attack filter: ALL
[2026-09-11 10:32:35] Kind filter: ALL
[2026-09-11 10:32:35] Run log: /Users/jgafur/LTH/manuscript/Tranfer/logs/adversarial_orchestrate_compute_tradeoff_20260911_103232.log
[2026-09-11 10:32:35] qsub command found: /opt/sge/bin/lx-amd64/qsub
[2026-09-11 10:32:35] Found submission file: /Users/jgafur/LTH/manuscript/Tranfer/adversarial_hpc_submit.pbs
[2026-09-11 10:32:35] ============================================================================
[2026-09-11 10:32:36] Adversarial Analysis HPC Orchestration
[2026-09-11 10:32:36] ============================================================================
[2026-09-11 10:32:36] Phase:       compute_tradeoff
[2026-09-11 10:32:36] Output Dir:  adversarial_results_ep100_pre300
[2026-09-11 10:32:36] Models:      6 architectures
[2026-09-11 10:32:36] Datasets:    3 datasets
[2026-09-11 10:32:36] ============================================================================
[2026-09-11 10:32:37] Run outputs will be written as txt files in manuscript/Tranfer/
[2026-09-11 10:32:37]   - generate:      <MODEL>_<DATASET>_<ATTACK>_<KIND>_generate_run.txt
[2026-09-11 10:32:37]   - analyze:       adversarial_analyze_run.txt
[2026-09-11 10:32:37]   - plot:          adversarial_plot_run.txt
[2026-09-11 10:32:37]   - gradient_sim:  adversarial_gradient_sim_run.txt
[2026-09-11 10:32:37]   - epsilon_sweep: adversarial_epsilon_sweep_run.txt
[2026-09-11 10:32:38]   - statistics:    adversarial_statistics_run.txt
[2026-09-11 10:32:38]   - cka:           adversarial_cka_run.txt
[2026-09-11 10:32:38]   - compare:       adversarial_compare_run.txt
[2026-09-11 10:32:38]   - compute_tradeoff: adversarial_compute_tradeoff_run.txt
[2026-09-11 10:32:38]   - correlations:  adversarial_correlations_run.txt
[2026-09-11 10:32:38] [PHASE: COMPUTE_TRADEOFF] Submitting compute-cost tradeoff job...
[2026-09-11 10:32:38] [SUBMIT] compute_tradeoff
[2026-09-11 10:32:38] [CMD] qsub -q all.q -l ngpus=1 -v MODEL="ALL",DATASET="ALL",ATTACK="ALL",KIND="ALL",PHASE="compute_tradeoff",OUTPUT_DIR="adversarial_results_ep100_pre300" adversarial_hpc_submit.pbs </dev/null
[2026-09-11 10:32:49] [OK] compute_tradeoff
[2026-09-11 10:32:50] [OK] qsub output: Your job 6504756 ("adversarial_hpc_submit.pbs") has been submitted
[2026-09-11 10:32:50] [SUCCESS] Compute tradeoff job submitted
[2026-09-11 10:32:50] Output: compute_profile.csv, tradeoff_summary.csv, figure1-4 tradeoff PNGs
[2026-09-11 10:32:50] ============================================================================
[2026-09-11 10:32:50] Job submission complete. Check logs/ for details.
[2026-09-11 10:32:50] Run log saved to: /Users/jgafur/LTH/manuscript/Tranfer/logs/adversarial_orchestrate_compute_tradeoff_20260911_103232.log
[2026-09-11 10:32:50] ============================================================================
