[2026-09-11 09:42:18] Starting orchestration script
[2026-09-11 09:42:18] Starting orchestration script
[2026-09-11 09:42:18] Starting orchestration script
[2026-09-11 09:42:18] Script path: /Users/jgafur/LTH/manuscript/Tranfer
[2026-09-11 09:42:18] Script path: /Users/jgafur/LTH/manuscript/Tranfer
[2026-09-11 09:42:18] Script path: /Users/jgafur/LTH/manuscript/Tranfer
[2026-09-11 09:42:18] Current working directory: /Users/jgafur/LTH/manuscript/Tranfer
[2026-09-11 09:42:18] Current working directory: /Users/jgafur/LTH/manuscript/Tranfer
[2026-09-11 09:42:18] Current working directory: /Users/jgafur/LTH/manuscript/Tranfer
[2026-09-11 09:42:18] Phase: generate
[2026-09-11 09:42:18] Phase: generate
[2026-09-11 09:42:18] Phase: generate
[2026-09-11 09:42:18] Output directory: adversarial_results_ep200_pre200
[2026-09-11 09:42:18] Output directory: adversarial_results_ep100_pre300
[2026-09-11 09:42:18] Output directory: adversarial_results_ep300_pre100
[2026-09-11 09:42:18] Model filter: ALL
[2026-09-11 09:42:18] Model filter: ALL
[2026-09-11 09:42:18] Model filter: ALL
[2026-09-11 09:42:18] Dataset filter: ALL
[2026-09-11 09:42:18] Dataset filter: ALL
[2026-09-11 09:42:18] Dataset filter: ALL
[2026-09-11 09:42:18] Attack filter: ALL
[2026-09-11 09:42:18] Attack filter: ALL
[2026-09-11 09:42:18] Attack filter: ALL
[2026-09-11 09:42:18] Kind filter: ALL
[2026-09-11 09:42:18] Kind filter: ALL
[2026-09-11 09:42:18] Kind filter: ALL
[2026-09-11 09:42:18] Run log: /Users/jgafur/LTH/manuscript/Tranfer/logs/adversarial_orchestrate_generate_20260911_094218.log
[2026-09-11 09:42:18] Run log: /Users/jgafur/LTH/manuscript/Tranfer/logs/adversarial_orchestrate_generate_20260911_094218.log
[2026-09-11 09:42:18] Run log: /Users/jgafur/LTH/manuscript/Tranfer/logs/adversarial_orchestrate_generate_20260911_094218.log
[2026-09-11 09:42:18] qsub command found: /opt/sge/bin/lx-amd64/qsub
[2026-09-11 09:42:19] qsub command found: /opt/sge/bin/lx-amd64/qsub
[2026-09-11 09:42:19] Found submission file: /Users/jgafur/LTH/manuscript/Tranfer/adversarial_hpc_submit.pbs
[2026-09-11 09:42:19] qsub command found: /opt/sge/bin/lx-amd64/qsub
[2026-09-11 09:42:19] Found submission file: /Users/jgafur/LTH/manuscript/Tranfer/adversarial_hpc_submit.pbs
[2026-09-11 09:42:19] ============================================================================
[2026-09-11 09:42:19] Found submission file: /Users/jgafur/LTH/manuscript/Tranfer/adversarial_hpc_submit.pbs
[2026-09-11 09:42:19] ============================================================================
[2026-09-11 09:42:19] Adversarial Analysis HPC Orchestration
[2026-09-11 09:42:19] ============================================================================
[2026-09-11 09:42:19] Adversarial Analysis HPC Orchestration
[2026-09-11 09:42:19] ============================================================================
[2026-09-11 09:42:19] Adversarial Analysis HPC Orchestration
[2026-09-11 09:42:19] ============================================================================
[2026-09-11 09:42:19] Phase:       generate
[2026-09-11 09:42:19] ============================================================================
[2026-09-11 09:42:19] Output Dir:  adversarial_results_ep200_pre200
[2026-09-11 09:42:19] Phase:       generate
[2026-09-11 09:42:19] Phase:       generate
[2026-09-11 09:42:19] Models:      6 architectures
[2026-09-11 09:42:19] Output Dir:  adversarial_results_ep100_pre300
[2026-09-11 09:42:19] Output Dir:  adversarial_results_ep300_pre100
[2026-09-11 09:42:19] Datasets:    3 datasets
[2026-09-11 09:42:19] Models:      6 architectures
[2026-09-11 09:42:19] Models:      6 architectures
[2026-09-11 09:42:19] Attacks:     7 attack types
[2026-09-11 09:42:19] Datasets:    3 datasets
[2026-09-11 09:42:19] Datasets:    3 datasets
[2026-09-11 09:42:19] Total Jobs:  ~126
[2026-09-11 09:42:19] Attacks:     7 attack types
[2026-09-11 09:42:19] Attacks:     7 attack types
[2026-09-11 09:42:19] ============================================================================
[2026-09-11 09:42:19] Total Jobs:  ~126
[2026-09-11 09:42:19] Total Jobs:  ~126
[2026-09-11 09:42:19] Run outputs will be written as txt files in manuscript/Tranfer/
[2026-09-11 09:42:19] ============================================================================
[2026-09-11 09:42:19] ============================================================================
[2026-09-11 09:42:19]   - generate:      <MODEL>_<DATASET>_<ATTACK>_<KIND>_generate_run.txt
[2026-09-11 09:42:19] Run outputs will be written as txt files in manuscript/Tranfer/
[2026-09-11 09:42:19] Run outputs will be written as txt files in manuscript/Tranfer/
[2026-09-11 09:42:19]   - generate:      <MODEL>_<DATASET>_<ATTACK>_<KIND>_generate_run.txt
[2026-09-11 09:42:19]   - analyze:       adversarial_analyze_run.txt
[2026-09-11 09:42:19]   - generate:      <MODEL>_<DATASET>_<ATTACK>_<KIND>_generate_run.txt
[2026-09-11 09:42:19]   - analyze:       adversarial_analyze_run.txt
[2026-09-11 09:42:19]   - plot:          adversarial_plot_run.txt
[2026-09-11 09:42:19]   - analyze:       adversarial_analyze_run.txt
[2026-09-11 09:42:19]   - plot:          adversarial_plot_run.txt
[2026-09-11 09:42:19]   - gradient_sim:  adversarial_gradient_sim_run.txt
[2026-09-11 09:42:19]   - plot:          adversarial_plot_run.txt
[2026-09-11 09:42:19]   - epsilon_sweep: adversarial_epsilon_sweep_run.txt
[2026-09-11 09:42:19]   - gradient_sim:  adversarial_gradient_sim_run.txt
[2026-09-11 09:42:19]   - gradient_sim:  adversarial_gradient_sim_run.txt
[2026-09-11 09:42:19]   - statistics:    adversarial_statistics_run.txt
[2026-09-11 09:42:19]   - epsilon_sweep: adversarial_epsilon_sweep_run.txt
[2026-09-11 09:42:19]   - epsilon_sweep: adversarial_epsilon_sweep_run.txt
[2026-09-11 09:42:19]   - cka:           adversarial_cka_run.txt
[2026-09-11 09:42:19]   - statistics:    adversarial_statistics_run.txt
[2026-09-11 09:42:19]   - statistics:    adversarial_statistics_run.txt
[2026-09-11 09:42:19]   - compare:       adversarial_compare_run.txt
[2026-09-11 09:42:19]   - cka:           adversarial_cka_run.txt
[2026-09-11 09:42:19]   - cka:           adversarial_cka_run.txt
[2026-09-11 09:42:19]   - compare:       adversarial_compare_run.txt
[2026-09-11 09:42:19]   - compute_tradeoff: adversarial_compute_tradeoff_run.txt
[2026-09-11 09:42:19]   - compute_tradeoff: adversarial_compute_tradeoff_run.txt
[2026-09-11 09:42:19]   - correlations:  adversarial_correlations_run.txt
[2026-09-11 09:42:19]   - compare:       adversarial_compare_run.txt
[2026-09-11 09:42:19]   - correlations:  adversarial_correlations_run.txt
[2026-09-11 09:42:19] [PHASE: GENERATE] Submitting attack generation jobs...
[2026-09-11 09:42:19]   - compute_tradeoff: adversarial_compute_tradeoff_run.txt
[2026-09-11 09:42:19] [SUBMIT] VGG16/Cifar10/PGD/ALL
[2026-09-11 09:42:19] [PHASE: GENERATE] Submitting attack generation jobs...
[2026-09-11 09:42:19]   - correlations:  adversarial_correlations_run.txt
[2026-09-11 09:42:19] [CMD] qsub -q all.q -l ngpus=1 -v MODEL="VGG16",DATASET="Cifar10",ATTACK="PGD",KIND="ALL",PHASE="generate",OUTPUT_DIR="adversarial_results_ep200_pre200" adversarial_hpc_submit.pbs </dev/null
[2026-09-11 09:42:19] [SUBMIT] VGG16/Cifar10/PGD/ALL
[2026-09-11 09:42:19] [PHASE: GENERATE] Submitting attack generation jobs...
[2026-09-11 09:42:19] [CMD] qsub -q all.q -l ngpus=1 -v MODEL="VGG16",DATASET="Cifar10",ATTACK="PGD",KIND="ALL",PHASE="generate",OUTPUT_DIR="adversarial_results_ep100_pre300" adversarial_hpc_submit.pbs </dev/null
[2026-09-11 09:42:19] [SUBMIT] VGG16/Cifar10/PGD/ALL
[2026-09-11 09:42:19] [CMD] qsub -q all.q -l ngpus=1 -v MODEL="VGG16",DATASET="Cifar10",ATTACK="PGD",KIND="ALL",PHASE="generate",OUTPUT_DIR="adversarial_results_ep300_pre100" adversarial_hpc_submit.pbs </dev/null
[2026-09-11 09:42:23] [OK] VGG16/Cifar10/PGD/ALL
[2026-09-11 09:42:23] [OK] qsub output: Your job 6504198 ("adversarial_hpc_submit.pbs") has been submitted
[2026-09-11 09:42:23] [SUBMIT] VGG16/Cifar10/FGSM/ALL
[2026-09-11 09:42:23] [CMD] qsub -q all.q -l ngpus=1 -v MODEL="VGG16",DATASET="Cifar10",ATTACK="FGSM",KIND="ALL",PHASE="generate",OUTPUT_DIR="adversarial_results_ep200_pre200" adversarial_hpc_submit.pbs </dev/null
[2026-09-11 09:42:27] [OK] VGG16/Cifar10/PGD/ALL
[2026-09-11 09:42:27] [OK] qsub output: Your job 6504200 ("adversarial_hpc_submit.pbs") has been submitted
[2026-09-11 09:42:27] [SUBMIT] VGG16/Cifar10/FGSM/ALL
[2026-09-11 09:42:27] [CMD] qsub -q all.q -l ngpus=1 -v MODEL="VGG16",DATASET="Cifar10",ATTACK="FGSM",KIND="ALL",PHASE="generate",OUTPUT_DIR="adversarial_results_ep300_pre100" adversarial_hpc_submit.pbs </dev/null
[2026-09-11 09:42:28] [OK] VGG16/Cifar10/PGD/ALL
[2026-09-11 09:42:28] [OK] qsub output: Your job 6504199 ("adversarial_hpc_submit.pbs") has been submitted
[2026-09-11 09:42:28] [SUBMIT] VGG16/Cifar10/FGSM/ALL
[2026-09-11 09:42:28] [CMD] qsub -q all.q -l ngpus=1 -v MODEL="VGG16",DATASET="Cifar10",ATTACK="FGSM",KIND="ALL",PHASE="generate",OUTPUT_DIR="adversarial_results_ep100_pre300" adversarial_hpc_submit.pbs </dev/null
[2026-09-11 09:42:30] [OK] VGG16/Cifar10/FGSM/ALL
[2026-09-11 09:42:30] [OK] qsub output: Your job 6504201 ("adversarial_hpc_submit.pbs") has been submitted
[2026-09-11 09:42:30] [SUBMIT] VGG16/Cifar10/IFGSM/ALL
[2026-09-11 09:42:30] [CMD] qsub -q all.q -l ngpus=1 -v MODEL="VGG16",DATASET="Cifar10",ATTACK="IFGSM",KIND="ALL",PHASE="generate",OUTPUT_DIR="adversarial_results_ep200_pre200" adversarial_hpc_submit.pbs </dev/null
[2026-09-11 09:42:34] [OK] VGG16/Cifar10/FGSM/ALL
[2026-09-11 09:42:34] [OK] qsub output: Your job 6504203 ("adversarial_hpc_submit.pbs") has been submitted
[2026-09-11 09:42:34] [SUBMIT] VGG16/Cifar10/IFGSM/ALL
[2026-09-11 09:42:34] [CMD] qsub -q all.q -l ngpus=1 -v MODEL="VGG16",DATASET="Cifar10",ATTACK="IFGSM",KIND="ALL",PHASE="generate",OUTPUT_DIR="adversarial_results_ep100_pre300" adversarial_hpc_submit.pbs </dev/null
[2026-09-11 09:42:36] [OK] VGG16/Cifar10/FGSM/ALL
[2026-09-11 09:42:36] [OK] qsub output: Your job 6504202 ("adversarial_hpc_submit.pbs") has been submitted
[2026-09-11 09:42:36] [SUBMIT] VGG16/Cifar10/IFGSM/ALL
[2026-09-11 09:42:36] [CMD] qsub -q all.q -l ngpus=1 -v MODEL="VGG16",DATASET="Cifar10",ATTACK="IFGSM",KIND="ALL",PHASE="generate",OUTPUT_DIR="adversarial_results_ep300_pre100" adversarial_hpc_submit.pbs </dev/null
[2026-09-11 09:42:37] [OK] VGG16/Cifar10/IFGSM/ALL
[2026-09-11 09:42:37] [OK] qsub output: Your job 6504205 ("adversarial_hpc_submit.pbs") has been submitted
[2026-09-11 09:42:37] [SUBMIT] VGG16/Cifar10/BIM/ALL
[2026-09-11 09:42:37] [CMD] qsub -q all.q -l ngpus=1 -v MODEL="VGG16",DATASET="Cifar10",ATTACK="BIM",KIND="ALL",PHASE="generate",OUTPUT_DIR="adversarial_results_ep100_pre300" adversarial_hpc_submit.pbs </dev/null
[2026-09-11 09:42:42] [OK] VGG16/Cifar10/IFGSM/ALL
[2026-09-11 09:42:42] [OK] qsub output: Your job 6504204 ("adversarial_hpc_submit.pbs") has been submitted
[2026-09-11 09:42:42] [SUBMIT] VGG16/Cifar10/BIM/ALL
[2026-09-11 09:42:42] [CMD] qsub -q all.q -l ngpus=1 -v MODEL="VGG16",DATASET="Cifar10",ATTACK="BIM",KIND="ALL",PHASE="generate",OUTPUT_DIR="adversarial_results_ep200_pre200" adversarial_hpc_submit.pbs </dev/null
[2026-09-11 09:42:47] [OK] VGG16/Cifar10/BIM/ALL
[2026-09-11 09:42:47] [OK] qsub output: Your job 6504207 ("adversarial_hpc_submit.pbs") has been submitted
[2026-09-11 09:42:47] [SUBMIT] VGG16/Cifar10/APGD/ALL
[2026-09-11 09:42:47] [CMD] qsub -q all.q -l ngpus=1 -v MODEL="VGG16",DATASET="Cifar10",ATTACK="APGD",KIND="ALL",PHASE="generate",OUTPUT_DIR="adversarial_results_ep100_pre300" adversarial_hpc_submit.pbs </dev/null
[2026-09-11 09:42:47] [OK] VGG16/Cifar10/IFGSM/ALL
[2026-09-11 09:42:47] [OK] qsub output: Your job 6504206 ("adversarial_hpc_submit.pbs") has been submitted
[2026-09-11 09:42:47] [SUBMIT] VGG16/Cifar10/BIM/ALL
[2026-09-11 09:42:47] [CMD] qsub -q all.q -l ngpus=1 -v MODEL="VGG16",DATASET="Cifar10",ATTACK="BIM",KIND="ALL",PHASE="generate",OUTPUT_DIR="adversarial_results_ep300_pre100" adversarial_hpc_submit.pbs </dev/null
[2026-09-11 09:42:51] [OK] VGG16/Cifar10/APGD/ALL
[2026-09-11 09:42:51] [OK] qsub output: Your job 6504209 ("adversarial_hpc_submit.pbs") has been submitted
[2026-09-11 09:42:51] [SUBMIT] VGG16/Cifar10/CW/ALL
[2026-09-11 09:42:51] [CMD] qsub -q all.q -l ngpus=1 -v MODEL="VGG16",DATASET="Cifar10",ATTACK="CW",KIND="ALL",PHASE="generate",OUTPUT_DIR="adversarial_results_ep100_pre300" adversarial_hpc_submit.pbs </dev/null
[2026-09-11 09:42:54] [OK] VGG16/Cifar10/BIM/ALL
[2026-09-11 09:42:54] [OK] qsub output: Your job 6504208 ("adversarial_hpc_submit.pbs") has been submitted
[2026-09-11 09:42:54] [SUBMIT] VGG16/Cifar10/APGD/ALL
[2026-09-11 09:42:54] [CMD] qsub -q all.q -l ngpus=1 -v MODEL="VGG16",DATASET="Cifar10",ATTACK="APGD",KIND="ALL",PHASE="generate",OUTPUT_DIR="adversarial_results_ep200_pre200" adversarial_hpc_submit.pbs </dev/null
[2026-09-11 09:42:57] [OK] VGG16/Cifar10/BIM/ALL
[2026-09-11 09:42:57] [OK] qsub output: Your job 6504210 ("adversarial_hpc_submit.pbs") has been submitted
[2026-09-11 09:42:57] [SUBMIT] VGG16/Cifar10/APGD/ALL
[2026-09-11 09:42:57] [CMD] qsub -q all.q -l ngpus=1 -v MODEL="VGG16",DATASET="Cifar10",ATTACK="APGD",KIND="ALL",PHASE="generate",OUTPUT_DIR="adversarial_results_ep300_pre100" adversarial_hpc_submit.pbs </dev/null
[2026-09-11 09:42:58] [OK] VGG16/Cifar10/CW/ALL
[2026-09-11 09:42:58] [OK] qsub output: Your job 6504211 ("adversarial_hpc_submit.pbs") has been submitted
[2026-09-11 09:42:58] [SUBMIT] VGG16/Cifar10/DeepFool/ALL
[2026-09-11 09:42:58] [CMD] qsub -q all.q -l ngpus=1 -v MODEL="VGG16",DATASET="Cifar10",ATTACK="DeepFool",KIND="ALL",PHASE="generate",OUTPUT_DIR="adversarial_results_ep100_pre300" adversarial_hpc_submit.pbs </dev/null
[2026-09-11 09:43:07] [OK] VGG16/Cifar10/APGD/ALL
[2026-09-11 09:43:07] [OK] qsub output: Your job 6504212 ("adversarial_hpc_submit.pbs") has been submitted
[2026-09-11 09:43:07] [SUBMIT] VGG16/Cifar10/CW/ALL
[2026-09-11 09:43:07] [CMD] qsub -q all.q -l ngpus=1 -v MODEL="VGG16",DATASET="Cifar10",ATTACK="CW",KIND="ALL",PHASE="generate",OUTPUT_DIR="adversarial_results_ep200_pre200" adversarial_hpc_submit.pbs </dev/null
[2026-09-11 09:43:09] [OK] VGG16/Cifar10/APGD/ALL
[2026-09-11 09:43:09] [OK] qsub output: Your job 6504213 ("adversarial_hpc_submit.pbs") has been submitted
[2026-09-11 09:43:09] [SUBMIT] VGG16/Cifar10/CW/ALL
[2026-09-11 09:43:09] [CMD] qsub -q all.q -l ngpus=1 -v MODEL="VGG16",DATASET="Cifar10",ATTACK="CW",KIND="ALL",PHASE="generate",OUTPUT_DIR="adversarial_results_ep300_pre100" adversarial_hpc_submit.pbs </dev/null
[2026-09-11 09:43:10] [OK] VGG16/Cifar10/DeepFool/ALL
[2026-09-11 09:43:10] [OK] qsub output: Your job 6504214 ("adversarial_hpc_submit.pbs") has been submitted
[2026-09-11 09:43:10] [SUBMIT] VGG16/Cifar100/PGD/ALL
[2026-09-11 09:43:10] [CMD] qsub -q all.q -l ngpus=1 -v MODEL="VGG16",DATASET="Cifar100",ATTACK="PGD",KIND="ALL",PHASE="generate",OUTPUT_DIR="adversarial_results_ep100_pre300" adversarial_hpc_submit.pbs </dev/null
[2026-09-11 09:43:14] [OK] VGG16/Cifar10/CW/ALL
[2026-09-11 09:43:14] [OK] qsub output: Your job 6504216 ("adversarial_hpc_submit.pbs") has been submitted
[2026-09-11 09:43:15] [SUBMIT] VGG16/Cifar10/DeepFool/ALL
[2026-09-11 09:43:15] [CMD] qsub -q all.q -l ngpus=1 -v MODEL="VGG16",DATASET="Cifar10",ATTACK="DeepFool",KIND="ALL",PHASE="generate",OUTPUT_DIR="adversarial_results_ep200_pre200" adversarial_hpc_submit.pbs </dev/null
[2026-09-11 09:43:22] [OK] VGG16/Cifar100/PGD/ALL
[2026-09-11 09:43:22] [OK] qsub output: Your job 6504218 ("adversarial_hpc_submit.pbs") has been submitted
[2026-09-11 09:43:23] [SUBMIT] VGG16/Cifar100/FGSM/ALL
[2026-09-11 09:43:23] [CMD] qsub -q all.q -l ngpus=1 -v MODEL="VGG16",DATASET="Cifar100",ATTACK="FGSM",KIND="ALL",PHASE="generate",OUTPUT_DIR="adversarial_results_ep100_pre300" adversarial_hpc_submit.pbs </dev/null
[2026-09-11 09:43:23] [OK] VGG16/Cifar10/CW/ALL
[2026-09-11 09:43:23] [OK] qsub output: Your job 6504217 ("adversarial_hpc_submit.pbs") has been submitted
[2026-09-11 09:43:23] [SUBMIT] VGG16/Cifar10/DeepFool/ALL
[2026-09-11 09:43:23] [CMD] qsub -q all.q -l ngpus=1 -v MODEL="VGG16",DATASET="Cifar10",ATTACK="DeepFool",KIND="ALL",PHASE="generate",OUTPUT_DIR="adversarial_results_ep300_pre100" adversarial_hpc_submit.pbs </dev/null
[2026-09-11 09:43:28] [OK] VGG16/Cifar10/DeepFool/ALL
[2026-09-11 09:43:28] [OK] qsub output: Your job 6504220 ("adversarial_hpc_submit.pbs") has been submitted
[2026-09-11 09:43:28] [SUBMIT] VGG16/Cifar100/PGD/ALL
[2026-09-11 09:43:28] [CMD] qsub -q all.q -l ngpus=1 -v MODEL="VGG16",DATASET="Cifar100",ATTACK="PGD",KIND="ALL",PHASE="generate",OUTPUT_DIR="adversarial_results_ep200_pre200" adversarial_hpc_submit.pbs </dev/null
[2026-09-11 09:43:32] [OK] VGG16/Cifar10/DeepFool/ALL
[2026-09-11 09:43:32] [OK] qsub output: Your job 6504222 ("adversarial_hpc_submit.pbs") has been submitted
[2026-09-11 09:43:32] [SUBMIT] VGG16/Cifar100/PGD/ALL
[2026-09-11 09:43:32] [CMD] qsub -q all.q -l ngpus=1 -v MODEL="VGG16",DATASET="Cifar100",ATTACK="PGD",KIND="ALL",PHASE="generate",OUTPUT_DIR="adversarial_results_ep300_pre100" adversarial_hpc_submit.pbs </dev/null
[2026-09-11 09:43:34] [OK] VGG16/Cifar100/FGSM/ALL
[2026-09-11 09:43:34] [OK] qsub output: Your job 6504221 ("adversarial_hpc_submit.pbs") has been submitted
[2026-09-11 09:43:34] [SUBMIT] VGG16/Cifar100/IFGSM/ALL
[2026-09-11 09:43:34] [CMD] qsub -q all.q -l ngpus=1 -v MODEL="VGG16",DATASET="Cifar100",ATTACK="IFGSM",KIND="ALL",PHASE="generate",OUTPUT_DIR="adversarial_results_ep100_pre300" adversarial_hpc_submit.pbs </dev/null
[2026-09-11 09:43:35] [OK] VGG16/Cifar100/PGD/ALL
[2026-09-11 09:43:35] [OK] qsub output: Your job 6504224 ("adversarial_hpc_submit.pbs") has been submitted
[2026-09-11 09:43:35] [SUBMIT] VGG16/Cifar100/FGSM/ALL
[2026-09-11 09:43:35] [CMD] qsub -q all.q -l ngpus=1 -v MODEL="VGG16",DATASET="Cifar100",ATTACK="FGSM",KIND="ALL",PHASE="generate",OUTPUT_DIR="adversarial_results_ep300_pre100" adversarial_hpc_submit.pbs </dev/null
[2026-09-11 09:43:36] [OK] VGG16/Cifar100/PGD/ALL
[2026-09-11 09:43:36] [OK] qsub output: Your job 6504223 ("adversarial_hpc_submit.pbs") has been submitted
[2026-09-11 09:43:36] [SUBMIT] VGG16/Cifar100/FGSM/ALL
[2026-09-11 09:43:36] [CMD] qsub -q all.q -l ngpus=1 -v MODEL="VGG16",DATASET="Cifar100",ATTACK="FGSM",KIND="ALL",PHASE="generate",OUTPUT_DIR="adversarial_results_ep200_pre200" adversarial_hpc_submit.pbs </dev/null
[2026-09-11 09:43:41] [OK] VGG16/Cifar100/IFGSM/ALL
[2026-09-11 09:43:42] [OK] qsub output: Your job 6504226 ("adversarial_hpc_submit.pbs") has been submitted
[2026-09-11 09:43:42] [SUBMIT] VGG16/Cifar100/BIM/ALL
[2026-09-11 09:43:42] [CMD] qsub -q all.q -l ngpus=1 -v MODEL="VGG16",DATASET="Cifar100",ATTACK="BIM",KIND="ALL",PHASE="generate",OUTPUT_DIR="adversarial_results_ep100_pre300" adversarial_hpc_submit.pbs </dev/null
[2026-09-11 09:43:43] [OK] VGG16/Cifar100/FGSM/ALL
[2026-09-11 09:43:43] [OK] qsub output: Your job 6504228 ("adversarial_hpc_submit.pbs") has been submitted
[2026-09-11 09:43:43] [SUBMIT] VGG16/Cifar100/IFGSM/ALL
[2026-09-11 09:43:43] [CMD] qsub -q all.q -l ngpus=1 -v MODEL="VGG16",DATASET="Cifar100",ATTACK="IFGSM",KIND="ALL",PHASE="generate",OUTPUT_DIR="adversarial_results_ep200_pre200" adversarial_hpc_submit.pbs </dev/null
[2026-09-11 09:43:44] [OK] VGG16/Cifar100/FGSM/ALL
[2026-09-11 09:43:44] [OK] qsub output: Your job 6504227 ("adversarial_hpc_submit.pbs") has been submitted
[2026-09-11 09:43:44] [SUBMIT] VGG16/Cifar100/IFGSM/ALL
[2026-09-11 09:43:44] [CMD] qsub -q all.q -l ngpus=1 -v MODEL="VGG16",DATASET="Cifar100",ATTACK="IFGSM",KIND="ALL",PHASE="generate",OUTPUT_DIR="adversarial_results_ep300_pre100" adversarial_hpc_submit.pbs </dev/null
[2026-09-11 09:43:48] [OK] VGG16/Cifar100/BIM/ALL
[2026-09-11 09:43:48] [OK] qsub output: Your job 6504230 ("adversarial_hpc_submit.pbs") has been submitted
[2026-09-11 09:43:48] [SUBMIT] VGG16/Cifar100/APGD/ALL
[2026-09-11 09:43:48] [CMD] qsub -q all.q -l ngpus=1 -v MODEL="VGG16",DATASET="Cifar100",ATTACK="APGD",KIND="ALL",PHASE="generate",OUTPUT_DIR="adversarial_results_ep100_pre300" adversarial_hpc_submit.pbs </dev/null
[2026-09-11 09:43:52] [OK] VGG16/Cifar100/IFGSM/ALL
[2026-09-11 09:43:52] [OK] qsub output: Your job 6504231 ("adversarial_hpc_submit.pbs") has been submitted
[2026-09-11 09:43:53] [SUBMIT] VGG16/Cifar100/BIM/ALL
[2026-09-11 09:43:53] [CMD] qsub -q all.q -l ngpus=1 -v MODEL="VGG16",DATASET="Cifar100",ATTACK="BIM",KIND="ALL",PHASE="generate",OUTPUT_DIR="adversarial_results_ep200_pre200" adversarial_hpc_submit.pbs </dev/null
[2026-09-11 09:43:56] [OK] VGG16/Cifar100/IFGSM/ALL
[2026-09-11 09:43:56] [OK] qsub output: Your job 6504232 ("adversarial_hpc_submit.pbs") has been submitted
[2026-09-11 09:43:56] [SUBMIT] VGG16/Cifar100/BIM/ALL
[2026-09-11 09:43:56] [CMD] qsub -q all.q -l ngpus=1 -v MODEL="VGG16",DATASET="Cifar100",ATTACK="BIM",KIND="ALL",PHASE="generate",OUTPUT_DIR="adversarial_results_ep300_pre100" adversarial_hpc_submit.pbs </dev/null
[2026-09-11 09:43:58] [OK] VGG16/Cifar100/APGD/ALL
[2026-09-11 09:43:58] [OK] qsub output: Your job 6504233 ("adversarial_hpc_submit.pbs") has been submitted
[2026-09-11 09:43:58] [SUBMIT] VGG16/Cifar100/CW/ALL
[2026-09-11 09:43:58] [CMD] qsub -q all.q -l ngpus=1 -v MODEL="VGG16",DATASET="Cifar100",ATTACK="CW",KIND="ALL",PHASE="generate",OUTPUT_DIR="adversarial_results_ep100_pre300" adversarial_hpc_submit.pbs </dev/null
[2026-09-11 09:44:02] [OK] VGG16/Cifar100/BIM/ALL
[2026-09-11 09:44:02] [OK] qsub output: Your job 6504234 ("adversarial_hpc_submit.pbs") has been submitted
[2026-09-11 09:44:02] [SUBMIT] VGG16/Cifar100/APGD/ALL
[2026-09-11 09:44:02] [CMD] qsub -q all.q -l ngpus=1 -v MODEL="VGG16",DATASET="Cifar100",ATTACK="APGD",KIND="ALL",PHASE="generate",OUTPUT_DIR="adversarial_results_ep200_pre200" adversarial_hpc_submit.pbs </dev/null
[2026-09-11 09:44:05] [OK] VGG16/Cifar100/BIM/ALL
[2026-09-11 09:44:05] [OK] qsub output: Your job 6504235 ("adversarial_hpc_submit.pbs") has been submitted
[2026-09-11 09:44:05] [SUBMIT] VGG16/Cifar100/APGD/ALL
[2026-09-11 09:44:05] [CMD] qsub -q all.q -l ngpus=1 -v MODEL="VGG16",DATASET="Cifar100",ATTACK="APGD",KIND="ALL",PHASE="generate",OUTPUT_DIR="adversarial_results_ep300_pre100" adversarial_hpc_submit.pbs </dev/null
[2026-09-11 09:44:11] [OK] VGG16/Cifar100/CW/ALL
[2026-09-11 09:44:11] [OK] qsub output: Your job 6504236 ("adversarial_hpc_submit.pbs") has been submitted
[2026-09-11 09:44:12] [SUBMIT] VGG16/Cifar100/DeepFool/ALL
[2026-09-11 09:44:12] [CMD] qsub -q all.q -l ngpus=1 -v MODEL="VGG16",DATASET="Cifar100",ATTACK="DeepFool",KIND="ALL",PHASE="generate",OUTPUT_DIR="adversarial_results_ep100_pre300" adversarial_hpc_submit.pbs </dev/null
[2026-09-11 09:44:13] [OK] VGG16/Cifar100/APGD/ALL
[2026-09-11 09:44:13] [OK] qsub output: Your job 6504237 ("adversarial_hpc_submit.pbs") has been submitted
[2026-09-11 09:44:13] [SUBMIT] VGG16/Cifar100/CW/ALL
[2026-09-11 09:44:14] [CMD] qsub -q all.q -l ngpus=1 -v MODEL="VGG16",DATASET="Cifar100",ATTACK="CW",KIND="ALL",PHASE="generate",OUTPUT_DIR="adversarial_results_ep200_pre200" adversarial_hpc_submit.pbs </dev/null
[2026-09-11 09:44:18] [OK] VGG16/Cifar100/APGD/ALL
[2026-09-11 09:44:18] [OK] qsub output: Your job 6504239 ("adversarial_hpc_submit.pbs") has been submitted
[2026-09-11 09:44:18] [SUBMIT] VGG16/Cifar100/CW/ALL
[2026-09-11 09:44:18] [CMD] qsub -q all.q -l ngpus=1 -v MODEL="VGG16",DATASET="Cifar100",ATTACK="CW",KIND="ALL",PHASE="generate",OUTPUT_DIR="adversarial_results_ep300_pre100" adversarial_hpc_submit.pbs </dev/null
