[2026-09-11 09:40:21] Starting orchestration script
[2026-09-11 09:40:21] Script path: /Users/jgafur/LTH/manuscript/Tranfer
[2026-09-11 09:40:22] Current working directory: /Users/jgafur/LTH/manuscript/Tranfer
[2026-09-11 09:40:23] Phase: plot
[2026-09-11 09:40:23] Output directory: adversarial_results_ep300_pre100
[2026-09-11 09:40:23] Model filter: ALL
[2026-09-11 09:40:23] Dataset filter: ALL
[2026-09-11 09:40:23] Attack filter: ALL
[2026-09-11 09:40:23] Kind filter: ALL
[2026-09-11 09:40:23] Run log: /Users/jgafur/LTH/manuscript/Tranfer/logs/adversarial_orchestrate_plot_20260911_094021.log
[2026-09-11 09:40:24] qsub command found: /opt/sge/bin/lx-amd64/qsub
[2026-09-11 09:40:24] Found submission file: /Users/jgafur/LTH/manuscript/Tranfer/adversarial_hpc_submit.pbs
[2026-09-11 09:40:24] ============================================================================
[2026-09-11 09:40:24] Adversarial Analysis HPC Orchestration
[2026-09-11 09:40:24] ============================================================================
[2026-09-11 09:40:24] Phase:       plot
[2026-09-11 09:40:24] Output Dir:  adversarial_results_ep300_pre100
[2026-09-11 09:40:24] Models:      6 architectures
[2026-09-11 09:40:24] Datasets:    3 datasets
[2026-09-11 09:40:24] ============================================================================
[2026-09-11 09:40:24] Run outputs will be written as txt files in manuscript/Tranfer/
[2026-09-11 09:40:24]   - generate:      <MODEL>_<DATASET>_<ATTACK>_<KIND>_generate_run.txt
[2026-09-11 09:40:24]   - analyze:       adversarial_analyze_run.txt
[2026-09-11 09:40:24]   - plot:          adversarial_plot_run.txt
[2026-09-11 09:40:24]   - gradient_sim:  adversarial_gradient_sim_run.txt
[2026-09-11 09:40:24]   - epsilon_sweep: adversarial_epsilon_sweep_run.txt
[2026-09-11 09:40:24]   - statistics:    adversarial_statistics_run.txt
[2026-09-11 09:40:24]   - cka:           adversarial_cka_run.txt
[2026-09-11 09:40:24]   - compare:       adversarial_compare_run.txt
[2026-09-11 09:40:24]   - compute_tradeoff: adversarial_compute_tradeoff_run.txt
[2026-09-11 09:40:24]   - correlations:  adversarial_correlations_run.txt
[2026-09-11 09:40:24] [PHASE: PLOT] Submitting visualization job...
[2026-09-11 09:40:24] WARNING: This requires summary.csv and transferability.csv to exist.
[2026-09-11 09:40:24] [SUBMIT] plot
[2026-09-11 09:40:24] [CMD] qsub -q all.q -l ngpus=1 -v MODEL="ALL",DATASET="ALL",ATTACK="ALL",KIND="ALL",PHASE="plot",OUTPUT_DIR="adversarial_results_ep300_pre100" adversarial_hpc_submit.pbs </dev/null
[2026-09-11 09:40:25] [OK] plot
[2026-09-11 09:40:25] [OK] qsub output: Your job 6504176 ("adversarial_hpc_submit.pbs") has been submitted
[2026-09-11 09:40:25] [SUCCESS] Visualization job submitted
[2026-09-11 09:40:25] ============================================================================
[2026-09-11 09:40:25] Job submission complete. Check logs/ for details.
[2026-09-11 09:40:25] Run log saved to: /Users/jgafur/LTH/manuscript/Tranfer/logs/adversarial_orchestrate_plot_20260911_094021.log
[2026-09-11 09:40:25] ============================================================================
