[2026-09-11 10:32:06] Starting orchestration script
[2026-09-11 10:32:08] Script path: /Users/jgafur/LTH/manuscript/Tranfer
[2026-09-11 10:32:08] Current working directory: /Users/jgafur/LTH/manuscript/Tranfer
[2026-09-11 10:32:08] Phase: compute_tradeoff
[2026-09-11 10:32:10] Output directory: adversarial_results_ep200_pre200
[2026-09-11 10:32:10] Model filter: ALL
[2026-09-11 10:32:10] Dataset filter: ALL
[2026-09-11 10:32:10] Attack filter: ALL
[2026-09-11 10:32:11] Kind filter: ALL
[2026-09-11 10:32:11] Run log: /Users/jgafur/LTH/manuscript/Tranfer/logs/adversarial_orchestrate_compute_tradeoff_20260911_103206.log
[2026-09-11 10:32:11] qsub command found: /opt/sge/bin/lx-amd64/qsub
[2026-09-11 10:32:11] Found submission file: /Users/jgafur/LTH/manuscript/Tranfer/adversarial_hpc_submit.pbs
[2026-09-11 10:32:11] ============================================================================
[2026-09-11 10:32:11] Adversarial Analysis HPC Orchestration
[2026-09-11 10:32:11] ============================================================================
[2026-09-11 10:32:11] Phase:       compute_tradeoff
[2026-09-11 10:32:14] Output Dir:  adversarial_results_ep200_pre200
[2026-09-11 10:32:14] Models:      6 architectures
[2026-09-11 10:32:14] Datasets:    3 datasets
[2026-09-11 10:32:14] ============================================================================
[2026-09-11 10:32:14] Run outputs will be written as txt files in manuscript/Tranfer/
[2026-09-11 10:32:14]   - generate:      <MODEL>_<DATASET>_<ATTACK>_<KIND>_generate_run.txt
[2026-09-11 10:32:14]   - analyze:       adversarial_analyze_run.txt
[2026-09-11 10:32:14]   - plot:          adversarial_plot_run.txt
[2026-09-11 10:32:14]   - gradient_sim:  adversarial_gradient_sim_run.txt
[2026-09-11 10:32:14]   - epsilon_sweep: adversarial_epsilon_sweep_run.txt
[2026-09-11 10:32:15]   - statistics:    adversarial_statistics_run.txt
[2026-09-11 10:32:15]   - cka:           adversarial_cka_run.txt
[2026-09-11 10:32:15]   - compare:       adversarial_compare_run.txt
[2026-09-11 10:32:15]   - compute_tradeoff: adversarial_compute_tradeoff_run.txt
[2026-09-11 10:32:15]   - correlations:  adversarial_correlations_run.txt
[2026-09-11 10:32:15] [PHASE: COMPUTE_TRADEOFF] Submitting compute-cost tradeoff job...
[2026-09-11 10:32:15] [SUBMIT] compute_tradeoff
[2026-09-11 10:32:15] [CMD] qsub -q all.q -l ngpus=1 -v MODEL="ALL",DATASET="ALL",ATTACK="ALL",KIND="ALL",PHASE="compute_tradeoff",OUTPUT_DIR="adversarial_results_ep200_pre200" adversarial_hpc_submit.pbs </dev/null
[2026-09-11 10:32:20] [OK] compute_tradeoff
[2026-09-11 10:32:25] [OK] qsub output: Your job 6504754 ("adversarial_hpc_submit.pbs") has been submitted
[2026-09-11 10:32:27] [SUCCESS] Compute tradeoff job submitted
[2026-09-11 10:32:27] Output: compute_profile.csv, tradeoff_summary.csv, figure1-4 tradeoff PNGs
[2026-09-11 10:32:27] ============================================================================
[2026-09-11 10:32:27] Job submission complete. Check logs/ for details.
[2026-09-11 10:32:27] Run log saved to: /Users/jgafur/LTH/manuscript/Tranfer/logs/adversarial_orchestrate_compute_tradeoff_20260911_103206.log
[2026-09-11 10:32:32] ============================================================================
