[2026-09-11 09:38:32] Starting orchestration script
[2026-09-11 09:38:32] Script path: /Users/jgafur/LTH/manuscript/Tranfer
[2026-09-11 09:38:32] Current working directory: /Users/jgafur/LTH/manuscript/Tranfer
[2026-09-11 09:38:32] Phase: gradient_sim
[2026-09-11 09:38:32] Output directory: adversarial_results_ep200_pre200
[2026-09-11 09:38:32] Model filter: ALL
[2026-09-11 09:38:32] Dataset filter: ALL
[2026-09-11 09:38:32] Attack filter: ALL
[2026-09-11 09:38:32] Kind filter: ALL
[2026-09-11 09:38:32] Run log: /Users/jgafur/LTH/manuscript/Tranfer/logs/adversarial_orchestrate_gradient_sim_20260911_093832.log
[2026-09-11 09:38:32] qsub command found: /opt/sge/bin/lx-amd64/qsub
[2026-09-11 09:38:32] Found submission file: /Users/jgafur/LTH/manuscript/Tranfer/adversarial_hpc_submit.pbs
[2026-09-11 09:38:32] ============================================================================
[2026-09-11 09:38:32] Adversarial Analysis HPC Orchestration
[2026-09-11 09:38:32] ============================================================================
[2026-09-11 09:38:32] Phase:       gradient_sim
[2026-09-11 09:38:32] Output Dir:  adversarial_results_ep200_pre200
[2026-09-11 09:38:32] Models:      6 architectures
[2026-09-11 09:38:32] Datasets:    3 datasets
[2026-09-11 09:38:32] ============================================================================
[2026-09-11 09:38:32] Run outputs will be written as txt files in manuscript/Tranfer/
[2026-09-11 09:38:32]   - generate:      <MODEL>_<DATASET>_<ATTACK>_<KIND>_generate_run.txt
[2026-09-11 09:38:32]   - analyze:       adversarial_analyze_run.txt
[2026-09-11 09:38:32]   - plot:          adversarial_plot_run.txt
[2026-09-11 09:38:32]   - gradient_sim:  adversarial_gradient_sim_run.txt
[2026-09-11 09:38:32]   - epsilon_sweep: adversarial_epsilon_sweep_run.txt
[2026-09-11 09:38:32]   - statistics:    adversarial_statistics_run.txt
[2026-09-11 09:38:32]   - cka:           adversarial_cka_run.txt
[2026-09-11 09:38:32]   - compare:       adversarial_compare_run.txt
[2026-09-11 09:38:32]   - compute_tradeoff: adversarial_compute_tradeoff_run.txt
[2026-09-11 09:38:32]   - correlations:  adversarial_correlations_run.txt
[2026-09-11 09:38:32] [PHASE: GRADIENT_SIM] Submitting Experiment 4 (gradient similarity) job...
[2026-09-11 09:38:32] Requires: model checkpoints accessible from the HPC node.
[2026-09-11 09:38:32] [SUBMIT] gradient_sim
[2026-09-11 09:38:32] [CMD] qsub -q all.q -l ngpus=1 -v MODEL="ALL",DATASET="ALL",ATTACK="ALL",KIND="ALL",PHASE="gradient_sim",OUTPUT_DIR="adversarial_results_ep200_pre200" adversarial_hpc_submit.pbs </dev/null
[2026-09-11 09:38:40] [OK] gradient_sim
[2026-09-11 09:38:40] [OK] qsub output: Your job 6504146 ("adversarial_hpc_submit.pbs") has been submitted
[2026-09-11 09:38:40] [SUCCESS] Gradient similarity job submitted
[2026-09-11 09:38:40] Output: gradient_similarity.csv, gradient_similarity_matrix_*.csv, gradient_similarity_heatmap_*.png
[2026-09-11 09:38:40] ============================================================================
[2026-09-11 09:38:40] Job submission complete. Check logs/ for details.
[2026-09-11 09:38:40] Run log saved to: /Users/jgafur/LTH/manuscript/Tranfer/logs/adversarial_orchestrate_gradient_sim_20260911_093832.log
[2026-09-11 09:38:40] ============================================================================
