[2026-09-11 08:46:08] Starting orchestration script
[2026-09-11 08:46:08] Script path: /Users/jgafur/LTH/manuscript/Tranfer
[2026-09-11 08:46:08] Current working directory: /Users/jgafur/LTH/manuscript/Tranfer
[2026-09-11 08:46:08] Phase: correlations
[2026-09-11 08:46:08] Output directory: adversarial_results_ep100_pre300
[2026-09-11 08:46:08] Model filter: ALL
[2026-09-11 08:46:08] Dataset filter: ALL
[2026-09-11 08:46:08] Attack filter: ALL
[2026-09-11 08:46:08] Kind filter: ALL
[2026-09-11 08:46:08] Run log: /Users/jgafur/LTH/manuscript/Tranfer/logs/adversarial_orchestrate_correlations_20260911_084608.log
[2026-09-11 08:46:08] qsub command found: /opt/sge/bin/lx-amd64/qsub
[2026-09-11 08:46:08] Found submission file: /Users/jgafur/LTH/manuscript/Tranfer/adversarial_hpc_submit.pbs
[2026-09-11 08:46:08] ============================================================================
[2026-09-11 08:46:08] Adversarial Analysis HPC Orchestration
[2026-09-11 08:46:08] ============================================================================
[2026-09-11 08:46:08] Phase:       correlations
[2026-09-11 08:46:08] Output Dir:  adversarial_results_ep100_pre300
[2026-09-11 08:46:08] Models:      6 architectures
[2026-09-11 08:46:08] Datasets:    3 datasets
[2026-09-11 08:46:08] ============================================================================
[2026-09-11 08:46:08] Run outputs will be written as txt files in manuscript/Tranfer/
[2026-09-11 08:46:08]   - generate:      <MODEL>_<DATASET>_<ATTACK>_<KIND>_generate_run.txt
[2026-09-11 08:46:08]   - analyze:       adversarial_analyze_run.txt
[2026-09-11 08:46:08]   - plot:          adversarial_plot_run.txt
[2026-09-11 08:46:08]   - gradient_sim:  adversarial_gradient_sim_run.txt
[2026-09-11 08:46:08]   - epsilon_sweep: adversarial_epsilon_sweep_run.txt
[2026-09-11 08:46:08]   - statistics:    adversarial_statistics_run.txt
[2026-09-11 08:46:08]   - cka:           adversarial_cka_run.txt
[2026-09-11 08:46:08]   - compare:       adversarial_compare_run.txt
[2026-09-11 08:46:08]   - compute_tradeoff: adversarial_compute_tradeoff_run.txt
[2026-09-11 08:46:08]   - correlations:  adversarial_correlations_run.txt
[2026-09-11 08:46:08] [PHASE: CORRELATIONS] Submitting correlation analysis job...
[2026-09-11 08:46:08] [SUBMIT] correlations
[2026-09-11 08:46:08] [CMD] qsub -q all.q -l ngpus=1 -v MODEL="ALL",DATASET="ALL",ATTACK="ALL",KIND="ALL",PHASE="correlations",OUTPUT_DIR="adversarial_results_ep100_pre300" adversarial_hpc_submit.pbs </dev/null
[2026-09-11 08:46:15] [OK] correlations
[2026-09-11 08:46:15] [OK] qsub output: Your job 6503668 ("adversarial_hpc_submit.pbs") has been submitted
[2026-09-11 08:46:15] [SUCCESS] Correlation analysis job submitted
[2026-09-11 08:46:15] Output: correlation_summary.csv, partial_correlation_summary.csv, figure5-8 PNGs
[2026-09-11 08:46:15] ============================================================================
[2026-09-11 08:46:15] Job submission complete. Check logs/ for details.
[2026-09-11 08:46:15] Run log saved to: /Users/jgafur/LTH/manuscript/Tranfer/logs/adversarial_orchestrate_correlations_20260911_084608.log
[2026-09-11 08:46:15] ============================================================================
