[2026-09-11 10:28:37] Starting orchestration script
[2026-09-11 10:28:37] Script path: /Users/jgafur/LTH/manuscript/Tranfer
[2026-09-11 10:28:37] Current working directory: /Users/jgafur/LTH/manuscript/Tranfer
[2026-09-11 10:28:37] Phase: epsilon_sweep
[2026-09-11 10:28:37] Output directory: adversarial_results_ep100_pre300
[2026-09-11 10:28:37] Model filter: ALL
[2026-09-11 10:28:37] Dataset filter: ALL
[2026-09-11 10:28:37] Attack filter: ALL
[2026-09-11 10:28:37] Kind filter: ALL
[2026-09-11 10:28:37] Run log: /Users/jgafur/LTH/manuscript/Tranfer/logs/adversarial_orchestrate_epsilon_sweep_20260911_102837.log
[2026-09-11 10:28:37] qsub command found: /opt/sge/bin/lx-amd64/qsub
[2026-09-11 10:28:37] Found submission file: /Users/jgafur/LTH/manuscript/Tranfer/adversarial_hpc_submit.pbs
[2026-09-11 10:28:37] ============================================================================
[2026-09-11 10:28:37] Adversarial Analysis HPC Orchestration
[2026-09-11 10:28:37] ============================================================================
[2026-09-11 10:28:37] Phase:       epsilon_sweep
[2026-09-11 10:28:37] Output Dir:  adversarial_results_ep100_pre300
[2026-09-11 10:28:37] Models:      6 architectures
[2026-09-11 10:28:37] Datasets:    3 datasets
[2026-09-11 10:28:37] ============================================================================
[2026-09-11 10:28:37] Run outputs will be written as txt files in manuscript/Tranfer/
[2026-09-11 10:28:37]   - generate:      <MODEL>_<DATASET>_<ATTACK>_<KIND>_generate_run.txt
[2026-09-11 10:28:37]   - analyze:       adversarial_analyze_run.txt
[2026-09-11 10:28:37]   - plot:          adversarial_plot_run.txt
[2026-09-11 10:28:37]   - gradient_sim:  adversarial_gradient_sim_run.txt
[2026-09-11 10:28:37]   - epsilon_sweep: adversarial_epsilon_sweep_run.txt
[2026-09-11 10:28:37]   - statistics:    adversarial_statistics_run.txt
[2026-09-11 10:28:37]   - cka:           adversarial_cka_run.txt
[2026-09-11 10:28:37]   - compare:       adversarial_compare_run.txt
[2026-09-11 10:28:37]   - compute_tradeoff: adversarial_compute_tradeoff_run.txt
[2026-09-11 10:28:37]   - correlations:  adversarial_correlations_run.txt
[2026-09-11 10:28:37] [PHASE: EPSILON_SWEEP] Submitting Experiment 7 (epsilon sensitivity) job...
[2026-09-11 10:28:37] Sweeps epsilon in {1,2,4,8,16}/255 for PGD, FGSM, BIM.
[2026-09-11 10:28:37] Requires: model checkpoints accessible from the HPC node.
[2026-09-11 10:28:37] [SUBMIT] epsilon_sweep
[2026-09-11 10:28:37] [CMD] qsub -q all.q -l ngpus=1 -v MODEL="ALL",DATASET="ALL",ATTACK="ALL",KIND="ALL",PHASE="epsilon_sweep",OUTPUT_DIR="adversarial_results_ep100_pre300",EPSILON_ATTACKS="ALL" adversarial_hpc_submit.pbs </dev/null
[2026-09-11 10:28:47] [OK] epsilon_sweep
[2026-09-11 10:28:53] [OK] qsub output: Your job 6504734 ("adversarial_hpc_submit.pbs") has been submitted
[2026-09-11 10:28:55] [SUCCESS] Epsilon sensitivity job submitted
[2026-09-11 10:28:55] Output: epsilon_sensitivity.csv, epsilon_sensitivity_delta.csv, epsilon_sensitivity_*.png
[2026-09-11 10:28:55] ============================================================================
[2026-09-11 10:28:56] Job submission complete. Check logs/ for details.
[2026-09-11 10:30:31] Run log saved to: /Users/jgafur/LTH/manuscript/Tranfer/logs/adversarial_orchestrate_epsilon_sweep_20260911_102837.log
[2026-09-11 10:30:31] ============================================================================
