[2026-08-05 15:39:05] [OK] RegNetX_400MF/Cifar10/IFGSM/ALL
[2026-08-05 15:39:05] [OK] qsub output: Your job 6373934 ("adversarial_hpc_submit.pbs") has been submitted
[2026-08-05 15:39:05] [SUBMIT] RegNetX_400MF/Cifar10/BIM/ALL
[2026-08-05 15:39:05] [CMD] qsub -q all.q -l ngpus=1 -v MODEL="RegNetX_400MF",DATASET="Cifar10",ATTACK="BIM",KIND="ALL",PHASE="generate",OUTPUT_DIR="adversarial_results_ep100_pre300" adversarial_hpc_submit.pbs </dev/null
[2026-08-05 15:39:06] [OK] RegNetX_400MF/Cifar10/BIM/ALL
[2026-08-05 15:39:06] [OK] qsub output: Your job 6373937 ("adversarial_hpc_submit.pbs") has been submitted
[2026-08-05 15:39:06] [SUBMIT] RegNetX_400MF/Cifar10/APGD/ALL
[2026-08-05 15:39:06] [CMD] qsub -q all.q -l ngpus=1 -v MODEL="RegNetX_400MF",DATASET="Cifar10",ATTACK="APGD",KIND="ALL",PHASE="generate",OUTPUT_DIR="adversarial_results_ep300_pre100" adversarial_hpc_submit.pbs </dev/null
[2026-08-05 15:39:21] [OK] RegNetX_400MF/Cifar10/APGD/ALL
[2026-08-05 15:39:22] [OK] qsub output: Your job 6373942 ("adversarial_hpc_submit.pbs") has been submitted
[2026-08-05 15:39:22] [SUBMIT] RegNetX_400MF/Cifar10/CW/ALL
[2026-08-05 15:39:22] [CMD] qsub -q all.q -l ngpus=1 -v MODEL="RegNetX_400MF",DATASET="Cifar10",ATTACK="CW",KIND="ALL",PHASE="generate",OUTPUT_DIR="adversarial_results_ep300_pre100" adversarial_hpc_submit.pbs </dev/null
[2026-08-05 15:39:24] [OK] RegNetX_400MF/Cifar10/BIM/ALL
[2026-08-05 15:39:24] [OK] qsub output: Your job 6373941 ("adversarial_hpc_submit.pbs") has been submitted
[2026-08-05 15:39:24] [SUBMIT] RegNetX_400MF/Cifar10/APGD/ALL
[2026-08-05 15:39:24] [CMD] qsub -q all.q -l ngpus=1 -v MODEL="RegNetX_400MF",DATASET="Cifar10",ATTACK="APGD",KIND="ALL",PHASE="generate",OUTPUT_DIR="adversarial_results_ep100_pre300" adversarial_hpc_submit.pbs </dev/null
[2026-08-05 15:39:32] [OK] RegNetX_400MF/Cifar10/CW/ALL
[2026-08-05 15:39:32] [OK] qsub output: Your job 6373946 ("adversarial_hpc_submit.pbs") has been submitted
[2026-08-05 15:39:32] [SUBMIT] RegNetX_400MF/Cifar10/DeepFool/ALL
[2026-08-05 15:39:32] [CMD] qsub -q all.q -l ngpus=1 -v MODEL="RegNetX_400MF",DATASET="Cifar10",ATTACK="DeepFool",KIND="ALL",PHASE="generate",OUTPUT_DIR="adversarial_results_ep300_pre100" adversarial_hpc_submit.pbs </dev/null
[2026-08-05 15:39:35] [OK] RegNetX_400MF/Cifar10/APGD/ALL
[2026-08-05 15:39:35] [OK] qsub output: Your job 6373948 ("adversarial_hpc_submit.pbs") has been submitted
[2026-08-05 15:39:35] [SUBMIT] RegNetX_400MF/Cifar10/CW/ALL
[2026-08-05 15:39:35] [CMD] qsub -q all.q -l ngpus=1 -v MODEL="RegNetX_400MF",DATASET="Cifar10",ATTACK="CW",KIND="ALL",PHASE="generate",OUTPUT_DIR="adversarial_results_ep100_pre300" adversarial_hpc_submit.pbs </dev/null
[2026-08-05 15:39:40] [OK] RegNetX_400MF/Cifar10/DeepFool/ALL
[2026-08-05 15:39:40] [OK] qsub output: Your job 6373951 ("adversarial_hpc_submit.pbs") has been submitted
[2026-08-05 15:39:40] [SUBMIT] RegNetX_400MF/Cifar100/PGD/ALL
[2026-08-05 15:39:40] [CMD] qsub -q all.q -l ngpus=1 -v MODEL="RegNetX_400MF",DATASET="Cifar100",ATTACK="PGD",KIND="ALL",PHASE="generate",OUTPUT_DIR="adversarial_results_ep300_pre100" adversarial_hpc_submit.pbs </dev/null
[2026-08-05 15:39:41] [OK] RegNetX_400MF/Cifar10/CW/ALL
[2026-08-05 15:39:41] [OK] qsub output: Your job 6373952 ("adversarial_hpc_submit.pbs") has been submitted
[2026-08-05 15:39:41] [SUBMIT] RegNetX_400MF/Cifar10/DeepFool/ALL
[2026-08-05 15:39:41] [CMD] qsub -q all.q -l ngpus=1 -v MODEL="RegNetX_400MF",DATASET="Cifar10",ATTACK="DeepFool",KIND="ALL",PHASE="generate",OUTPUT_DIR="adversarial_results_ep100_pre300" adversarial_hpc_submit.pbs </dev/null
[2026-08-05 15:39:48] [OK] RegNetX_400MF/Cifar100/PGD/ALL
[2026-08-05 15:39:48] [OK] qsub output: Your job 6373956 ("adversarial_hpc_submit.pbs") has been submitted
[2026-08-05 15:39:48] [SUBMIT] RegNetX_400MF/Cifar100/FGSM/ALL
[2026-08-05 15:39:48] [CMD] qsub -q all.q -l ngpus=1 -v MODEL="RegNetX_400MF",DATASET="Cifar100",ATTACK="FGSM",KIND="ALL",PHASE="generate",OUTPUT_DIR="adversarial_results_ep300_pre100" adversarial_hpc_submit.pbs </dev/null
[2026-08-05 15:39:50] [OK] RegNetX_400MF/Cifar10/DeepFool/ALL
[2026-08-05 15:39:50] [OK] qsub output: Your job 6373957 ("adversarial_hpc_submit.pbs") has been submitted
[2026-08-05 15:39:50] [SUBMIT] RegNetX_400MF/Cifar100/PGD/ALL
[2026-08-05 15:39:50] [CMD] qsub -q all.q -l ngpus=1 -v MODEL="RegNetX_400MF",DATASET="Cifar100",ATTACK="PGD",KIND="ALL",PHASE="generate",OUTPUT_DIR="adversarial_results_ep100_pre300" adversarial_hpc_submit.pbs </dev/null
[2026-08-05 15:40:00] [OK] RegNetX_400MF/Cifar100/FGSM/ALL
[2026-08-05 15:40:00] [OK] qsub output: Your job 6373960 ("adversarial_hpc_submit.pbs") has been submitted
[2026-08-05 15:40:00] [SUBMIT] RegNetX_400MF/Cifar100/IFGSM/ALL
[2026-08-05 15:40:00] [CMD] qsub -q all.q -l ngpus=1 -v MODEL="RegNetX_400MF",DATASET="Cifar100",ATTACK="IFGSM",KIND="ALL",PHASE="generate",OUTPUT_DIR="adversarial_results_ep300_pre100" adversarial_hpc_submit.pbs </dev/null
[2026-08-05 15:40:08] [OK] RegNetX_400MF/Cifar100/PGD/ALL
[2026-08-05 15:40:08] [OK] qsub output: Your job 6373961 ("adversarial_hpc_submit.pbs") has been submitted
[2026-08-05 15:40:09] [SUBMIT] RegNetX_400MF/Cifar100/FGSM/ALL
[2026-08-05 15:40:09] [CMD] qsub -q all.q -l ngpus=1 -v MODEL="RegNetX_400MF",DATASET="Cifar100",ATTACK="FGSM",KIND="ALL",PHASE="generate",OUTPUT_DIR="adversarial_results_ep100_pre300" adversarial_hpc_submit.pbs </dev/null
[2026-08-05 15:40:15] [OK] RegNetX_400MF/Cifar100/IFGSM/ALL
[2026-08-05 15:40:15] [OK] qsub output: Your job 6373964 ("adversarial_hpc_submit.pbs") has been submitted
[2026-08-05 15:40:15] [SUBMIT] RegNetX_400MF/Cifar100/BIM/ALL
[2026-08-05 15:40:15] [CMD] qsub -q all.q -l ngpus=1 -v MODEL="RegNetX_400MF",DATASET="Cifar100",ATTACK="BIM",KIND="ALL",PHASE="generate",OUTPUT_DIR="adversarial_results_ep300_pre100" adversarial_hpc_submit.pbs </dev/null
[2026-08-05 15:40:20] [OK] RegNetX_400MF/Cifar100/FGSM/ALL
[2026-08-05 15:40:20] [OK] qsub output: Your job 6373967 ("adversarial_hpc_submit.pbs") has been submitted
[2026-08-05 15:40:20] [SUBMIT] RegNetX_400MF/Cifar100/IFGSM/ALL
[2026-08-05 15:40:20] [CMD] qsub -q all.q -l ngpus=1 -v MODEL="RegNetX_400MF",DATASET="Cifar100",ATTACK="IFGSM",KIND="ALL",PHASE="generate",OUTPUT_DIR="adversarial_results_ep100_pre300" adversarial_hpc_submit.pbs </dev/null
[2026-08-05 15:40:26] [OK] RegNetX_400MF/Cifar100/BIM/ALL
[2026-08-05 15:40:26] [OK] qsub output: Your job 6373969 ("adversarial_hpc_submit.pbs") has been submitted
[2026-08-05 15:40:26] [SUBMIT] RegNetX_400MF/Cifar100/APGD/ALL
[2026-08-05 15:40:26] [CMD] qsub -q all.q -l ngpus=1 -v MODEL="RegNetX_400MF",DATASET="Cifar100",ATTACK="APGD",KIND="ALL",PHASE="generate",OUTPUT_DIR="adversarial_results_ep300_pre100" adversarial_hpc_submit.pbs </dev/null
[2026-08-05 15:40:33] [OK] RegNetX_400MF/Cifar100/IFGSM/ALL
[2026-08-05 15:40:33] [OK] qsub output: Your job 6373971 ("adversarial_hpc_submit.pbs") has been submitted
[2026-08-05 15:40:33] [SUBMIT] RegNetX_400MF/Cifar100/BIM/ALL
[2026-08-05 15:40:33] [CMD] qsub -q all.q -l ngpus=1 -v MODEL="RegNetX_400MF",DATASET="Cifar100",ATTACK="BIM",KIND="ALL",PHASE="generate",OUTPUT_DIR="adversarial_results_ep100_pre300" adversarial_hpc_submit.pbs </dev/null
[2026-08-05 15:40:34] [OK] RegNetX_400MF/Cifar100/APGD/ALL
[2026-08-05 15:40:34] [OK] qsub output: Your job 6373974 ("adversarial_hpc_submit.pbs") has been submitted
[2026-08-05 15:40:34] [SUBMIT] RegNetX_400MF/Cifar100/CW/ALL
[2026-08-05 15:40:34] [CMD] qsub -q all.q -l ngpus=1 -v MODEL="RegNetX_400MF",DATASET="Cifar100",ATTACK="CW",KIND="ALL",PHASE="generate",OUTPUT_DIR="adversarial_results_ep300_pre100" adversarial_hpc_submit.pbs </dev/null
[2026-08-05 15:40:38] [OK] RegNetX_400MF/Cifar100/BIM/ALL
[2026-08-05 15:40:38] [OK] qsub output: Your job 6373976 ("adversarial_hpc_submit.pbs") has been submitted
[2026-08-05 15:40:38] [SUBMIT] RegNetX_400MF/Cifar100/APGD/ALL
[2026-08-05 15:40:38] [CMD] qsub -q all.q -l ngpus=1 -v MODEL="RegNetX_400MF",DATASET="Cifar100",ATTACK="APGD",KIND="ALL",PHASE="generate",OUTPUT_DIR="adversarial_results_ep100_pre300" adversarial_hpc_submit.pbs </dev/null
[2026-08-05 15:40:43] [OK] RegNetX_400MF/Cifar100/CW/ALL
[2026-08-05 15:40:43] [OK] qsub output: Your job 6373977 ("adversarial_hpc_submit.pbs") has been submitted
[2026-08-05 15:40:43] [SUBMIT] RegNetX_400MF/Cifar100/DeepFool/ALL
[2026-08-05 15:40:43] [CMD] qsub -q all.q -l ngpus=1 -v MODEL="RegNetX_400MF",DATASET="Cifar100",ATTACK="DeepFool",KIND="ALL",PHASE="generate",OUTPUT_DIR="adversarial_results_ep300_pre100" adversarial_hpc_submit.pbs </dev/null
[2026-08-05 15:40:50] [OK] RegNetX_400MF/Cifar100/APGD/ALL
[2026-08-05 15:40:50] [OK] qsub output: Your job 6373979 ("adversarial_hpc_submit.pbs") has been submitted
[2026-08-05 15:40:50] [SUBMIT] RegNetX_400MF/Cifar100/CW/ALL
[2026-08-05 15:40:50] [CMD] qsub -q all.q -l ngpus=1 -v MODEL="RegNetX_400MF",DATASET="Cifar100",ATTACK="CW",KIND="ALL",PHASE="generate",OUTPUT_DIR="adversarial_results_ep100_pre300" adversarial_hpc_submit.pbs </dev/null
[2026-08-05 15:40:57] [OK] RegNetX_400MF/Cifar100/DeepFool/ALL
[2026-08-05 15:40:57] [OK] qsub output: Your job 6373981 ("adversarial_hpc_submit.pbs") has been submitted
[2026-08-05 15:40:58] [SUBMIT] InceptionNet/Cifar10/PGD/ALL
[2026-08-05 15:40:58] [CMD] qsub -q all.q -l ngpus=1 -v MODEL="InceptionNet",DATASET="Cifar10",ATTACK="PGD",KIND="ALL",PHASE="generate",OUTPUT_DIR="adversarial_results_ep300_pre100" adversarial_hpc_submit.pbs </dev/null
[2026-08-05 15:41:02] [OK] RegNetX_400MF/Cifar100/CW/ALL
[2026-08-05 15:41:02] [OK] qsub output: Your job 6373983 ("adversarial_hpc_submit.pbs") has been submitted
[2026-08-05 15:41:02] [SUBMIT] RegNetX_400MF/Cifar100/DeepFool/ALL
[2026-08-05 15:41:02] [CMD] qsub -q all.q -l ngpus=1 -v MODEL="RegNetX_400MF",DATASET="Cifar100",ATTACK="DeepFool",KIND="ALL",PHASE="generate",OUTPUT_DIR="adversarial_results_ep100_pre300" adversarial_hpc_submit.pbs </dev/null
[2026-08-05 15:41:08] [OK] InceptionNet/Cifar10/PGD/ALL
[2026-08-05 15:41:08] [OK] qsub output: Your job 6373985 ("adversarial_hpc_submit.pbs") has been submitted
[2026-08-05 15:41:09] [SUBMIT] InceptionNet/Cifar10/FGSM/ALL
[2026-08-05 15:41:09] [CMD] qsub -q all.q -l ngpus=1 -v MODEL="InceptionNet",DATASET="Cifar10",ATTACK="FGSM",KIND="ALL",PHASE="generate",OUTPUT_DIR="adversarial_results_ep300_pre100" adversarial_hpc_submit.pbs </dev/null
[2026-08-05 15:41:14] [OK] RegNetX_400MF/Cifar100/DeepFool/ALL
[2026-08-05 15:41:14] [OK] qsub output: Your job 6373988 ("adversarial_hpc_submit.pbs") has been submitted
[2026-08-05 15:41:14] [SUBMIT] InceptionNet/Cifar10/PGD/ALL
[2026-08-05 15:41:14] [CMD] qsub -q all.q -l ngpus=1 -v MODEL="InceptionNet",DATASET="Cifar10",ATTACK="PGD",KIND="ALL",PHASE="generate",OUTPUT_DIR="adversarial_results_ep100_pre300" adversarial_hpc_submit.pbs </dev/null
[2026-08-05 15:41:18] [OK] InceptionNet/Cifar10/FGSM/ALL
[2026-08-05 15:41:18] [OK] qsub output: Your job 6373989 ("adversarial_hpc_submit.pbs") has been submitted
[2026-08-05 15:41:18] [SUBMIT] InceptionNet/Cifar10/IFGSM/ALL
[2026-08-05 15:41:18] [CMD] qsub -q all.q -l ngpus=1 -v MODEL="InceptionNet",DATASET="Cifar10",ATTACK="IFGSM",KIND="ALL",PHASE="generate",OUTPUT_DIR="adversarial_results_ep300_pre100" adversarial_hpc_submit.pbs </dev/null
[2026-08-05 15:41:26] [OK] InceptionNet/Cifar10/PGD/ALL
[2026-08-05 15:41:26] [OK] qsub output: Your job 6373992 ("adversarial_hpc_submit.pbs") has been submitted
[2026-08-05 15:41:26] [SUBMIT] InceptionNet/Cifar10/FGSM/ALL
[2026-08-05 15:41:26] [CMD] qsub -q all.q -l ngpus=1 -v MODEL="InceptionNet",DATASET="Cifar10",ATTACK="FGSM",KIND="ALL",PHASE="generate",OUTPUT_DIR="adversarial_results_ep100_pre300" adversarial_hpc_submit.pbs </dev/null
[2026-08-05 15:41:34] [OK] InceptionNet/Cifar10/IFGSM/ALL
[2026-08-05 15:41:34] [OK] qsub output: Your job 6373994 ("adversarial_hpc_submit.pbs") has been submitted
[2026-08-05 15:41:34] [SUBMIT] InceptionNet/Cifar10/BIM/ALL
[2026-08-05 15:41:34] [CMD] qsub -q all.q -l ngpus=1 -v MODEL="InceptionNet",DATASET="Cifar10",ATTACK="BIM",KIND="ALL",PHASE="generate",OUTPUT_DIR="adversarial_results_ep300_pre100" adversarial_hpc_submit.pbs </dev/null
[2026-08-05 15:41:38] [OK] InceptionNet/Cifar10/FGSM/ALL
[2026-08-05 15:41:38] [OK] qsub output: Your job 6373997 ("adversarial_hpc_submit.pbs") has been submitted
[2026-08-05 15:41:38] [SUBMIT] InceptionNet/Cifar10/IFGSM/ALL
[2026-08-05 15:41:38] [CMD] qsub -q all.q -l ngpus=1 -v MODEL="InceptionNet",DATASET="Cifar10",ATTACK="IFGSM",KIND="ALL",PHASE="generate",OUTPUT_DIR="adversarial_results_ep100_pre300" adversarial_hpc_submit.pbs </dev/null
[2026-08-05 15:41:47] [OK] InceptionNet/Cifar10/BIM/ALL
[2026-08-05 15:41:47] [OK] qsub output: Your job 6373999 ("adversarial_hpc_submit.pbs") has been submitted
[2026-08-05 15:41:48] [SUBMIT] InceptionNet/Cifar10/APGD/ALL
[2026-08-05 15:41:48] [CMD] qsub -q all.q -l ngpus=1 -v MODEL="InceptionNet",DATASET="Cifar10",ATTACK="APGD",KIND="ALL",PHASE="generate",OUTPUT_DIR="adversarial_results_ep300_pre100" adversarial_hpc_submit.pbs </dev/null
[2026-08-05 15:41:54] [OK] InceptionNet/Cifar10/IFGSM/ALL
[2026-08-05 15:41:54] [OK] qsub output: Your job 6374000 ("adversarial_hpc_submit.pbs") has been submitted
[2026-08-05 15:41:55] [SUBMIT] InceptionNet/Cifar10/BIM/ALL
[2026-08-05 15:41:55] [CMD] qsub -q all.q -l ngpus=1 -v MODEL="InceptionNet",DATASET="Cifar10",ATTACK="BIM",KIND="ALL",PHASE="generate",OUTPUT_DIR="adversarial_results_ep100_pre300" adversarial_hpc_submit.pbs </dev/null
[2026-08-05 15:42:02] [OK] InceptionNet/Cifar10/APGD/ALL
[2026-08-05 15:42:02] [OK] qsub output: Your job 6374003 ("adversarial_hpc_submit.pbs") has been submitted
[2026-08-05 15:42:02] [SUBMIT] InceptionNet/Cifar10/CW/ALL
[2026-08-05 15:42:02] [CMD] qsub -q all.q -l ngpus=1 -v MODEL="InceptionNet",DATASET="Cifar10",ATTACK="CW",KIND="ALL",PHASE="generate",OUTPUT_DIR="adversarial_results_ep300_pre100" adversarial_hpc_submit.pbs </dev/null
[2026-08-05 15:42:04] [OK] InceptionNet/Cifar10/BIM/ALL
[2026-08-05 15:42:04] [OK] qsub output: Your job 6374004 ("adversarial_hpc_submit.pbs") has been submitted
[2026-08-05 15:42:04] [SUBMIT] InceptionNet/Cifar10/APGD/ALL
[2026-08-05 15:42:04] [CMD] qsub -q all.q -l ngpus=1 -v MODEL="InceptionNet",DATASET="Cifar10",ATTACK="APGD",KIND="ALL",PHASE="generate",OUTPUT_DIR="adversarial_results_ep100_pre300" adversarial_hpc_submit.pbs </dev/null
[2026-08-05 15:42:11] [OK] InceptionNet/Cifar10/CW/ALL
[2026-08-05 15:42:11] [OK] qsub output: Your job 6374006 ("adversarial_hpc_submit.pbs") has been submitted
[2026-08-05 15:42:12] [SUBMIT] InceptionNet/Cifar10/DeepFool/ALL
[2026-08-05 15:42:12] [CMD] qsub -q all.q -l ngpus=1 -v MODEL="InceptionNet",DATASET="Cifar10",ATTACK="DeepFool",KIND="ALL",PHASE="generate",OUTPUT_DIR="adversarial_results_ep300_pre100" adversarial_hpc_submit.pbs </dev/null
[2026-08-05 15:42:17] [OK] InceptionNet/Cifar10/DeepFool/ALL
[2026-08-05 15:42:17] [OK] qsub output: Your job 6374009 ("adversarial_hpc_submit.pbs") has been submitted
[2026-08-05 15:42:18] [SUBMIT] InceptionNet/Cifar100/PGD/ALL
[2026-08-05 15:42:18] [CMD] qsub -q all.q -l ngpus=1 -v MODEL="InceptionNet",DATASET="Cifar100",ATTACK="PGD",KIND="ALL",PHASE="generate",OUTPUT_DIR="adversarial_results_ep300_pre100" adversarial_hpc_submit.pbs </dev/null
[2026-08-05 15:42:21] [OK] InceptionNet/Cifar10/APGD/ALL
[2026-08-05 15:42:21] [OK] qsub output: Your job 6374008 ("adversarial_hpc_submit.pbs") has been submitted
[2026-08-05 15:42:22] [SUBMIT] InceptionNet/Cifar10/CW/ALL
[2026-08-05 15:42:22] [CMD] qsub -q all.q -l ngpus=1 -v MODEL="InceptionNet",DATASET="Cifar10",ATTACK="CW",KIND="ALL",PHASE="generate",OUTPUT_DIR="adversarial_results_ep100_pre300" adversarial_hpc_submit.pbs </dev/null
[2026-08-05 15:42:25] [OK] InceptionNet/Cifar100/PGD/ALL
[2026-08-05 15:42:25] [OK] qsub output: Your job 6374012 ("adversarial_hpc_submit.pbs") has been submitted
[2026-08-05 15:42:25] [SUBMIT] InceptionNet/Cifar100/FGSM/ALL
[2026-08-05 15:42:25] [CMD] qsub -q all.q -l ngpus=1 -v MODEL="InceptionNet",DATASET="Cifar100",ATTACK="FGSM",KIND="ALL",PHASE="generate",OUTPUT_DIR="adversarial_results_ep300_pre100" adversarial_hpc_submit.pbs </dev/null
[2026-08-05 15:42:30] [OK] InceptionNet/Cifar10/CW/ALL
[2026-08-05 15:42:31] [OK] qsub output: Your job 6374013 ("adversarial_hpc_submit.pbs") has been submitted
[2026-08-05 15:42:31] [SUBMIT] InceptionNet/Cifar10/DeepFool/ALL
[2026-08-05 15:42:31] [CMD] qsub -q all.q -l ngpus=1 -v MODEL="InceptionNet",DATASET="Cifar10",ATTACK="DeepFool",KIND="ALL",PHASE="generate",OUTPUT_DIR="adversarial_results_ep100_pre300" adversarial_hpc_submit.pbs </dev/null
[2026-08-05 15:42:31] [OK] InceptionNet/Cifar100/FGSM/ALL
[2026-08-05 15:42:32] [OK] qsub output: Your job 6374015 ("adversarial_hpc_submit.pbs") has been submitted
[2026-08-05 15:42:32] [SUBMIT] InceptionNet/Cifar100/IFGSM/ALL
[2026-08-05 15:42:33] [CMD] qsub -q all.q -l ngpus=1 -v MODEL="InceptionNet",DATASET="Cifar100",ATTACK="IFGSM",KIND="ALL",PHASE="generate",OUTPUT_DIR="adversarial_results_ep300_pre100" adversarial_hpc_submit.pbs </dev/null
[2026-08-05 15:42:37] [OK] InceptionNet/Cifar10/DeepFool/ALL
[2026-08-05 15:42:40] [OK] InceptionNet/Cifar100/IFGSM/ALL
[2026-08-05 15:42:52] [OK] qsub output: Your job 6374018 ("adversarial_hpc_submit.pbs") has been submitted
[2026-08-05 15:42:57] [OK] qsub output: Your job 6374020 ("adversarial_hpc_submit.pbs") has been submitted
[2026-08-05 15:42:57] [SUBMIT] InceptionNet/Cifar100/PGD/ALL
[2026-08-05 15:42:57] [SUBMIT] InceptionNet/Cifar100/BIM/ALL
[2026-08-05 15:43:18] [CMD] qsub -q all.q -l ngpus=1 -v MODEL="InceptionNet",DATASET="Cifar100",ATTACK="BIM",KIND="ALL",PHASE="generate",OUTPUT_DIR="adversarial_results_ep300_pre100" adversarial_hpc_submit.pbs </dev/null
[2026-08-05 15:43:18] [CMD] qsub -q all.q -l ngpus=1 -v MODEL="InceptionNet",DATASET="Cifar100",ATTACK="PGD",KIND="ALL",PHASE="generate",OUTPUT_DIR="adversarial_results_ep100_pre300" adversarial_hpc_submit.pbs </dev/null
[2026-08-05 15:43:31] [OK] InceptionNet/Cifar100/BIM/ALL
[2026-08-05 15:43:35] [OK] InceptionNet/Cifar100/PGD/ALL
[2026-08-05 15:43:39] [OK] qsub output: Your job 6374032 ("adversarial_hpc_submit.pbs") has been submitted
[2026-08-05 15:43:39] [OK] qsub output: Your job 6374034 ("adversarial_hpc_submit.pbs") has been submitted
[2026-08-05 15:43:40] [SUBMIT] InceptionNet/Cifar100/FGSM/ALL
[2026-08-05 15:43:40] [SUBMIT] InceptionNet/Cifar100/APGD/ALL
[2026-08-05 15:43:40] [CMD] qsub -q all.q -l ngpus=1 -v MODEL="InceptionNet",DATASET="Cifar100",ATTACK="FGSM",KIND="ALL",PHASE="generate",OUTPUT_DIR="adversarial_results_ep100_pre300" adversarial_hpc_submit.pbs </dev/null
[2026-08-05 15:43:40] [CMD] qsub -q all.q -l ngpus=1 -v MODEL="InceptionNet",DATASET="Cifar100",ATTACK="APGD",KIND="ALL",PHASE="generate",OUTPUT_DIR="adversarial_results_ep300_pre100" adversarial_hpc_submit.pbs </dev/null
[2026-08-05 15:43:48] [OK] InceptionNet/Cifar100/FGSM/ALL
[2026-08-05 15:43:48] [OK] qsub output: Your job 6374039 ("adversarial_hpc_submit.pbs") has been submitted
[2026-08-05 15:43:48] [SUBMIT] InceptionNet/Cifar100/IFGSM/ALL
[2026-08-05 15:43:48] [CMD] qsub -q all.q -l ngpus=1 -v MODEL="InceptionNet",DATASET="Cifar100",ATTACK="IFGSM",KIND="ALL",PHASE="generate",OUTPUT_DIR="adversarial_results_ep100_pre300" adversarial_hpc_submit.pbs </dev/null
[2026-08-05 15:43:51] [OK] InceptionNet/Cifar100/APGD/ALL
[2026-08-05 15:43:51] [OK] qsub output: Your job 6374040 ("adversarial_hpc_submit.pbs") has been submitted
[2026-08-05 15:43:51] [SUBMIT] InceptionNet/Cifar100/CW/ALL
[2026-08-05 15:43:51] [CMD] qsub -q all.q -l ngpus=1 -v MODEL="InceptionNet",DATASET="Cifar100",ATTACK="CW",KIND="ALL",PHASE="generate",OUTPUT_DIR="adversarial_results_ep300_pre100" adversarial_hpc_submit.pbs </dev/null
[2026-08-05 15:44:02] [OK] InceptionNet/Cifar100/CW/ALL
[2026-08-05 15:44:03] [OK] qsub output: Your job 6374044 ("adversarial_hpc_submit.pbs") has been submitted
[2026-08-05 15:44:03] [SUBMIT] InceptionNet/Cifar100/DeepFool/ALL
[2026-08-05 15:44:03] [CMD] qsub -q all.q -l ngpus=1 -v MODEL="InceptionNet",DATASET="Cifar100",ATTACK="DeepFool",KIND="ALL",PHASE="generate",OUTPUT_DIR="adversarial_results_ep300_pre100" adversarial_hpc_submit.pbs </dev/null
[2026-08-05 15:44:05] [OK] InceptionNet/Cifar100/IFGSM/ALL
[2026-08-05 15:44:05] [OK] qsub output: Your job 6374043 ("adversarial_hpc_submit.pbs") has been submitted
[2026-08-05 15:44:05] [SUBMIT] InceptionNet/Cifar100/BIM/ALL
[2026-08-05 15:44:05] [CMD] qsub -q all.q -l ngpus=1 -v MODEL="InceptionNet",DATASET="Cifar100",ATTACK="BIM",KIND="ALL",PHASE="generate",OUTPUT_DIR="adversarial_results_ep100_pre300" adversarial_hpc_submit.pbs </dev/null
[2026-08-05 15:44:18] [OK] InceptionNet/Cifar100/BIM/ALL
[2026-08-05 15:44:18] [OK] qsub output: Your job 6374048 ("adversarial_hpc_submit.pbs") has been submitted
[2026-08-05 15:44:18] [SUBMIT] InceptionNet/Cifar100/APGD/ALL
[2026-08-05 15:44:18] [CMD] qsub -q all.q -l ngpus=1 -v MODEL="InceptionNet",DATASET="Cifar100",ATTACK="APGD",KIND="ALL",PHASE="generate",OUTPUT_DIR="adversarial_results_ep100_pre300" adversarial_hpc_submit.pbs </dev/null
[2026-08-05 15:44:19] [OK] InceptionNet/Cifar100/DeepFool/ALL
[2026-08-05 15:44:19] [OK] qsub output: Your job 6374047 ("adversarial_hpc_submit.pbs") has been submitted
[2026-08-05 15:44:19] [SUBMIT] MobileNet/Cifar10/PGD/ALL
[2026-08-05 15:44:19] [CMD] qsub -q all.q -l ngpus=1 -v MODEL="MobileNet",DATASET="Cifar10",ATTACK="PGD",KIND="ALL",PHASE="generate",OUTPUT_DIR="adversarial_results_ep300_pre100" adversarial_hpc_submit.pbs </dev/null
[2026-08-05 15:44:26] [OK] InceptionNet/Cifar100/APGD/ALL
[2026-08-05 15:44:26] [OK] qsub output: Your job 6374051 ("adversarial_hpc_submit.pbs") has been submitted
[2026-08-05 15:44:26] [SUBMIT] InceptionNet/Cifar100/CW/ALL
[2026-08-05 15:44:26] [CMD] qsub -q all.q -l ngpus=1 -v MODEL="InceptionNet",DATASET="Cifar100",ATTACK="CW",KIND="ALL",PHASE="generate",OUTPUT_DIR="adversarial_results_ep100_pre300" adversarial_hpc_submit.pbs </dev/null
[2026-08-05 15:44:34] [OK] MobileNet/Cifar10/PGD/ALL
[2026-08-05 15:44:35] [OK] qsub output: Your job 6374052 ("adversarial_hpc_submit.pbs") has been submitted
[2026-08-05 15:44:35] [SUBMIT] MobileNet/Cifar10/FGSM/ALL
[2026-08-05 15:44:35] [CMD] qsub -q all.q -l ngpus=1 -v MODEL="MobileNet",DATASET="Cifar10",ATTACK="FGSM",KIND="ALL",PHASE="generate",OUTPUT_DIR="adversarial_results_ep300_pre100" adversarial_hpc_submit.pbs </dev/null
[2026-08-05 15:44:42] [OK] InceptionNet/Cifar100/CW/ALL
[2026-08-05 15:44:42] [OK] qsub output: Your job 6374056 ("adversarial_hpc_submit.pbs") has been submitted
[2026-08-05 15:44:43] [SUBMIT] InceptionNet/Cifar100/DeepFool/ALL
[2026-08-05 15:44:43] [CMD] qsub -q all.q -l ngpus=1 -v MODEL="InceptionNet",DATASET="Cifar100",ATTACK="DeepFool",KIND="ALL",PHASE="generate",OUTPUT_DIR="adversarial_results_ep100_pre300" adversarial_hpc_submit.pbs </dev/null
[2026-08-05 15:44:45] [OK] MobileNet/Cifar10/FGSM/ALL
[2026-08-05 15:44:45] [OK] qsub output: Your job 6374058 ("adversarial_hpc_submit.pbs") has been submitted
[2026-08-05 15:44:45] [SUBMIT] MobileNet/Cifar10/IFGSM/ALL
[2026-08-05 15:44:45] [CMD] qsub -q all.q -l ngpus=1 -v MODEL="MobileNet",DATASET="Cifar10",ATTACK="IFGSM",KIND="ALL",PHASE="generate",OUTPUT_DIR="adversarial_results_ep300_pre100" adversarial_hpc_submit.pbs </dev/null
[2026-08-05 15:44:56] [OK] InceptionNet/Cifar100/DeepFool/ALL
[2026-08-05 15:44:56] [OK] qsub output: Your job 6374061 ("adversarial_hpc_submit.pbs") has been submitted
[2026-08-05 15:44:56] [SUBMIT] MobileNet/Cifar10/PGD/ALL
[2026-08-05 15:44:56] [CMD] qsub -q all.q -l ngpus=1 -v MODEL="MobileNet",DATASET="Cifar10",ATTACK="PGD",KIND="ALL",PHASE="generate",OUTPUT_DIR="adversarial_results_ep100_pre300" adversarial_hpc_submit.pbs </dev/null
[2026-08-05 15:45:01] [OK] MobileNet/Cifar10/IFGSM/ALL
[2026-08-05 15:45:01] [OK] qsub output: Your job 6374062 ("adversarial_hpc_submit.pbs") has been submitted
[2026-08-05 15:45:02] [SUBMIT] MobileNet/Cifar10/BIM/ALL
[2026-08-05 15:45:02] [CMD] qsub -q all.q -l ngpus=1 -v MODEL="MobileNet",DATASET="Cifar10",ATTACK="BIM",KIND="ALL",PHASE="generate",OUTPUT_DIR="adversarial_results_ep300_pre100" adversarial_hpc_submit.pbs </dev/null
[2026-08-05 15:45:12] [OK] MobileNet/Cifar10/BIM/ALL
[2026-08-05 15:45:12] [OK] qsub output: Your job 6374067 ("adversarial_hpc_submit.pbs") has been submitted
[2026-08-05 15:45:12] [SUBMIT] MobileNet/Cifar10/APGD/ALL
[2026-08-05 15:45:12] [CMD] qsub -q all.q -l ngpus=1 -v MODEL="MobileNet",DATASET="Cifar10",ATTACK="APGD",KIND="ALL",PHASE="generate",OUTPUT_DIR="adversarial_results_ep300_pre100" adversarial_hpc_submit.pbs </dev/null
[2026-08-05 15:45:15] [OK] MobileNet/Cifar10/PGD/ALL
[2026-08-05 15:45:15] [OK] qsub output: Your job 6374065 ("adversarial_hpc_submit.pbs") has been submitted
[2026-08-05 15:45:15] [SUBMIT] MobileNet/Cifar10/FGSM/ALL
[2026-08-05 15:45:15] [CMD] qsub -q all.q -l ngpus=1 -v MODEL="MobileNet",DATASET="Cifar10",ATTACK="FGSM",KIND="ALL",PHASE="generate",OUTPUT_DIR="adversarial_results_ep100_pre300" adversarial_hpc_submit.pbs </dev/null
[2026-08-05 15:45:29] [OK] MobileNet/Cifar10/APGD/ALL
[2026-08-05 15:45:29] [OK] qsub output: Your job 6374071 ("adversarial_hpc_submit.pbs") has been submitted
[2026-08-05 15:45:29] [SUBMIT] MobileNet/Cifar10/CW/ALL
[2026-08-05 15:45:29] [CMD] qsub -q all.q -l ngpus=1 -v MODEL="MobileNet",DATASET="Cifar10",ATTACK="CW",KIND="ALL",PHASE="generate",OUTPUT_DIR="adversarial_results_ep300_pre100" adversarial_hpc_submit.pbs </dev/null
[2026-08-05 15:45:33] [OK] MobileNet/Cifar10/FGSM/ALL
[2026-08-05 15:45:33] [OK] qsub output: Your job 6374072 ("adversarial_hpc_submit.pbs") has been submitted
[2026-08-05 15:45:33] [SUBMIT] MobileNet/Cifar10/IFGSM/ALL
[2026-08-05 15:45:33] [CMD] qsub -q all.q -l ngpus=1 -v MODEL="MobileNet",DATASET="Cifar10",ATTACK="IFGSM",KIND="ALL",PHASE="generate",OUTPUT_DIR="adversarial_results_ep100_pre300" adversarial_hpc_submit.pbs </dev/null
[2026-08-05 15:45:40] [OK] MobileNet/Cifar10/CW/ALL
[2026-08-05 15:45:40] [OK] qsub output: Your job 6374076 ("adversarial_hpc_submit.pbs") has been submitted
[2026-08-05 15:45:40] [SUBMIT] MobileNet/Cifar10/DeepFool/ALL
[2026-08-05 15:45:40] [CMD] qsub -q all.q -l ngpus=1 -v MODEL="MobileNet",DATASET="Cifar10",ATTACK="DeepFool",KIND="ALL",PHASE="generate",OUTPUT_DIR="adversarial_results_ep300_pre100" adversarial_hpc_submit.pbs </dev/null
[2026-08-05 15:45:49] [OK] MobileNet/Cifar10/IFGSM/ALL
[2026-08-05 15:45:49] [OK] qsub output: Your job 6374078 ("adversarial_hpc_submit.pbs") has been submitted
[2026-08-05 15:45:49] [SUBMIT] MobileNet/Cifar10/BIM/ALL
[2026-08-05 15:45:49] [CMD] qsub -q all.q -l ngpus=1 -v MODEL="MobileNet",DATASET="Cifar10",ATTACK="BIM",KIND="ALL",PHASE="generate",OUTPUT_DIR="adversarial_results_ep100_pre300" adversarial_hpc_submit.pbs </dev/null
[2026-08-05 15:45:53] [OK] MobileNet/Cifar10/DeepFool/ALL
[2026-08-05 15:45:53] [OK] qsub output: Your job 6374080 ("adversarial_hpc_submit.pbs") has been submitted
[2026-08-05 15:45:53] [SUBMIT] MobileNet/Cifar100/PGD/ALL
[2026-08-05 15:45:53] [CMD] qsub -q all.q -l ngpus=1 -v MODEL="MobileNet",DATASET="Cifar100",ATTACK="PGD",KIND="ALL",PHASE="generate",OUTPUT_DIR="adversarial_results_ep300_pre100" adversarial_hpc_submit.pbs </dev/null
[2026-08-05 15:46:00] [OK] MobileNet/Cifar10/BIM/ALL
[2026-08-05 15:46:00] [OK] qsub output: Your job 6374083 ("adversarial_hpc_submit.pbs") has been submitted
[2026-08-05 15:46:00] [SUBMIT] MobileNet/Cifar10/APGD/ALL
[2026-08-05 15:46:00] [CMD] qsub -q all.q -l ngpus=1 -v MODEL="MobileNet",DATASET="Cifar10",ATTACK="APGD",KIND="ALL",PHASE="generate",OUTPUT_DIR="adversarial_results_ep100_pre300" adversarial_hpc_submit.pbs </dev/null
[2026-08-05 15:46:06] [OK] MobileNet/Cifar100/PGD/ALL
[2026-08-05 15:46:06] [OK] qsub output: Your job 6374085 ("adversarial_hpc_submit.pbs") has been submitted
[2026-08-05 15:46:06] [SUBMIT] MobileNet/Cifar100/FGSM/ALL
[2026-08-05 15:46:06] [CMD] qsub -q all.q -l ngpus=1 -v MODEL="MobileNet",DATASET="Cifar100",ATTACK="FGSM",KIND="ALL",PHASE="generate",OUTPUT_DIR="adversarial_results_ep300_pre100" adversarial_hpc_submit.pbs </dev/null
[2026-08-05 15:46:10] [OK] MobileNet/Cifar10/APGD/ALL
[2026-08-05 15:46:10] [OK] qsub output: Your job 6374087 ("adversarial_hpc_submit.pbs") has been submitted
[2026-08-05 15:46:10] [SUBMIT] MobileNet/Cifar10/CW/ALL
[2026-08-05 15:46:10] [CMD] qsub -q all.q -l ngpus=1 -v MODEL="MobileNet",DATASET="Cifar10",ATTACK="CW",KIND="ALL",PHASE="generate",OUTPUT_DIR="adversarial_results_ep100_pre300" adversarial_hpc_submit.pbs </dev/null
[2026-08-05 15:46:22] [OK] MobileNet/Cifar100/FGSM/ALL
[2026-08-05 15:46:22] [OK] qsub output: Your job 6374090 ("adversarial_hpc_submit.pbs") has been submitted
[2026-08-05 15:46:22] [SUBMIT] MobileNet/Cifar100/IFGSM/ALL
[2026-08-05 15:46:22] [CMD] qsub -q all.q -l ngpus=1 -v MODEL="MobileNet",DATASET="Cifar100",ATTACK="IFGSM",KIND="ALL",PHASE="generate",OUTPUT_DIR="adversarial_results_ep300_pre100" adversarial_hpc_submit.pbs </dev/null
[2026-08-05 15:46:28] [OK] MobileNet/Cifar10/CW/ALL
[2026-08-05 15:46:29] [OK] qsub output: Your job 6374092 ("adversarial_hpc_submit.pbs") has been submitted
[2026-08-05 15:46:29] [SUBMIT] MobileNet/Cifar10/DeepFool/ALL
[2026-08-05 15:46:29] [CMD] qsub -q all.q -l ngpus=1 -v MODEL="MobileNet",DATASET="Cifar10",ATTACK="DeepFool",KIND="ALL",PHASE="generate",OUTPUT_DIR="adversarial_results_ep100_pre300" adversarial_hpc_submit.pbs </dev/null
[2026-08-05 15:46:40] [OK] MobileNet/Cifar100/IFGSM/ALL
[2026-08-05 15:46:40] [OK] qsub output: Your job 6374095 ("adversarial_hpc_submit.pbs") has been submitted
[2026-08-05 15:46:41] [SUBMIT] MobileNet/Cifar100/BIM/ALL
[2026-08-05 15:46:41] [CMD] qsub -q all.q -l ngpus=1 -v MODEL="MobileNet",DATASET="Cifar100",ATTACK="BIM",KIND="ALL",PHASE="generate",OUTPUT_DIR="adversarial_results_ep300_pre100" adversarial_hpc_submit.pbs </dev/null
[2026-08-05 15:46:46] [OK] MobileNet/Cifar10/DeepFool/ALL
[2026-08-05 15:46:46] [OK] qsub output: Your job 6374097 ("adversarial_hpc_submit.pbs") has been submitted
[2026-08-05 15:46:46] [SUBMIT] MobileNet/Cifar100/PGD/ALL
[2026-08-05 15:46:46] [CMD] qsub -q all.q -l ngpus=1 -v MODEL="MobileNet",DATASET="Cifar100",ATTACK="PGD",KIND="ALL",PHASE="generate",OUTPUT_DIR="adversarial_results_ep100_pre300" adversarial_hpc_submit.pbs </dev/null
[2026-08-05 15:46:48] [OK] MobileNet/Cifar100/BIM/ALL
[2026-08-05 15:46:48] [OK] qsub output: Your job 6374100 ("adversarial_hpc_submit.pbs") has been submitted
[2026-08-05 15:46:48] [SUBMIT] MobileNet/Cifar100/APGD/ALL
[2026-08-05 15:46:49] [CMD] qsub -q all.q -l ngpus=1 -v MODEL="MobileNet",DATASET="Cifar100",ATTACK="APGD",KIND="ALL",PHASE="generate",OUTPUT_DIR="adversarial_results_ep300_pre100" adversarial_hpc_submit.pbs </dev/null
[2026-08-05 15:46:58] [OK] MobileNet/Cifar100/PGD/ALL
[2026-08-05 15:46:58] [OK] qsub output: Your job 6374103 ("adversarial_hpc_submit.pbs") has been submitted
[2026-08-05 15:46:59] [SUBMIT] MobileNet/Cifar100/FGSM/ALL
[2026-08-05 15:46:59] [CMD] qsub -q all.q -l ngpus=1 -v MODEL="MobileNet",DATASET="Cifar100",ATTACK="FGSM",KIND="ALL",PHASE="generate",OUTPUT_DIR="adversarial_results_ep100_pre300" adversarial_hpc_submit.pbs </dev/null
[2026-08-05 15:47:05] [OK] MobileNet/Cifar100/APGD/ALL
[2026-08-05 15:47:05] [OK] qsub output: Your job 6374104 ("adversarial_hpc_submit.pbs") has been submitted
[2026-08-05 15:47:05] [SUBMIT] MobileNet/Cifar100/CW/ALL
[2026-08-05 15:47:06] [CMD] qsub -q all.q -l ngpus=1 -v MODEL="MobileNet",DATASET="Cifar100",ATTACK="CW",KIND="ALL",PHASE="generate",OUTPUT_DIR="adversarial_results_ep300_pre100" adversarial_hpc_submit.pbs </dev/null
[2026-08-05 15:47:22] [OK] MobileNet/Cifar100/CW/ALL
[2026-08-05 15:47:22] [OK] qsub output: Your job 6374109 ("adversarial_hpc_submit.pbs") has been submitted
[2026-08-05 15:47:22] [SUBMIT] MobileNet/Cifar100/DeepFool/ALL
[2026-08-05 15:47:22] [CMD] qsub -q all.q -l ngpus=1 -v MODEL="MobileNet",DATASET="Cifar100",ATTACK="DeepFool",KIND="ALL",PHASE="generate",OUTPUT_DIR="adversarial_results_ep300_pre100" adversarial_hpc_submit.pbs </dev/null
[2026-08-05 15:47:23] [OK] MobileNet/Cifar100/FGSM/ALL
[2026-08-05 15:47:23] [OK] qsub output: Your job 6374108 ("adversarial_hpc_submit.pbs") has been submitted
[2026-08-05 15:47:23] [SUBMIT] MobileNet/Cifar100/IFGSM/ALL
[2026-08-05 15:47:23] [CMD] qsub -q all.q -l ngpus=1 -v MODEL="MobileNet",DATASET="Cifar100",ATTACK="IFGSM",KIND="ALL",PHASE="generate",OUTPUT_DIR="adversarial_results_ep100_pre300" adversarial_hpc_submit.pbs </dev/null
[2026-08-05 15:47:39] [OK] MobileNet/Cifar100/DeepFool/ALL
[2026-08-05 15:47:39] [OK] qsub output: Your job 6374114 ("adversarial_hpc_submit.pbs") has been submitted
[2026-08-05 15:47:39] [SUBMIT] XceptionNet/Cifar10/PGD/ALL
[2026-08-05 15:47:39] [CMD] qsub -q all.q -l ngpus=1 -v MODEL="XceptionNet",DATASET="Cifar10",ATTACK="PGD",KIND="ALL",PHASE="generate",OUTPUT_DIR="adversarial_results_ep300_pre100" adversarial_hpc_submit.pbs </dev/null
[2026-08-05 15:47:45] [OK] MobileNet/Cifar100/IFGSM/ALL
[2026-08-05 15:47:45] [OK] qsub output: Your job 6374115 ("adversarial_hpc_submit.pbs") has been submitted
[2026-08-05 15:47:45] [SUBMIT] MobileNet/Cifar100/BIM/ALL
[2026-08-05 15:47:45] [CMD] qsub -q all.q -l ngpus=1 -v MODEL="MobileNet",DATASET="Cifar100",ATTACK="BIM",KIND="ALL",PHASE="generate",OUTPUT_DIR="adversarial_results_ep100_pre300" adversarial_hpc_submit.pbs </dev/null
[2026-08-05 15:47:56] [OK] XceptionNet/Cifar10/PGD/ALL
[2026-08-05 15:47:56] [OK] qsub output: Your job 6374119 ("adversarial_hpc_submit.pbs") has been submitted
[2026-08-05 15:47:56] [SUBMIT] XceptionNet/Cifar10/FGSM/ALL
[2026-08-05 15:47:56] [CMD] qsub -q all.q -l ngpus=1 -v MODEL="XceptionNet",DATASET="Cifar10",ATTACK="FGSM",KIND="ALL",PHASE="generate",OUTPUT_DIR="adversarial_results_ep300_pre100" adversarial_hpc_submit.pbs </dev/null
[2026-08-05 15:48:03] [OK] MobileNet/Cifar100/BIM/ALL
[2026-08-05 15:48:03] [OK] qsub output: Your job 6374120 ("adversarial_hpc_submit.pbs") has been submitted
[2026-08-05 15:48:03] [SUBMIT] MobileNet/Cifar100/APGD/ALL
[2026-08-05 15:48:03] [CMD] qsub -q all.q -l ngpus=1 -v MODEL="MobileNet",DATASET="Cifar100",ATTACK="APGD",KIND="ALL",PHASE="generate",OUTPUT_DIR="adversarial_results_ep100_pre300" adversarial_hpc_submit.pbs </dev/null
[2026-08-05 15:48:08] [OK] MobileNet/Cifar100/APGD/ALL
[2026-08-05 15:48:08] [OK] qsub output: Your job 6374126 ("adversarial_hpc_submit.pbs") has been submitted
[2026-08-05 15:48:08] [SUBMIT] MobileNet/Cifar100/CW/ALL
[2026-08-05 15:48:08] [CMD] qsub -q all.q -l ngpus=1 -v MODEL="MobileNet",DATASET="Cifar100",ATTACK="CW",KIND="ALL",PHASE="generate",OUTPUT_DIR="adversarial_results_ep100_pre300" adversarial_hpc_submit.pbs </dev/null
[2026-08-05 15:48:12] [OK] XceptionNet/Cifar10/FGSM/ALL
[2026-08-05 15:48:12] [OK] qsub output: Your job 6374124 ("adversarial_hpc_submit.pbs") has been submitted
[2026-08-05 15:48:12] [SUBMIT] XceptionNet/Cifar10/IFGSM/ALL
[2026-08-05 15:48:12] [CMD] qsub -q all.q -l ngpus=1 -v MODEL="XceptionNet",DATASET="Cifar10",ATTACK="IFGSM",KIND="ALL",PHASE="generate",OUTPUT_DIR="adversarial_results_ep300_pre100" adversarial_hpc_submit.pbs </dev/null
[2026-08-05 15:48:25] [OK] MobileNet/Cifar100/CW/ALL
[2026-08-05 15:48:25] [OK] qsub output: Your job 6374130 ("adversarial_hpc_submit.pbs") has been submitted
[2026-08-05 15:48:25] [SUBMIT] MobileNet/Cifar100/DeepFool/ALL
[2026-08-05 15:48:25] [CMD] qsub -q all.q -l ngpus=1 -v MODEL="MobileNet",DATASET="Cifar100",ATTACK="DeepFool",KIND="ALL",PHASE="generate",OUTPUT_DIR="adversarial_results_ep100_pre300" adversarial_hpc_submit.pbs </dev/null
[2026-08-05 15:48:31] [OK] XceptionNet/Cifar10/IFGSM/ALL
[2026-08-05 15:48:31] [OK] qsub output: Your job 6374131 ("adversarial_hpc_submit.pbs") has been submitted
[2026-08-05 15:48:31] [SUBMIT] XceptionNet/Cifar10/BIM/ALL
[2026-08-05 15:48:31] [CMD] qsub -q all.q -l ngpus=1 -v MODEL="XceptionNet",DATASET="Cifar10",ATTACK="BIM",KIND="ALL",PHASE="generate",OUTPUT_DIR="adversarial_results_ep300_pre100" adversarial_hpc_submit.pbs </dev/null
[2026-08-05 15:48:37] [OK] MobileNet/Cifar100/DeepFool/ALL
[2026-08-05 15:48:37] [OK] qsub output: Your job 6374133 ("adversarial_hpc_submit.pbs") has been submitted
[2026-08-05 15:48:37] [SUBMIT] XceptionNet/Cifar10/PGD/ALL
[2026-08-05 15:48:37] [CMD] qsub -q all.q -l ngpus=1 -v MODEL="XceptionNet",DATASET="Cifar10",ATTACK="PGD",KIND="ALL",PHASE="generate",OUTPUT_DIR="adversarial_results_ep100_pre300" adversarial_hpc_submit.pbs </dev/null
[2026-08-05 15:48:45] [OK] XceptionNet/Cifar10/BIM/ALL
[2026-08-05 15:48:45] [OK] qsub output: Your job 6374135 ("adversarial_hpc_submit.pbs") has been submitted
[2026-08-05 15:48:45] [SUBMIT] XceptionNet/Cifar10/APGD/ALL
[2026-08-05 15:48:45] [CMD] qsub -q all.q -l ngpus=1 -v MODEL="XceptionNet",DATASET="Cifar10",ATTACK="APGD",KIND="ALL",PHASE="generate",OUTPUT_DIR="adversarial_results_ep300_pre100" adversarial_hpc_submit.pbs </dev/null
[2026-08-05 15:48:49] [OK] XceptionNet/Cifar10/PGD/ALL
[2026-08-05 15:48:49] [OK] qsub output: Your job 6374137 ("adversarial_hpc_submit.pbs") has been submitted
[2026-08-05 15:48:49] [SUBMIT] XceptionNet/Cifar10/FGSM/ALL
[2026-08-05 15:48:49] [CMD] qsub -q all.q -l ngpus=1 -v MODEL="XceptionNet",DATASET="Cifar10",ATTACK="FGSM",KIND="ALL",PHASE="generate",OUTPUT_DIR="adversarial_results_ep100_pre300" adversarial_hpc_submit.pbs </dev/null
[2026-08-05 15:48:58] [OK] XceptionNet/Cifar10/APGD/ALL
[2026-08-05 15:48:58] [OK] qsub output: Your job 6374139 ("adversarial_hpc_submit.pbs") has been submitted
[2026-08-05 15:48:58] [SUBMIT] XceptionNet/Cifar10/CW/ALL
[2026-08-05 15:48:58] [CMD] qsub -q all.q -l ngpus=1 -v MODEL="XceptionNet",DATASET="Cifar10",ATTACK="CW",KIND="ALL",PHASE="generate",OUTPUT_DIR="adversarial_results_ep300_pre100" adversarial_hpc_submit.pbs </dev/null
[2026-08-05 15:49:02] [OK] XceptionNet/Cifar10/FGSM/ALL
[2026-08-05 15:49:02] [OK] qsub output: Your job 6374141 ("adversarial_hpc_submit.pbs") has been submitted
[2026-08-05 15:49:02] [SUBMIT] XceptionNet/Cifar10/IFGSM/ALL
[2026-08-05 15:49:02] [CMD] qsub -q all.q -l ngpus=1 -v MODEL="XceptionNet",DATASET="Cifar10",ATTACK="IFGSM",KIND="ALL",PHASE="generate",OUTPUT_DIR="adversarial_results_ep100_pre300" adversarial_hpc_submit.pbs </dev/null
[2026-08-05 15:49:08] [OK] XceptionNet/Cifar10/CW/ALL
[2026-08-05 15:49:08] [OK] qsub output: Your job 6374143 ("adversarial_hpc_submit.pbs") has been submitted
[2026-08-05 15:49:08] [SUBMIT] XceptionNet/Cifar10/DeepFool/ALL
[2026-08-05 15:49:08] [CMD] qsub -q all.q -l ngpus=1 -v MODEL="XceptionNet",DATASET="Cifar10",ATTACK="DeepFool",KIND="ALL",PHASE="generate",OUTPUT_DIR="adversarial_results_ep300_pre100" adversarial_hpc_submit.pbs </dev/null
[2026-08-05 15:49:12] [OK] XceptionNet/Cifar10/IFGSM/ALL
[2026-08-05 15:49:12] [OK] qsub output: Your job 6374144 ("adversarial_hpc_submit.pbs") has been submitted
[2026-08-05 15:49:13] [SUBMIT] XceptionNet/Cifar10/BIM/ALL
[2026-08-05 15:49:13] [CMD] qsub -q all.q -l ngpus=1 -v MODEL="XceptionNet",DATASET="Cifar10",ATTACK="BIM",KIND="ALL",PHASE="generate",OUTPUT_DIR="adversarial_results_ep100_pre300" adversarial_hpc_submit.pbs </dev/null
[2026-08-05 15:49:22] [OK] XceptionNet/Cifar10/DeepFool/ALL
[2026-08-05 15:49:22] [OK] qsub output: Your job 6374147 ("adversarial_hpc_submit.pbs") has been submitted
[2026-08-05 15:49:23] [SUBMIT] XceptionNet/Cifar100/PGD/ALL
[2026-08-05 15:49:23] [CMD] qsub -q all.q -l ngpus=1 -v MODEL="XceptionNet",DATASET="Cifar100",ATTACK="PGD",KIND="ALL",PHASE="generate",OUTPUT_DIR="adversarial_results_ep300_pre100" adversarial_hpc_submit.pbs </dev/null
[2026-08-05 15:49:26] [OK] XceptionNet/Cifar10/BIM/ALL
[2026-08-05 15:49:26] [OK] qsub output: Your job 6374148 ("adversarial_hpc_submit.pbs") has been submitted
[2026-08-05 15:49:26] [SUBMIT] XceptionNet/Cifar10/APGD/ALL
[2026-08-05 15:49:26] [CMD] qsub -q all.q -l ngpus=1 -v MODEL="XceptionNet",DATASET="Cifar10",ATTACK="APGD",KIND="ALL",PHASE="generate",OUTPUT_DIR="adversarial_results_ep100_pre300" adversarial_hpc_submit.pbs </dev/null
[2026-08-05 15:49:30] [OK] XceptionNet/Cifar100/PGD/ALL
[2026-08-05 15:49:30] [OK] qsub output: Your job 6374151 ("adversarial_hpc_submit.pbs") has been submitted
[2026-08-05 15:49:30] [SUBMIT] XceptionNet/Cifar100/FGSM/ALL
[2026-08-05 15:49:30] [CMD] qsub -q all.q -l ngpus=1 -v MODEL="XceptionNet",DATASET="Cifar100",ATTACK="FGSM",KIND="ALL",PHASE="generate",OUTPUT_DIR="adversarial_results_ep300_pre100" adversarial_hpc_submit.pbs </dev/null
[2026-08-05 15:49:34] [OK] XceptionNet/Cifar10/APGD/ALL
[2026-08-05 15:49:34] [OK] qsub output: Your job 6374152 ("adversarial_hpc_submit.pbs") has been submitted
[2026-08-05 15:49:34] [SUBMIT] XceptionNet/Cifar10/CW/ALL
[2026-08-05 15:49:34] [CMD] qsub -q all.q -l ngpus=1 -v MODEL="XceptionNet",DATASET="Cifar10",ATTACK="CW",KIND="ALL",PHASE="generate",OUTPUT_DIR="adversarial_results_ep100_pre300" adversarial_hpc_submit.pbs </dev/null
[2026-08-05 15:49:44] [OK] XceptionNet/Cifar100/FGSM/ALL
[2026-08-05 15:49:44] [OK] qsub output: Your job 6374154 ("adversarial_hpc_submit.pbs") has been submitted
[2026-08-05 15:49:44] [SUBMIT] XceptionNet/Cifar100/IFGSM/ALL
[2026-08-05 15:49:44] [CMD] qsub -q all.q -l ngpus=1 -v MODEL="XceptionNet",DATASET="Cifar100",ATTACK="IFGSM",KIND="ALL",PHASE="generate",OUTPUT_DIR="adversarial_results_ep300_pre100" adversarial_hpc_submit.pbs </dev/null
[2026-08-05 15:49:46] [OK] XceptionNet/Cifar10/CW/ALL
[2026-08-05 15:49:46] [OK] qsub output: Your job 6374155 ("adversarial_hpc_submit.pbs") has been submitted
[2026-08-05 15:49:46] [SUBMIT] XceptionNet/Cifar10/DeepFool/ALL
[2026-08-05 15:49:46] [CMD] qsub -q all.q -l ngpus=1 -v MODEL="XceptionNet",DATASET="Cifar10",ATTACK="DeepFool",KIND="ALL",PHASE="generate",OUTPUT_DIR="adversarial_results_ep100_pre300" adversarial_hpc_submit.pbs </dev/null
[2026-08-05 15:49:52] [OK] XceptionNet/Cifar100/IFGSM/ALL
[2026-08-05 15:49:52] [OK] qsub output: Your job 6374158 ("adversarial_hpc_submit.pbs") has been submitted
[2026-08-05 15:49:52] [SUBMIT] XceptionNet/Cifar100/BIM/ALL
[2026-08-05 15:49:52] [CMD] qsub -q all.q -l ngpus=1 -v MODEL="XceptionNet",DATASET="Cifar100",ATTACK="BIM",KIND="ALL",PHASE="generate",OUTPUT_DIR="adversarial_results_ep300_pre100" adversarial_hpc_submit.pbs </dev/null
[2026-08-05 15:49:56] [OK] XceptionNet/Cifar10/DeepFool/ALL
[2026-08-05 15:49:56] [OK] qsub output: Your job 6374159 ("adversarial_hpc_submit.pbs") has been submitted
[2026-08-05 15:49:56] [SUBMIT] XceptionNet/Cifar100/PGD/ALL
[2026-08-05 15:49:56] [CMD] qsub -q all.q -l ngpus=1 -v MODEL="XceptionNet",DATASET="Cifar100",ATTACK="PGD",KIND="ALL",PHASE="generate",OUTPUT_DIR="adversarial_results_ep100_pre300" adversarial_hpc_submit.pbs </dev/null
[2026-08-05 15:50:04] [OK] XceptionNet/Cifar100/BIM/ALL
[2026-08-05 15:50:04] [OK] qsub output: Your job 6374162 ("adversarial_hpc_submit.pbs") has been submitted
[2026-08-05 15:50:04] [SUBMIT] XceptionNet/Cifar100/APGD/ALL
[2026-08-05 15:50:04] [CMD] qsub -q all.q -l ngpus=1 -v MODEL="XceptionNet",DATASET="Cifar100",ATTACK="APGD",KIND="ALL",PHASE="generate",OUTPUT_DIR="adversarial_results_ep300_pre100" adversarial_hpc_submit.pbs </dev/null
[2026-08-05 15:50:06] [OK] XceptionNet/Cifar100/PGD/ALL
[2026-08-05 15:50:06] [OK] qsub output: Your job 6374164 ("adversarial_hpc_submit.pbs") has been submitted
[2026-08-05 15:50:06] [SUBMIT] XceptionNet/Cifar100/FGSM/ALL
[2026-08-05 15:50:06] [CMD] qsub -q all.q -l ngpus=1 -v MODEL="XceptionNet",DATASET="Cifar100",ATTACK="FGSM",KIND="ALL",PHASE="generate",OUTPUT_DIR="adversarial_results_ep100_pre300" adversarial_hpc_submit.pbs </dev/null
[2026-08-05 15:50:15] [OK] XceptionNet/Cifar100/APGD/ALL
[2026-08-05 15:50:16] [OK] qsub output: Your job 6374166 ("adversarial_hpc_submit.pbs") has been submitted
[2026-08-05 15:50:16] [SUBMIT] XceptionNet/Cifar100/CW/ALL
[2026-08-05 15:50:16] [CMD] qsub -q all.q -l ngpus=1 -v MODEL="XceptionNet",DATASET="Cifar100",ATTACK="CW",KIND="ALL",PHASE="generate",OUTPUT_DIR="adversarial_results_ep300_pre100" adversarial_hpc_submit.pbs </dev/null
[2026-08-05 15:50:16] [OK] XceptionNet/Cifar100/FGSM/ALL
[2026-08-05 15:50:16] [OK] qsub output: Your job 6374167 ("adversarial_hpc_submit.pbs") has been submitted
[2026-08-05 15:50:16] [SUBMIT] XceptionNet/Cifar100/IFGSM/ALL
[2026-08-05 15:50:16] [CMD] qsub -q all.q -l ngpus=1 -v MODEL="XceptionNet",DATASET="Cifar100",ATTACK="IFGSM",KIND="ALL",PHASE="generate",OUTPUT_DIR="adversarial_results_ep100_pre300" adversarial_hpc_submit.pbs </dev/null
[2026-08-05 15:50:25] [OK] XceptionNet/Cifar100/CW/ALL
[2026-08-05 15:50:25] [OK] qsub output: Your job 6374170 ("adversarial_hpc_submit.pbs") has been submitted
[2026-08-05 15:50:26] [SUBMIT] XceptionNet/Cifar100/DeepFool/ALL
[2026-08-05 15:50:26] [CMD] qsub -q all.q -l ngpus=1 -v MODEL="XceptionNet",DATASET="Cifar100",ATTACK="DeepFool",KIND="ALL",PHASE="generate",OUTPUT_DIR="adversarial_results_ep300_pre100" adversarial_hpc_submit.pbs </dev/null
[2026-08-05 15:50:29] [OK] XceptionNet/Cifar100/IFGSM/ALL
[2026-08-05 15:50:29] [OK] qsub output: Your job 6374171 ("adversarial_hpc_submit.pbs") has been submitted
[2026-08-05 15:50:29] [SUBMIT] XceptionNet/Cifar100/BIM/ALL
[2026-08-05 15:50:29] [CMD] qsub -q all.q -l ngpus=1 -v MODEL="XceptionNet",DATASET="Cifar100",ATTACK="BIM",KIND="ALL",PHASE="generate",OUTPUT_DIR="adversarial_results_ep100_pre300" adversarial_hpc_submit.pbs </dev/null
[2026-08-05 15:50:38] [OK] XceptionNet/Cifar100/DeepFool/ALL
[2026-08-05 15:50:38] [OK] qsub output: Your job 6374174 ("adversarial_hpc_submit.pbs") has been submitted
[2026-08-05 15:50:38] [SUBMIT] ConvNeXt/Cifar10/PGD/ALL
[2026-08-05 15:50:38] [CMD] qsub -q all.q -l ngpus=1 -v MODEL="ConvNeXt",DATASET="Cifar10",ATTACK="PGD",KIND="ALL",PHASE="generate",OUTPUT_DIR="adversarial_results_ep300_pre100" adversarial_hpc_submit.pbs </dev/null
[2026-08-05 15:50:39] [OK] XceptionNet/Cifar100/BIM/ALL
[2026-08-05 15:50:39] [OK] qsub output: Your job 6374176 ("adversarial_hpc_submit.pbs") has been submitted
[2026-08-05 15:50:39] [SUBMIT] XceptionNet/Cifar100/APGD/ALL
[2026-08-05 15:50:39] [CMD] qsub -q all.q -l ngpus=1 -v MODEL="XceptionNet",DATASET="Cifar100",ATTACK="APGD",KIND="ALL",PHASE="generate",OUTPUT_DIR="adversarial_results_ep100_pre300" adversarial_hpc_submit.pbs </dev/null
[2026-08-05 15:50:46] [OK] XceptionNet/Cifar100/APGD/ALL
[2026-08-05 15:50:48] [OK] qsub output: Your job 6374180 ("adversarial_hpc_submit.pbs") has been submitted
[2026-08-05 15:50:48] [OK] ConvNeXt/Cifar10/PGD/ALL
[2026-08-05 15:50:48] [OK] qsub output: Your job 6374179 ("adversarial_hpc_submit.pbs") has been submitted
[2026-08-05 15:50:48] [SUBMIT] XceptionNet/Cifar100/CW/ALL
[2026-08-05 15:50:48] [SUBMIT] ConvNeXt/Cifar10/FGSM/ALL
[2026-08-05 15:50:48] [CMD] qsub -q all.q -l ngpus=1 -v MODEL="XceptionNet",DATASET="Cifar100",ATTACK="CW",KIND="ALL",PHASE="generate",OUTPUT_DIR="adversarial_results_ep100_pre300" adversarial_hpc_submit.pbs </dev/null
[2026-08-05 15:50:48] [CMD] qsub -q all.q -l ngpus=1 -v MODEL="ConvNeXt",DATASET="Cifar10",ATTACK="FGSM",KIND="ALL",PHASE="generate",OUTPUT_DIR="adversarial_results_ep300_pre100" adversarial_hpc_submit.pbs </dev/null
[2026-08-05 15:50:57] [OK] XceptionNet/Cifar100/CW/ALL
[2026-08-05 15:50:57] [OK] qsub output: Your job 6374183 ("adversarial_hpc_submit.pbs") has been submitted
[2026-08-05 15:50:58] [SUBMIT] XceptionNet/Cifar100/DeepFool/ALL
[2026-08-05 15:50:58] [CMD] qsub -q all.q -l ngpus=1 -v MODEL="XceptionNet",DATASET="Cifar100",ATTACK="DeepFool",KIND="ALL",PHASE="generate",OUTPUT_DIR="adversarial_results_ep100_pre300" adversarial_hpc_submit.pbs </dev/null
[2026-08-05 15:50:58] [OK] ConvNeXt/Cifar10/FGSM/ALL
[2026-08-05 15:50:58] [OK] qsub output: Your job 6374184 ("adversarial_hpc_submit.pbs") has been submitted
[2026-08-05 15:50:59] [SUBMIT] ConvNeXt/Cifar10/IFGSM/ALL
[2026-08-05 15:50:59] [CMD] qsub -q all.q -l ngpus=1 -v MODEL="ConvNeXt",DATASET="Cifar10",ATTACK="IFGSM",KIND="ALL",PHASE="generate",OUTPUT_DIR="adversarial_results_ep300_pre100" adversarial_hpc_submit.pbs </dev/null
[2026-08-05 15:51:16] [OK] XceptionNet/Cifar100/DeepFool/ALL
[2026-08-05 15:51:16] [OK] qsub output: Your job 6374188 ("adversarial_hpc_submit.pbs") has been submitted
[2026-08-05 15:51:16] [SUBMIT] ConvNeXt/Cifar10/PGD/ALL
[2026-08-05 15:51:16] [CMD] qsub -q all.q -l ngpus=1 -v MODEL="ConvNeXt",DATASET="Cifar10",ATTACK="PGD",KIND="ALL",PHASE="generate",OUTPUT_DIR="adversarial_results_ep100_pre300" adversarial_hpc_submit.pbs </dev/null
[2026-08-05 15:51:19] [OK] ConvNeXt/Cifar10/IFGSM/ALL
[2026-08-05 15:51:19] [OK] qsub output: Your job 6374189 ("adversarial_hpc_submit.pbs") has been submitted
[2026-08-05 15:51:19] [SUBMIT] ConvNeXt/Cifar10/BIM/ALL
[2026-08-05 15:51:19] [CMD] qsub -q all.q -l ngpus=1 -v MODEL="ConvNeXt",DATASET="Cifar10",ATTACK="BIM",KIND="ALL",PHASE="generate",OUTPUT_DIR="adversarial_results_ep300_pre100" adversarial_hpc_submit.pbs </dev/null
[2026-08-05 15:51:29] [OK] ConvNeXt/Cifar10/PGD/ALL
[2026-08-05 15:51:29] [OK] qsub output: Your job 6374192 ("adversarial_hpc_submit.pbs") has been submitted
[2026-08-05 15:51:29] [SUBMIT] ConvNeXt/Cifar10/FGSM/ALL
[2026-08-05 15:51:29] [CMD] qsub -q all.q -l ngpus=1 -v MODEL="ConvNeXt",DATASET="Cifar10",ATTACK="FGSM",KIND="ALL",PHASE="generate",OUTPUT_DIR="adversarial_results_ep100_pre300" adversarial_hpc_submit.pbs </dev/null
[2026-08-05 15:51:34] [OK] ConvNeXt/Cifar10/BIM/ALL
[2026-08-05 15:51:34] [OK] qsub output: Your job 6374193 ("adversarial_hpc_submit.pbs") has been submitted
[2026-08-05 15:51:34] [SUBMIT] ConvNeXt/Cifar10/APGD/ALL
[2026-08-05 15:51:34] [CMD] qsub -q all.q -l ngpus=1 -v MODEL="ConvNeXt",DATASET="Cifar10",ATTACK="APGD",KIND="ALL",PHASE="generate",OUTPUT_DIR="adversarial_results_ep300_pre100" adversarial_hpc_submit.pbs </dev/null
[2026-08-05 15:51:42] [OK] ConvNeXt/Cifar10/FGSM/ALL
[2026-08-05 15:51:42] [OK] qsub output: Your job 6374196 ("adversarial_hpc_submit.pbs") has been submitted
[2026-08-05 15:51:42] [SUBMIT] ConvNeXt/Cifar10/IFGSM/ALL
[2026-08-05 15:51:42] [CMD] qsub -q all.q -l ngpus=1 -v MODEL="ConvNeXt",DATASET="Cifar10",ATTACK="IFGSM",KIND="ALL",PHASE="generate",OUTPUT_DIR="adversarial_results_ep100_pre300" adversarial_hpc_submit.pbs </dev/null
[2026-08-05 15:51:43] [OK] ConvNeXt/Cifar10/APGD/ALL
[2026-08-05 15:51:43] [OK] qsub output: Your job 6374197 ("adversarial_hpc_submit.pbs") has been submitted
[2026-08-05 15:51:43] [SUBMIT] ConvNeXt/Cifar10/CW/ALL
[2026-08-05 15:51:43] [CMD] qsub -q all.q -l ngpus=1 -v MODEL="ConvNeXt",DATASET="Cifar10",ATTACK="CW",KIND="ALL",PHASE="generate",OUTPUT_DIR="adversarial_results_ep300_pre100" adversarial_hpc_submit.pbs </dev/null
[2026-08-05 15:51:51] [OK] ConvNeXt/Cifar10/IFGSM/ALL
[2026-08-05 15:51:51] [OK] qsub output: Your job 6374200 ("adversarial_hpc_submit.pbs") has been submitted
[2026-08-05 15:51:51] [SUBMIT] ConvNeXt/Cifar10/BIM/ALL
[2026-08-05 15:51:51] [CMD] qsub -q all.q -l ngpus=1 -v MODEL="ConvNeXt",DATASET="Cifar10",ATTACK="BIM",KIND="ALL",PHASE="generate",OUTPUT_DIR="adversarial_results_ep100_pre300" adversarial_hpc_submit.pbs </dev/null
[2026-08-05 15:51:56] [OK] ConvNeXt/Cifar10/CW/ALL
[2026-08-05 15:51:56] [OK] qsub output: Your job 6374201 ("adversarial_hpc_submit.pbs") has been submitted
[2026-08-05 15:51:56] [SUBMIT] ConvNeXt/Cifar10/DeepFool/ALL
[2026-08-05 15:51:56] [CMD] qsub -q all.q -l ngpus=1 -v MODEL="ConvNeXt",DATASET="Cifar10",ATTACK="DeepFool",KIND="ALL",PHASE="generate",OUTPUT_DIR="adversarial_results_ep300_pre100" adversarial_hpc_submit.pbs </dev/null
[2026-08-05 15:52:02] [OK] ConvNeXt/Cifar10/BIM/ALL
[2026-08-05 15:52:02] [OK] qsub output: Your job 6374204 ("adversarial_hpc_submit.pbs") has been submitted
[2026-08-05 15:52:02] [SUBMIT] ConvNeXt/Cifar10/APGD/ALL
[2026-08-05 15:52:02] [CMD] qsub -q all.q -l ngpus=1 -v MODEL="ConvNeXt",DATASET="Cifar10",ATTACK="APGD",KIND="ALL",PHASE="generate",OUTPUT_DIR="adversarial_results_ep100_pre300" adversarial_hpc_submit.pbs </dev/null
[2026-08-05 15:52:08] [OK] ConvNeXt/Cifar10/DeepFool/ALL
[2026-08-05 15:52:08] [OK] qsub output: Your job 6374205 ("adversarial_hpc_submit.pbs") has been submitted
[2026-08-05 15:52:08] [SUBMIT] ConvNeXt/Cifar100/PGD/ALL
[2026-08-05 15:52:08] [CMD] qsub -q all.q -l ngpus=1 -v MODEL="ConvNeXt",DATASET="Cifar100",ATTACK="PGD",KIND="ALL",PHASE="generate",OUTPUT_DIR="adversarial_results_ep300_pre100" adversarial_hpc_submit.pbs </dev/null
[2026-08-05 15:52:13] [OK] ConvNeXt/Cifar10/APGD/ALL
[2026-08-05 15:52:13] [OK] qsub output: Your job 6374207 ("adversarial_hpc_submit.pbs") has been submitted
[2026-08-05 15:52:13] [SUBMIT] ConvNeXt/Cifar10/CW/ALL
[2026-08-05 15:52:13] [CMD] qsub -q all.q -l ngpus=1 -v MODEL="ConvNeXt",DATASET="Cifar10",ATTACK="CW",KIND="ALL",PHASE="generate",OUTPUT_DIR="adversarial_results_ep100_pre300" adversarial_hpc_submit.pbs </dev/null
[2026-08-05 15:52:17] [OK] ConvNeXt/Cifar100/PGD/ALL
[2026-08-05 15:52:17] [OK] qsub output: Your job 6374209 ("adversarial_hpc_submit.pbs") has been submitted
[2026-08-05 15:52:17] [SUBMIT] ConvNeXt/Cifar100/FGSM/ALL
[2026-08-05 15:52:17] [CMD] qsub -q all.q -l ngpus=1 -v MODEL="ConvNeXt",DATASET="Cifar100",ATTACK="FGSM",KIND="ALL",PHASE="generate",OUTPUT_DIR="adversarial_results_ep300_pre100" adversarial_hpc_submit.pbs </dev/null
[2026-08-05 15:52:22] [OK] ConvNeXt/Cifar10/CW/ALL
[2026-08-05 15:52:22] [OK] qsub output: Your job 6374211 ("adversarial_hpc_submit.pbs") has been submitted
[2026-08-05 15:52:22] [SUBMIT] ConvNeXt/Cifar10/DeepFool/ALL
[2026-08-05 15:52:22] [CMD] qsub -q all.q -l ngpus=1 -v MODEL="ConvNeXt",DATASET="Cifar10",ATTACK="DeepFool",KIND="ALL",PHASE="generate",OUTPUT_DIR="adversarial_results_ep100_pre300" adversarial_hpc_submit.pbs </dev/null
[2026-08-05 15:52:24] [OK] ConvNeXt/Cifar100/FGSM/ALL
[2026-08-05 15:52:24] [OK] qsub output: Your job 6374212 ("adversarial_hpc_submit.pbs") has been submitted
[2026-08-05 15:52:24] [SUBMIT] ConvNeXt/Cifar100/IFGSM/ALL
[2026-08-05 15:52:24] [CMD] qsub -q all.q -l ngpus=1 -v MODEL="ConvNeXt",DATASET="Cifar100",ATTACK="IFGSM",KIND="ALL",PHASE="generate",OUTPUT_DIR="adversarial_results_ep300_pre100" adversarial_hpc_submit.pbs </dev/null
[2026-08-05 15:52:32] [OK] ConvNeXt/Cifar100/IFGSM/ALL
[2026-08-05 15:52:32] [OK] qsub output: Your job 6374216 ("adversarial_hpc_submit.pbs") has been submitted
[2026-08-05 15:52:33] [SUBMIT] ConvNeXt/Cifar100/BIM/ALL
[2026-08-05 15:52:33] [CMD] qsub -q all.q -l ngpus=1 -v MODEL="ConvNeXt",DATASET="Cifar100",ATTACK="BIM",KIND="ALL",PHASE="generate",OUTPUT_DIR="adversarial_results_ep300_pre100" adversarial_hpc_submit.pbs </dev/null
[2026-08-05 15:52:37] [OK] ConvNeXt/Cifar10/DeepFool/ALL
[2026-08-05 15:52:37] [OK] qsub output: Your job 6374215 ("adversarial_hpc_submit.pbs") has been submitted
[2026-08-05 15:52:37] [SUBMIT] ConvNeXt/Cifar100/PGD/ALL
[2026-08-05 15:52:37] [CMD] qsub -q all.q -l ngpus=1 -v MODEL="ConvNeXt",DATASET="Cifar100",ATTACK="PGD",KIND="ALL",PHASE="generate",OUTPUT_DIR="adversarial_results_ep100_pre300" adversarial_hpc_submit.pbs </dev/null
[2026-08-05 15:52:41] [OK] ConvNeXt/Cifar100/BIM/ALL
[2026-08-05 15:52:41] [OK] qsub output: Your job 6374219 ("adversarial_hpc_submit.pbs") has been submitted
[2026-08-05 15:52:42] [SUBMIT] ConvNeXt/Cifar100/APGD/ALL
[2026-08-05 15:52:42] [CMD] qsub -q all.q -l ngpus=1 -v MODEL="ConvNeXt",DATASET="Cifar100",ATTACK="APGD",KIND="ALL",PHASE="generate",OUTPUT_DIR="adversarial_results_ep300_pre100" adversarial_hpc_submit.pbs </dev/null
[2026-08-05 15:52:47] [OK] ConvNeXt/Cifar100/APGD/ALL
[2026-08-05 15:52:47] [OK] qsub output: Your job 6374222 ("adversarial_hpc_submit.pbs") has been submitted
[2026-08-05 15:52:47] [SUBMIT] ConvNeXt/Cifar100/CW/ALL
[2026-08-05 15:52:47] [CMD] qsub -q all.q -l ngpus=1 -v MODEL="ConvNeXt",DATASET="Cifar100",ATTACK="CW",KIND="ALL",PHASE="generate",OUTPUT_DIR="adversarial_results_ep300_pre100" adversarial_hpc_submit.pbs </dev/null
[2026-08-05 15:52:52] [OK] ConvNeXt/Cifar100/PGD/ALL
[2026-08-05 15:52:52] [OK] qsub output: Your job 6374221 ("adversarial_hpc_submit.pbs") has been submitted
[2026-08-05 15:52:52] [SUBMIT] ConvNeXt/Cifar100/FGSM/ALL
[2026-08-05 15:52:53] [CMD] qsub -q all.q -l ngpus=1 -v MODEL="ConvNeXt",DATASET="Cifar100",ATTACK="FGSM",KIND="ALL",PHASE="generate",OUTPUT_DIR="adversarial_results_ep100_pre300" adversarial_hpc_submit.pbs </dev/null
[2026-08-05 15:53:01] [OK] ConvNeXt/Cifar100/CW/ALL
[2026-08-05 15:53:01] [OK] qsub output: Your job 6374225 ("adversarial_hpc_submit.pbs") has been submitted
[2026-08-05 15:53:01] [SUBMIT] ConvNeXt/Cifar100/DeepFool/ALL
[2026-08-05 15:53:01] [CMD] qsub -q all.q -l ngpus=1 -v MODEL="ConvNeXt",DATASET="Cifar100",ATTACK="DeepFool",KIND="ALL",PHASE="generate",OUTPUT_DIR="adversarial_results_ep300_pre100" adversarial_hpc_submit.pbs </dev/null
[2026-08-05 15:53:08] [OK] ConvNeXt/Cifar100/FGSM/ALL
[2026-08-05 15:53:08] [OK] qsub output: Your job 6374228 ("adversarial_hpc_submit.pbs") has been submitted
[2026-08-05 15:53:08] [SUBMIT] ConvNeXt/Cifar100/IFGSM/ALL
[2026-08-05 15:53:08] [CMD] qsub -q all.q -l ngpus=1 -v MODEL="ConvNeXt",DATASET="Cifar100",ATTACK="IFGSM",KIND="ALL",PHASE="generate",OUTPUT_DIR="adversarial_results_ep100_pre300" adversarial_hpc_submit.pbs </dev/null
[2026-08-05 15:53:08] [OK] ConvNeXt/Cifar100/DeepFool/ALL
[2026-08-05 15:53:08] [OK] qsub output: Your job 6374230 ("adversarial_hpc_submit.pbs") has been submitted
[2026-08-05 15:53:08] [SUCCESS] Submitted 84 jobs
[2026-08-05 15:53:09] Monitor progress with: qstat
[2026-08-05 15:53:09] ============================================================================
[2026-08-05 15:53:09] Job submission complete. Check logs/ for details.
[2026-08-05 15:53:09] Run log saved to: /Users/jgafur/LTH/manuscript/Tranfer/logs/adversarial_orchestrate_generate_20260805_153529.log
[2026-08-05 15:53:09] ============================================================================
[2026-08-05 15:53:18] [OK] ConvNeXt/Cifar100/IFGSM/ALL
[2026-08-05 15:53:18] [OK] qsub output: Your job 6374233 ("adversarial_hpc_submit.pbs") has been submitted
[2026-08-05 15:53:18] [SUBMIT] ConvNeXt/Cifar100/BIM/ALL
[2026-08-05 15:53:18] [CMD] qsub -q all.q -l ngpus=1 -v MODEL="ConvNeXt",DATASET="Cifar100",ATTACK="BIM",KIND="ALL",PHASE="generate",OUTPUT_DIR="adversarial_results_ep100_pre300" adversarial_hpc_submit.pbs </dev/null
[2026-08-05 15:53:24] [OK] ConvNeXt/Cifar100/BIM/ALL
[2026-08-05 15:53:24] [OK] qsub output: Your job 6374235 ("adversarial_hpc_submit.pbs") has been submitted
[2026-08-05 15:53:24] [SUBMIT] ConvNeXt/Cifar100/APGD/ALL
[2026-08-05 15:53:24] [CMD] qsub -q all.q -l ngpus=1 -v MODEL="ConvNeXt",DATASET="Cifar100",ATTACK="APGD",KIND="ALL",PHASE="generate",OUTPUT_DIR="adversarial_results_ep100_pre300" adversarial_hpc_submit.pbs </dev/null
[2026-08-05 15:53:27] [OK] ConvNeXt/Cifar100/APGD/ALL
[2026-08-05 15:53:27] [OK] qsub output: Your job 6374237 ("adversarial_hpc_submit.pbs") has been submitted
[2026-08-05 15:53:27] [SUBMIT] ConvNeXt/Cifar100/CW/ALL
[2026-08-05 15:53:27] [CMD] qsub -q all.q -l ngpus=1 -v MODEL="ConvNeXt",DATASET="Cifar100",ATTACK="CW",KIND="ALL",PHASE="generate",OUTPUT_DIR="adversarial_results_ep100_pre300" adversarial_hpc_submit.pbs </dev/null
[2026-08-05 15:53:34] [OK] ConvNeXt/Cifar100/CW/ALL
[2026-08-05 15:53:34] [OK] qsub output: Your job 6374239 ("adversarial_hpc_submit.pbs") has been submitted
[2026-08-05 15:53:34] [SUBMIT] ConvNeXt/Cifar100/DeepFool/ALL
[2026-08-05 15:53:34] [CMD] qsub -q all.q -l ngpus=1 -v MODEL="ConvNeXt",DATASET="Cifar100",ATTACK="DeepFool",KIND="ALL",PHASE="generate",OUTPUT_DIR="adversarial_results_ep100_pre300" adversarial_hpc_submit.pbs </dev/null
[2026-08-05 15:53:37] [OK] ConvNeXt/Cifar100/DeepFool/ALL
[2026-08-05 15:53:37] [OK] qsub output: Your job 6374241 ("adversarial_hpc_submit.pbs") has been submitted
[2026-08-05 15:53:37] [SUCCESS] Submitted 84 jobs
[2026-08-05 15:53:37] Monitor progress with: qstat
[2026-08-05 15:53:37] ============================================================================
[2026-08-05 15:53:37] Job submission complete. Check logs/ for details.
[2026-08-05 15:53:37] Run log saved to: /Users/jgafur/LTH/manuscript/Tranfer/logs/adversarial_orchestrate_generate_20260805_153529.log
[2026-08-05 15:53:37] ============================================================================
