[2026-09-11 09:38:40] Starting orchestration script
[2026-09-11 09:38:40] Script path: /Users/jgafur/LTH/manuscript/Tranfer
[2026-09-11 09:38:40] Current working directory: /Users/jgafur/LTH/manuscript/Tranfer
[2026-09-11 09:38:40] Phase: epsilon_sweep
[2026-09-11 09:38:40] Output directory: adversarial_results_ep200_pre200
[2026-09-11 09:38:40] Model filter: ALL
[2026-09-11 09:38:40] Dataset filter: ALL
[2026-09-11 09:38:40] Attack filter: ALL
[2026-09-11 09:38:40] Kind filter: ALL
[2026-09-11 09:38:40] Run log: /Users/jgafur/LTH/manuscript/Tranfer/logs/adversarial_orchestrate_epsilon_sweep_20260911_093840.log
[2026-09-11 09:38:40] qsub command found: /opt/sge/bin/lx-amd64/qsub
[2026-09-11 09:38:40] Found submission file: /Users/jgafur/LTH/manuscript/Tranfer/adversarial_hpc_submit.pbs
[2026-09-11 09:38:40] ============================================================================
[2026-09-11 09:38:40] Adversarial Analysis HPC Orchestration
[2026-09-11 09:38:40] ============================================================================
[2026-09-11 09:38:40] Phase:       epsilon_sweep
[2026-09-11 09:38:40] Output Dir:  adversarial_results_ep200_pre200
[2026-09-11 09:38:40] Models:      6 architectures
[2026-09-11 09:38:40] Datasets:    3 datasets
[2026-09-11 09:38:40] ============================================================================
[2026-09-11 09:38:40] Run outputs will be written as txt files in manuscript/Tranfer/
[2026-09-11 09:38:40]   - generate:      <MODEL>_<DATASET>_<ATTACK>_<KIND>_generate_run.txt
[2026-09-11 09:38:40]   - analyze:       adversarial_analyze_run.txt
[2026-09-11 09:38:40]   - plot:          adversarial_plot_run.txt
[2026-09-11 09:38:40]   - gradient_sim:  adversarial_gradient_sim_run.txt
[2026-09-11 09:38:40]   - epsilon_sweep: adversarial_epsilon_sweep_run.txt
[2026-09-11 09:38:40]   - statistics:    adversarial_statistics_run.txt
[2026-09-11 09:38:40]   - cka:           adversarial_cka_run.txt
[2026-09-11 09:38:40]   - compare:       adversarial_compare_run.txt
[2026-09-11 09:38:40]   - compute_tradeoff: adversarial_compute_tradeoff_run.txt
[2026-09-11 09:38:40]   - correlations:  adversarial_correlations_run.txt
[2026-09-11 09:38:40] [PHASE: EPSILON_SWEEP] Submitting Experiment 7 (epsilon sensitivity) job...
[2026-09-11 09:38:40] Sweeps epsilon in {1,2,4,8,16}/255 for PGD, FGSM, BIM.
[2026-09-11 09:38:40] Requires: model checkpoints accessible from the HPC node.
[2026-09-11 09:38:40] [SUBMIT] epsilon_sweep
[2026-09-11 09:38:40] [CMD] qsub -q all.q -l ngpus=1 -v MODEL="ALL",DATASET="ALL",ATTACK="ALL",KIND="ALL",PHASE="epsilon_sweep",OUTPUT_DIR="adversarial_results_ep200_pre200",EPSILON_ATTACKS="ALL" adversarial_hpc_submit.pbs </dev/null
[2026-09-11 09:38:48] [OK] epsilon_sweep
[2026-09-11 09:38:49] [OK] qsub output: Your job 6504150 ("adversarial_hpc_submit.pbs") has been submitted
[2026-09-11 09:38:49] [SUCCESS] Epsilon sensitivity job submitted
[2026-09-11 09:38:49] Output: epsilon_sensitivity.csv, epsilon_sensitivity_delta.csv, epsilon_sensitivity_*.png
[2026-09-11 09:38:49] ============================================================================
[2026-09-11 09:38:49] Job submission complete. Check logs/ for details.
[2026-09-11 09:38:49] Run log saved to: /Users/jgafur/LTH/manuscript/Tranfer/logs/adversarial_orchestrate_epsilon_sweep_20260911_093840.log
[2026-09-11 09:38:49] ============================================================================
