[2026-09-11 08:40:29] Starting orchestration script
[2026-09-11 08:41:06] Script path: /Users/jgafur/LTH/manuscript/Tranfer
[2026-09-11 08:41:21] Current working directory: /Users/jgafur/LTH/manuscript/Tranfer
[2026-09-11 08:41:39] Phase: analyze
[2026-09-11 08:41:42] Output directory: adversarial_results_ep100_pre300
[2026-09-11 08:41:42] Model filter: ALL
[2026-09-11 08:41:56] Dataset filter: ALL
[2026-09-11 08:42:03] Attack filter: ALL
[2026-09-11 08:42:08] Kind filter: ALL
[2026-09-11 08:42:08] Run log: /Users/jgafur/LTH/manuscript/Tranfer/logs/adversarial_orchestrate_analyze_20260911_084029.log
[2026-09-11 08:42:08] qsub command found: /opt/sge/bin/lx-amd64/qsub
[2026-09-11 08:42:10] Found submission file: /Users/jgafur/LTH/manuscript/Tranfer/adversarial_hpc_submit.pbs
[2026-09-11 08:42:11] ============================================================================
[2026-09-11 08:42:14] Adversarial Analysis HPC Orchestration
[2026-09-11 08:42:33] ============================================================================
[2026-09-11 08:42:38] Phase:       analyze
[2026-09-11 08:42:39] Output Dir:  adversarial_results_ep100_pre300
[2026-09-11 08:42:39] Models:      6 architectures
[2026-09-11 08:42:39] Datasets:    3 datasets
[2026-09-11 08:42:39] ============================================================================
[2026-09-11 08:42:39] Run outputs will be written as txt files in manuscript/Tranfer/
[2026-09-11 08:42:39]   - generate:      <MODEL>_<DATASET>_<ATTACK>_<KIND>_generate_run.txt
[2026-09-11 08:42:42]   - analyze:       adversarial_analyze_run.txt
[2026-09-11 08:42:43]   - plot:          adversarial_plot_run.txt
[2026-09-11 08:42:43]   - gradient_sim:  adversarial_gradient_sim_run.txt
[2026-09-11 08:42:43]   - epsilon_sweep: adversarial_epsilon_sweep_run.txt
[2026-09-11 08:42:54]   - statistics:    adversarial_statistics_run.txt
[2026-09-11 08:42:56]   - cka:           adversarial_cka_run.txt
[2026-09-11 08:42:57]   - compare:       adversarial_compare_run.txt
[2026-09-11 08:42:57]   - compute_tradeoff: adversarial_compute_tradeoff_run.txt
[2026-09-11 08:42:57]   - correlations:  adversarial_correlations_run.txt
[2026-09-11 08:42:57] [PHASE: ANALYZE] Submitting transferability analysis job...
[2026-09-11 08:42:57] WARNING: This requires all attacks from --generate to be completed first.
[2026-09-11 08:42:57] [SUBMIT] analyze
[2026-09-11 08:42:57] [CMD] qsub -q all.q -l ngpus=1 -v MODEL="ALL",DATASET="ALL",ATTACK="ALL",KIND="ALL",PHASE="analyze",OUTPUT_DIR="adversarial_results_ep100_pre300" adversarial_hpc_submit.pbs </dev/null
[2026-09-11 08:43:07] [OK] analyze
[2026-09-11 08:43:07] [OK] qsub output: Your job 6503638 ("adversarial_hpc_submit.pbs") has been submitted
[2026-09-11 08:43:07] [SUCCESS] Transferability analysis job submitted
[2026-09-11 08:43:07] ============================================================================
[2026-09-11 08:43:07] Job submission complete. Check logs/ for details.
[2026-09-11 08:43:07] Run log saved to: /Users/jgafur/LTH/manuscript/Tranfer/logs/adversarial_orchestrate_analyze_20260911_084029.log
[2026-09-11 08:43:07] ============================================================================
