[2026-09-11 10:27:35] Starting orchestration script
[2026-09-11 10:27:35] Script path: /Users/jgafur/LTH/manuscript/Tranfer
[2026-09-11 10:27:35] Current working directory: /Users/jgafur/LTH/manuscript/Tranfer
[2026-09-11 10:27:35] Phase: analyze
[2026-09-11 10:27:35] Output directory: adversarial_results_ep100_pre300
[2026-09-11 10:27:35] Model filter: ALL
[2026-09-11 10:27:35] Dataset filter: ALL
[2026-09-11 10:27:35] Attack filter: ALL
[2026-09-11 10:27:35] Kind filter: ALL
[2026-09-11 10:27:35] Run log: /Users/jgafur/LTH/manuscript/Tranfer/logs/adversarial_orchestrate_analyze_20260911_102735.log
[2026-09-11 10:27:35] qsub command found: /opt/sge/bin/lx-amd64/qsub
[2026-09-11 10:27:35] Found submission file: /Users/jgafur/LTH/manuscript/Tranfer/adversarial_hpc_submit.pbs
[2026-09-11 10:27:35] ============================================================================
[2026-09-11 10:27:35] Adversarial Analysis HPC Orchestration
[2026-09-11 10:27:35] ============================================================================
[2026-09-11 10:27:35] Phase:       analyze
[2026-09-11 10:27:35] Output Dir:  adversarial_results_ep100_pre300
[2026-09-11 10:27:35] Models:      6 architectures
[2026-09-11 10:27:35] Datasets:    3 datasets
[2026-09-11 10:27:35] ============================================================================
[2026-09-11 10:27:35] Run outputs will be written as txt files in manuscript/Tranfer/
[2026-09-11 10:27:35]   - generate:      <MODEL>_<DATASET>_<ATTACK>_<KIND>_generate_run.txt
[2026-09-11 10:27:35]   - analyze:       adversarial_analyze_run.txt
[2026-09-11 10:27:35]   - plot:          adversarial_plot_run.txt
[2026-09-11 10:27:35]   - gradient_sim:  adversarial_gradient_sim_run.txt
[2026-09-11 10:27:35]   - epsilon_sweep: adversarial_epsilon_sweep_run.txt
[2026-09-11 10:27:35]   - statistics:    adversarial_statistics_run.txt
[2026-09-11 10:27:35]   - cka:           adversarial_cka_run.txt
[2026-09-11 10:27:35]   - compare:       adversarial_compare_run.txt
[2026-09-11 10:27:35]   - compute_tradeoff: adversarial_compute_tradeoff_run.txt
[2026-09-11 10:27:35]   - correlations:  adversarial_correlations_run.txt
[2026-09-11 10:27:35] [PHASE: ANALYZE] Submitting transferability analysis job...
[2026-09-11 10:27:35] WARNING: This requires all attacks from --generate to be completed first.
[2026-09-11 10:27:35] [SUBMIT] analyze
[2026-09-11 10:27:35] [CMD] qsub -q all.q -l ngpus=1 -v MODEL="ALL",DATASET="ALL",ATTACK="ALL",KIND="ALL",PHASE="analyze",OUTPUT_DIR="adversarial_results_ep100_pre300" adversarial_hpc_submit.pbs </dev/null
[2026-09-11 10:27:43] [OK] analyze
[2026-09-11 10:27:43] [OK] qsub output: Your job 6504721 ("adversarial_hpc_submit.pbs") has been submitted
[2026-09-11 10:27:43] [SUCCESS] Transferability analysis job submitted
[2026-09-11 10:27:43] ============================================================================
[2026-09-11 10:27:43] Job submission complete. Check logs/ for details.
[2026-09-11 10:27:43] Run log saved to: /Users/jgafur/LTH/manuscript/Tranfer/logs/adversarial_orchestrate_analyze_20260911_102735.log
[2026-09-11 10:27:43] ============================================================================
