[2026-09-11 08:45:40] Starting orchestration script
[2026-09-11 08:45:40] Script path: /Users/jgafur/LTH/manuscript/Tranfer
[2026-09-11 08:45:40] Current working directory: /Users/jgafur/LTH/manuscript/Tranfer
[2026-09-11 08:45:40] Phase: cka
[2026-09-11 08:45:40] Output directory: adversarial_results_ep300_pre100
[2026-09-11 08:45:40] Model filter: ALL
[2026-09-11 08:45:40] Dataset filter: ALL
[2026-09-11 08:45:40] Attack filter: ALL
[2026-09-11 08:45:40] Kind filter: ALL
[2026-09-11 08:45:40] Run log: /Users/jgafur/LTH/manuscript/Tranfer/logs/adversarial_orchestrate_cka_20260911_084540.log
[2026-09-11 08:45:40] qsub command found: /opt/sge/bin/lx-amd64/qsub
[2026-09-11 08:45:41] Found submission file: /Users/jgafur/LTH/manuscript/Tranfer/adversarial_hpc_submit.pbs
[2026-09-11 08:45:41] ============================================================================
[2026-09-11 08:45:41] Adversarial Analysis HPC Orchestration
[2026-09-11 08:45:41] ============================================================================
[2026-09-11 08:45:41] Phase:       cka
[2026-09-11 08:45:41] Output Dir:  adversarial_results_ep300_pre100
[2026-09-11 08:45:41] Models:      6 architectures
[2026-09-11 08:45:41] Datasets:    3 datasets
[2026-09-11 08:45:41] ============================================================================
[2026-09-11 08:45:41] Run outputs will be written as txt files in manuscript/Tranfer/
[2026-09-11 08:45:41]   - generate:      <MODEL>_<DATASET>_<ATTACK>_<KIND>_generate_run.txt
[2026-09-11 08:45:41]   - analyze:       adversarial_analyze_run.txt
[2026-09-11 08:45:41]   - plot:          adversarial_plot_run.txt
[2026-09-11 08:45:41]   - gradient_sim:  adversarial_gradient_sim_run.txt
[2026-09-11 08:45:41]   - epsilon_sweep: adversarial_epsilon_sweep_run.txt
[2026-09-11 08:45:41]   - statistics:    adversarial_statistics_run.txt
[2026-09-11 08:45:41]   - cka:           adversarial_cka_run.txt
[2026-09-11 08:45:41]   - compare:       adversarial_compare_run.txt
[2026-09-11 08:45:41]   - compute_tradeoff: adversarial_compute_tradeoff_run.txt
[2026-09-11 08:45:41]   - correlations:  adversarial_correlations_run.txt
[2026-09-11 08:45:41] [PHASE: CKA] Submitting Experiment 10 (CKA feature similarity) job...
[2026-09-11 08:45:41] Computes layer-wise CKA between all model-kind pairs.
[2026-09-11 08:45:41] Requires: model checkpoints accessible from the HPC node.
[2026-09-11 08:45:41] [SUBMIT] cka
[2026-09-11 08:45:41] [CMD] qsub -q all.q -l ngpus=1 -v MODEL="ALL",DATASET="ALL",ATTACK="ALL",KIND="ALL",PHASE="cka",OUTPUT_DIR="adversarial_results_ep300_pre100" adversarial_hpc_submit.pbs </dev/null
[2026-09-11 08:45:44] [OK] cka
[2026-09-11 08:45:44] [OK] qsub output: Your job 6503661 ("adversarial_hpc_submit.pbs") has been submitted
[2026-09-11 08:45:44] [SUCCESS] CKA feature similarity job submitted
[2026-09-11 08:45:44] Output: cka_similarity.csv, cka_mean_matrix_*.csv, cka_mean_heatmap_*.png, cka_layerwise_*.png
[2026-09-11 08:45:44] ============================================================================
[2026-09-11 08:45:45] Job submission complete. Check logs/ for details.
[2026-09-11 08:45:45] Run log saved to: /Users/jgafur/LTH/manuscript/Tranfer/logs/adversarial_orchestrate_cka_20260911_084540.log
[2026-09-11 08:45:45] ============================================================================
