[2026-09-11 10:27:43] Starting orchestration script
[2026-09-11 10:27:43] Script path: /Users/jgafur/LTH/manuscript/Tranfer
[2026-09-11 10:27:43] Current working directory: /Users/jgafur/LTH/manuscript/Tranfer
[2026-09-11 10:27:43] Phase: plot
[2026-09-11 10:27:43] Output directory: adversarial_results_ep100_pre300
[2026-09-11 10:27:43] Model filter: ALL
[2026-09-11 10:27:43] Dataset filter: ALL
[2026-09-11 10:27:43] Attack filter: ALL
[2026-09-11 10:27:43] Kind filter: ALL
[2026-09-11 10:27:43] Run log: /Users/jgafur/LTH/manuscript/Tranfer/logs/adversarial_orchestrate_plot_20260911_102743.log
[2026-09-11 10:27:43] qsub command found: /opt/sge/bin/lx-amd64/qsub
[2026-09-11 10:27:43] Found submission file: /Users/jgafur/LTH/manuscript/Tranfer/adversarial_hpc_submit.pbs
[2026-09-11 10:27:43] ============================================================================
[2026-09-11 10:27:43] Adversarial Analysis HPC Orchestration
[2026-09-11 10:27:43] ============================================================================
[2026-09-11 10:27:43] Phase:       plot
[2026-09-11 10:27:48] Output Dir:  adversarial_results_ep100_pre300
[2026-09-11 10:27:49] Models:      6 architectures
[2026-09-11 10:27:49] Datasets:    3 datasets
[2026-09-11 10:27:49] ============================================================================
[2026-09-11 10:27:49] Run outputs will be written as txt files in manuscript/Tranfer/
[2026-09-11 10:27:49]   - generate:      <MODEL>_<DATASET>_<ATTACK>_<KIND>_generate_run.txt
[2026-09-11 10:27:49]   - analyze:       adversarial_analyze_run.txt
[2026-09-11 10:27:49]   - plot:          adversarial_plot_run.txt
[2026-09-11 10:27:49]   - gradient_sim:  adversarial_gradient_sim_run.txt
[2026-09-11 10:27:49]   - epsilon_sweep: adversarial_epsilon_sweep_run.txt
[2026-09-11 10:27:49]   - statistics:    adversarial_statistics_run.txt
[2026-09-11 10:27:49]   - cka:           adversarial_cka_run.txt
[2026-09-11 10:27:49]   - compare:       adversarial_compare_run.txt
[2026-09-11 10:27:49]   - compute_tradeoff: adversarial_compute_tradeoff_run.txt
[2026-09-11 10:27:49]   - correlations:  adversarial_correlations_run.txt
[2026-09-11 10:27:51] [PHASE: PLOT] Submitting visualization job...
[2026-09-11 10:27:51] WARNING: This requires summary.csv and transferability.csv to exist.
[2026-09-11 10:27:51] [SUBMIT] plot
[2026-09-11 10:27:51] [CMD] qsub -q all.q -l ngpus=1 -v MODEL="ALL",DATASET="ALL",ATTACK="ALL",KIND="ALL",PHASE="plot",OUTPUT_DIR="adversarial_results_ep100_pre300" adversarial_hpc_submit.pbs </dev/null
[2026-09-11 10:27:54] [OK] plot
[2026-09-11 10:27:55] [OK] qsub output: Your job 6504725 ("adversarial_hpc_submit.pbs") has been submitted
[2026-09-11 10:27:56] [SUCCESS] Visualization job submitted
[2026-09-11 10:27:58] ============================================================================
[2026-09-11 10:28:07] Job submission complete. Check logs/ for details.
[2026-09-11 10:28:08] Run log saved to: /Users/jgafur/LTH/manuscript/Tranfer/logs/adversarial_orchestrate_plot_20260911_102743.log
[2026-09-11 10:28:13] ============================================================================
