[2026-09-11 10:32:50] Starting orchestration script
[2026-09-11 10:32:50] Script path: /Users/jgafur/LTH/manuscript/Tranfer
[2026-09-11 10:32:50] Current working directory: /Users/jgafur/LTH/manuscript/Tranfer
[2026-09-11 10:32:50] Phase: correlations
[2026-09-11 10:32:50] Output directory: adversarial_results_ep100_pre300
[2026-09-11 10:32:50] Model filter: ALL
[2026-09-11 10:32:50] Dataset filter: ALL
[2026-09-11 10:32:50] Attack filter: ALL
[2026-09-11 10:32:50] Kind filter: ALL
[2026-09-11 10:32:50] Run log: /Users/jgafur/LTH/manuscript/Tranfer/logs/adversarial_orchestrate_correlations_20260911_103250.log
[2026-09-11 10:32:50] qsub command found: /opt/sge/bin/lx-amd64/qsub
[2026-09-11 10:32:50] Found submission file: /Users/jgafur/LTH/manuscript/Tranfer/adversarial_hpc_submit.pbs
[2026-09-11 10:32:50] ============================================================================
[2026-09-11 10:32:50] Adversarial Analysis HPC Orchestration
[2026-09-11 10:32:50] ============================================================================
[2026-09-11 10:32:50] Phase:       correlations
[2026-09-11 10:32:50] Output Dir:  adversarial_results_ep100_pre300
[2026-09-11 10:32:50] Models:      6 architectures
[2026-09-11 10:32:50] Datasets:    3 datasets
[2026-09-11 10:32:50] ============================================================================
[2026-09-11 10:32:50] Run outputs will be written as txt files in manuscript/Tranfer/
[2026-09-11 10:32:50]   - generate:      <MODEL>_<DATASET>_<ATTACK>_<KIND>_generate_run.txt
[2026-09-11 10:32:50]   - analyze:       adversarial_analyze_run.txt
[2026-09-11 10:32:50]   - plot:          adversarial_plot_run.txt
[2026-09-11 10:32:50]   - gradient_sim:  adversarial_gradient_sim_run.txt
[2026-09-11 10:32:50]   - epsilon_sweep: adversarial_epsilon_sweep_run.txt
[2026-09-11 10:32:50]   - statistics:    adversarial_statistics_run.txt
[2026-09-11 10:32:50]   - cka:           adversarial_cka_run.txt
[2026-09-11 10:32:50]   - compare:       adversarial_compare_run.txt
[2026-09-11 10:32:50]   - compute_tradeoff: adversarial_compute_tradeoff_run.txt
[2026-09-11 10:32:50]   - correlations:  adversarial_correlations_run.txt
[2026-09-11 10:32:50] [PHASE: CORRELATIONS] Submitting correlation analysis job...
[2026-09-11 10:32:50] [SUBMIT] correlations
[2026-09-11 10:32:50] [CMD] qsub -q all.q -l ngpus=1 -v MODEL="ALL",DATASET="ALL",ATTACK="ALL",KIND="ALL",PHASE="correlations",OUTPUT_DIR="adversarial_results_ep100_pre300" adversarial_hpc_submit.pbs </dev/null
[2026-09-11 10:32:55] [OK] correlations
[2026-09-11 10:33:00] [OK] qsub output: Your job 6504757 ("adversarial_hpc_submit.pbs") has been submitted
[2026-09-11 10:33:00] [SUCCESS] Correlation analysis job submitted
[2026-09-11 10:33:00] Output: correlation_summary.csv, partial_correlation_summary.csv, figure5-8 PNGs
[2026-09-11 10:33:01] ============================================================================
[2026-09-11 10:33:01] Job submission complete. Check logs/ for details.
[2026-09-11 10:33:01] Run log saved to: /Users/jgafur/LTH/manuscript/Tranfer/logs/adversarial_orchestrate_correlations_20260911_103250.log
[2026-09-11 10:33:01] ============================================================================
