[2026-09-11 09:40:23] Starting orchestration script
[2026-09-11 09:40:23] Script path: /Users/jgafur/LTH/manuscript/Tranfer
[2026-09-11 09:40:23] Current working directory: /Users/jgafur/LTH/manuscript/Tranfer
[2026-09-11 09:40:23] Phase: compare
[2026-09-11 09:40:23] Output directory: adversarial_results_ep100_pre300
[2026-09-11 09:40:23] Model filter: ALL
[2026-09-11 09:40:24] Dataset filter: ALL
[2026-09-11 09:40:24] Attack filter: ALL
[2026-09-11 09:40:24] Kind filter: ALL
[2026-09-11 09:40:24] Run log: /Users/jgafur/LTH/manuscript/Tranfer/logs/adversarial_orchestrate_compare_20260911_094023.log
[2026-09-11 09:40:24] qsub command found: /opt/sge/bin/lx-amd64/qsub
[2026-09-11 09:40:24] Found submission file: /Users/jgafur/LTH/manuscript/Tranfer/adversarial_hpc_submit.pbs
[2026-09-11 09:40:24] ============================================================================
[2026-09-11 09:40:24] Adversarial Analysis HPC Orchestration
[2026-09-11 09:40:24] ============================================================================
[2026-09-11 09:40:24] Phase:       compare
[2026-09-11 09:40:24] Output Dir:  adversarial_results_ep100_pre300
[2026-09-11 09:40:24] Models:      6 architectures
[2026-09-11 09:40:24] Datasets:    3 datasets
[2026-09-11 09:40:24] ============================================================================
[2026-09-11 09:40:24] Run outputs will be written as txt files in manuscript/Tranfer/
[2026-09-11 09:40:24]   - generate:      <MODEL>_<DATASET>_<ATTACK>_<KIND>_generate_run.txt
[2026-09-11 09:40:24]   - analyze:       adversarial_analyze_run.txt
[2026-09-11 09:40:24]   - plot:          adversarial_plot_run.txt
[2026-09-11 09:40:24]   - gradient_sim:  adversarial_gradient_sim_run.txt
[2026-09-11 09:40:24]   - epsilon_sweep: adversarial_epsilon_sweep_run.txt
[2026-09-11 09:40:24]   - statistics:    adversarial_statistics_run.txt
[2026-09-11 09:40:24]   - cka:           adversarial_cka_run.txt
[2026-09-11 09:40:24]   - compare:       adversarial_compare_run.txt
[2026-09-11 09:40:24]   - compute_tradeoff: adversarial_compute_tradeoff_run.txt
[2026-09-11 09:40:24]   - correlations:  adversarial_correlations_run.txt
[2026-09-11 09:40:24] [PHASE: COMPARE] Submitting collapsed-vs-original comparison table job...
[2026-09-11 09:40:24] [SUBMIT] compare
[2026-09-11 09:40:24] [CMD] qsub -q all.q -l ngpus=1 -v MODEL="ALL",DATASET="ALL",ATTACK="ALL",KIND="ALL",PHASE="compare",OUTPUT_DIR="adversarial_results_ep100_pre300" adversarial_hpc_submit.pbs </dev/null
