Saved 44 initial parameters.
Saved 44 initial parameters.
Pretrain epoch 1/10 - Accuracy: 16.527616%, Loss: 0.0247
Pretrain epoch 2/10 - Accuracy: 27.753723%, Loss: 0.0162
Pretrain epoch 3/10 - Accuracy: 35.368043%, Loss: 0.0148
Pretrain epoch 4/10 - Accuracy: 41.429929%, Loss: 0.0135
Pretrain epoch 5/10 - Accuracy: 47.122188%, Loss: 0.0123
Pretrain epoch 6/10 - Accuracy: 51.071919%, Loss: 0.0113
Pretrain epoch 7/10 - Accuracy: 55.158940%, Loss: 0.0106
Pretrain epoch 8/10 - Accuracy: 57.735769%, Loss: 0.0099
Pretrain epoch 9/10 - Accuracy: 60.354842%, Loss: 0.0094
Pretrain epoch 10/10 - Accuracy: 63.111205%, Loss: 0.0087
Saved 44 initial parameters.
[Eval Epoch] CPU ΔMem/sample: 0.0006 MB | GPU Peak: 687.915008 MB | Time: 287.608603s
Evaluation - Accuracy: 54.471338%, Loss: 0.0108
Checkpoint saved: ./pruning_checkpoints/RegNetX_datasetimagenet_pretrain10_finetune30_steps21_batch128_devicecuda_strategy_magnitude/checkpoint_Original_0.000000.pth
Finetune epoch 1/30 - Accuracy: 65.265604%, Loss: 0.0082
Finetune epoch 2/30 - Accuracy: 66.722991%, Loss: 0.0079
Finetune epoch 3/30 - Accuracy: 69.606083%, Loss: 0.0072
Finetune epoch 4/30 - Accuracy: 71.940015%, Loss: 0.0066
Finetune epoch 5/30 - Accuracy: 75.171613%, Loss: 0.0059
Finetune epoch 6/30 - Accuracy: 75.847502%, Loss: 0.0058
Finetune epoch 7/30 - Accuracy: 78.667230%, Loss: 0.0051
Finetune epoch 8/30 - Accuracy: 79.395924%, Loss: 0.0048
Finetune epoch 9/30 - Accuracy: 82.543035%, Loss: 0.0041
Finetune epoch 10/30 - Accuracy: 83.229486%, Loss: 0.0039
Finetune epoch 11/30 - Accuracy: 86.915197%, Loss: 0.0031
Finetune epoch 12/30 - Accuracy: 86.968001%, Loss: 0.0030
Finetune epoch 13/30 - Accuracy: 89.903897%, Loss: 0.0024
Finetune epoch 14/30 - Accuracy: 89.238568%, Loss: 0.0025
Finetune epoch 15/30 - Accuracy: 91.699229%, Loss: 0.0019
Finetune epoch 16/30 - Accuracy: 93.156616%, Loss: 0.0016
Finetune epoch 17/30 - Accuracy: 93.980357%, Loss: 0.0014
Finetune epoch 18/30 - Accuracy: 94.635125%, Loss: 0.0012
Finetune epoch 19/30 - Accuracy: 95.532791%, Loss: 0.0010
Finetune epoch 20/30 - Accuracy: 96.567747%, Loss: 0.0008
Finetune epoch 21/30 - Accuracy: 97.644947%, Loss: 0.0006
Finetune epoch 22/30 - Accuracy: 96.800084%, Loss: 0.0007
Finetune epoch 23/30 - Accuracy: 97.095786%, Loss: 0.0007
Finetune epoch 24/30 - Accuracy: 97.613264%, Loss: 0.0006
Finetune epoch 25/30 - Accuracy: 97.908966%, Loss: 0.0005
Finetune epoch 26/30 - Accuracy: 98.246911%, Loss: 0.0004
Finetune epoch 27/30 - Accuracy: 97.592143%, Loss: 0.0006
Finetune epoch 28/30 - Accuracy: 98.447566%, Loss: 0.0004
Finetune epoch 29/30 - Accuracy: 98.975605%, Loss: 0.0003
Finetune epoch 30/30 - Accuracy: 98.701024%, Loss: 0.0003
[Eval Epoch] CPU ΔMem/sample: 0.0000 MB | GPU Peak: 733.991936 MB | Time: 10.527997s
Evaluation - Accuracy: 68.764331%, Loss: 0.0140
Checkpoint saved: ./pruning_checkpoints/RegNetX_datasetimagenet_pretrain10_finetune30_steps21_batch128_devicecuda_strategy_magnitude/checkpoint_Finetuned_0.000000.pth
[Eval Epoch] CPU ΔMem/sample: 0.0000 MB | GPU Peak: 733.991936 MB | Time: 10.150232s
Evaluation - Accuracy: 68.764331%, Loss: 0.0140
Checkpoint saved: ./pruning_checkpoints/RegNetX_datasetimagenet_pretrain10_finetune30_steps21_batch128_devicecuda_strategy_magnitude/checkpoint_Trained_0.000000.pth
Checkpoint saved: ./pruning_checkpoints/RegNetX_datasetimagenet_pretrain10_finetune30_steps21_batch128_devicecuda_strategy_magnitude/checkpoint_Pruned_0.000000.pth
Pruner state updated and saved.
[Eval Epoch] CPU ΔMem/sample: 0.0000 MB | GPU Peak: 733.991936 MB | Time: 10.270401s
Evaluation - Accuracy: 11.286624%, Loss: 6.6511
Checkpoint saved: ./pruning_checkpoints/RegNetX_datasetimagenet_pretrain10_finetune30_steps21_batch128_devicecuda_strategy_magnitude/checkpoint_Original_0.200000.pth
Finetune epoch 1/30 - Accuracy: 68.856268%, Loss: 0.0077
Finetune epoch 2/30 - Accuracy: 71.792164%, Loss: 0.0067
Finetune epoch 3/30 - Accuracy: 72.943289%, Loss: 0.0065
Finetune epoch 4/30 - Accuracy: 73.365720%, Loss: 0.0063
Finetune epoch 5/30 - Accuracy: 74.263386%, Loss: 0.0061
Finetune epoch 6/30 - Accuracy: 74.516844%, Loss: 0.0061
Finetune epoch 7/30 - Accuracy: 74.738621%, Loss: 0.0059
Finetune epoch 8/30 - Accuracy: 75.456754%, Loss: 0.0058
Finetune epoch 9/30 - Accuracy: 76.143204%, Loss: 0.0057
Finetune epoch 10/30 - Accuracy: 76.122083%, Loss: 0.0056
Finetune epoch 11/30 - Accuracy: 76.840215%, Loss: 0.0055
Finetune epoch 12/30 - Accuracy: 77.135917%, Loss: 0.0054
Finetune epoch 13/30 - Accuracy: 77.526666%, Loss: 0.0053
Finetune epoch 14/30 - Accuracy: 78.096948%, Loss: 0.0053
Finetune epoch 15/30 - Accuracy: 78.392650%, Loss: 0.0051
Finetune epoch 16/30 - Accuracy: 78.941810%, Loss: 0.0050
Finetune epoch 17/30 - Accuracy: 79.279755%, Loss: 0.0050
Finetune epoch 18/30 - Accuracy: 79.723308%, Loss: 0.0049
Finetune epoch 19/30 - Accuracy: 80.863872%, Loss: 0.0047
Finetune epoch 20/30 - Accuracy: 80.684338%, Loss: 0.0046
Finetune epoch 21/30 - Accuracy: 81.603126%, Loss: 0.0044
Finetune epoch 22/30 - Accuracy: 81.930510%, Loss: 0.0043
Finetune epoch 23/30 - Accuracy: 82.997149%, Loss: 0.0041
Finetune epoch 24/30 - Accuracy: 83.746964%, Loss: 0.0039
Finetune epoch 25/30 - Accuracy: 84.243320%, Loss: 0.0038
Finetune epoch 26/30 - Accuracy: 85.109304%, Loss: 0.0036
Finetune epoch 27/30 - Accuracy: 86.207625%, Loss: 0.0034
Finetune epoch 28/30 - Accuracy: 86.482205%, Loss: 0.0032
Finetune epoch 29/30 - Accuracy: 87.686134%, Loss: 0.0030
Finetune epoch 30/30 - Accuracy: 89.059035%, Loss: 0.0027
[Eval Epoch] CPU ΔMem/sample: 0.0000 MB | GPU Peak: 734.982144 MB | Time: 10.030022s
Evaluation - Accuracy: 66.853503%, Loss: 0.0102
Checkpoint saved: ./pruning_checkpoints/RegNetX_datasetimagenet_pretrain10_finetune30_steps21_batch128_devicecuda_strategy_magnitude/checkpoint_Finetuned_0.200000.pth
[Eval Epoch] CPU ΔMem/sample: 0.0000 MB | GPU Peak: 748.540928 MB | Time: 9.436754s
Evaluation - Accuracy: 66.802548%, Loss: 0.0101
Checkpoint saved: ./pruning_checkpoints/RegNetX_datasetimagenet_pretrain10_finetune30_steps21_batch128_devicecuda_strategy_magnitude/checkpoint_Trained_0.200000.pth
Checkpoint saved: ./pruning_checkpoints/RegNetX_datasetimagenet_pretrain10_finetune30_steps21_batch128_devicecuda_strategy_magnitude/checkpoint_Pruned_0.200000.pth
Pruner state updated and saved.
[Eval Epoch] CPU ΔMem/sample: 0.0000 MB | GPU Peak: 748.540928 MB | Time: 9.594012s
Evaluation - Accuracy: 9.859873%, Loss: 12.5399
Checkpoint saved: ./pruning_checkpoints/RegNetX_datasetimagenet_pretrain10_finetune30_steps21_batch128_devicecuda_strategy_magnitude/checkpoint_Original_0.360000.pth
Finetune epoch 1/30 - Accuracy: 71.675995%, Loss: 0.0068
Finetune epoch 2/30 - Accuracy: 73.671982%, Loss: 0.0063
Finetune epoch 3/30 - Accuracy: 74.527405%, Loss: 0.0060
Finetune epoch 4/30 - Accuracy: 75.118809%, Loss: 0.0059
Finetune epoch 5/30 - Accuracy: 76.005914%, Loss: 0.0057
Finetune epoch 6/30 - Accuracy: 76.671243%, Loss: 0.0055
Finetune epoch 7/30 - Accuracy: 76.988066%, Loss: 0.0054
Finetune epoch 8/30 - Accuracy: 77.980779%, Loss: 0.0053
Finetune epoch 9/30 - Accuracy: 78.065266%, Loss: 0.0052
Finetune epoch 10/30 - Accuracy: 79.131904%, Loss: 0.0050
Finetune epoch 11/30 - Accuracy: 79.670504%, Loss: 0.0049
Finetune epoch 12/30 - Accuracy: 80.409758%, Loss: 0.0047
Finetune epoch 13/30 - Accuracy: 80.716021%, Loss: 0.0046
Finetune epoch 14/30 - Accuracy: 81.919949%, Loss: 0.0044
Finetune epoch 15/30 - Accuracy: 82.606400%, Loss: 0.0042
Finetune epoch 16/30 - Accuracy: 82.690886%, Loss: 0.0041
Finetune epoch 17/30 - Accuracy: 83.324533%, Loss: 0.0039
Finetune epoch 18/30 - Accuracy: 84.327807%, Loss: 0.0037
Finetune epoch 19/30 - Accuracy: 85.405006%, Loss: 0.0035
Finetune epoch 20/30 - Accuracy: 86.577252%, Loss: 0.0033
Finetune epoch 21/30 - Accuracy: 87.738938%, Loss: 0.0030
Finetune epoch 22/30 - Accuracy: 88.499314%, Loss: 0.0028
Finetune epoch 23/30 - Accuracy: 89.386419%, Loss: 0.0026
Finetune epoch 24/30 - Accuracy: 90.727638%, Loss: 0.0024
Finetune epoch 25/30 - Accuracy: 91.097265%, Loss: 0.0023
Finetune epoch 26/30 - Accuracy: 92.311754%, Loss: 0.0020
Finetune epoch 27/30 - Accuracy: 92.955962%, Loss: 0.0018
Finetune epoch 28/30 - Accuracy: 94.191572%, Loss: 0.0015
Finetune epoch 29/30 - Accuracy: 94.687929%, Loss: 0.0014
Finetune epoch 30/30 - Accuracy: 95.184286%, Loss: 0.0013
[Eval Epoch] CPU ΔMem/sample: 0.0000 MB | GPU Peak: 748.152832 MB | Time: 10.652530s
Evaluation - Accuracy: 65.044586%, Loss: 0.0127
Checkpoint saved: ./pruning_checkpoints/RegNetX_datasetimagenet_pretrain10_finetune30_steps21_batch128_devicecuda_strategy_magnitude/checkpoint_Finetuned_0.360000.pth
[Eval Epoch] CPU ΔMem/sample: 0.0000 MB | GPU Peak: 748.964352 MB | Time: 9.585689s
Evaluation - Accuracy: 63.898089%, Loss: 0.0125
Checkpoint saved: ./pruning_checkpoints/RegNetX_datasetimagenet_pretrain10_finetune30_steps21_batch128_devicecuda_strategy_magnitude/checkpoint_Trained_0.360000.pth
Checkpoint saved: ./pruning_checkpoints/RegNetX_datasetimagenet_pretrain10_finetune30_steps21_batch128_devicecuda_strategy_magnitude/checkpoint_Pruned_0.360000.pth
Pruner state updated and saved.
[Eval Epoch] CPU ΔMem/sample: 0.0000 MB | GPU Peak: 748.964352 MB | Time: 9.603028s
Evaluation - Accuracy: 9.859873%, Loss: 14.2624
Checkpoint saved: ./pruning_checkpoints/RegNetX_datasetimagenet_pretrain10_finetune30_steps21_batch128_devicecuda_strategy_magnitude/checkpoint_Original_0.488000.pth
Finetune epoch 1/30 - Accuracy: 73.048896%, Loss: 0.0064
Finetune epoch 2/30 - Accuracy: 75.403950%, Loss: 0.0058
Finetune epoch 3/30 - Accuracy: 76.586757%, Loss: 0.0055
Finetune epoch 4/30 - Accuracy: 77.737882%, Loss: 0.0053
Finetune epoch 5/30 - Accuracy: 78.456014%, Loss: 0.0051
Finetune epoch 6/30 - Accuracy: 79.649382%, Loss: 0.0048
Finetune epoch 7/30 - Accuracy: 80.557609%, Loss: 0.0045
Finetune epoch 8/30 - Accuracy: 82.247333%, Loss: 0.0042
Finetune epoch 9/30 - Accuracy: 83.926497%, Loss: 0.0038
Finetune epoch 10/30 - Accuracy: 85.426127%, Loss: 0.0035
Finetune epoch 11/30 - Accuracy: 87.633330%, Loss: 0.0030
Finetune epoch 12/30 - Accuracy: 88.879502%, Loss: 0.0027
Finetune epoch 13/30 - Accuracy: 90.389693%, Loss: 0.0024
Finetune epoch 14/30 - Accuracy: 91.466892%, Loss: 0.0021
Finetune epoch 15/30 - Accuracy: 92.913718%, Loss: 0.0018
Finetune epoch 16/30 - Accuracy: 93.610730%, Loss: 0.0016
Finetune epoch 17/30 - Accuracy: 95.194846%, Loss: 0.0014
Finetune epoch 18/30 - Accuracy: 95.891858%, Loss: 0.0012
Finetune epoch 19/30 - Accuracy: 96.356532%, Loss: 0.0011
Finetune epoch 20/30 - Accuracy: 97.687190%, Loss: 0.0009
Finetune epoch 21/30 - Accuracy: 97.898405%, Loss: 0.0008
Finetune epoch 22/30 - Accuracy: 97.803358%, Loss: 0.0007
Finetune epoch 23/30 - Accuracy: 98.204668%, Loss: 0.0007
Finetune epoch 24/30 - Accuracy: 98.278593%, Loss: 0.0006
Finetune epoch 25/30 - Accuracy: 98.542613%, Loss: 0.0006
Finetune epoch 26/30 - Accuracy: 99.038969%, Loss: 0.0004
Finetune epoch 27/30 - Accuracy: 98.954483%, Loss: 0.0004
Finetune epoch 28/30 - Accuracy: 99.376914%, Loss: 0.0003
Finetune epoch 29/30 - Accuracy: 99.260746%, Loss: 0.0004
Finetune epoch 30/30 - Accuracy: 99.514204%, Loss: 0.0003
[Eval Epoch] CPU ΔMem/sample: 0.0000 MB | GPU Peak: 748.964352 MB | Time: 10.133333s
Evaluation - Accuracy: 65.707006%, Loss: 0.0136
Checkpoint saved: ./pruning_checkpoints/RegNetX_datasetimagenet_pretrain10_finetune30_steps21_batch128_devicecuda_strategy_magnitude/checkpoint_Finetuned_0.488000.pth
[Eval Epoch] CPU ΔMem/sample: 0.0000 MB | GPU Peak: 748.965376 MB | Time: 9.531991s
Evaluation - Accuracy: 59.694268%, Loss: 0.0175
Checkpoint saved: ./pruning_checkpoints/RegNetX_datasetimagenet_pretrain10_finetune30_steps21_batch128_devicecuda_strategy_magnitude/checkpoint_Trained_0.488000.pth
Checkpoint saved: ./pruning_checkpoints/RegNetX_datasetimagenet_pretrain10_finetune30_steps21_batch128_devicecuda_strategy_magnitude/checkpoint_Pruned_0.488000.pth
Pruner state updated and saved.
[Eval Epoch] CPU ΔMem/sample: 0.0000 MB | GPU Peak: 748.965376 MB | Time: 9.587764s
Evaluation - Accuracy: 9.859873%, Loss: 11.1025
Checkpoint saved: ./pruning_checkpoints/RegNetX_datasetimagenet_pretrain10_finetune30_steps21_batch128_devicecuda_strategy_magnitude/checkpoint_Original_0.590400.pth
Finetune epoch 1/30 - Accuracy: 73.840955%, Loss: 0.0062
Finetune epoch 2/30 - Accuracy: 76.259373%, Loss: 0.0056
Finetune epoch 3/30 - Accuracy: 78.392650%, Loss: 0.0051
Finetune epoch 4/30 - Accuracy: 80.293590%, Loss: 0.0046
Finetune epoch 5/30 - Accuracy: 82.479671%, Loss: 0.0041
Finetune epoch 6/30 - Accuracy: 85.658464%, Loss: 0.0034
Finetune epoch 7/30 - Accuracy: 89.122399%, Loss: 0.0026
Finetune epoch 8/30 - Accuracy: 91.868201%, Loss: 0.0020
Finetune epoch 9/30 - Accuracy: 94.085965%, Loss: 0.0016
Finetune epoch 10/30 - Accuracy: 95.744007%, Loss: 0.0012
Finetune epoch 11/30 - Accuracy: 96.588869%, Loss: 0.0010
Finetune epoch 12/30 - Accuracy: 97.169712%, Loss: 0.0009
Finetune epoch 13/30 - Accuracy: 98.289154%, Loss: 0.0007
Finetune epoch 14/30 - Accuracy: 98.289154%, Loss: 0.0006
Finetune epoch 15/30 - Accuracy: 98.848875%, Loss: 0.0005
Finetune epoch 16/30 - Accuracy: 98.743268%, Loss: 0.0005
Finetune epoch 17/30 - Accuracy: 99.144577%, Loss: 0.0004
Finetune epoch 18/30 - Accuracy: 99.017848%, Loss: 0.0004
Finetune epoch 19/30 - Accuracy: 99.229063%, Loss: 0.0004
Finetune epoch 20/30 - Accuracy: 99.260746%, Loss: 0.0003
Finetune epoch 21/30 - Accuracy: 99.376914%, Loss: 0.0003
Finetune epoch 22/30 - Accuracy: 99.524765%, Loss: 0.0002
Finetune epoch 23/30 - Accuracy: 99.545887%, Loss: 0.0002
Finetune epoch 24/30 - Accuracy: 99.588130%, Loss: 0.0002
Finetune epoch 25/30 - Accuracy: 99.735981%, Loss: 0.0002
Finetune epoch 26/30 - Accuracy: 99.693737%, Loss: 0.0002
Finetune epoch 27/30 - Accuracy: 99.809906%, Loss: 0.0002
Finetune epoch 28/30 - Accuracy: 99.408596%, Loss: 0.0002
Finetune epoch 29/30 - Accuracy: 99.799345%, Loss: 0.0001
Finetune epoch 30/30 - Accuracy: 99.746541%, Loss: 0.0001
[Eval Epoch] CPU ΔMem/sample: 0.0000 MB | GPU Peak: 748.363264 MB | Time: 10.275909s
Evaluation - Accuracy: 65.757962%, Loss: 0.0141
Checkpoint saved: ./pruning_checkpoints/RegNetX_datasetimagenet_pretrain10_finetune30_steps21_batch128_devicecuda_strategy_magnitude/checkpoint_Finetuned_0.590400.pth
[Eval Epoch] CPU ΔMem/sample: 0.0000 MB | GPU Peak: 749.577728 MB | Time: 9.463392s
Evaluation - Accuracy: 56.764331%, Loss: 0.0174
Checkpoint saved: ./pruning_checkpoints/RegNetX_datasetimagenet_pretrain10_finetune30_steps21_batch128_devicecuda_strategy_magnitude/checkpoint_Trained_0.590400.pth
Checkpoint saved: ./pruning_checkpoints/RegNetX_datasetimagenet_pretrain10_finetune30_steps21_batch128_devicecuda_strategy_magnitude/checkpoint_Pruned_0.590400.pth
Pruner state updated and saved.
[Eval Epoch] CPU ΔMem/sample: 0.0000 MB | GPU Peak: 749.897216 MB | Time: 9.786544s
Evaluation - Accuracy: 9.859873%, Loss: 7.2624
Checkpoint saved: ./pruning_checkpoints/RegNetX_datasetimagenet_pretrain10_finetune30_steps21_batch128_devicecuda_strategy_magnitude/checkpoint_Original_0.672320.pth
Finetune epoch 1/30 - Accuracy: 74.326750%, Loss: 0.0060
Finetune epoch 2/30 - Accuracy: 77.421058%, Loss: 0.0054
Finetune epoch 3/30 - Accuracy: 79.860598%, Loss: 0.0047
Finetune epoch 4/30 - Accuracy: 83.187243%, Loss: 0.0039
Finetune epoch 5/30 - Accuracy: 87.527722%, Loss: 0.0028
Finetune epoch 6/30 - Accuracy: 91.614743%, Loss: 0.0021
Finetune epoch 7/30 - Accuracy: 93.674094%, Loss: 0.0016
Finetune epoch 8/30 - Accuracy: 96.293167%, Loss: 0.0011
Finetune epoch 9/30 - Accuracy: 97.190833%, Loss: 0.0008
Finetune epoch 10/30 - Accuracy: 98.225789%, Loss: 0.0007
Finetune epoch 11/30 - Accuracy: 97.845601%, Loss: 0.0007
Finetune epoch 12/30 - Accuracy: 98.204668%, Loss: 0.0006
Finetune epoch 13/30 - Accuracy: 99.292428%, Loss: 0.0004
Finetune epoch 14/30 - Accuracy: 99.229063%, Loss: 0.0004
Finetune epoch 15/30 - Accuracy: 99.250185%, Loss: 0.0003
Finetune epoch 16/30 - Accuracy: 99.556447%, Loss: 0.0003
Finetune epoch 17/30 - Accuracy: 99.482522%, Loss: 0.0003
Finetune epoch 18/30 - Accuracy: 99.387475%, Loss: 0.0003
Finetune epoch 19/30 - Accuracy: 99.524765%, Loss: 0.0002
Finetune epoch 20/30 - Accuracy: 99.376914%, Loss: 0.0003
Finetune epoch 21/30 - Accuracy: 99.757102%, Loss: 0.0002
Finetune epoch 22/30 - Accuracy: 99.545887%, Loss: 0.0002
Finetune epoch 23/30 - Accuracy: 99.514204%, Loss: 0.0002
Finetune epoch 24/30 - Accuracy: 99.799345%, Loss: 0.0001
Finetune epoch 25/30 - Accuracy: 99.429718%, Loss: 0.0002
Finetune epoch 26/30 - Accuracy: 99.778224%, Loss: 0.0002
Finetune epoch 27/30 - Accuracy: 99.788784%, Loss: 0.0001
Finetune epoch 28/30 - Accuracy: 99.799345%, Loss: 0.0001
Finetune epoch 29/30 - Accuracy: 99.852149%, Loss: 0.0001
Finetune epoch 30/30 - Accuracy: 99.883831%, Loss: 0.0001
[Eval Epoch] CPU ΔMem/sample: 0.0000 MB | GPU Peak: 750.647808 MB | Time: 10.702530s
Evaluation - Accuracy: 65.070064%, Loss: 0.0146
Checkpoint saved: ./pruning_checkpoints/RegNetX_datasetimagenet_pretrain10_finetune30_steps21_batch128_devicecuda_strategy_magnitude/checkpoint_Finetuned_0.672320.pth
[Eval Epoch] CPU ΔMem/sample: 0.0000 MB | GPU Peak: 749.473792 MB | Time: 9.413845s
Evaluation - Accuracy: 40.382166%, Loss: 0.0372
Checkpoint saved: ./pruning_checkpoints/RegNetX_datasetimagenet_pretrain10_finetune30_steps21_batch128_devicecuda_strategy_magnitude/checkpoint_Trained_0.672320.pth
Checkpoint saved: ./pruning_checkpoints/RegNetX_datasetimagenet_pretrain10_finetune30_steps21_batch128_devicecuda_strategy_magnitude/checkpoint_Pruned_0.672320.pth
Pruner state updated and saved.
[Eval Epoch] CPU ΔMem/sample: 0.0000 MB | GPU Peak: 749.154304 MB | Time: 10.602532s
Evaluation - Accuracy: 10.114650%, Loss: 2.6640
Checkpoint saved: ./pruning_checkpoints/RegNetX_datasetimagenet_pretrain10_finetune30_steps21_batch128_devicecuda_strategy_magnitude/checkpoint_Original_0.737856.pth
Finetune epoch 1/30 - Accuracy: 75.013201%, Loss: 0.0060
Finetune epoch 2/30 - Accuracy: 77.484423%, Loss: 0.0053
Finetune epoch 3/30 - Accuracy: 80.853311%, Loss: 0.0045
Finetune epoch 4/30 - Accuracy: 85.637343%, Loss: 0.0033
Finetune epoch 5/30 - Accuracy: 89.998944%, Loss: 0.0022
Finetune epoch 6/30 - Accuracy: 93.505122%, Loss: 0.0016
Finetune epoch 7/30 - Accuracy: 96.145316%, Loss: 0.0011
Finetune epoch 8/30 - Accuracy: 97.370366%, Loss: 0.0008
Finetune epoch 9/30 - Accuracy: 97.497096%, Loss: 0.0008
Finetune epoch 10/30 - Accuracy: 98.553174%, Loss: 0.0005
Finetune epoch 11/30 - Accuracy: 98.806632%, Loss: 0.0004
Finetune epoch 12/30 - Accuracy: 98.458127%, Loss: 0.0005
Finetune epoch 13/30 - Accuracy: 99.239624%, Loss: 0.0003
Finetune epoch 14/30 - Accuracy: 99.334671%, Loss: 0.0003
Finetune epoch 15/30 - Accuracy: 99.514204%, Loss: 0.0003
Finetune epoch 16/30 - Accuracy: 99.588130%, Loss: 0.0002
Finetune epoch 17/30 - Accuracy: 99.313549%, Loss: 0.0003
Finetune epoch 18/30 - Accuracy: 99.683177%, Loss: 0.0002
Finetune epoch 19/30 - Accuracy: 99.630373%, Loss: 0.0002
Finetune epoch 20/30 - Accuracy: 99.588130%, Loss: 0.0002
Finetune epoch 21/30 - Accuracy: 99.820467%, Loss: 0.0001
Finetune epoch 22/30 - Accuracy: 99.693737%, Loss: 0.0002
Finetune epoch 23/30 - Accuracy: 99.757102%, Loss: 0.0002
Finetune epoch 24/30 - Accuracy: 99.778224%, Loss: 0.0001
Finetune epoch 25/30 - Accuracy: 99.746541%, Loss: 0.0001
Finetune epoch 26/30 - Accuracy: 99.883831%, Loss: 0.0001
Finetune epoch 27/30 - Accuracy: 99.788784%, Loss: 0.0001
Finetune epoch 28/30 - Accuracy: 99.757102%, Loss: 0.0001
Finetune epoch 29/30 - Accuracy: 99.714859%, Loss: 0.0001
Finetune epoch 30/30 - Accuracy: 99.873271%, Loss: 0.0001
[Eval Epoch] CPU ΔMem/sample: 0.0000 MB | GPU Peak: 749.154304 MB | Time: 10.218296s
Evaluation - Accuracy: 64.535032%, Loss: 0.0148
Checkpoint saved: ./pruning_checkpoints/RegNetX_datasetimagenet_pretrain10_finetune30_steps21_batch128_devicecuda_strategy_magnitude/checkpoint_Finetuned_0.737856.pth
[Eval Epoch] CPU ΔMem/sample: 0.0000 MB | GPU Peak: 748.874752 MB | Time: 9.709542s
Evaluation - Accuracy: 18.496815%, Loss: 0.0517
Checkpoint saved: ./pruning_checkpoints/RegNetX_datasetimagenet_pretrain10_finetune30_steps21_batch128_devicecuda_strategy_magnitude/checkpoint_Trained_0.737856.pth
Checkpoint saved: ./pruning_checkpoints/RegNetX_datasetimagenet_pretrain10_finetune30_steps21_batch128_devicecuda_strategy_magnitude/checkpoint_Pruned_0.737856.pth
Pruner state updated and saved.
[Eval Epoch] CPU ΔMem/sample: 0.0000 MB | GPU Peak: 748.874752 MB | Time: 9.658682s
Evaluation - Accuracy: 10.955414%, Loss: 1.0582
Checkpoint saved: ./pruning_checkpoints/RegNetX_datasetimagenet_pretrain10_finetune30_steps21_batch128_devicecuda_strategy_magnitude/checkpoint_Original_0.790285.pth
Finetune epoch 1/30 - Accuracy: 75.097687%, Loss: 0.0061
Finetune epoch 2/30 - Accuracy: 77.832929%, Loss: 0.0053
Finetune epoch 3/30 - Accuracy: 80.409758%, Loss: 0.0046
Finetune epoch 4/30 - Accuracy: 83.641356%, Loss: 0.0038
Finetune epoch 5/30 - Accuracy: 87.622769%, Loss: 0.0029
Finetune epoch 6/30 - Accuracy: 91.033900%, Loss: 0.0021
Finetune epoch 7/30 - Accuracy: 93.790263%, Loss: 0.0015
Finetune epoch 8/30 - Accuracy: 96.155877%, Loss: 0.0011
Finetune epoch 9/30 - Accuracy: 97.317563%, Loss: 0.0008
Finetune epoch 10/30 - Accuracy: 97.739994%, Loss: 0.0007
Finetune epoch 11/30 - Accuracy: 97.887845%, Loss: 0.0007
Finetune epoch 12/30 - Accuracy: 98.563734%, Loss: 0.0005
Finetune epoch 13/30 - Accuracy: 98.595417%, Loss: 0.0005
Finetune epoch 14/30 - Accuracy: 98.774950%, Loss: 0.0004
Finetune epoch 15/30 - Accuracy: 99.144577%, Loss: 0.0003
Finetune epoch 16/30 - Accuracy: 99.567008%, Loss: 0.0002
Finetune epoch 17/30 - Accuracy: 99.493083%, Loss: 0.0003
Finetune epoch 18/30 - Accuracy: 99.450840%, Loss: 0.0002
Finetune epoch 19/30 - Accuracy: 99.281867%, Loss: 0.0003
Finetune epoch 20/30 - Accuracy: 99.429718%, Loss: 0.0002
Finetune epoch 21/30 - Accuracy: 99.619812%, Loss: 0.0002
Finetune epoch 22/30 - Accuracy: 99.788784%, Loss: 0.0002
Finetune epoch 23/30 - Accuracy: 99.714859%, Loss: 0.0002
Finetune epoch 24/30 - Accuracy: 99.704298%, Loss: 0.0001
Finetune epoch 25/30 - Accuracy: 99.788784%, Loss: 0.0001
Finetune epoch 26/30 - Accuracy: 99.767663%, Loss: 0.0001
Finetune epoch 27/30 - Accuracy: 99.735981%, Loss: 0.0001
Finetune epoch 28/30 - Accuracy: 99.598690%, Loss: 0.0002
Finetune epoch 29/30 - Accuracy: 99.809906%, Loss: 0.0001
Finetune epoch 30/30 - Accuracy: 99.503643%, Loss: 0.0002
[Eval Epoch] CPU ΔMem/sample: 0.0000 MB | GPU Peak: 748.874752 MB | Time: 10.333968s
Evaluation - Accuracy: 64.178344%, Loss: 0.0149
Checkpoint saved: ./pruning_checkpoints/RegNetX_datasetimagenet_pretrain10_finetune30_steps21_batch128_devicecuda_strategy_magnitude/checkpoint_Finetuned_0.790285.pth
[Eval Epoch] CPU ΔMem/sample: 0.0000 MB | GPU Peak: 749.076480 MB | Time: 9.432555s
Evaluation - Accuracy: 18.140127%, Loss: 0.0834
Checkpoint saved: ./pruning_checkpoints/RegNetX_datasetimagenet_pretrain10_finetune30_steps21_batch128_devicecuda_strategy_magnitude/checkpoint_Trained_0.790285.pth
Checkpoint saved: ./pruning_checkpoints/RegNetX_datasetimagenet_pretrain10_finetune30_steps21_batch128_devicecuda_strategy_magnitude/checkpoint_Pruned_0.790285.pth
Pruner state updated and saved.
[Eval Epoch] CPU ΔMem/sample: 0.0000 MB | GPU Peak: 749.395968 MB | Time: 9.534831s
Evaluation - Accuracy: 10.649682%, Loss: 0.2587
Checkpoint saved: ./pruning_checkpoints/RegNetX_datasetimagenet_pretrain10_finetune30_steps21_batch128_devicecuda_strategy_magnitude/checkpoint_Original_0.832228.pth
Finetune epoch 1/30 - Accuracy: 75.139930%, Loss: 0.0059
Finetune epoch 2/30 - Accuracy: 78.973492%, Loss: 0.0049
Finetune epoch 3/30 - Accuracy: 82.395184%, Loss: 0.0040
Finetune epoch 4/30 - Accuracy: 86.746225%, Loss: 0.0031
Finetune epoch 5/30 - Accuracy: 90.347450%, Loss: 0.0022
Finetune epoch 6/30 - Accuracy: 93.072130%, Loss: 0.0016
Finetune epoch 7/30 - Accuracy: 95.606717%, Loss: 0.0012
Finetune epoch 8/30 - Accuracy: 96.768402%, Loss: 0.0009
Finetune epoch 9/30 - Accuracy: 97.423170%, Loss: 0.0008
Finetune epoch 10/30 - Accuracy: 97.644947%, Loss: 0.0007
Finetune epoch 11/30 - Accuracy: 98.447566%, Loss: 0.0006
Finetune epoch 12/30 - Accuracy: 98.859436%, Loss: 0.0005
Finetune epoch 13/30 - Accuracy: 99.081212%, Loss: 0.0004
Finetune epoch 14/30 - Accuracy: 99.419157%, Loss: 0.0003
Finetune epoch 15/30 - Accuracy: 99.207942%, Loss: 0.0003
Finetune epoch 16/30 - Accuracy: 99.535326%, Loss: 0.0003
Finetune epoch 17/30 - Accuracy: 99.419157%, Loss: 0.0003
Finetune epoch 18/30 - Accuracy: 99.503643%, Loss: 0.0002
Finetune epoch 19/30 - Accuracy: 99.588130%, Loss: 0.0002
Finetune epoch 20/30 - Accuracy: 99.683177%, Loss: 0.0002
Finetune epoch 21/30 - Accuracy: 99.651494%, Loss: 0.0002
Finetune epoch 22/30 - Accuracy: 99.778224%, Loss: 0.0002
Finetune epoch 23/30 - Accuracy: 99.704298%, Loss: 0.0001
Finetune epoch 24/30 - Accuracy: 99.778224%, Loss: 0.0001
Finetune epoch 25/30 - Accuracy: 99.735981%, Loss: 0.0002
Finetune epoch 26/30 - Accuracy: 99.799345%, Loss: 0.0001
Finetune epoch 27/30 - Accuracy: 99.778224%, Loss: 0.0001
Finetune epoch 28/30 - Accuracy: 99.757102%, Loss: 0.0001
Finetune epoch 29/30 - Accuracy: 99.757102%, Loss: 0.0001
Finetune epoch 30/30 - Accuracy: 99.788784%, Loss: 0.0001
[Eval Epoch] CPU ΔMem/sample: 0.0000 MB | GPU Peak: 748.645376 MB | Time: 10.375830s
Evaluation - Accuracy: 64.789809%, Loss: 0.0150
Checkpoint saved: ./pruning_checkpoints/RegNetX_datasetimagenet_pretrain10_finetune30_steps21_batch128_devicecuda_strategy_magnitude/checkpoint_Finetuned_0.832228.pth
[Eval Epoch] CPU ΔMem/sample: 0.0000 MB | GPU Peak: 748.786176 MB | Time: 10.340751s
Evaluation - Accuracy: 10.216561%, Loss: 0.1091
Checkpoint saved: ./pruning_checkpoints/RegNetX_datasetimagenet_pretrain10_finetune30_steps21_batch128_devicecuda_strategy_magnitude/checkpoint_Trained_0.832228.pth
Checkpoint saved: ./pruning_checkpoints/RegNetX_datasetimagenet_pretrain10_finetune30_steps21_batch128_devicecuda_strategy_magnitude/checkpoint_Pruned_0.832228.pth
Pruner state updated and saved.
[Eval Epoch] CPU ΔMem/sample: 0.0000 MB | GPU Peak: 748.786176 MB | Time: 9.791828s
Evaluation - Accuracy: 15.159236%, Loss: 0.0929
Checkpoint saved: ./pruning_checkpoints/RegNetX_datasetimagenet_pretrain10_finetune30_steps21_batch128_devicecuda_strategy_magnitude/checkpoint_Original_0.865782.pth
Finetune epoch 1/30 - Accuracy: 75.646848%, Loss: 0.0059
Finetune epoch 2/30 - Accuracy: 80.240786%, Loss: 0.0046
Finetune epoch 3/30 - Accuracy: 83.461823%, Loss: 0.0037
Finetune epoch 4/30 - Accuracy: 87.738938%, Loss: 0.0029
Finetune epoch 5/30 - Accuracy: 90.590347%, Loss: 0.0022
Finetune epoch 6/30 - Accuracy: 92.554652%, Loss: 0.0017
Finetune epoch 7/30 - Accuracy: 94.318302%, Loss: 0.0014
Finetune epoch 8/30 - Accuracy: 95.891858%, Loss: 0.0011
Finetune epoch 9/30 - Accuracy: 97.264759%, Loss: 0.0008
Finetune epoch 10/30 - Accuracy: 97.856162%, Loss: 0.0007
Finetune epoch 11/30 - Accuracy: 98.151864%, Loss: 0.0006
Finetune epoch 12/30 - Accuracy: 98.827754%, Loss: 0.0005
Finetune epoch 13/30 - Accuracy: 98.954483%, Loss: 0.0004
Finetune epoch 14/30 - Accuracy: 99.207942%, Loss: 0.0003
Finetune epoch 15/30 - Accuracy: 99.060091%, Loss: 0.0003
Finetune epoch 16/30 - Accuracy: 99.186820%, Loss: 0.0003
Finetune epoch 17/30 - Accuracy: 99.281867%, Loss: 0.0003
Finetune epoch 18/30 - Accuracy: 99.556447%, Loss: 0.0002
Finetune epoch 19/30 - Accuracy: 99.651494%, Loss: 0.0002
Finetune epoch 20/30 - Accuracy: 99.408596%, Loss: 0.0002
Finetune epoch 21/30 - Accuracy: 99.788784%, Loss: 0.0002
Finetune epoch 22/30 - Accuracy: 99.746541%, Loss: 0.0002
Finetune epoch 23/30 - Accuracy: 99.588130%, Loss: 0.0002
Finetune epoch 24/30 - Accuracy: 99.683177%, Loss: 0.0002
Finetune epoch 25/30 - Accuracy: 99.725420%, Loss: 0.0001
Finetune epoch 26/30 - Accuracy: 99.725420%, Loss: 0.0002
Finetune epoch 27/30 - Accuracy: 99.735981%, Loss: 0.0001
Finetune epoch 28/30 - Accuracy: 99.778224%, Loss: 0.0001
Finetune epoch 29/30 - Accuracy: 99.735981%, Loss: 0.0001
Finetune epoch 30/30 - Accuracy: 99.725420%, Loss: 0.0001
[Eval Epoch] CPU ΔMem/sample: 0.0000 MB | GPU Peak: 748.786176 MB | Time: 10.172187s
Evaluation - Accuracy: 64.840764%, Loss: 0.0150
Checkpoint saved: ./pruning_checkpoints/RegNetX_datasetimagenet_pretrain10_finetune30_steps21_batch128_devicecuda_strategy_magnitude/checkpoint_Finetuned_0.865782.pth
[Eval Epoch] CPU ΔMem/sample: 0.0000 MB | GPU Peak: 749.260288 MB | Time: 9.590609s
Evaluation - Accuracy: 19.184713%, Loss: 0.0788
Checkpoint saved: ./pruning_checkpoints/RegNetX_datasetimagenet_pretrain10_finetune30_steps21_batch128_devicecuda_strategy_magnitude/checkpoint_Trained_0.865782.pth
Checkpoint saved: ./pruning_checkpoints/RegNetX_datasetimagenet_pretrain10_finetune30_steps21_batch128_devicecuda_strategy_magnitude/checkpoint_Pruned_0.865782.pth
Pruner state updated and saved.
[Eval Epoch] CPU ΔMem/sample: 0.0000 MB | GPU Peak: 749.260288 MB | Time: 9.588078s
Evaluation - Accuracy: 20.433121%, Loss: 0.0885
Checkpoint saved: ./pruning_checkpoints/RegNetX_datasetimagenet_pretrain10_finetune30_steps21_batch128_devicecuda_strategy_magnitude/checkpoint_Original_0.892626.pth
Finetune epoch 1/30 - Accuracy: 73.671982%, Loss: 0.0066
Finetune epoch 2/30 - Accuracy: 78.318724%, Loss: 0.0050
Finetune epoch 3/30 - Accuracy: 81.317985%, Loss: 0.0043
Finetune epoch 4/30 - Accuracy: 84.739677%, Loss: 0.0035
Finetune epoch 5/30 - Accuracy: 87.601647%, Loss: 0.0029
Finetune epoch 6/30 - Accuracy: 89.777168%, Loss: 0.0024
Finetune epoch 7/30 - Accuracy: 91.910445%, Loss: 0.0019
Finetune epoch 8/30 - Accuracy: 93.579047%, Loss: 0.0015
Finetune epoch 9/30 - Accuracy: 95.437744%, Loss: 0.0012
Finetune epoch 10/30 - Accuracy: 96.113634%, Loss: 0.0010
Finetune epoch 11/30 - Accuracy: 96.852888%, Loss: 0.0009
Finetune epoch 12/30 - Accuracy: 97.592143%, Loss: 0.0008
Finetune epoch 13/30 - Accuracy: 98.447566%, Loss: 0.0005
Finetune epoch 14/30 - Accuracy: 98.500370%, Loss: 0.0005
Finetune epoch 15/30 - Accuracy: 98.584856%, Loss: 0.0005
Finetune epoch 16/30 - Accuracy: 98.627099%, Loss: 0.0005
Finetune epoch 17/30 - Accuracy: 99.260746%, Loss: 0.0003
Finetune epoch 18/30 - Accuracy: 99.324110%, Loss: 0.0003
Finetune epoch 19/30 - Accuracy: 98.996726%, Loss: 0.0004
Finetune epoch 20/30 - Accuracy: 99.640934%, Loss: 0.0002
Finetune epoch 21/30 - Accuracy: 99.693737%, Loss: 0.0002
Finetune epoch 22/30 - Accuracy: 99.704298%, Loss: 0.0002
Finetune epoch 23/30 - Accuracy: 99.609251%, Loss: 0.0002
Finetune epoch 24/30 - Accuracy: 99.535326%, Loss: 0.0002
Finetune epoch 25/30 - Accuracy: 99.482522%, Loss: 0.0002
Finetune epoch 26/30 - Accuracy: 99.609251%, Loss: 0.0002
Finetune epoch 27/30 - Accuracy: 99.704298%, Loss: 0.0002
Finetune epoch 28/30 - Accuracy: 99.672616%, Loss: 0.0001
Finetune epoch 29/30 - Accuracy: 99.788784%, Loss: 0.0001
Finetune epoch 30/30 - Accuracy: 99.683177%, Loss: 0.0002
[Eval Epoch] CPU ΔMem/sample: 0.0000 MB | GPU Peak: 750.121472 MB | Time: 10.561872s
Evaluation - Accuracy: 62.471338%, Loss: 0.0169
Checkpoint saved: ./pruning_checkpoints/RegNetX_datasetimagenet_pretrain10_finetune30_steps21_batch128_devicecuda_strategy_magnitude/checkpoint_Finetuned_0.892626.pth
[Eval Epoch] CPU ΔMem/sample: 0.0000 MB | GPU Peak: 750.012928 MB | Time: 9.555975s
Evaluation - Accuracy: 10.267516%, Loss: 0.0441
Checkpoint saved: ./pruning_checkpoints/RegNetX_datasetimagenet_pretrain10_finetune30_steps21_batch128_devicecuda_strategy_magnitude/checkpoint_Trained_0.892626.pth
Checkpoint saved: ./pruning_checkpoints/RegNetX_datasetimagenet_pretrain10_finetune30_steps21_batch128_devicecuda_strategy_magnitude/checkpoint_Pruned_0.892626.pth
Pruner state updated and saved.
[Eval Epoch] CPU ΔMem/sample: 0.0000 MB | GPU Peak: 749.693440 MB | Time: 9.347608s
Evaluation - Accuracy: 12.789809%, Loss: 0.0509
Checkpoint saved: ./pruning_checkpoints/RegNetX_datasetimagenet_pretrain10_finetune30_steps21_batch128_devicecuda_strategy_magnitude/checkpoint_Original_0.914101.pth
Finetune epoch 1/30 - Accuracy: 71.570388%, Loss: 0.0072
Finetune epoch 2/30 - Accuracy: 77.769564%, Loss: 0.0052
Finetune epoch 3/30 - Accuracy: 80.694899%, Loss: 0.0044
Finetune epoch 4/30 - Accuracy: 83.915936%, Loss: 0.0037
Finetune epoch 5/30 - Accuracy: 86.556131%, Loss: 0.0032
Finetune epoch 6/30 - Accuracy: 89.618756%, Loss: 0.0025
Finetune epoch 7/30 - Accuracy: 90.981096%, Loss: 0.0022
Finetune epoch 8/30 - Accuracy: 93.198859%, Loss: 0.0017
Finetune epoch 9/30 - Accuracy: 94.223255%, Loss: 0.0015
Finetune epoch 10/30 - Accuracy: 95.680642%, Loss: 0.0012
Finetune epoch 11/30 - Accuracy: 96.789524%, Loss: 0.0010
Finetune epoch 12/30 - Accuracy: 97.465413%, Loss: 0.0008
Finetune epoch 13/30 - Accuracy: 97.739994%, Loss: 0.0008
Finetune epoch 14/30 - Accuracy: 98.363080%, Loss: 0.0006
Finetune epoch 15/30 - Accuracy: 98.595417%, Loss: 0.0006
Finetune epoch 16/30 - Accuracy: 98.912240%, Loss: 0.0005
Finetune epoch 17/30 - Accuracy: 98.975605%, Loss: 0.0004
Finetune epoch 18/30 - Accuracy: 99.155138%, Loss: 0.0004
Finetune epoch 19/30 - Accuracy: 99.134016%, Loss: 0.0004
Finetune epoch 20/30 - Accuracy: 99.134016%, Loss: 0.0004
Finetune epoch 21/30 - Accuracy: 99.229063%, Loss: 0.0004
Finetune epoch 22/30 - Accuracy: 99.355793%, Loss: 0.0003
Finetune epoch 23/30 - Accuracy: 99.503643%, Loss: 0.0002
Finetune epoch 24/30 - Accuracy: 99.619812%, Loss: 0.0002
Finetune epoch 25/30 - Accuracy: 99.567008%, Loss: 0.0002
Finetune epoch 26/30 - Accuracy: 99.778224%, Loss: 0.0002
Finetune epoch 27/30 - Accuracy: 99.693737%, Loss: 0.0002
Finetune epoch 28/30 - Accuracy: 99.577569%, Loss: 0.0002
Finetune epoch 29/30 - Accuracy: 99.471961%, Loss: 0.0002
Finetune epoch 30/30 - Accuracy: 99.841588%, Loss: 0.0001
[Eval Epoch] CPU ΔMem/sample: 0.0000 MB | GPU Peak: 748.832256 MB | Time: 10.805342s
Evaluation - Accuracy: 64.356688%, Loss: 0.0141
Checkpoint saved: ./pruning_checkpoints/RegNetX_datasetimagenet_pretrain10_finetune30_steps21_batch128_devicecuda_strategy_magnitude/checkpoint_Finetuned_0.914101.pth
[Eval Epoch] CPU ΔMem/sample: 0.0000 MB | GPU Peak: 749.808640 MB | Time: 9.505823s
Evaluation - Accuracy: 15.949045%, Loss: 0.0622
Checkpoint saved: ./pruning_checkpoints/RegNetX_datasetimagenet_pretrain10_finetune30_steps21_batch128_devicecuda_strategy_magnitude/checkpoint_Trained_0.914101.pth
Checkpoint saved: ./pruning_checkpoints/RegNetX_datasetimagenet_pretrain10_finetune30_steps21_batch128_devicecuda_strategy_magnitude/checkpoint_Pruned_0.914101.pth
Pruner state updated and saved.
[Eval Epoch] CPU ΔMem/sample: 0.0000 MB | GPU Peak: 749.808640 MB | Time: 9.697434s
Evaluation - Accuracy: 17.936306%, Loss: 0.0509
Checkpoint saved: ./pruning_checkpoints/RegNetX_datasetimagenet_pretrain10_finetune30_steps21_batch128_devicecuda_strategy_magnitude/checkpoint_Original_0.931281.pth
Finetune epoch 1/30 - Accuracy: 66.216074%, Loss: 0.0089
Finetune epoch 2/30 - Accuracy: 74.390115%, Loss: 0.0060
Finetune epoch 3/30 - Accuracy: 77.938536%, Loss: 0.0052
Finetune epoch 4/30 - Accuracy: 80.916675%, Loss: 0.0044
Finetune epoch 5/30 - Accuracy: 83.377337%, Loss: 0.0039
Finetune epoch 6/30 - Accuracy: 84.972014%, Loss: 0.0036
Finetune epoch 7/30 - Accuracy: 87.295385%, Loss: 0.0030
Finetune epoch 8/30 - Accuracy: 89.925018%, Loss: 0.0025
Finetune epoch 9/30 - Accuracy: 91.646425%, Loss: 0.0021
Finetune epoch 10/30 - Accuracy: 92.702503%, Loss: 0.0018
Finetune epoch 11/30 - Accuracy: 94.371106%, Loss: 0.0015
Finetune epoch 12/30 - Accuracy: 95.395501%, Loss: 0.0013
Finetune epoch 13/30 - Accuracy: 95.796811%, Loss: 0.0012
Finetune epoch 14/30 - Accuracy: 96.609990%, Loss: 0.0011
Finetune epoch 15/30 - Accuracy: 97.264759%, Loss: 0.0009
Finetune epoch 16/30 - Accuracy: 97.908966%, Loss: 0.0008
Finetune epoch 17/30 - Accuracy: 98.331397%, Loss: 0.0007
Finetune epoch 18/30 - Accuracy: 98.648221%, Loss: 0.0006
Finetune epoch 19/30 - Accuracy: 99.165699%, Loss: 0.0005
Finetune epoch 20/30 - Accuracy: 99.070652%, Loss: 0.0004
Finetune epoch 21/30 - Accuracy: 98.965044%, Loss: 0.0004
Finetune epoch 22/30 - Accuracy: 98.806632%, Loss: 0.0005
Finetune epoch 23/30 - Accuracy: 99.028408%, Loss: 0.0004
Finetune epoch 24/30 - Accuracy: 99.070652%, Loss: 0.0004
Finetune epoch 25/30 - Accuracy: 99.503643%, Loss: 0.0003
Finetune epoch 26/30 - Accuracy: 99.630373%, Loss: 0.0003
Finetune epoch 27/30 - Accuracy: 99.419157%, Loss: 0.0003
Finetune epoch 28/30 - Accuracy: 99.545887%, Loss: 0.0003
Finetune epoch 29/30 - Accuracy: 99.503643%, Loss: 0.0003
Finetune epoch 30/30 - Accuracy: 99.725420%, Loss: 0.0002
[Eval Epoch] CPU ΔMem/sample: 0.0000 MB | GPU Peak: 749.808640 MB | Time: 10.288448s
Evaluation - Accuracy: 63.261146%, Loss: 0.0138
Checkpoint saved: ./pruning_checkpoints/RegNetX_datasetimagenet_pretrain10_finetune30_steps21_batch128_devicecuda_strategy_magnitude/checkpoint_Finetuned_0.931281.pth
[Eval Epoch] CPU ΔMem/sample: 0.0000 MB | GPU Peak: 749.854208 MB | Time: 9.635348s
Evaluation - Accuracy: 16.356688%, Loss: 0.0435
Checkpoint saved: ./pruning_checkpoints/RegNetX_datasetimagenet_pretrain10_finetune30_steps21_batch128_devicecuda_strategy_magnitude/checkpoint_Trained_0.931281.pth
Checkpoint saved: ./pruning_checkpoints/RegNetX_datasetimagenet_pretrain10_finetune30_steps21_batch128_devicecuda_strategy_magnitude/checkpoint_Pruned_0.931281.pth
Pruner state updated and saved.
[Eval Epoch] CPU ΔMem/sample: 0.0000 MB | GPU Peak: 750.173696 MB | Time: 10.108717s
Evaluation - Accuracy: 10.777070%, Loss: 0.0475
Checkpoint saved: ./pruning_checkpoints/RegNetX_datasetimagenet_pretrain10_finetune30_steps21_batch128_devicecuda_strategy_magnitude/checkpoint_Original_0.945024.pth
Finetune epoch 1/30 - Accuracy: 62.752139%, Loss: 0.0099
Finetune epoch 2/30 - Accuracy: 71.718238%, Loss: 0.0067
Finetune epoch 3/30 - Accuracy: 75.266660%, Loss: 0.0058
Finetune epoch 4/30 - Accuracy: 78.360967%, Loss: 0.0051
Finetune epoch 5/30 - Accuracy: 80.821628%, Loss: 0.0045
Finetune epoch 6/30 - Accuracy: 83.778646%, Loss: 0.0038
Finetune epoch 7/30 - Accuracy: 85.373323%, Loss: 0.0035
Finetune epoch 8/30 - Accuracy: 86.957440%, Loss: 0.0031
Finetune epoch 9/30 - Accuracy: 88.699968%, Loss: 0.0028
Finetune epoch 10/30 - Accuracy: 90.167916%, Loss: 0.0024
Finetune epoch 11/30 - Accuracy: 92.153342%, Loss: 0.0021
Finetune epoch 12/30 - Accuracy: 93.811385%, Loss: 0.0018
Finetune epoch 13/30 - Accuracy: 94.518957%, Loss: 0.0016
Finetune epoch 14/30 - Accuracy: 94.920266%, Loss: 0.0015
Finetune epoch 15/30 - Accuracy: 95.670081%, Loss: 0.0013
Finetune epoch 16/30 - Accuracy: 96.293167%, Loss: 0.0012
Finetune epoch 17/30 - Accuracy: 96.990178%, Loss: 0.0010
Finetune epoch 18/30 - Accuracy: 97.328123%, Loss: 0.0009
Finetune epoch 19/30 - Accuracy: 97.613264%, Loss: 0.0008
Finetune epoch 20/30 - Accuracy: 98.236350%, Loss: 0.0007
Finetune epoch 21/30 - Accuracy: 98.246911%, Loss: 0.0007
Finetune epoch 22/30 - Accuracy: 98.658781%, Loss: 0.0006
Finetune epoch 23/30 - Accuracy: 98.595417%, Loss: 0.0006
Finetune epoch 24/30 - Accuracy: 98.679903%, Loss: 0.0006
Finetune epoch 25/30 - Accuracy: 99.028408%, Loss: 0.0005
Finetune epoch 26/30 - Accuracy: 99.292428%, Loss: 0.0004
Finetune epoch 27/30 - Accuracy: 99.334671%, Loss: 0.0004
Finetune epoch 28/30 - Accuracy: 99.503643%, Loss: 0.0004
Finetune epoch 29/30 - Accuracy: 99.186820%, Loss: 0.0004
Finetune epoch 30/30 - Accuracy: 99.313549%, Loss: 0.0004
[Eval Epoch] CPU ΔMem/sample: 0.0000 MB | GPU Peak: 750.173696 MB | Time: 10.483361s
Evaluation - Accuracy: 62.038217%, Loss: 0.0139
Checkpoint saved: ./pruning_checkpoints/RegNetX_datasetimagenet_pretrain10_finetune30_steps21_batch128_devicecuda_strategy_magnitude/checkpoint_Finetuned_0.945024.pth
[Eval Epoch] CPU ΔMem/sample: 0.0000 MB | GPU Peak: 749.239808 MB | Time: 9.795075s
Evaluation - Accuracy: 17.146497%, Loss: 0.0532
Checkpoint saved: ./pruning_checkpoints/RegNetX_datasetimagenet_pretrain10_finetune30_steps21_batch128_devicecuda_strategy_magnitude/checkpoint_Trained_0.945024.pth
Checkpoint saved: ./pruning_checkpoints/RegNetX_datasetimagenet_pretrain10_finetune30_steps21_batch128_devicecuda_strategy_magnitude/checkpoint_Pruned_0.945024.pth
Pruner state updated and saved.
[Eval Epoch] CPU ΔMem/sample: 0.0000 MB | GPU Peak: 748.920320 MB | Time: 9.657842s
Evaluation - Accuracy: 17.681529%, Loss: 0.0520
Checkpoint saved: ./pruning_checkpoints/RegNetX_datasetimagenet_pretrain10_finetune30_steps21_batch128_devicecuda_strategy_magnitude/checkpoint_Original_0.956020.pth
Finetune epoch 1/30 - Accuracy: 57.735769%, Loss: 0.0110
Finetune epoch 2/30 - Accuracy: 67.303834%, Loss: 0.0079
Finetune epoch 3/30 - Accuracy: 70.799451%, Loss: 0.0070
Finetune epoch 4/30 - Accuracy: 74.157778%, Loss: 0.0061
Finetune epoch 5/30 - Accuracy: 75.805259%, Loss: 0.0057
Finetune epoch 6/30 - Accuracy: 78.044144%, Loss: 0.0052
Finetune epoch 7/30 - Accuracy: 80.367515%, Loss: 0.0048
Finetune epoch 8/30 - Accuracy: 81.898828%, Loss: 0.0044
Finetune epoch 9/30 - Accuracy: 83.377337%, Loss: 0.0040
Finetune epoch 10/30 - Accuracy: 85.510614%, Loss: 0.0036
Finetune epoch 11/30 - Accuracy: 85.595100%, Loss: 0.0034
Finetune epoch 12/30 - Accuracy: 87.073609%, Loss: 0.0032
Finetune epoch 13/30 - Accuracy: 88.478192%, Loss: 0.0028
Finetune epoch 14/30 - Accuracy: 89.903897%, Loss: 0.0026
Finetune epoch 15/30 - Accuracy: 90.474179%, Loss: 0.0024
Finetune epoch 16/30 - Accuracy: 92.068856%, Loss: 0.0021
Finetune epoch 17/30 - Accuracy: 92.829232%, Loss: 0.0019
Finetune epoch 18/30 - Accuracy: 93.293906%, Loss: 0.0018
Finetune epoch 19/30 - Accuracy: 94.624564%, Loss: 0.0015
Finetune epoch 20/30 - Accuracy: 94.138769%, Loss: 0.0016
Finetune epoch 21/30 - Accuracy: 95.353258%, Loss: 0.0014
Finetune epoch 22/30 - Accuracy: 95.902418%, Loss: 0.0013
Finetune epoch 23/30 - Accuracy: 96.557187%, Loss: 0.0012
Finetune epoch 24/30 - Accuracy: 96.314289%, Loss: 0.0012
Finetune epoch 25/30 - Accuracy: 96.409336%, Loss: 0.0011
Finetune epoch 26/30 - Accuracy: 97.285880%, Loss: 0.0010
Finetune epoch 27/30 - Accuracy: 97.233076%, Loss: 0.0009
Finetune epoch 28/30 - Accuracy: 97.644947%, Loss: 0.0009
Finetune epoch 29/30 - Accuracy: 97.792798%, Loss: 0.0009
Finetune epoch 30/30 - Accuracy: 98.088499%, Loss: 0.0007
[Eval Epoch] CPU ΔMem/sample: 0.0000 MB | GPU Peak: 748.920320 MB | Time: 10.782881s
Evaluation - Accuracy: 61.885350%, Loss: 0.0125
Checkpoint saved: ./pruning_checkpoints/RegNetX_datasetimagenet_pretrain10_finetune30_steps21_batch128_devicecuda_strategy_magnitude/checkpoint_Finetuned_0.956020.pth
[Eval Epoch] CPU ΔMem/sample: 0.0000 MB | GPU Peak: 748.085760 MB | Time: 9.959885s
Evaluation - Accuracy: 18.777070%, Loss: 0.0584
Checkpoint saved: ./pruning_checkpoints/RegNetX_datasetimagenet_pretrain10_finetune30_steps21_batch128_devicecuda_strategy_magnitude/checkpoint_Trained_0.956020.pth
Checkpoint saved: ./pruning_checkpoints/RegNetX_datasetimagenet_pretrain10_finetune30_steps21_batch128_devicecuda_strategy_magnitude/checkpoint_Pruned_0.956020.pth
Pruner state updated and saved.
[Eval Epoch] CPU ΔMem/sample: 0.0000 MB | GPU Peak: 748.085760 MB | Time: 10.192918s
Evaluation - Accuracy: 14.292994%, Loss: 0.0496
Checkpoint saved: ./pruning_checkpoints/RegNetX_datasetimagenet_pretrain10_finetune30_steps21_batch128_devicecuda_strategy_magnitude/checkpoint_Original_0.964816.pth
Finetune epoch 1/30 - Accuracy: 57.197170%, Loss: 0.0112
Finetune epoch 2/30 - Accuracy: 65.402894%, Loss: 0.0083
Finetune epoch 3/30 - Accuracy: 68.898511%, Loss: 0.0073
Finetune epoch 4/30 - Accuracy: 71.095153%, Loss: 0.0068
Finetune epoch 5/30 - Accuracy: 73.186187%, Loss: 0.0063
Finetune epoch 6/30 - Accuracy: 74.675256%, Loss: 0.0059
Finetune epoch 7/30 - Accuracy: 76.217130%, Loss: 0.0056
Finetune epoch 8/30 - Accuracy: 77.547788%, Loss: 0.0052
Finetune epoch 9/30 - Accuracy: 78.920689%, Loss: 0.0050
Finetune epoch 10/30 - Accuracy: 80.230225%, Loss: 0.0047
Finetune epoch 11/30 - Accuracy: 81.465836%, Loss: 0.0044
Finetune epoch 12/30 - Accuracy: 81.476397%, Loss: 0.0044
Finetune epoch 13/30 - Accuracy: 82.870419%, Loss: 0.0040
Finetune epoch 14/30 - Accuracy: 83.873693%, Loss: 0.0039
Finetune epoch 15/30 - Accuracy: 84.634069%, Loss: 0.0037
Finetune epoch 16/30 - Accuracy: 86.017531%, Loss: 0.0034
Finetune epoch 17/30 - Accuracy: 86.619495%, Loss: 0.0032
Finetune epoch 18/30 - Accuracy: 87.094730%, Loss: 0.0031
Finetune epoch 19/30 - Accuracy: 88.235294%, Loss: 0.0029
Finetune epoch 20/30 - Accuracy: 89.228007%, Loss: 0.0027
Finetune epoch 21/30 - Accuracy: 89.407540%, Loss: 0.0026
Finetune epoch 22/30 - Accuracy: 89.481466%, Loss: 0.0026
Finetune epoch 23/30 - Accuracy: 90.907171%, Loss: 0.0024
Finetune epoch 24/30 - Accuracy: 91.181751%, Loss: 0.0023
Finetune epoch 25/30 - Accuracy: 91.656986%, Loss: 0.0021
Finetune epoch 26/30 - Accuracy: 92.829232%, Loss: 0.0019
Finetune epoch 27/30 - Accuracy: 92.512409%, Loss: 0.0020
Finetune epoch 28/30 - Accuracy: 92.702503%, Loss: 0.0019
Finetune epoch 29/30 - Accuracy: 92.987644%, Loss: 0.0019
Finetune epoch 30/30 - Accuracy: 94.033161%, Loss: 0.0016
[Eval Epoch] CPU ΔMem/sample: 0.0000 MB | GPU Peak: 748.085760 MB | Time: 10.789897s
Evaluation - Accuracy: 60.636943%, Loss: 0.0120
Checkpoint saved: ./pruning_checkpoints/RegNetX_datasetimagenet_pretrain10_finetune30_steps21_batch128_devicecuda_strategy_magnitude/checkpoint_Finetuned_0.964816.pth
[Eval Epoch] CPU ΔMem/sample: 0.0000 MB | GPU Peak: 748.677120 MB | Time: 10.146750s
Evaluation - Accuracy: 22.292994%, Loss: 0.0395
Checkpoint saved: ./pruning_checkpoints/RegNetX_datasetimagenet_pretrain10_finetune30_steps21_batch128_devicecuda_strategy_magnitude/checkpoint_Trained_0.964816.pth
Checkpoint saved: ./pruning_checkpoints/RegNetX_datasetimagenet_pretrain10_finetune30_steps21_batch128_devicecuda_strategy_magnitude/checkpoint_Pruned_0.964816.pth
Pruner state updated and saved.
[Eval Epoch] CPU ΔMem/sample: 0.0000 MB | GPU Peak: 748.677120 MB | Time: 10.010812s
Evaluation - Accuracy: 16.305732%, Loss: 0.0337
Checkpoint saved: ./pruning_checkpoints/RegNetX_datasetimagenet_pretrain10_finetune30_steps21_batch128_devicecuda_strategy_magnitude/checkpoint_Original_0.971853.pth
Finetune epoch 1/30 - Accuracy: 54.409125%, Loss: 0.0115
Finetune epoch 2/30 - Accuracy: 62.224100%, Loss: 0.0089
Finetune epoch 3/30 - Accuracy: 66.575140%, Loss: 0.0080
Finetune epoch 4/30 - Accuracy: 68.212060%, Loss: 0.0074
Finetune epoch 5/30 - Accuracy: 70.176365%, Loss: 0.0070
Finetune epoch 6/30 - Accuracy: 71.464780%, Loss: 0.0067
Finetune epoch 7/30 - Accuracy: 73.344598%, Loss: 0.0063
Finetune epoch 8/30 - Accuracy: 74.242264%, Loss: 0.0060
Finetune epoch 9/30 - Accuracy: 75.351146%, Loss: 0.0058
Finetune epoch 10/30 - Accuracy: 76.470588%, Loss: 0.0055
Finetune epoch 11/30 - Accuracy: 76.924702%, Loss: 0.0054
Finetune epoch 12/30 - Accuracy: 78.403210%, Loss: 0.0051
Finetune epoch 13/30 - Accuracy: 78.762277%, Loss: 0.0050
Finetune epoch 14/30 - Accuracy: 79.364241%, Loss: 0.0049
Finetune epoch 15/30 - Accuracy: 80.187982%, Loss: 0.0047
Finetune epoch 16/30 - Accuracy: 81.603126%, Loss: 0.0045
Finetune epoch 17/30 - Accuracy: 81.571444%, Loss: 0.0044
Finetune epoch 18/30 - Accuracy: 81.888267%, Loss: 0.0043
Finetune epoch 19/30 - Accuracy: 82.585278%, Loss: 0.0041
Finetune epoch 20/30 - Accuracy: 82.564157%, Loss: 0.0041
Finetune epoch 21/30 - Accuracy: 83.271729%, Loss: 0.0039
Finetune epoch 22/30 - Accuracy: 84.824163%, Loss: 0.0037
Finetune epoch 23/30 - Accuracy: 84.190516%, Loss: 0.0038
Finetune epoch 24/30 - Accuracy: 85.373323%, Loss: 0.0036
Finetune epoch 25/30 - Accuracy: 85.130426%, Loss: 0.0036
Finetune epoch 26/30 - Accuracy: 85.669025%, Loss: 0.0035
Finetune epoch 27/30 - Accuracy: 86.672299%, Loss: 0.0033
Finetune epoch 28/30 - Accuracy: 86.894075%, Loss: 0.0032
Finetune epoch 29/30 - Accuracy: 86.714542%, Loss: 0.0032
Finetune epoch 30/30 - Accuracy: 87.548844%, Loss: 0.0031
[Eval Epoch] CPU ΔMem/sample: 0.0000 MB | GPU Peak: 749.427712 MB | Time: 10.346921s
Evaluation - Accuracy: 62.267516%, Loss: 0.0103
Checkpoint saved: ./pruning_checkpoints/RegNetX_datasetimagenet_pretrain10_finetune30_steps21_batch128_devicecuda_strategy_magnitude/checkpoint_Finetuned_0.971853.pth
[Eval Epoch] CPU ΔMem/sample: 0.0000 MB | GPU Peak: 748.652032 MB | Time: 9.810342s
Evaluation - Accuracy: 20.840764%, Loss: 0.0289
Checkpoint saved: ./pruning_checkpoints/RegNetX_datasetimagenet_pretrain10_finetune30_steps21_batch128_devicecuda_strategy_magnitude/checkpoint_Trained_0.971853.pth
Checkpoint saved: ./pruning_checkpoints/RegNetX_datasetimagenet_pretrain10_finetune30_steps21_batch128_devicecuda_strategy_magnitude/checkpoint_Pruned_0.971853.pth
Pruner state updated and saved.
[Eval Epoch] CPU ΔMem/sample: 0.0000 MB | GPU Peak: 748.971520 MB | Time: 9.569414s
Evaluation - Accuracy: 16.101911%, Loss: 0.0362
Checkpoint saved: ./pruning_checkpoints/RegNetX_datasetimagenet_pretrain10_finetune30_steps21_batch128_devicecuda_strategy_magnitude/checkpoint_Original_0.977482.pth
Finetune epoch 1/30 - Accuracy: 55.634175%, Loss: 0.0107
Finetune epoch 2/30 - Accuracy: 63.523075%, Loss: 0.0086
Finetune epoch 3/30 - Accuracy: 65.930933%, Loss: 0.0080
Finetune epoch 4/30 - Accuracy: 67.969163%, Loss: 0.0074
Finetune epoch 5/30 - Accuracy: 69.743373%, Loss: 0.0071
Finetune epoch 6/30 - Accuracy: 71.443658%, Loss: 0.0068
Finetune epoch 7/30 - Accuracy: 71.908332%, Loss: 0.0066
Finetune epoch 8/30 - Accuracy: 72.890485%, Loss: 0.0064
Finetune epoch 9/30 - Accuracy: 74.031049%, Loss: 0.0061
Finetune epoch 10/30 - Accuracy: 74.696378%, Loss: 0.0060
Finetune epoch 11/30 - Accuracy: 75.044883%, Loss: 0.0059
Finetune epoch 12/30 - Accuracy: 76.164326%, Loss: 0.0056
Finetune epoch 13/30 - Accuracy: 76.586757%, Loss: 0.0055
Finetune epoch 14/30 - Accuracy: 76.819094%, Loss: 0.0055
Finetune epoch 15/30 - Accuracy: 78.287042%, Loss: 0.0052
Finetune epoch 16/30 - Accuracy: 78.392650%, Loss: 0.0051
Finetune epoch 17/30 - Accuracy: 78.720034%, Loss: 0.0051
Finetune epoch 18/30 - Accuracy: 78.804520%, Loss: 0.0049
Finetune epoch 19/30 - Accuracy: 79.828915%, Loss: 0.0048
Finetune epoch 20/30 - Accuracy: 80.716021%, Loss: 0.0047
Finetune epoch 21/30 - Accuracy: 81.096209%, Loss: 0.0046
Finetune epoch 22/30 - Accuracy: 81.381350%, Loss: 0.0045
Finetune epoch 23/30 - Accuracy: 81.539761%, Loss: 0.0044
Finetune epoch 24/30 - Accuracy: 82.331820%, Loss: 0.0043
Finetune epoch 25/30 - Accuracy: 82.363502%, Loss: 0.0043
Finetune epoch 26/30 - Accuracy: 83.060513%, Loss: 0.0042
Finetune epoch 27/30 - Accuracy: 83.144999%, Loss: 0.0041
Finetune epoch 28/30 - Accuracy: 83.271729%, Loss: 0.0041
Finetune epoch 29/30 - Accuracy: 84.106030%, Loss: 0.0040
Finetune epoch 30/30 - Accuracy: 83.081635%, Loss: 0.0040
[Eval Epoch] CPU ΔMem/sample: 0.0000 MB | GPU Peak: 748.399104 MB | Time: 11.580762s
Evaluation - Accuracy: 62.802548%, Loss: 0.0098
Checkpoint saved: ./pruning_checkpoints/RegNetX_datasetimagenet_pretrain10_finetune30_steps21_batch128_devicecuda_strategy_magnitude/checkpoint_Finetuned_0.977482.pth
[Eval Epoch] CPU ΔMem/sample: 0.0000 MB | GPU Peak: 748.462080 MB | Time: 10.470620s
Evaluation - Accuracy: 13.299363%, Loss: 0.0481
Checkpoint saved: ./pruning_checkpoints/RegNetX_datasetimagenet_pretrain10_finetune30_steps21_batch128_devicecuda_strategy_magnitude/checkpoint_Trained_0.977482.pth
Checkpoint saved: ./pruning_checkpoints/RegNetX_datasetimagenet_pretrain10_finetune30_steps21_batch128_devicecuda_strategy_magnitude/checkpoint_Pruned_0.977482.pth
Pruner state updated and saved.
[Eval Epoch] CPU ΔMem/sample: 0.0000 MB | GPU Peak: 748.462080 MB | Time: 10.141400s
Evaluation - Accuracy: 17.885350%, Loss: 0.0303
Checkpoint saved: ./pruning_checkpoints/RegNetX_datasetimagenet_pretrain10_finetune30_steps21_batch128_devicecuda_strategy_magnitude/checkpoint_Original_0.981986.pth
Finetune epoch 1/30 - Accuracy: 55.422959%, Loss: 0.0107
Finetune epoch 2/30 - Accuracy: 61.463724%, Loss: 0.0089
Finetune epoch 3/30 - Accuracy: 64.019432%, Loss: 0.0083
Finetune epoch 4/30 - Accuracy: 66.448411%, Loss: 0.0079
Finetune epoch 5/30 - Accuracy: 67.409441%, Loss: 0.0075
Finetune epoch 6/30 - Accuracy: 68.782342%, Loss: 0.0073
Finetune epoch 7/30 - Accuracy: 69.289260%, Loss: 0.0072
Finetune epoch 8/30 - Accuracy: 70.313655%, Loss: 0.0069
Finetune epoch 9/30 - Accuracy: 71.517584%, Loss: 0.0068
Finetune epoch 10/30 - Accuracy: 71.454219%, Loss: 0.0067
Finetune epoch 11/30 - Accuracy: 72.446932%, Loss: 0.0065
Finetune epoch 12/30 - Accuracy: 73.038336%, Loss: 0.0064
Finetune epoch 13/30 - Accuracy: 72.911606%, Loss: 0.0063
Finetune epoch 14/30 - Accuracy: 73.819833%, Loss: 0.0061
Finetune epoch 15/30 - Accuracy: 74.527405%, Loss: 0.0060
Finetune epoch 16/30 - Accuracy: 74.537966%, Loss: 0.0059
Finetune epoch 17/30 - Accuracy: 75.055444%, Loss: 0.0059
Finetune epoch 18/30 - Accuracy: 75.858063%, Loss: 0.0057
Finetune epoch 19/30 - Accuracy: 76.090400%, Loss: 0.0056
Finetune epoch 20/30 - Accuracy: 76.312177%, Loss: 0.0056
Finetune epoch 21/30 - Accuracy: 76.607878%, Loss: 0.0056
Finetune epoch 22/30 - Accuracy: 76.776851%, Loss: 0.0054
Finetune epoch 23/30 - Accuracy: 77.737882%, Loss: 0.0053
Finetune epoch 24/30 - Accuracy: 77.706199%, Loss: 0.0053
Finetune epoch 25/30 - Accuracy: 78.223677%, Loss: 0.0052
Finetune epoch 26/30 - Accuracy: 78.191995%, Loss: 0.0052
Finetune epoch 27/30 - Accuracy: 78.994614%, Loss: 0.0050
Finetune epoch 28/30 - Accuracy: 79.142465%, Loss: 0.0050
Finetune epoch 29/30 - Accuracy: 79.089661%, Loss: 0.0049
Finetune epoch 30/30 - Accuracy: 79.987327%, Loss: 0.0049
[Eval Epoch] CPU ΔMem/sample: 0.0000 MB | GPU Peak: 748.283904 MB | Time: 10.871381s
Evaluation - Accuracy: 61.579618%, Loss: 0.0099
Checkpoint saved: ./pruning_checkpoints/RegNetX_datasetimagenet_pretrain10_finetune30_steps21_batch128_devicecuda_strategy_magnitude/checkpoint_Finetuned_0.981986.pth
[Eval Epoch] CPU ΔMem/sample: 0.0000 MB | GPU Peak: 750.765056 MB | Time: 9.984431s
Evaluation - Accuracy: 15.847134%, Loss: 0.0341
Checkpoint saved: ./pruning_checkpoints/RegNetX_datasetimagenet_pretrain10_finetune30_steps21_batch128_devicecuda_strategy_magnitude/checkpoint_Trained_0.981986.pth
Checkpoint saved: ./pruning_checkpoints/RegNetX_datasetimagenet_pretrain10_finetune30_steps21_batch128_devicecuda_strategy_magnitude/checkpoint_Pruned_0.981986.pth
Pruner state updated and saved.
[Eval Epoch] CPU ΔMem/sample: 0.0000 MB | GPU Peak: 750.445568 MB | Time: 13.364536s
Evaluation - Accuracy: 13.656051%, Loss: 0.0321
Checkpoint saved: ./pruning_checkpoints/RegNetX_datasetimagenet_pretrain10_finetune30_steps21_batch128_devicecuda_strategy_magnitude/checkpoint_Original_0.985588.pth
Finetune epoch 1/30 - Accuracy: 54.989967%, Loss: 0.0105
Finetune epoch 2/30 - Accuracy: 60.492132%, Loss: 0.0093
Finetune epoch 3/30 - Accuracy: 62.709895%, Loss: 0.0087
Finetune epoch 4/30 - Accuracy: 64.410181%, Loss: 0.0084
Finetune epoch 5/30 - Accuracy: 65.730278%, Loss: 0.0081
Finetune epoch 6/30 - Accuracy: 66.659626%, Loss: 0.0078
Finetune epoch 7/30 - Accuracy: 66.849720%, Loss: 0.0077
Finetune epoch 8/30 - Accuracy: 68.053649%, Loss: 0.0076
Finetune epoch 9/30 - Accuracy: 68.835146%, Loss: 0.0073
Finetune epoch 10/30 - Accuracy: 69.384307%, Loss: 0.0073
Finetune epoch 11/30 - Accuracy: 69.553279%, Loss: 0.0071
Finetune epoch 12/30 - Accuracy: 70.746647%, Loss: 0.0070
Finetune epoch 13/30 - Accuracy: 70.989545%, Loss: 0.0070
Finetune epoch 14/30 - Accuracy: 71.422537%, Loss: 0.0068
Finetune epoch 15/30 - Accuracy: 71.485901%, Loss: 0.0068
Finetune epoch 16/30 - Accuracy: 72.288520%, Loss: 0.0067
Finetune epoch 17/30 - Accuracy: 72.552540%, Loss: 0.0066
Finetune epoch 18/30 - Accuracy: 72.763755%, Loss: 0.0065
Finetune epoch 19/30 - Accuracy: 73.112261%, Loss: 0.0065
Finetune epoch 20/30 - Accuracy: 73.207308%, Loss: 0.0063
Finetune epoch 21/30 - Accuracy: 74.295068%, Loss: 0.0062
Finetune epoch 22/30 - Accuracy: 74.231703%, Loss: 0.0062
Finetune epoch 23/30 - Accuracy: 74.833668%, Loss: 0.0061
Finetune epoch 24/30 - Accuracy: 74.675256%, Loss: 0.0061
Finetune epoch 25/30 - Accuracy: 75.319464%, Loss: 0.0060
Finetune epoch 26/30 - Accuracy: 75.224417%, Loss: 0.0059
Finetune epoch 27/30 - Accuracy: 75.382828%, Loss: 0.0059
Finetune epoch 28/30 - Accuracy: 76.100961%, Loss: 0.0058
Finetune epoch 29/30 - Accuracy: 76.079839%, Loss: 0.0057
Finetune epoch 30/30 - Accuracy: 76.702925%, Loss: 0.0056
[Eval Epoch] CPU ΔMem/sample: 0.0000 MB | GPU Peak: 751.196160 MB | Time: 10.494777s
Evaluation - Accuracy: 61.757962%, Loss: 0.0097
Checkpoint saved: ./pruning_checkpoints/RegNetX_datasetimagenet_pretrain10_finetune30_steps21_batch128_devicecuda_strategy_magnitude/checkpoint_Finetuned_0.985588.pth
[Eval Epoch] CPU ΔMem/sample: 0.0000 MB | GPU Peak: 748.832256 MB | Time: 9.893980s
Evaluation - Accuracy: 10.929936%, Loss: 0.0489
Checkpoint saved: ./pruning_checkpoints/RegNetX_datasetimagenet_pretrain10_finetune30_steps21_batch128_devicecuda_strategy_magnitude/checkpoint_Trained_0.985588.pth
Checkpoint saved: ./pruning_checkpoints/RegNetX_datasetimagenet_pretrain10_finetune30_steps21_batch128_devicecuda_strategy_magnitude/checkpoint_Pruned_0.985588.pth
Pruner state updated and saved.
[Eval Epoch] CPU ΔMem/sample: 0.0000 MB | GPU Peak: 749.151744 MB | Time: 10.148005s
Evaluation - Accuracy: 15.312102%, Loss: 0.0324
Checkpoint saved: ./pruning_checkpoints/RegNetX_datasetimagenet_pretrain10_finetune30_steps21_batch128_devicecuda_strategy_magnitude/checkpoint_Original_0.988471.pth
Finetune epoch 1/30 - Accuracy: 49.846869%, Loss: 0.0119
Finetune epoch 2/30 - Accuracy: 56.267821%, Loss: 0.0104
Finetune epoch 3/30 - Accuracy: 58.527828%, Loss: 0.0098
Finetune epoch 4/30 - Accuracy: 60.069701%, Loss: 0.0094
Finetune epoch 5/30 - Accuracy: 61.009610%, Loss: 0.0092
Finetune epoch 6/30 - Accuracy: 63.058401%, Loss: 0.0089
Finetune epoch 7/30 - Accuracy: 63.132327%, Loss: 0.0088
Finetune epoch 8/30 - Accuracy: 63.913824%, Loss: 0.0086
Finetune epoch 9/30 - Accuracy: 64.241208%, Loss: 0.0085
Finetune epoch 10/30 - Accuracy: 65.138874%, Loss: 0.0083
Finetune epoch 11/30 - Accuracy: 65.212800%, Loss: 0.0082
Finetune epoch 12/30 - Accuracy: 66.511775%, Loss: 0.0081
Finetune epoch 13/30 - Accuracy: 66.965889%, Loss: 0.0080
Finetune epoch 14/30 - Accuracy: 66.818038%, Loss: 0.0079
Finetune epoch 15/30 - Accuracy: 67.599535%, Loss: 0.0078
Finetune epoch 16/30 - Accuracy: 68.539445%, Loss: 0.0077
Finetune epoch 17/30 - Accuracy: 67.726265%, Loss: 0.0077
Finetune epoch 18/30 - Accuracy: 68.117013%, Loss: 0.0076
Finetune epoch 19/30 - Accuracy: 68.518323%, Loss: 0.0075
Finetune epoch 20/30 - Accuracy: 69.320942%, Loss: 0.0074
Finetune epoch 21/30 - Accuracy: 69.056923%, Loss: 0.0074
Finetune epoch 22/30 - Accuracy: 69.278699%, Loss: 0.0073
Finetune epoch 23/30 - Accuracy: 70.134122%, Loss: 0.0073
Finetune epoch 24/30 - Accuracy: 70.609357%, Loss: 0.0072
Finetune epoch 25/30 - Accuracy: 70.250290%, Loss: 0.0071
Finetune epoch 26/30 - Accuracy: 70.514310%, Loss: 0.0070
Finetune epoch 27/30 - Accuracy: 70.936741%, Loss: 0.0070
Finetune epoch 28/30 - Accuracy: 71.052909%, Loss: 0.0070
Finetune epoch 29/30 - Accuracy: 71.475341%, Loss: 0.0069
Finetune epoch 30/30 - Accuracy: 71.834407%, Loss: 0.0068
[Eval Epoch] CPU ΔMem/sample: 0.0000 MB | GPU Peak: 748.401152 MB | Time: 10.654802s
Evaluation - Accuracy: 62.267516%, Loss: 0.0092
Checkpoint saved: ./pruning_checkpoints/RegNetX_datasetimagenet_pretrain10_finetune30_steps21_batch128_devicecuda_strategy_magnitude/checkpoint_Finetuned_0.988471.pth
[Eval Epoch] CPU ΔMem/sample: 0.0000 MB | GPU Peak: 748.401152 MB | Time: 9.962684s
Evaluation - Accuracy: 21.426752%, Loss: 0.0332
Checkpoint saved: ./pruning_checkpoints/RegNetX_datasetimagenet_pretrain10_finetune30_steps21_batch128_devicecuda_strategy_magnitude/checkpoint_Trained_0.988471.pth
Checkpoint saved: ./pruning_checkpoints/RegNetX_datasetimagenet_pretrain10_finetune30_steps21_batch128_devicecuda_strategy_magnitude/checkpoint_Pruned_0.988471.pth
Pruner state updated and saved.
[Eval Epoch] CPU ΔMem/sample: 0.0000 MB | GPU Peak: 748.401152 MB | Time: 9.921348s
Evaluation - Accuracy: 16.254777%, Loss: 0.0304
Checkpoint saved: ./pruning_checkpoints/RegNetX_datasetimagenet_pretrain10_finetune30_steps21_batch128_devicecuda_strategy_magnitude/checkpoint_Original_0.990777.pth
Finetune epoch 1/30 - Accuracy: 45.010033%, Loss: 0.0127
Finetune epoch 2/30 - Accuracy: 52.930616%, Loss: 0.0111
Finetune epoch 3/30 - Accuracy: 55.085014%, Loss: 0.0106
Finetune epoch 4/30 - Accuracy: 56.721935%, Loss: 0.0103
Finetune epoch 5/30 - Accuracy: 57.482311%, Loss: 0.0101
Finetune epoch 6/30 - Accuracy: 58.369416%, Loss: 0.0099
Finetune epoch 7/30 - Accuracy: 59.256521%, Loss: 0.0098
Finetune epoch 8/30 - Accuracy: 59.773999%, Loss: 0.0096
Finetune epoch 9/30 - Accuracy: 60.217552%, Loss: 0.0095
Finetune epoch 10/30 - Accuracy: 61.199704%, Loss: 0.0093
Finetune epoch 11/30 - Accuracy: 61.717182%, Loss: 0.0093
Finetune epoch 12/30 - Accuracy: 61.917837%, Loss: 0.0092
Finetune epoch 13/30 - Accuracy: 61.833351%, Loss: 0.0091
Finetune epoch 14/30 - Accuracy: 62.878868%, Loss: 0.0090
Finetune epoch 15/30 - Accuracy: 62.995036%, Loss: 0.0090
Finetune epoch 16/30 - Accuracy: 63.554758%, Loss: 0.0089
Finetune epoch 17/30 - Accuracy: 63.839899%, Loss: 0.0088
Finetune epoch 18/30 - Accuracy: 63.692048%, Loss: 0.0088
Finetune epoch 19/30 - Accuracy: 64.410181%, Loss: 0.0086
Finetune epoch 20/30 - Accuracy: 64.378498%, Loss: 0.0086
Finetune epoch 21/30 - Accuracy: 64.748125%, Loss: 0.0085
Finetune epoch 22/30 - Accuracy: 65.255043%, Loss: 0.0084
Finetune epoch 23/30 - Accuracy: 65.181117%, Loss: 0.0084
Finetune epoch 24/30 - Accuracy: 65.656352%, Loss: 0.0083
Finetune epoch 25/30 - Accuracy: 66.152709%, Loss: 0.0082
Finetune epoch 26/30 - Accuracy: 66.142148%, Loss: 0.0082
Finetune epoch 27/30 - Accuracy: 66.311120%, Loss: 0.0081
Finetune epoch 28/30 - Accuracy: 66.765234%, Loss: 0.0081
Finetune epoch 29/30 - Accuracy: 67.324955%, Loss: 0.0080
Finetune epoch 30/30 - Accuracy: 67.134861%, Loss: 0.0080
[Eval Epoch] CPU ΔMem/sample: 0.0000 MB | GPU Peak: 748.401152 MB | Time: 10.466905s
Evaluation - Accuracy: 59.949045%, Loss: 0.0096
Checkpoint saved: ./pruning_checkpoints/RegNetX_datasetimagenet_pretrain10_finetune30_steps21_batch128_devicecuda_strategy_magnitude/checkpoint_Finetuned_0.990777.pth
[Eval Epoch] CPU ΔMem/sample: 0.0000 MB | GPU Peak: 748.443648 MB | Time: 9.451487s
Evaluation - Accuracy: 17.044586%, Loss: 0.0300
Checkpoint saved: ./pruning_checkpoints/RegNetX_datasetimagenet_pretrain10_finetune30_steps21_batch128_devicecuda_strategy_magnitude/checkpoint_Trained_0.990777.pth
Checkpoint saved: ./pruning_checkpoints/RegNetX_datasetimagenet_pretrain10_finetune30_steps21_batch128_devicecuda_strategy_magnitude/checkpoint_Pruned_0.990777.pth
Pruner state updated and saved.
[Eval Epoch] CPU ΔMem/sample: 0.0000 MB | GPU Peak: 748.124160 MB | Time: 10.013579s
Evaluation - Accuracy: 14.700637%, Loss: 0.0304
Checkpoint saved: ./pruning_checkpoints/RegNetX_datasetimagenet_pretrain10_finetune30_steps21_batch128_devicecuda_strategy_magnitude/checkpoint_Finetuned_0.990776.pth
