======================================================================
Starting Comparison Post-Processing Pipeline
Model: RegNetX_400MF | Dataset: Cifar10 | Device: cuda
Epochs Config: pre=300, post=100
Output File: cka_results_RegNetX_400MF_Cifar10_pre300_post100.csv
CUDA device: NVIDIA GeForce RTX 2080 Ti
======================================================================
[INFO] Searching for model checkpoints...
[INFO] Found 1 'before' checkpoints.
[INFO] Found 1 collapsed checkpoints.
[INFO] Found 1 'after' checkpoints.

======================================================================
Processing checkpoint 1/1
Path: ../Tranfer/RegNetX_400MF_Cifar10_checkpoint_Finetuned_0.945024.pth_epochs100_pretrain300/checkpoints/final_JF_Control.pt
======================================================================
[INFO] Parsing experiment directory...
[INFO] Initializing baseline model...
[INFO] Initializing architecture: model=RegNetX_400MF, dataset=Cifar10
Loading CIFAR-10 data for RegNetX_400MF...
CIFAR-10 data shape:  torch.Size([512, 3, 32, 32])
[INFO] Loading weights: ../Tranfer/RegNetX_400MF_Cifar10_checkpoint_Finetuned_0.945024.pth_epochs100_pretrain300/checkpoints/final_JF_Control.pt
[INFO] Checkpoint extracted. Candidate state dict keys: 428
[INFO] Weights loaded in 0.57s

[INFO] Loading original post-finetuning model...
[INFO] Searching for checkpoint matching: ../Tranfer/RegNetX_400MF_Cifar10_checkpoint_Finetuned_0.945024.pth_epochs100_pretrain300
[INFO] Found matching checkpoint: ../Tranfer/RegNetX_400MF_Cifar10_checkpoint_Finetuned_0.945024.pth_epochs100_pretrain300/checkpoints/final_JF_Control_Continuted.pt
[INFO] Initializing architecture: model=RegNetX_400MF, dataset=Cifar10
Loading CIFAR-10 data for RegNetX_400MF...
CIFAR-10 data shape:  torch.Size([512, 3, 32, 32])
[INFO] Loading weights: ../Tranfer/RegNetX_400MF_Cifar10_checkpoint_Finetuned_0.945024.pth_epochs100_pretrain300/checkpoints/final_JF_Control_Continuted.pt
[INFO] Checkpoint extracted. Candidate state dict keys: 428
[INFO] Weights loaded in 0.10s

[INFO] Preparing and executing structural collapse...
[INFO] Initializing architecture: model=RegNetX_400MF, dataset=Cifar10
Loading CIFAR-10 data for RegNetX_400MF...
CIFAR-10 data shape:  torch.Size([512, 3, 32, 32])
[INFO] Loading discovered regions: ../Tranfer/RegNetX_400MF_Cifar10_epochs100_pretrain300_JF_discovered_regions.json

[STEP] ===== Starting collapse_only process =====
[DEBUG] Device=cuda, dry_run=False, handle_skips=True, safe_param_reduction=True
[STEP] Using provided in-memory model instance (RegNetX_400MF)
[STEP] Creating deepcopy of model for safe modification...
[STEP] Parsing compression set...
[INFO] Model parameter count before collapsing: 4,776,362
[STEP] Beginning block-wise collapsing...

[INFO] Processing collapse task 'Region_0': stage3.stage3_block2.block.conv2 → stage3.stage3_block2.block.conv3
[STEP] Calling _collapse_block('stage3.stage3_block2.block.conv2', 'stage3.stage3_block2.block.conv3')

[INFO] ==================== Collapsing Block ====================
[INFO] Start Target : stage3.stage3_block2.block.conv2
[INFO] End Target   : stage3.stage3_block2.block.conv3

[STEP 1] Locating block boundaries and Lowest Common Ancestor (LCA)...
[DEBUG] [LCA] Locating block boundaries: 'stage3.stage3_block2.block.conv2' -> 'stage3.stage3_block2.block.conv3'
[DEBUG] [LCA] Resolved Container: 'stage3.stage3_block2.block' | Type: Sequential

[STEP 2] Simulating Forward Pass & Capturing LCA Activations...
[DEBUG] Capturing I/O hooks for 'stage3.stage3_block2.block.conv2' -> 'stage3.stage3_block2.block.conv3'...

[STEP 3] Probing graph for downstream classifier after 'stage3.stage3_block2.block.conv3'...

[STEP 4] Analyzing topological characteristics for replacement...

[STEP 5] Synthesizing surrogate block and fusing into computational graph...

[STEP] ===== Starting _validate_downstream for 'stage3.stage3_block2.block' =====
[DEBUG] start_idx=3, device=cuda, has_next_linear=True
[STEP] Searching for inserted collapsed module within 'stage3.stage3_block2.block'...
[DEBUG] Found inserted block candidate at index 3: 'conv2'
[STEP] Validating inserted module 'Sequential' at index 3...
[DEBUG] Inserted module forward successful, output shape: (2, 160, 2, 2)
[STEP] Scanning immediate downstream modules for shape or runtime errors...
[RESULT] ✅ Downstream validation for 'stage3.stage3_block2.block' completed successfully.

[INFO] ✅ Framework successfully merged 'stage3.stage3_block2.block.conv2' → 'stage3.stage3_block2.block.conv3'
[INFO] ✅ Successfully collapsed block 'Region_0' (stage3.stage3_block2.block.conv2 → stage3.stage3_block2.block.conv3) in 0.25s
[STEP] Patching skip connections (if any)...
[STEP] Disabling in-place ReLUs for autograd safety...
[INFO] Replaced 66 in-place ReLU(s) with out-of-place variants.

[INFO] Processing collapse task 'Region_1': stage3.stage3_block3.block.conv2 → stage3.stage3_block3.block.conv3
[STEP] Calling _collapse_block('stage3.stage3_block3.block.conv2', 'stage3.stage3_block3.block.conv3')

[INFO] ==================== Collapsing Block ====================
[INFO] Start Target : stage3.stage3_block3.block.conv2
[INFO] End Target   : stage3.stage3_block3.block.conv3

[STEP 1] Locating block boundaries and Lowest Common Ancestor (LCA)...
[DEBUG] [LCA] Locating block boundaries: 'stage3.stage3_block3.block.conv2' -> 'stage3.stage3_block3.block.conv3'
[DEBUG] [LCA] Resolved Container: 'stage3.stage3_block3.block' | Type: Sequential

[STEP 2] Simulating Forward Pass & Capturing LCA Activations...
[DEBUG] Capturing I/O hooks for 'stage3.stage3_block3.block.conv2' -> 'stage3.stage3_block3.block.conv3'...

[STEP 3] Probing graph for downstream classifier after 'stage3.stage3_block3.block.conv3'...

[STEP 4] Analyzing topological characteristics for replacement...

[STEP 5] Synthesizing surrogate block and fusing into computational graph...

[STEP] ===== Starting _validate_downstream for 'stage3.stage3_block3.block' =====
[DEBUG] start_idx=3, device=cuda, has_next_linear=True
[STEP] Searching for inserted collapsed module within 'stage3.stage3_block3.block'...
[DEBUG] Found inserted block candidate at index 3: 'conv2'
[STEP] Validating inserted module 'Sequential' at index 3...
[DEBUG] Inserted module forward successful, output shape: (2, 160, 2, 2)
[STEP] Scanning immediate downstream modules for shape or runtime errors...
[RESULT] ✅ Downstream validation for 'stage3.stage3_block3.block' completed successfully.

[INFO] ✅ Framework successfully merged 'stage3.stage3_block3.block.conv2' → 'stage3.stage3_block3.block.conv3'
[INFO] ✅ Successfully collapsed block 'Region_1' (stage3.stage3_block3.block.conv2 → stage3.stage3_block3.block.conv3) in 0.03s
[STEP] Patching skip connections (if any)...
[STEP] Disabling in-place ReLUs for autograd safety...

[INFO] Processing collapse task 'Region_2': stage3.stage3_block4.block.conv2 → stage3.stage3_block4.block.conv3
[STEP] Calling _collapse_block('stage3.stage3_block4.block.conv2', 'stage3.stage3_block4.block.conv3')

[INFO] ==================== Collapsing Block ====================
[INFO] Start Target : stage3.stage3_block4.block.conv2
[INFO] End Target   : stage3.stage3_block4.block.conv3

[STEP 1] Locating block boundaries and Lowest Common Ancestor (LCA)...
[DEBUG] [LCA] Locating block boundaries: 'stage3.stage3_block4.block.conv2' -> 'stage3.stage3_block4.block.conv3'
[DEBUG] [LCA] Resolved Container: 'stage3.stage3_block4.block' | Type: Sequential

[STEP 2] Simulating Forward Pass & Capturing LCA Activations...
[DEBUG] Capturing I/O hooks for 'stage3.stage3_block4.block.conv2' -> 'stage3.stage3_block4.block.conv3'...

[STEP 3] Probing graph for downstream classifier after 'stage3.stage3_block4.block.conv3'...

[STEP 4] Analyzing topological characteristics for replacement...

[STEP 5] Synthesizing surrogate block and fusing into computational graph...

[STEP] ===== Starting _validate_downstream for 'stage3.stage3_block4.block' =====
[DEBUG] start_idx=3, device=cuda, has_next_linear=True
[STEP] Searching for inserted collapsed module within 'stage3.stage3_block4.block'...
[DEBUG] Found inserted block candidate at index 3: 'conv2'
[STEP] Validating inserted module 'Sequential' at index 3...
[DEBUG] Inserted module forward successful, output shape: (2, 160, 2, 2)
[STEP] Scanning immediate downstream modules for shape or runtime errors...
[RESULT] ✅ Downstream validation for 'stage3.stage3_block4.block' completed successfully.

[INFO] ✅ Framework successfully merged 'stage3.stage3_block4.block.conv2' → 'stage3.stage3_block4.block.conv3'
[INFO] ✅ Successfully collapsed block 'Region_2' (stage3.stage3_block4.block.conv2 → stage3.stage3_block4.block.conv3) in 0.04s
[STEP] Patching skip connections (if any)...
[STEP] Disabling in-place ReLUs for autograd safety...

[INFO] Processing collapse task 'Region_3': stage3.stage3_block5.block.conv2 → stage3.stage3_block5.block.conv3
[STEP] Calling _collapse_block('stage3.stage3_block5.block.conv2', 'stage3.stage3_block5.block.conv3')

[INFO] ==================== Collapsing Block ====================
[INFO] Start Target : stage3.stage3_block5.block.conv2
[INFO] End Target   : stage3.stage3_block5.block.conv3

[STEP 1] Locating block boundaries and Lowest Common Ancestor (LCA)...
[DEBUG] [LCA] Locating block boundaries: 'stage3.stage3_block5.block.conv2' -> 'stage3.stage3_block5.block.conv3'
[DEBUG] [LCA] Resolved Container: 'stage3.stage3_block5.block' | Type: Sequential

[STEP 2] Simulating Forward Pass & Capturing LCA Activations...
[DEBUG] Capturing I/O hooks for 'stage3.stage3_block5.block.conv2' -> 'stage3.stage3_block5.block.conv3'...

[STEP 3] Probing graph for downstream classifier after 'stage3.stage3_block5.block.conv3'...

[STEP 4] Analyzing topological characteristics for replacement...

[STEP 5] Synthesizing surrogate block and fusing into computational graph...

[STEP] ===== Starting _validate_downstream for 'stage3.stage3_block5.block' =====
[DEBUG] start_idx=3, device=cuda, has_next_linear=True
[STEP] Searching for inserted collapsed module within 'stage3.stage3_block5.block'...
[DEBUG] Found inserted block candidate at index 3: 'conv2'
[STEP] Validating inserted module 'Sequential' at index 3...
[DEBUG] Inserted module forward successful, output shape: (2, 160, 2, 2)
[STEP] Scanning immediate downstream modules for shape or runtime errors...
[RESULT] ✅ Downstream validation for 'stage3.stage3_block5.block' completed successfully.

[INFO] ✅ Framework successfully merged 'stage3.stage3_block5.block.conv2' → 'stage3.stage3_block5.block.conv3'
[INFO] ✅ Successfully collapsed block 'Region_3' (stage3.stage3_block5.block.conv2 → stage3.stage3_block5.block.conv3) in 0.04s
[STEP] Patching skip connections (if any)...
[STEP] Disabling in-place ReLUs for autograd safety...

[INFO] Processing collapse task 'Region_4': stage3.stage3_block6.block.conv2 → stage3.stage3_block6.block.conv3
[STEP] Calling _collapse_block('stage3.stage3_block6.block.conv2', 'stage3.stage3_block6.block.conv3')

[INFO] ==================== Collapsing Block ====================
[INFO] Start Target : stage3.stage3_block6.block.conv2
[INFO] End Target   : stage3.stage3_block6.block.conv3

[STEP 1] Locating block boundaries and Lowest Common Ancestor (LCA)...
[DEBUG] [LCA] Locating block boundaries: 'stage3.stage3_block6.block.conv2' -> 'stage3.stage3_block6.block.conv3'
[DEBUG] [LCA] Resolved Container: 'stage3.stage3_block6.block' | Type: Sequential

[STEP 2] Simulating Forward Pass & Capturing LCA Activations...
[DEBUG] Capturing I/O hooks for 'stage3.stage3_block6.block.conv2' -> 'stage3.stage3_block6.block.conv3'...

[STEP 3] Probing graph for downstream classifier after 'stage3.stage3_block6.block.conv3'...

[STEP 4] Analyzing topological characteristics for replacement...

[STEP 5] Synthesizing surrogate block and fusing into computational graph...

[STEP] ===== Starting _validate_downstream for 'stage3.stage3_block6.block' =====
[DEBUG] start_idx=3, device=cuda, has_next_linear=True
[STEP] Searching for inserted collapsed module within 'stage3.stage3_block6.block'...
[DEBUG] Found inserted block candidate at index 3: 'conv2'
[STEP] Validating inserted module 'Sequential' at index 3...
[DEBUG] Inserted module forward successful, output shape: (2, 160, 2, 2)
[STEP] Scanning immediate downstream modules for shape or runtime errors...
[RESULT] ✅ Downstream validation for 'stage3.stage3_block6.block' completed successfully.

[INFO] ✅ Framework successfully merged 'stage3.stage3_block6.block.conv2' → 'stage3.stage3_block6.block.conv3'
[INFO] ✅ Successfully collapsed block 'Region_4' (stage3.stage3_block6.block.conv2 → stage3.stage3_block6.block.conv3) in 0.04s
[STEP] Patching skip connections (if any)...
[STEP] Disabling in-place ReLUs for autograd safety...

[INFO] Processing collapse task 'Region_5': stage4.stage4_block0.block.conv2 → stage4.stage4_block0.block.conv3
[STEP] Calling _collapse_block('stage4.stage4_block0.block.conv2', 'stage4.stage4_block0.block.conv3')

[INFO] ==================== Collapsing Block ====================
[INFO] Start Target : stage4.stage4_block0.block.conv2
[INFO] End Target   : stage4.stage4_block0.block.conv3

[STEP 1] Locating block boundaries and Lowest Common Ancestor (LCA)...
[DEBUG] [LCA] Locating block boundaries: 'stage4.stage4_block0.block.conv2' -> 'stage4.stage4_block0.block.conv3'
[DEBUG] [LCA] Resolved Container: 'stage4.stage4_block0.block' | Type: Sequential

[STEP 2] Simulating Forward Pass & Capturing LCA Activations...
[DEBUG] Capturing I/O hooks for 'stage4.stage4_block0.block.conv2' -> 'stage4.stage4_block0.block.conv3'...

[STEP 3] Probing graph for downstream classifier after 'stage4.stage4_block0.block.conv3'...

[STEP 4] Analyzing topological characteristics for replacement...

[STEP 5] Synthesizing surrogate block and fusing into computational graph...

[STEP] ===== Starting _validate_downstream for 'stage4.stage4_block0.block' =====
[DEBUG] start_idx=3, device=cuda, has_next_linear=True
[STEP] Searching for inserted collapsed module within 'stage4.stage4_block0.block'...
[DEBUG] Found inserted block candidate at index 3: 'conv2'
[STEP] Validating inserted module 'Sequential' at index 3...
[DEBUG] Inserted module forward successful, output shape: (2, 384, 1, 1)
[STEP] Scanning immediate downstream modules for shape or runtime errors...
[RESULT] ✅ Downstream validation for 'stage4.stage4_block0.block' completed successfully.

[INFO] ✅ Framework successfully merged 'stage4.stage4_block0.block.conv2' → 'stage4.stage4_block0.block.conv3'
[INFO] ✅ Successfully collapsed block 'Region_5' (stage4.stage4_block0.block.conv2 → stage4.stage4_block0.block.conv3) in 0.04s
[STEP] Patching skip connections (if any)...
[STEP] Disabling in-place ReLUs for autograd safety...

[INFO] Processing collapse task 'Region_6': stage4.stage4_block1.block.conv2 → stage4.stage4_block1.block.conv3
[STEP] Calling _collapse_block('stage4.stage4_block1.block.conv2', 'stage4.stage4_block1.block.conv3')

[INFO] ==================== Collapsing Block ====================
[INFO] Start Target : stage4.stage4_block1.block.conv2
[INFO] End Target   : stage4.stage4_block1.block.conv3

[STEP 1] Locating block boundaries and Lowest Common Ancestor (LCA)...
[DEBUG] [LCA] Locating block boundaries: 'stage4.stage4_block1.block.conv2' -> 'stage4.stage4_block1.block.conv3'
[DEBUG] [LCA] Resolved Container: 'stage4.stage4_block1.block' | Type: Sequential

[STEP 2] Simulating Forward Pass & Capturing LCA Activations...
[DEBUG] Capturing I/O hooks for 'stage4.stage4_block1.block.conv2' -> 'stage4.stage4_block1.block.conv3'...

[STEP 3] Probing graph for downstream classifier after 'stage4.stage4_block1.block.conv3'...

[STEP 4] Analyzing topological characteristics for replacement...

[STEP 5] Synthesizing surrogate block and fusing into computational graph...

[STEP] ===== Starting _validate_downstream for 'stage4.stage4_block1.block' =====
[DEBUG] start_idx=3, device=cuda, has_next_linear=True
[STEP] Searching for inserted collapsed module within 'stage4.stage4_block1.block'...
[DEBUG] Found inserted block candidate at index 3: 'conv2'
[STEP] Validating inserted module 'Sequential' at index 3...
[DEBUG] Inserted module forward successful, output shape: (2, 384, 1, 1)
[STEP] Scanning immediate downstream modules for shape or runtime errors...
[RESULT] ✅ Downstream validation for 'stage4.stage4_block1.block' completed successfully.

[INFO] ✅ Framework successfully merged 'stage4.stage4_block1.block.conv2' → 'stage4.stage4_block1.block.conv3'
[INFO] ✅ Successfully collapsed block 'Region_6' (stage4.stage4_block1.block.conv2 → stage4.stage4_block1.block.conv3) in 0.04s
[STEP] Patching skip connections (if any)...
[STEP] Disabling in-place ReLUs for autograd safety...

[INFO] Processing collapse task 'Region_7': stage4.stage4_block2.block.conv2 → stage4.stage4_block2.block.conv3
[STEP] Calling _collapse_block('stage4.stage4_block2.block.conv2', 'stage4.stage4_block2.block.conv3')

[INFO] ==================== Collapsing Block ====================
[INFO] Start Target : stage4.stage4_block2.block.conv2
[INFO] End Target   : stage4.stage4_block2.block.conv3

[STEP 1] Locating block boundaries and Lowest Common Ancestor (LCA)...
[DEBUG] [LCA] Locating block boundaries: 'stage4.stage4_block2.block.conv2' -> 'stage4.stage4_block2.block.conv3'
[DEBUG] [LCA] Resolved Container: 'stage4.stage4_block2.block' | Type: Sequential

[STEP 2] Simulating Forward Pass & Capturing LCA Activations...
[DEBUG] Capturing I/O hooks for 'stage4.stage4_block2.block.conv2' -> 'stage4.stage4_block2.block.conv3'...

[STEP 3] Probing graph for downstream classifier after 'stage4.stage4_block2.block.conv3'...

[STEP 4] Analyzing topological characteristics for replacement...

[STEP 5] Synthesizing surrogate block and fusing into computational graph...

[STEP] ===== Starting _validate_downstream for 'stage4.stage4_block2.block' =====
[DEBUG] start_idx=3, device=cuda, has_next_linear=True
[STEP] Searching for inserted collapsed module within 'stage4.stage4_block2.block'...
[DEBUG] Found inserted block candidate at index 3: 'conv2'
[STEP] Validating inserted module 'Sequential' at index 3...
[DEBUG] Inserted module forward successful, output shape: (2, 384, 1, 1)
[STEP] Scanning immediate downstream modules for shape or runtime errors...
[RESULT] ✅ Downstream validation for 'stage4.stage4_block2.block' completed successfully.

[INFO] ✅ Framework successfully merged 'stage4.stage4_block2.block.conv2' → 'stage4.stage4_block2.block.conv3'
[INFO] ✅ Successfully collapsed block 'Region_7' (stage4.stage4_block2.block.conv2 → stage4.stage4_block2.block.conv3) in 0.03s
[STEP] Patching skip connections (if any)...
[STEP] Disabling in-place ReLUs for autograd safety...

[INFO] Processing collapse task 'Region_8': stage4.stage4_block3.block.conv2 → stage4.stage4_block3.block.conv3
[STEP] Calling _collapse_block('stage4.stage4_block3.block.conv2', 'stage4.stage4_block3.block.conv3')

[INFO] ==================== Collapsing Block ====================
[INFO] Start Target : stage4.stage4_block3.block.conv2
[INFO] End Target   : stage4.stage4_block3.block.conv3

[STEP 1] Locating block boundaries and Lowest Common Ancestor (LCA)...
[DEBUG] [LCA] Locating block boundaries: 'stage4.stage4_block3.block.conv2' -> 'stage4.stage4_block3.block.conv3'
[DEBUG] [LCA] Resolved Container: 'stage4.stage4_block3.block' | Type: Sequential

[STEP 2] Simulating Forward Pass & Capturing LCA Activations...
[DEBUG] Capturing I/O hooks for 'stage4.stage4_block3.block.conv2' -> 'stage4.stage4_block3.block.conv3'...

[STEP 3] Probing graph for downstream classifier after 'stage4.stage4_block3.block.conv3'...

[STEP 4] Analyzing topological characteristics for replacement...

[STEP 5] Synthesizing surrogate block and fusing into computational graph...

[STEP] ===== Starting _validate_downstream for 'stage4.stage4_block3.block' =====
[DEBUG] start_idx=3, device=cuda, has_next_linear=True
[STEP] Searching for inserted collapsed module within 'stage4.stage4_block3.block'...
[DEBUG] Found inserted block candidate at index 3: 'conv2'
[STEP] Validating inserted module 'Sequential' at index 3...
[DEBUG] Inserted module forward successful, output shape: (2, 384, 1, 1)
[STEP] Scanning immediate downstream modules for shape or runtime errors...
[RESULT] ✅ Downstream validation for 'stage4.stage4_block3.block' completed successfully.

[INFO] ✅ Framework successfully merged 'stage4.stage4_block3.block.conv2' → 'stage4.stage4_block3.block.conv3'
[INFO] ✅ Successfully collapsed block 'Region_8' (stage4.stage4_block3.block.conv2 → stage4.stage4_block3.block.conv3) in 0.04s
[STEP] Patching skip connections (if any)...
[STEP] Disabling in-place ReLUs for autograd safety...

[INFO] Processing collapse task 'Region_9': stage4.stage4_block4.block.conv2 → stage4.stage4_block4.block.conv3
[STEP] Calling _collapse_block('stage4.stage4_block4.block.conv2', 'stage4.stage4_block4.block.conv3')

[INFO] ==================== Collapsing Block ====================
[INFO] Start Target : stage4.stage4_block4.block.conv2
[INFO] End Target   : stage4.stage4_block4.block.conv3

[STEP 1] Locating block boundaries and Lowest Common Ancestor (LCA)...
[DEBUG] [LCA] Locating block boundaries: 'stage4.stage4_block4.block.conv2' -> 'stage4.stage4_block4.block.conv3'
[DEBUG] [LCA] Resolved Container: 'stage4.stage4_block4.block' | Type: Sequential

[STEP 2] Simulating Forward Pass & Capturing LCA Activations...
[DEBUG] Capturing I/O hooks for 'stage4.stage4_block4.block.conv2' -> 'stage4.stage4_block4.block.conv3'...

[STEP 3] Probing graph for downstream classifier after 'stage4.stage4_block4.block.conv3'...

[STEP 4] Analyzing topological characteristics for replacement...

[STEP 5] Synthesizing surrogate block and fusing into computational graph...

[STEP] ===== Starting _validate_downstream for 'stage4.stage4_block4.block' =====
[DEBUG] start_idx=3, device=cuda, has_next_linear=True
[STEP] Searching for inserted collapsed module within 'stage4.stage4_block4.block'...
[DEBUG] Found inserted block candidate at index 3: 'conv2'
[STEP] Validating inserted module 'Sequential' at index 3...
[DEBUG] Inserted module forward successful, output shape: (2, 384, 1, 1)
[STEP] Scanning immediate downstream modules for shape or runtime errors...
[RESULT] ✅ Downstream validation for 'stage4.stage4_block4.block' completed successfully.

[INFO] ✅ Framework successfully merged 'stage4.stage4_block4.block.conv2' → 'stage4.stage4_block4.block.conv3'
[INFO] ✅ Successfully collapsed block 'Region_9' (stage4.stage4_block4.block.conv2 → stage4.stage4_block4.block.conv3) in 0.04s
[STEP] Patching skip connections (if any)...
[STEP] Disabling in-place ReLUs for autograd safety...

[INFO] Processing collapse task 'Region_10': stage4.stage4_block5.block.conv2 → stage4.stage4_block5.block.conv3
[STEP] Calling _collapse_block('stage4.stage4_block5.block.conv2', 'stage4.stage4_block5.block.conv3')

[INFO] ==================== Collapsing Block ====================
[INFO] Start Target : stage4.stage4_block5.block.conv2
[INFO] End Target   : stage4.stage4_block5.block.conv3

[STEP 1] Locating block boundaries and Lowest Common Ancestor (LCA)...
[DEBUG] [LCA] Locating block boundaries: 'stage4.stage4_block5.block.conv2' -> 'stage4.stage4_block5.block.conv3'
[DEBUG] [LCA] Resolved Container: 'stage4.stage4_block5.block' | Type: Sequential

[STEP 2] Simulating Forward Pass & Capturing LCA Activations...
[DEBUG] Capturing I/O hooks for 'stage4.stage4_block5.block.conv2' -> 'stage4.stage4_block5.block.conv3'...

[STEP 3] Probing graph for downstream classifier after 'stage4.stage4_block5.block.conv3'...

[STEP 4] Analyzing topological characteristics for replacement...

[STEP 5] Synthesizing surrogate block and fusing into computational graph...

[STEP] ===== Starting _validate_downstream for 'stage4.stage4_block5.block' =====
[DEBUG] start_idx=3, device=cuda, has_next_linear=True
[STEP] Searching for inserted collapsed module within 'stage4.stage4_block5.block'...
[DEBUG] Found inserted block candidate at index 3: 'conv2'
[STEP] Validating inserted module 'Sequential' at index 3...
[DEBUG] Inserted module forward successful, output shape: (2, 384, 1, 1)
[STEP] Scanning immediate downstream modules for shape or runtime errors...
[RESULT] ✅ Downstream validation for 'stage4.stage4_block5.block' completed successfully.

[INFO] ✅ Framework successfully merged 'stage4.stage4_block5.block.conv2' → 'stage4.stage4_block5.block.conv3'
[INFO] ✅ Successfully collapsed block 'Region_10' (stage4.stage4_block5.block.conv2 → stage4.stage4_block5.block.conv3) in 0.04s
[STEP] Patching skip connections (if any)...
[STEP] Disabling in-place ReLUs for autograd safety...

[INFO] Processing collapse task 'Region_11': stage4.stage4_block6.block.conv2 → stage4.stage4_block6.block.conv3
[STEP] Calling _collapse_block('stage4.stage4_block6.block.conv2', 'stage4.stage4_block6.block.conv3')

[INFO] ==================== Collapsing Block ====================
[INFO] Start Target : stage4.stage4_block6.block.conv2
[INFO] End Target   : stage4.stage4_block6.block.conv3

[STEP 1] Locating block boundaries and Lowest Common Ancestor (LCA)...
[DEBUG] [LCA] Locating block boundaries: 'stage4.stage4_block6.block.conv2' -> 'stage4.stage4_block6.block.conv3'
[DEBUG] [LCA] Resolved Container: 'stage4.stage4_block6.block' | Type: Sequential

[STEP 2] Simulating Forward Pass & Capturing LCA Activations...
[DEBUG] Capturing I/O hooks for 'stage4.stage4_block6.block.conv2' -> 'stage4.stage4_block6.block.conv3'...

[STEP 3] Probing graph for downstream classifier after 'stage4.stage4_block6.block.conv3'...

[STEP 4] Analyzing topological characteristics for replacement...

[STEP 5] Synthesizing surrogate block and fusing into computational graph...

[STEP] ===== Starting _validate_downstream for 'stage4.stage4_block6.block' =====
[DEBUG] start_idx=3, device=cuda, has_next_linear=True
[STEP] Searching for inserted collapsed module within 'stage4.stage4_block6.block'...
[DEBUG] Found inserted block candidate at index 3: 'conv2'
[STEP] Validating inserted module 'Sequential' at index 3...
[DEBUG] Inserted module forward successful, output shape: (2, 384, 1, 1)
[STEP] Scanning immediate downstream modules for shape or runtime errors...
[RESULT] ✅ Downstream validation for 'stage4.stage4_block6.block' completed successfully.

[INFO] ✅ Framework successfully merged 'stage4.stage4_block6.block.conv2' → 'stage4.stage4_block6.block.conv3'
[INFO] ✅ Successfully collapsed block 'Region_11' (stage4.stage4_block6.block.conv2 → stage4.stage4_block6.block.conv3) in 0.04s
[STEP] Patching skip connections (if any)...
[STEP] Disabling in-place ReLUs for autograd safety...

[INFO] Processing collapse task 'Region_12': stage4.stage4_block7.block.conv2 → stage4.stage4_block7.block.conv3
[STEP] Calling _collapse_block('stage4.stage4_block7.block.conv2', 'stage4.stage4_block7.block.conv3')

[INFO] ==================== Collapsing Block ====================
[INFO] Start Target : stage4.stage4_block7.block.conv2
[INFO] End Target   : stage4.stage4_block7.block.conv3

[STEP 1] Locating block boundaries and Lowest Common Ancestor (LCA)...
[DEBUG] [LCA] Locating block boundaries: 'stage4.stage4_block7.block.conv2' -> 'stage4.stage4_block7.block.conv3'
[DEBUG] [LCA] Resolved Container: 'stage4.stage4_block7.block' | Type: Sequential

[STEP 2] Simulating Forward Pass & Capturing LCA Activations...
[DEBUG] Capturing I/O hooks for 'stage4.stage4_block7.block.conv2' -> 'stage4.stage4_block7.block.conv3'...

[STEP 3] Probing graph for downstream classifier after 'stage4.stage4_block7.block.conv3'...

[STEP 4] Analyzing topological characteristics for replacement...

[STEP 5] Synthesizing surrogate block and fusing into computational graph...

[STEP] ===== Starting _validate_downstream for 'stage4.stage4_block7.block' =====
[DEBUG] start_idx=3, device=cuda, has_next_linear=True
[STEP] Searching for inserted collapsed module within 'stage4.stage4_block7.block'...
[DEBUG] Found inserted block candidate at index 3: 'conv2'
[STEP] Validating inserted module 'Sequential' at index 3...
[DEBUG] Inserted module forward successful, output shape: (2, 384, 1, 1)
[STEP] Scanning immediate downstream modules for shape or runtime errors...
[RESULT] ✅ Downstream validation for 'stage4.stage4_block7.block' completed successfully.

[INFO] ✅ Framework successfully merged 'stage4.stage4_block7.block.conv2' → 'stage4.stage4_block7.block.conv3'
[INFO] ✅ Successfully collapsed block 'Region_12' (stage4.stage4_block7.block.conv2 → stage4.stage4_block7.block.conv3) in 0.04s
[STEP] Patching skip connections (if any)...
[STEP] Disabling in-place ReLUs for autograd safety...

[INFO] Processing collapse task 'Region_13': stage4.stage4_block8.block.conv2 → stage4.stage4_block8.block.conv3
[STEP] Calling _collapse_block('stage4.stage4_block8.block.conv2', 'stage4.stage4_block8.block.conv3')

[INFO] ==================== Collapsing Block ====================
[INFO] Start Target : stage4.stage4_block8.block.conv2
[INFO] End Target   : stage4.stage4_block8.block.conv3

[STEP 1] Locating block boundaries and Lowest Common Ancestor (LCA)...
[DEBUG] [LCA] Locating block boundaries: 'stage4.stage4_block8.block.conv2' -> 'stage4.stage4_block8.block.conv3'
[DEBUG] [LCA] Resolved Container: 'stage4.stage4_block8.block' | Type: Sequential

[STEP 2] Simulating Forward Pass & Capturing LCA Activations...
[DEBUG] Capturing I/O hooks for 'stage4.stage4_block8.block.conv2' -> 'stage4.stage4_block8.block.conv3'...

[STEP 3] Probing graph for downstream classifier after 'stage4.stage4_block8.block.conv3'...

[STEP 4] Analyzing topological characteristics for replacement...

[STEP 5] Synthesizing surrogate block and fusing into computational graph...

[STEP] ===== Starting _validate_downstream for 'stage4.stage4_block8.block' =====
[DEBUG] start_idx=3, device=cuda, has_next_linear=True
[STEP] Searching for inserted collapsed module within 'stage4.stage4_block8.block'...
[DEBUG] Found inserted block candidate at index 3: 'conv2'
[STEP] Validating inserted module 'Sequential' at index 3...
[DEBUG] Inserted module forward successful, output shape: (2, 384, 1, 1)
[STEP] Scanning immediate downstream modules for shape or runtime errors...
[RESULT] ✅ Downstream validation for 'stage4.stage4_block8.block' completed successfully.

[INFO] ✅ Framework successfully merged 'stage4.stage4_block8.block.conv2' → 'stage4.stage4_block8.block.conv3'
[INFO] ✅ Successfully collapsed block 'Region_13' (stage4.stage4_block8.block.conv2 → stage4.stage4_block8.block.conv3) in 0.03s
[STEP] Patching skip connections (if any)...
[STEP] Disabling in-place ReLUs for autograd safety...

[INFO] Processing collapse task 'Region_14': stage4.stage4_block9.block.conv2 → stage4.stage4_block9.block.conv3
[STEP] Calling _collapse_block('stage4.stage4_block9.block.conv2', 'stage4.stage4_block9.block.conv3')

[INFO] ==================== Collapsing Block ====================
[INFO] Start Target : stage4.stage4_block9.block.conv2
[INFO] End Target   : stage4.stage4_block9.block.conv3

[STEP 1] Locating block boundaries and Lowest Common Ancestor (LCA)...
[DEBUG] [LCA] Locating block boundaries: 'stage4.stage4_block9.block.conv2' -> 'stage4.stage4_block9.block.conv3'
[DEBUG] [LCA] Resolved Container: 'stage4.stage4_block9.block' | Type: Sequential

[STEP 2] Simulating Forward Pass & Capturing LCA Activations...
[DEBUG] Capturing I/O hooks for 'stage4.stage4_block9.block.conv2' -> 'stage4.stage4_block9.block.conv3'...

[STEP 3] Probing graph for downstream classifier after 'stage4.stage4_block9.block.conv3'...

[STEP 4] Analyzing topological characteristics for replacement...

[STEP 5] Synthesizing surrogate block and fusing into computational graph...

[STEP] ===== Starting _validate_downstream for 'stage4.stage4_block9.block' =====
[DEBUG] start_idx=3, device=cuda, has_next_linear=True
[STEP] Searching for inserted collapsed module within 'stage4.stage4_block9.block'...
[DEBUG] Found inserted block candidate at index 3: 'conv2'
[STEP] Validating inserted module 'Sequential' at index 3...
[DEBUG] Inserted module forward successful, output shape: (2, 384, 1, 1)
[STEP] Scanning immediate downstream modules for shape or runtime errors...
[RESULT] ✅ Downstream validation for 'stage4.stage4_block9.block' completed successfully.

[INFO] ✅ Framework successfully merged 'stage4.stage4_block9.block.conv2' → 'stage4.stage4_block9.block.conv3'
[INFO] ✅ Successfully collapsed block 'Region_14' (stage4.stage4_block9.block.conv2 → stage4.stage4_block9.block.conv3) in 0.03s
[STEP] Patching skip connections (if any)...
[STEP] Disabling in-place ReLUs for autograd safety...

[INFO] Processing collapse task 'Region_15': stage4.stage4_block10.block.conv2 → stage4.stage4_block10.block.conv3
[STEP] Calling _collapse_block('stage4.stage4_block10.block.conv2', 'stage4.stage4_block10.block.conv3')

[INFO] ==================== Collapsing Block ====================
[INFO] Start Target : stage4.stage4_block10.block.conv2
[INFO] End Target   : stage4.stage4_block10.block.conv3

[STEP 1] Locating block boundaries and Lowest Common Ancestor (LCA)...
[DEBUG] [LCA] Locating block boundaries: 'stage4.stage4_block10.block.conv2' -> 'stage4.stage4_block10.block.conv3'
[DEBUG] [LCA] Resolved Container: 'stage4.stage4_block10.block' | Type: Sequential

[STEP 2] Simulating Forward Pass & Capturing LCA Activations...
[DEBUG] Capturing I/O hooks for 'stage4.stage4_block10.block.conv2' -> 'stage4.stage4_block10.block.conv3'...

[STEP 3] Probing graph for downstream classifier after 'stage4.stage4_block10.block.conv3'...

[STEP 4] Analyzing topological characteristics for replacement...

[STEP 5] Synthesizing surrogate block and fusing into computational graph...

[STEP] ===== Starting _validate_downstream for 'stage4.stage4_block10.block' =====
[DEBUG] start_idx=3, device=cuda, has_next_linear=True
[STEP] Searching for inserted collapsed module within 'stage4.stage4_block10.block'...
[DEBUG] Found inserted block candidate at index 3: 'conv2'
[STEP] Validating inserted module 'Sequential' at index 3...
[DEBUG] Inserted module forward successful, output shape: (2, 384, 1, 1)
[STEP] Scanning immediate downstream modules for shape or runtime errors...
[RESULT] ✅ Downstream validation for 'stage4.stage4_block10.block' completed successfully.

[INFO] ✅ Framework successfully merged 'stage4.stage4_block10.block.conv2' → 'stage4.stage4_block10.block.conv3'
[INFO] ✅ Successfully collapsed block 'Region_15' (stage4.stage4_block10.block.conv2 → stage4.stage4_block10.block.conv3) in 0.04s
[STEP] Patching skip connections (if any)...
[STEP] Disabling in-place ReLUs for autograd safety...

[INFO] Processing collapse task 'Region_16': stage4.stage4_block11.block.conv2 → stage4.stage4_block11.block.conv3
[STEP] Calling _collapse_block('stage4.stage4_block11.block.conv2', 'stage4.stage4_block11.block.conv3')

[INFO] ==================== Collapsing Block ====================
[INFO] Start Target : stage4.stage4_block11.block.conv2
[INFO] End Target   : stage4.stage4_block11.block.conv3

[STEP 1] Locating block boundaries and Lowest Common Ancestor (LCA)...
[DEBUG] [LCA] Locating block boundaries: 'stage4.stage4_block11.block.conv2' -> 'stage4.stage4_block11.block.conv3'
[DEBUG] [LCA] Resolved Container: 'stage4.stage4_block11.block' | Type: Sequential

[STEP 2] Simulating Forward Pass & Capturing LCA Activations...
[DEBUG] Capturing I/O hooks for 'stage4.stage4_block11.block.conv2' -> 'stage4.stage4_block11.block.conv3'...

[STEP 3] Probing graph for downstream classifier after 'stage4.stage4_block11.block.conv3'...

[STEP 4] Analyzing topological characteristics for replacement...

[STEP 5] Synthesizing surrogate block and fusing into computational graph...

[STEP] ===== Starting _validate_downstream for 'stage4.stage4_block11.block' =====
[DEBUG] start_idx=3, device=cuda, has_next_linear=True
[STEP] Searching for inserted collapsed module within 'stage4.stage4_block11.block'...
[DEBUG] Found inserted block candidate at index 3: 'conv2'
[STEP] Validating inserted module 'Sequential' at index 3...
[DEBUG] Inserted module forward successful, output shape: (2, 384, 1, 1)
[STEP] Scanning immediate downstream modules for shape or runtime errors...
[RESULT] ✅ Downstream validation for 'stage4.stage4_block11.block' completed successfully.

[INFO] ✅ Framework successfully merged 'stage4.stage4_block11.block.conv2' → 'stage4.stage4_block11.block.conv3'
[INFO] ✅ Successfully collapsed block 'Region_16' (stage4.stage4_block11.block.conv2 → stage4.stage4_block11.block.conv3) in 0.04s
[STEP] Patching skip connections (if any)...
[STEP] Disabling in-place ReLUs for autograd safety...

[STEP] Wrapping pooling layers safely...

[STEP] ===== Collapse summary =====
[INFO] Parameters before: 4,776,362
[INFO] Parameters after : 3,997,610
[INFO] ΔParams = +778,752 (expected ≤ 0)
[INFO] Collapse counts: success=17, failed=0, skipped=0
[INFO] Total collapse runtime: 1.12s
[RESULT] ✅ collapse_only complete. Total targets: 17 | success=17 | failed=0 | skipped=0
[INFO] Structural collapse completed in 1.12s
[INFO] Searching for checkpoint matching: ../Tranfer/RegNetX_400MF_Cifar10_checkpoint_Finetuned_0.945024.pth_epochs100_pretrain300
[INFO] Found matching checkpoint: ../Tranfer/RegNetX_400MF_Cifar10_checkpoint_Finetuned_0.945024.pth_epochs100_pretrain300/checkpoints/final_JF_Dynamic_Region_All_Combined.pt
[INFO] Loading weights: ../Tranfer/RegNetX_400MF_Cifar10_checkpoint_Finetuned_0.945024.pth_epochs100_pretrain300/checkpoints/final_JF_Dynamic_Region_All_Combined.pt
[INFO] Checkpoint extracted. Candidate state dict keys: 411
[INFO] Weights loaded in 0.10s

[INFO] Calculating dynamic sparsity to match collapse...
[INFO] Target unstructured sparsity calculated at: 16.30%
[INFO] IMP checkpoint not found. Starting on-the-fly finetuning...

[INFO] Starting Iterative Magnitude Pruning (IMP) for 100 epochs...
[INFO] Compounding prune rate: 0.24% per step over 75 steps.
[INFO] Epoch 1/100 - Train Loss: 1.0451
[INFO] Epoch 2/100 - Train Loss: 1.2178
[INFO] Epoch 3/100 - Train Loss: 0.9253
[INFO] Epoch 4/100 - Train Loss: 0.7636
[INFO] Epoch 5/100 - Train Loss: 1.1835
[INFO] Epoch 6/100 - Train Loss: 0.9641
[INFO] Epoch 7/100 - Train Loss: 0.7298
[INFO] Epoch 8/100 - Train Loss: 0.7801
[INFO] Epoch 9/100 - Train Loss: 0.6757
[INFO] Epoch 10/100 - Train Loss: 0.7674
[INFO] Epoch 11/100 - Train Loss: 0.6308
[INFO] Epoch 12/100 - Train Loss: 0.7277
[INFO] Epoch 13/100 - Train Loss: 0.6520
[INFO] Epoch 14/100 - Train Loss: 0.5735
[INFO] Epoch 15/100 - Train Loss: 0.5517
[INFO] Epoch 16/100 - Train Loss: 0.8331
[INFO] Epoch 17/100 - Train Loss: 1.1993
[INFO] Epoch 18/100 - Train Loss: 1.1682
[INFO] Epoch 19/100 - Train Loss: 0.9118
[INFO] Epoch 20/100 - Train Loss: 0.7459
[INFO] Epoch 21/100 - Train Loss: 0.6854
[INFO] Epoch 22/100 - Train Loss: 0.6839
[INFO] Epoch 23/100 - Train Loss: 0.5950
[INFO] Epoch 24/100 - Train Loss: 0.5173
[INFO] Epoch 25/100 - Train Loss: 0.4743
[INFO] Epoch 26/100 - Train Loss: 0.4504
[INFO] Epoch 27/100 - Train Loss: 0.5240
[INFO] Epoch 28/100 - Train Loss: 0.4239
[INFO] Epoch 29/100 - Train Loss: 0.7734
[INFO] Epoch 30/100 - Train Loss: 0.6656
[INFO] Epoch 31/100 - Train Loss: 0.5428
[INFO] Epoch 32/100 - Train Loss: 0.4768
[INFO] Epoch 33/100 - Train Loss: 0.4337
[INFO] Epoch 34/100 - Train Loss: 0.4060
[INFO] Epoch 35/100 - Train Loss: 0.3877
[INFO] Epoch 36/100 - Train Loss: 0.3732
[INFO] Epoch 37/100 - Train Loss: 0.3713
[INFO] Epoch 38/100 - Train Loss: 0.3458
[INFO] Epoch 39/100 - Train Loss: 0.3427
[INFO] Epoch 40/100 - Train Loss: 0.3392
[INFO] Epoch 41/100 - Train Loss: 0.3220
[INFO] Epoch 42/100 - Train Loss: 0.3159
[INFO] Epoch 43/100 - Train Loss: 0.3053
[INFO] Epoch 44/100 - Train Loss: 0.3032
[INFO] Epoch 45/100 - Train Loss: 0.3073
[INFO] Epoch 46/100 - Train Loss: 0.2967
[INFO] Epoch 47/100 - Train Loss: 0.2777
[INFO] Epoch 48/100 - Train Loss: 0.2731
[INFO] Epoch 49/100 - Train Loss: 0.2691
[INFO] Epoch 50/100 - Train Loss: 0.2586
[INFO] Epoch 51/100 - Train Loss: 0.2621
[INFO] Epoch 52/100 - Train Loss: 0.2554
[INFO] Epoch 53/100 - Train Loss: 0.2504
[INFO] Epoch 54/100 - Train Loss: 0.2442
[INFO] Epoch 55/100 - Train Loss: 0.2345
[INFO] Epoch 56/100 - Train Loss: 0.2395
[INFO] Epoch 57/100 - Train Loss: 0.2347
[INFO] Epoch 58/100 - Train Loss: 0.2314
[INFO] Epoch 59/100 - Train Loss: 0.2247
[INFO] Epoch 60/100 - Train Loss: 0.2256
[INFO] Epoch 61/100 - Train Loss: 0.2201
[INFO] Epoch 62/100 - Train Loss: 0.2152
[INFO] Epoch 63/100 - Train Loss: 0.2154
[INFO] Epoch 64/100 - Train Loss: 0.2057
[INFO] Epoch 65/100 - Train Loss: 0.2222
[INFO] Epoch 66/100 - Train Loss: 0.2071
[INFO] Epoch 67/100 - Train Loss: 0.2001
[INFO] Epoch 68/100 - Train Loss: 0.2019
[INFO] Epoch 69/100 - Train Loss: 0.2009
[INFO] Epoch 70/100 - Train Loss: 0.2006
[INFO] Epoch 71/100 - Train Loss: 0.1899
[INFO] Epoch 72/100 - Train Loss: 0.1920
[INFO] Epoch 73/100 - Train Loss: 0.1837
[INFO] Epoch 74/100 - Train Loss: 0.1839
[INFO] Epoch 75/100 - Train Loss: 0.1836
[INFO] Epoch 76/100 - Train Loss: 0.1807
[INFO] Epoch 77/100 - Train Loss: 0.1812
[INFO] Epoch 78/100 - Train Loss: 0.1753
[INFO] Epoch 79/100 - Train Loss: 0.1709
[INFO] Epoch 80/100 - Train Loss: 0.1710
[INFO] Epoch 81/100 - Train Loss: 0.1739
[INFO] Epoch 82/100 - Train Loss: 0.1675
[INFO] Epoch 83/100 - Train Loss: 0.1678
[INFO] Epoch 84/100 - Train Loss: 0.1647
[INFO] Epoch 85/100 - Train Loss: 0.1614
[INFO] Epoch 86/100 - Train Loss: 0.1622
[INFO] Epoch 87/100 - Train Loss: 0.1635
[INFO] Epoch 88/100 - Train Loss: 0.1759
[INFO] Epoch 89/100 - Train Loss: 0.1678
[INFO] Epoch 90/100 - Train Loss: 0.1617
[INFO] Epoch 91/100 - Train Loss: 0.1545
[INFO] Epoch 92/100 - Train Loss: 0.1611
[INFO] Epoch 93/100 - Train Loss: 0.1579
[INFO] Epoch 94/100 - Train Loss: 0.1514
[INFO] Epoch 95/100 - Train Loss: 0.1540
[INFO] Epoch 96/100 - Train Loss: 0.1533
[INFO] Epoch 97/100 - Train Loss: 0.1579
[INFO] Epoch 98/100 - Train Loss: 0.1502
[INFO] Epoch 99/100 - Train Loss: 0.1485
[INFO] Epoch 100/100 - Train Loss: 0.1490
[INFO] IMP training energy: 240.25W avg, 714320.03J total (2973.25s)
[INFO] IMP model checkpoint saved to ../Tranfer/RegNetX_400MF_Cifar10_checkpoint_Finetuned_0.945024.pth_epochs100_pretrain300/checkpoints/final_JF_Unstructured_IMP_post100.pt


[INFO] Evaluating model accuracy, power draw, and energy consumption...
[INFO] Starting accuracy and energy evaluation...
[INFO] Evaluation complete: acc=0.7411, power=258.29W, energy=764.63J, time=2.96s
[INFO] Starting accuracy and energy evaluation...
[INFO] Evaluation complete: acc=0.7102, power=228.35W, energy=663.78J, time=2.91s
[INFO] Starting accuracy and energy evaluation...
[INFO] Evaluation complete: acc=0.7868, power=224.60W, energy=571.93J, time=2.55s
[RESULT] Accuracy Original:     0.7411 | Power: 258.29W | Energy: 764.63J
[RESULT] Accuracy Unstructured: 0.7102 | Power: 228.35W | Energy: 663.78J
[RESULT] Accuracy Collapsed:    0.7868 | Power: 224.60W | Energy: 571.93J

[INFO] Extracting features and computing CKA...
[INFO] Extracting features from 10 batches...
[INFO] Feature extraction target layer: AdaptiveAvgPool2d
[INFO] Feature extraction batch 1/10
[INFO] Feature extraction batch 2/10
[INFO] Feature extraction batch 3/10
[INFO] Feature extraction batch 4/10
[INFO] Feature extraction batch 5/10
[INFO] Feature extraction batch 6/10
[INFO] Feature extraction batch 7/10
[INFO] Feature extraction batch 8/10
[INFO] Feature extraction batch 9/10
[INFO] Feature extraction batch 10/10
[INFO] Feature extraction complete: shape=(5120, 384), time=1.38s
[INFO] Extracting features from 10 batches...
[INFO] Feature extraction target layer: AdaptiveAvgPool2d
[INFO] Feature extraction batch 1/10
[INFO] Feature extraction batch 2/10
[INFO] Feature extraction batch 3/10
[INFO] Feature extraction batch 4/10
[INFO] Feature extraction batch 5/10
[INFO] Feature extraction batch 6/10
[INFO] Feature extraction batch 7/10
[INFO] Feature extraction batch 8/10
[INFO] Feature extraction batch 9/10
[INFO] Feature extraction batch 10/10
[INFO] Feature extraction complete: shape=(5120, 384), time=1.39s
[INFO] Extracting features from 10 batches...
[INFO] Feature extraction target layer: AdaptiveAvgPool2d
[INFO] Feature extraction batch 1/10
[INFO] Feature extraction batch 2/10
[INFO] Feature extraction batch 3/10
[INFO] Feature extraction batch 4/10
[INFO] Feature extraction batch 5/10
[INFO] Feature extraction batch 6/10
[INFO] Feature extraction batch 7/10
[INFO] Feature extraction batch 8/10
[INFO] Feature extraction batch 9/10
[INFO] Feature extraction batch 10/10
[INFO] Feature extraction complete: shape=(5120, 384), time=1.35s
[INFO] Computing CKA: features_x=(5120, 384), features_y=(5120, 384)
[INFO] CKA complete: score=0.000586, time=0.06s
[INFO] Computing CKA: features_x=(5120, 384), features_y=(5120, 384)
[INFO] CKA complete: score=0.000761, time=0.00s
[RESULT] CKA Unstructured: 0.000586
[RESULT] CKA Collapsed:    0.000761

[INFO] Extracting first batch for adversarial evaluation...
[INFO] Running FGSM attack (epsilon=0.03)...
       -> original Accuracy: 0.3535
       -> unstructured Accuracy: 0.3242
       -> collapsed Accuracy: 0.3477
[INFO] Running PGD attack (epsilon=0.03)...
       -> original Accuracy: 0.1797
       -> unstructured Accuracy: 0.2305
       -> collapsed Accuracy: 0.1758
[INFO] Checkpoint completed in 2996.76s

======================================================================
[INFO] Saving final results...
[INFO] Results successfully saved to 'cka_results_RegNetX_400MF_Cifar10_pre300_post100.csv'
[INFO] Total successful experiments: 1
[INFO] Total runtime: 2996.89s

======================================================================
FINAL RESULTS
======================================================================
           model  dataset  pre_epochs  post_epochs                                                                                                              model_before  intermediate_epoch  acc_original_after  acc_unstructured  acc_collapsed  power_watts_original  energy_joules_original  power_watts_unstructured  energy_joules_unstructured  power_watts_collapsed  energy_joules_collapsed  cka_unstructured  cka_collapsed  adv_acc_FGSM_original  adv_acc_FGSM_unstructured  adv_acc_FGSM_collapsed  adv_acc_PGD_original  adv_acc_PGD_unstructured  adv_acc_PGD_collapsed
0  RegNetX_400MF  Cifar10         300          100  ../Tranfer/RegNetX_400MF_Cifar10_checkpoint_Finetuned_0.945024.pth_epochs100_pretrain300/checkpoints/final_JF_Control.pt                   0              0.7411            0.7102         0.7868                258.29                  764.63                    228.35                      663.78                  224.6                   571.93          0.000586       0.000761               0.353516                   0.324219                0.347656              0.179688                  0.230469               0.175781
