======================================================================
Starting Comparison Post-Processing Pipeline
Model: MobileNet | Dataset: Cifar100 | Device: cuda
Epochs Config: pre=300, post=100
Output File: cka_results_MobileNet_Cifar100_pre300_post100.csv
CUDA device: NVIDIA GeForce RTX 2080 Ti
======================================================================
[INFO] Searching for model checkpoints...
[INFO] Found 1 'before' checkpoints.
[INFO] Found 0 collapsed checkpoints.
[INFO] Found 1 'after' checkpoints.

======================================================================
Processing checkpoint 1/1
Path: ../Tranfer/MobileNet_Cifar100_None_epochs100_pretrain300/checkpoints/final_JF_Control.pt
======================================================================
[INFO] Parsing experiment directory...
[INFO] Initializing baseline model...
[INFO] Initializing architecture: model=MobileNet, dataset=Cifar100
Loading CIFAR-100 data for MobileNet...
CIFAR-100 data shape:  torch.Size([512, 3, 32, 32])
[INFO] Loading weights: ../Tranfer/MobileNet_Cifar100_None_epochs100_pretrain300/checkpoints/final_JF_Control.pt
[INFO] Checkpoint extracted. Candidate state dict keys: 164
[INFO] Weights loaded in 1.13s

[INFO] Loading original post-finetuning model...
[INFO] Searching for checkpoint matching: ../Tranfer/MobileNet_Cifar100_None_epochs100_pretrain300
[INFO] Found matching checkpoint: ../Tranfer/MobileNet_Cifar100_None_epochs100_pretrain300/checkpoints/final_JF_Control_Continuted.pt
[INFO] Initializing architecture: model=MobileNet, dataset=Cifar100
Loading CIFAR-100 data for MobileNet...
CIFAR-100 data shape:  torch.Size([512, 3, 32, 32])
[INFO] Loading weights: ../Tranfer/MobileNet_Cifar100_None_epochs100_pretrain300/checkpoints/final_JF_Control_Continuted.pt
[INFO] Checkpoint extracted. Candidate state dict keys: 164
[INFO] Weights loaded in 0.43s

[INFO] Preparing and executing structural collapse...
[INFO] Initializing architecture: model=MobileNet, dataset=Cifar100
Loading CIFAR-100 data for MobileNet...
CIFAR-100 data shape:  torch.Size([512, 3, 32, 32])
[INFO] Loading discovered regions: ../Tranfer/MobileNet_Cifar100_epochs100_pretrain300_JF_discovered_regions.json

[STEP] ===== Starting collapse_only process =====
[DEBUG] Device=cuda, dry_run=False, handle_skips=True, safe_param_reduction=True
[STEP] Using provided in-memory model instance (MobileNet)
[STEP] Creating deepcopy of model for safe modification...
[STEP] Parsing compression set...
[ERROR] Failed processing checkpoint: ../Tranfer/MobileNet_Cifar100_None_epochs100_pretrain300/checkpoints/final_JF_Control.pt
[ERROR] ValueError: too many values to unpack (expected 2)

======================================================================
[INFO] Saving final results...
[INFO] Results successfully saved to 'cka_results_MobileNet_Cifar100_pre300_post100.csv'
[INFO] Total successful experiments: 0
[INFO] Total runtime: 10.70s

======================================================================
FINAL RESULTS
======================================================================
Empty DataFrame
Columns: []
Index: []
