======================================================================
Starting Comparison Post-Processing Pipeline
Model: VGG16 | Dataset: Cifar10 | Device: cuda
Epochs Config: pre=300, post=100
Output File: cka_results_VGG16_Cifar10_pre300_post100.csv
CUDA device: NVIDIA GeForce RTX 2080 Ti
======================================================================
[INFO] Searching for model checkpoints...
[INFO] Found 1 'before' checkpoints.
[INFO] Found 1 collapsed checkpoints.
[INFO] Found 1 'after' checkpoints.

======================================================================
Processing checkpoint 1/1
Path: ../Tranfer/VGG16_Cifar10_checkpoint_Finetuned_0.914101.pth_epochs100_pretrain300/checkpoints/final_JF_Control.pt
======================================================================
[INFO] Parsing experiment directory...
[INFO] Initializing baseline model...
[INFO] Initializing architecture: model=VGG16, dataset=Cifar10
Loading CIFAR-10 data...
CIFAR-10 data shape:  torch.Size([512, 3, 32, 32])
[INFO] Loading weights: ../Tranfer/VGG16_Cifar10_checkpoint_Finetuned_0.914101.pth_epochs100_pretrain300/checkpoints/final_JF_Control.pt
[INFO] Checkpoint extracted. Candidate state dict keys: 107
[INFO] Weights loaded in 0.98s

[INFO] Loading original post-finetuning model...
[INFO] Searching for checkpoint matching: ../Tranfer/VGG16_Cifar10_checkpoint_Finetuned_0.914101.pth_epochs100_pretrain300
[INFO] Found matching checkpoint: ../Tranfer/VGG16_Cifar10_checkpoint_Finetuned_0.914101.pth_epochs100_pretrain300/checkpoints/final_JF_Control_Continuted.pt
[INFO] Initializing architecture: model=VGG16, dataset=Cifar10
Loading CIFAR-10 data...
CIFAR-10 data shape:  torch.Size([512, 3, 32, 32])
[INFO] Loading weights: ../Tranfer/VGG16_Cifar10_checkpoint_Finetuned_0.914101.pth_epochs100_pretrain300/checkpoints/final_JF_Control_Continuted.pt
[INFO] Checkpoint extracted. Candidate state dict keys: 107
[INFO] Weights loaded in 3.00s

[INFO] Preparing and executing structural collapse...
[INFO] Initializing architecture: model=VGG16, dataset=Cifar10
Loading CIFAR-10 data...
CIFAR-10 data shape:  torch.Size([512, 3, 32, 32])
[INFO] Loading discovered regions: ../Tranfer/VGG16_Cifar10_epochs100_pretrain300_JF_discovered_regions.json

[STEP] ===== Starting collapse_only process =====
[DEBUG] Device=cuda, dry_run=False, handle_skips=True, safe_param_reduction=True
[STEP] Using provided in-memory model instance (VGG16)
[STEP] Creating deepcopy of model for safe modification...
[STEP] Parsing compression set...
[INFO] Model parameter count before collapsing: 33,663,050
[STEP] Beginning block-wise collapsing...

[INFO] Processing collapse task 'Region_0': features.conv_5 → features.conv_10
[STEP] Calling _collapse_block('features.conv_5', 'features.conv_10')

[INFO] ==================== Collapsing Block ====================
[INFO] Start Target : features.conv_5
[INFO] End Target   : features.conv_10

[STEP 1] Locating block boundaries and Lowest Common Ancestor (LCA)...
[DEBUG] [LCA] Locating block boundaries: 'features.conv_5' -> 'features.conv_10'
[DEBUG] [LCA] Resolved Container: 'features' | Type: Sequential

[STEP 2] Simulating Forward Pass & Capturing LCA Activations...
[DEBUG] Capturing I/O hooks for 'features.conv_5' -> 'features.conv_10'...

[STEP 3] Probing graph for downstream classifier after 'features.conv_10'...

[STEP 4] Analyzing topological characteristics for replacement...

[STEP 5] Synthesizing surrogate block and fusing into computational graph...

[STEP] ===== Starting _validate_downstream for 'features' =====
[DEBUG] start_idx=14, device=cuda, has_next_linear=True
[STEP] Searching for inserted collapsed module within 'features'...
[DEBUG] Found inserted block candidate at index 14: 'conv_5'
[STEP] Validating inserted module 'Sequential' at index 14...
[DEBUG] Inserted module forward successful, output shape: (2, 512, 4, 4)
[STEP] Scanning immediate downstream modules for shape or runtime errors...
[RESULT] ✅ Downstream validation for 'features' completed successfully.

[INFO] ✅ Framework successfully merged 'features.conv_5' → 'features.conv_10'
[INFO] ✅ Successfully collapsed block 'Region_0' (features.conv_5 → features.conv_10) in 0.26s
[STEP] Patching skip connections (if any)...
[STEP] Disabling in-place ReLUs for autograd safety...
[INFO] Replaced 10 in-place ReLU(s) with out-of-place variants.

[INFO] Processing collapse task 'Region_1': features.conv_12 → features.conv_13
[STEP] Calling _collapse_block('features.conv_12', 'features.conv_13')

[INFO] ==================== Collapsing Block ====================
[INFO] Start Target : features.conv_12
[INFO] End Target   : features.conv_13

[STEP 1] Locating block boundaries and Lowest Common Ancestor (LCA)...
[DEBUG] [LCA] Locating block boundaries: 'features.conv_12' -> 'features.conv_13'
[DEBUG] [LCA] Resolved Container: 'features' | Type: Sequential

[STEP 2] Simulating Forward Pass & Capturing LCA Activations...
[DEBUG] Capturing I/O hooks for 'features.conv_12' -> 'features.conv_13'...

[STEP 3] Probing graph for downstream classifier after 'features.conv_13'...

[STEP 4] Analyzing topological characteristics for replacement...

[STEP 5] Synthesizing surrogate block and fusing into computational graph...

[STEP] ===== Starting _validate_downstream for 'features' =====
[DEBUG] start_idx=37, device=cuda, has_next_linear=True
[STEP] Searching for inserted collapsed module within 'features'...
[DEBUG] Found inserted block candidate at index 37: 'conv_12'
[STEP] Validating inserted module 'Sequential' at index 37...
[DEBUG] Inserted module forward successful, output shape: (2, 512, 2, 2)
[STEP] Scanning immediate downstream modules for shape or runtime errors...
[RESULT] ✅ Downstream validation for 'features' completed successfully.

[INFO] ✅ Framework successfully merged 'features.conv_12' → 'features.conv_13'
[INFO] ✅ Successfully collapsed block 'Region_1' (features.conv_12 → features.conv_13) in 0.03s
[STEP] Patching skip connections (if any)...
[STEP] Disabling in-place ReLUs for autograd safety...

[STEP] Wrapping pooling layers safely...

[STEP] ===== Collapse summary =====
[INFO] Parameters before: 33,663,050
[INFO] Parameters after : 21,893,450
[INFO] ΔParams = +11,769,600 (expected ≤ 0)
[INFO] Collapse counts: success=2, failed=0, skipped=0
[INFO] Total collapse runtime: 0.37s
[RESULT] ✅ collapse_only complete. Total targets: 2 | success=2 | failed=0 | skipped=0
[INFO] Structural collapse completed in 0.37s
[INFO] Searching for checkpoint matching: ../Tranfer/VGG16_Cifar10_checkpoint_Finetuned_0.914101.pth_epochs100_pretrain300
[INFO] Found matching checkpoint: ../Tranfer/VGG16_Cifar10_checkpoint_Finetuned_0.914101.pth_epochs100_pretrain300/checkpoints/final_JF_Dynamic_Region_All_Combined.pt
[INFO] Loading weights: ../Tranfer/VGG16_Cifar10_checkpoint_Finetuned_0.914101.pth_epochs100_pretrain300/checkpoints/final_JF_Dynamic_Region_All_Combined.pt
[INFO] Checkpoint extracted. Candidate state dict keys: 73
[INFO] Weights loaded in 2.68s

[INFO] Calculating dynamic sparsity to match collapse...
[INFO] Target unstructured sparsity calculated at: 34.96%
[INFO] IMP checkpoint not found. Starting on-the-fly finetuning...

[INFO] Starting Iterative Magnitude Pruning (IMP) for 100 epochs...
[INFO] Compounding prune rate: 0.57% per step over 75 steps.
[INFO] Epoch 1/100 - Train Loss: 0.0049
[INFO] Epoch 2/100 - Train Loss: 0.0137
[INFO] Epoch 3/100 - Train Loss: 0.0123
[INFO] Epoch 4/100 - Train Loss: 0.0063
[INFO] Epoch 5/100 - Train Loss: 0.0064
[INFO] Epoch 6/100 - Train Loss: 0.0039
[INFO] Epoch 7/100 - Train Loss: 0.0046
[INFO] Epoch 8/100 - Train Loss: 0.0039
[INFO] Epoch 9/100 - Train Loss: 0.0038
[INFO] Epoch 10/100 - Train Loss: 0.0041
[INFO] Epoch 11/100 - Train Loss: 0.0035
[INFO] Epoch 12/100 - Train Loss: 0.0028
[INFO] Epoch 13/100 - Train Loss: 0.0025
[INFO] Epoch 14/100 - Train Loss: 0.0025
[INFO] Epoch 15/100 - Train Loss: 0.0029
[INFO] Epoch 16/100 - Train Loss: 0.0028
[INFO] Epoch 17/100 - Train Loss: 0.0029
[INFO] Epoch 18/100 - Train Loss: 0.0029
[INFO] Epoch 19/100 - Train Loss: 0.0023
[INFO] Epoch 20/100 - Train Loss: 0.0029
[INFO] Epoch 21/100 - Train Loss: 0.0027
[INFO] Epoch 22/100 - Train Loss: 0.0026
[INFO] Epoch 23/100 - Train Loss: 0.0024
[INFO] Epoch 24/100 - Train Loss: 0.0023
[INFO] Epoch 25/100 - Train Loss: 0.0019
[INFO] Epoch 26/100 - Train Loss: 0.0017
[INFO] Epoch 27/100 - Train Loss: 0.0016
[INFO] Epoch 28/100 - Train Loss: 0.0018
[INFO] Epoch 29/100 - Train Loss: 0.0018
[INFO] Epoch 30/100 - Train Loss: 0.0021
[INFO] Epoch 31/100 - Train Loss: 0.0025
[INFO] Epoch 32/100 - Train Loss: 0.0020
[INFO] Epoch 33/100 - Train Loss: 0.0021
[INFO] Epoch 34/100 - Train Loss: 0.0016
[INFO] Epoch 35/100 - Train Loss: 0.0019
[INFO] Epoch 36/100 - Train Loss: 0.0016
[INFO] Epoch 37/100 - Train Loss: 0.0019
[INFO] Epoch 38/100 - Train Loss: 0.0025
[INFO] Epoch 39/100 - Train Loss: 0.0017
[INFO] Epoch 40/100 - Train Loss: 0.0020
[INFO] Epoch 41/100 - Train Loss: 0.0017
[INFO] Epoch 42/100 - Train Loss: 0.0012
[INFO] Epoch 43/100 - Train Loss: 0.0016
[INFO] Epoch 44/100 - Train Loss: 0.0027
[INFO] Epoch 45/100 - Train Loss: 0.0021
[INFO] Epoch 46/100 - Train Loss: 0.0032
[INFO] Epoch 47/100 - Train Loss: 0.0027
[INFO] Epoch 48/100 - Train Loss: 0.0024
[INFO] Epoch 49/100 - Train Loss: 0.0024
[INFO] Epoch 50/100 - Train Loss: 0.0026
[INFO] Epoch 51/100 - Train Loss: 0.0016
[INFO] Epoch 52/100 - Train Loss: 0.0029
[INFO] Epoch 53/100 - Train Loss: 0.0027
[INFO] Epoch 54/100 - Train Loss: 0.0031
[INFO] Epoch 55/100 - Train Loss: 0.0025
[INFO] Epoch 56/100 - Train Loss: 0.0027
[INFO] Epoch 57/100 - Train Loss: 0.0019
[INFO] Epoch 58/100 - Train Loss: 0.0025
[INFO] Epoch 59/100 - Train Loss: 0.0018
[INFO] Epoch 60/100 - Train Loss: 0.0031
[INFO] Epoch 61/100 - Train Loss: 0.0027
[INFO] Epoch 62/100 - Train Loss: 0.0022
[ERROR] Failed processing checkpoint: ../Tranfer/VGG16_Cifar10_checkpoint_Finetuned_0.914101.pth_epochs100_pretrain300/checkpoints/final_JF_Control.pt
[ERROR] OutOfMemoryError: CUDA out of memory. Tried to allocate 128.00 MiB. GPU 0 has a total capacity of 10.75 GiB of which 5.62 MiB is free. Including non-PyTorch memory, this process has 10.74 GiB memory in use. Of the allocated memory 9.51 GiB is allocated by PyTorch, and 1.04 GiB is reserved by PyTorch but unallocated. If reserved but unallocated memory is large try setting PYTORCH_CUDA_ALLOC_CONF=expandable_segments:True to avoid fragmentation.  See documentation for Memory Management  (https://pytorch.org/docs/stable/notes/cuda.html#environment-variables)

======================================================================
[INFO] Saving final results...
[INFO] Results successfully saved to 'cka_results_VGG16_Cifar10_pre300_post100.csv'
[INFO] Total successful experiments: 0
[INFO] Total runtime: 1845.16s

======================================================================
FINAL RESULTS
======================================================================
Empty DataFrame
Columns: []
Index: []
