======================================================================
Starting Comparison Post-Processing Pipeline
Model: InceptionNet | Dataset: Cifar100 | Device: cuda
Epochs Config: pre=300, post=100
Output File: cka_results_InceptionNet_Cifar100_pre300_post100.csv
CUDA device: NVIDIA GeForce RTX 2080 Ti
======================================================================
[INFO] Searching for model checkpoints...
[INFO] Found 1 'before' checkpoints.
[INFO] Found 1 collapsed checkpoints.
[INFO] Found 1 'after' checkpoints.

======================================================================
Processing checkpoint 1/1
Path: ../Tranfer/InceptionNet_Cifar100_None_epochs100_pretrain300/checkpoints/final_JF_Control.pt
======================================================================
[INFO] Parsing experiment directory...
[INFO] Initializing baseline model...
[INFO] Initializing architecture: model=InceptionNet, dataset=Cifar100
Loading CIFAR-100 data for InceptionNet...
CIFAR-100 data shape:  torch.Size([512, 3, 32, 32])
[INFO] Loading weights: ../Tranfer/InceptionNet_Cifar100_None_epochs100_pretrain300/checkpoints/final_JF_Control.pt
[INFO] Checkpoint extracted. Candidate state dict keys: 344
[INFO] Weights loaded in 1.69s

[INFO] Loading original post-finetuning model...
[INFO] Searching for checkpoint matching: ../Tranfer/InceptionNet_Cifar100_None_epochs100_pretrain300
[INFO] Found matching checkpoint: ../Tranfer/InceptionNet_Cifar100_None_epochs100_pretrain300/checkpoints/final_JF_Control_Continuted.pt
[INFO] Initializing architecture: model=InceptionNet, dataset=Cifar100
Loading CIFAR-100 data for InceptionNet...
CIFAR-100 data shape:  torch.Size([512, 3, 32, 32])
[INFO] Loading weights: ../Tranfer/InceptionNet_Cifar100_None_epochs100_pretrain300/checkpoints/final_JF_Control_Continuted.pt
[INFO] Checkpoint extracted. Candidate state dict keys: 344
[INFO] Weights loaded in 0.74s

[INFO] Preparing and executing structural collapse...
[INFO] Initializing architecture: model=InceptionNet, dataset=Cifar100
Loading CIFAR-100 data for InceptionNet...
CIFAR-100 data shape:  torch.Size([512, 3, 32, 32])
[INFO] Loading discovered regions: ../Tranfer/InceptionNet_Cifar100_epochs100_pretrain300_JF_discovered_regions.json

[STEP] ===== Starting collapse_only process =====
[DEBUG] Device=cuda, dry_run=False, handle_skips=True, safe_param_reduction=True
[STEP] Using provided in-memory model instance (InceptionNet)
[STEP] Creating deepcopy of model for safe modification...
[STEP] Parsing compression set...
[INFO] Model parameter count before collapsing: 6,083,332
[STEP] Beginning block-wise collapsing...

[INFO] Processing collapse task 'Region_0': stage4.inception_4a.branch3.1.conv → stage4.inception_4a.branch4.1.conv
[STEP] Calling _collapse_block('stage4.inception_4a.branch3.1.conv', 'stage4.inception_4a.branch4.1.conv')

[INFO] ==================== Collapsing Block ====================
[INFO] Start Target : stage4.inception_4a.branch3.1.conv
[INFO] End Target   : stage4.inception_4a.branch4.1.conv

[STEP 1] Locating block boundaries and Lowest Common Ancestor (LCA)...
[DEBUG] [LCA] Locating block boundaries: 'stage4.inception_4a.branch3.1.conv' -> 'stage4.inception_4a.branch4.1.conv'
[DEBUG] [LCA] Resolved Container: 'stage4.inception_4a' | Type: InceptionBlock
[DEBUG] Escalating complex block 'stage4.inception_4a' (InceptionBlock) to parent for holistic replacement.

[STEP 2] Simulating Forward Pass & Capturing LCA Activations...
[DEBUG] Capturing I/O hooks for 'stage4.inception_4a' -> 'stage4.inception_4a'...

[STEP 3] Probing graph for downstream classifier after 'stage4.inception_4a.branch4.1.conv'...

[STEP 4] Analyzing topological characteristics for replacement...

[STEP 5] Synthesizing surrogate block and fusing into computational graph...

[STEP] ===== Starting _validate_downstream for 'stage4' =====
[DEBUG] start_idx=0, device=cuda, has_next_linear=True
[STEP] Searching for inserted collapsed module within 'stage4'...
[DEBUG] Found inserted block candidate at index 0: 'inception_4a'
[STEP] Validating inserted module 'Sequential' at index 0...
[DEBUG] Inserted module forward successful, output shape: (2, 512, 2, 2)
[STEP] Scanning immediate downstream modules for shape or runtime errors...
[RESULT] ✅ Downstream validation for 'stage4' completed successfully.

[INFO] ✅ Framework successfully merged 'stage4.inception_4a.branch3.1.conv' → 'stage4.inception_4a.branch4.1.conv'
[INFO] ✅ Successfully collapsed block 'Region_0' (stage4.inception_4a.branch3.1.conv → stage4.inception_4a.branch4.1.conv) in 11.23s
[STEP] Patching skip connections (if any)...
[STEP] Disabling in-place ReLUs for autograd safety...
[INFO] Replaced 51 in-place ReLU(s) with out-of-place variants.

[INFO] Processing collapse task 'Region_1': stage4.inception_4b.branch3.1.conv → stage4.inception_4b.branch4.1.conv
[STEP] Calling _collapse_block('stage4.inception_4b.branch3.1.conv', 'stage4.inception_4b.branch4.1.conv')

[INFO] ==================== Collapsing Block ====================
[INFO] Start Target : stage4.inception_4b.branch3.1.conv
[INFO] End Target   : stage4.inception_4b.branch4.1.conv

[STEP 1] Locating block boundaries and Lowest Common Ancestor (LCA)...
[DEBUG] [LCA] Locating block boundaries: 'stage4.inception_4b.branch3.1.conv' -> 'stage4.inception_4b.branch4.1.conv'
[DEBUG] [LCA] Resolved Container: 'stage4.inception_4b' | Type: InceptionBlock
[DEBUG] Escalating complex block 'stage4.inception_4b' (InceptionBlock) to parent for holistic replacement.

[STEP 2] Simulating Forward Pass & Capturing LCA Activations...
[DEBUG] Capturing I/O hooks for 'stage4.inception_4b' -> 'stage4.inception_4b'...

[STEP 3] Probing graph for downstream classifier after 'stage4.inception_4b.branch4.1.conv'...

[STEP 4] Analyzing topological characteristics for replacement...

[STEP 5] Synthesizing surrogate block and fusing into computational graph...

[STEP] ===== Starting _validate_downstream for 'stage4' =====
[DEBUG] start_idx=1, device=cuda, has_next_linear=True
[STEP] Searching for inserted collapsed module within 'stage4'...
[DEBUG] Found inserted block candidate at index 1: 'inception_4b'
[STEP] Validating inserted module 'Sequential' at index 1...
[DEBUG] Inserted module forward successful, output shape: (2, 512, 2, 2)
[STEP] Scanning immediate downstream modules for shape or runtime errors...
[RESULT] ✅ Downstream validation for 'stage4' completed successfully.

[INFO] ✅ Framework successfully merged 'stage4.inception_4b.branch3.1.conv' → 'stage4.inception_4b.branch4.1.conv'
[INFO] ✅ Successfully collapsed block 'Region_1' (stage4.inception_4b.branch3.1.conv → stage4.inception_4b.branch4.1.conv) in 0.03s
[STEP] Patching skip connections (if any)...
[STEP] Disabling in-place ReLUs for autograd safety...

[INFO] Processing collapse task 'Region_2': stage4.inception_4c.branch3.0.conv → stage4.inception_4d.branch2.0.conv
[STEP] Calling _collapse_block('stage4.inception_4c.branch3.0.conv', 'stage4.inception_4d.branch2.0.conv')

[INFO] ==================== Collapsing Block ====================
[INFO] Start Target : stage4.inception_4c.branch3.0.conv
[INFO] End Target   : stage4.inception_4d.branch2.0.conv

[STEP 1] Locating block boundaries and Lowest Common Ancestor (LCA)...
[DEBUG] [LCA] Locating block boundaries: 'stage4.inception_4c.branch3.0.conv' -> 'stage4.inception_4d.branch2.0.conv'
[DEBUG] [LCA] Resolved Container: 'stage4' | Type: Sequential

[STEP 2] Simulating Forward Pass & Capturing LCA Activations...
[DEBUG] Capturing I/O hooks for 'stage4.inception_4c' -> 'stage4.inception_4d'...

[STEP 3] Probing graph for downstream classifier after 'stage4.inception_4d.branch2.0.conv'...

[STEP 4] Analyzing topological characteristics for replacement...

[STEP 5] Synthesizing surrogate block and fusing into computational graph...

[STEP] ===== Starting _validate_downstream for 'stage4' =====
[DEBUG] start_idx=2, device=cuda, has_next_linear=True
[STEP] Searching for inserted collapsed module within 'stage4'...
[DEBUG] Found inserted block candidate at index 2: 'inception_4c'
[STEP] Validating inserted module 'Sequential' at index 2...
[DEBUG] Inserted module forward successful, output shape: (2, 528, 2, 2)
[STEP] Scanning immediate downstream modules for shape or runtime errors...
[RESULT] ✅ Downstream validation for 'stage4' completed successfully.

[INFO] ✅ Framework successfully merged 'stage4.inception_4c.branch3.0.conv' → 'stage4.inception_4d.branch2.0.conv'
[INFO] ✅ Successfully collapsed block 'Region_2' (stage4.inception_4c.branch3.0.conv → stage4.inception_4d.branch2.0.conv) in 0.02s
[STEP] Patching skip connections (if any)...
[STEP] Disabling in-place ReLUs for autograd safety...

[INFO] Processing collapse task 'Region_3': stage4.inception_4d.branch3.0.conv → stage4.inception_4e.branch2.0.conv
[STEP] Calling _collapse_block('stage4.inception_4d.branch3.0.conv', 'stage4.inception_4e.branch2.0.conv')

[INFO] ==================== Collapsing Block ====================
[INFO] Start Target : stage4.inception_4d.branch3.0.conv
[INFO] End Target   : stage4.inception_4e.branch2.0.conv

[STEP 1] Locating block boundaries and Lowest Common Ancestor (LCA)...
[DEBUG] [LCA] Locating block boundaries: 'stage4.inception_4d.branch3.0.conv' -> 'stage4.inception_4e.branch2.0.conv'
[DEBUG] [LCA] Resolved Container: 'stage4' | Type: Sequential

[STEP 2] Simulating Forward Pass & Capturing LCA Activations...
[DEBUG] Capturing I/O hooks for 'stage4.inception_4d' -> 'stage4.inception_4e'...

[STEP 3] Probing graph for downstream classifier after 'stage4.inception_4e.branch2.0.conv'...

[STEP 4] Analyzing topological characteristics for replacement...

[STEP 5] Synthesizing surrogate block and fusing into computational graph...

[STEP] ===== Starting _validate_downstream for 'stage4' =====
[DEBUG] start_idx=3, device=cuda, has_next_linear=True
[STEP] Searching for inserted collapsed module within 'stage4'...
[DEBUG] Found inserted block candidate at index 3: 'inception_4d'
[STEP] Validating inserted module 'Sequential' at index 3...
[DEBUG] Inserted module forward successful, output shape: (2, 832, 2, 2)
[STEP] Scanning immediate downstream modules for shape or runtime errors...
[RESULT] ✅ Downstream validation for 'stage4' completed successfully.

[INFO] ✅ Framework successfully merged 'stage4.inception_4d.branch3.0.conv' → 'stage4.inception_4e.branch2.0.conv'
[INFO] ✅ Successfully collapsed block 'Region_3' (stage4.inception_4d.branch3.0.conv → stage4.inception_4e.branch2.0.conv) in 0.02s
[STEP] Patching skip connections (if any)...
[STEP] Disabling in-place ReLUs for autograd safety...

[INFO] Processing collapse task 'Region_4': stage4.inception_4e.branch3.0.conv → stage4.inception_4e.branch4.1.conv
[STEP] Calling _collapse_block('stage4.inception_4e.branch3.0.conv', 'stage4.inception_4e.branch4.1.conv')

[INFO] ==================== Collapsing Block ====================
[INFO] Start Target : stage4.inception_4e.branch3.0.conv
[INFO] End Target   : stage4.inception_4e.branch4.1.conv

[STEP 1] Locating block boundaries and Lowest Common Ancestor (LCA)...
[DEBUG] [LCA] Locating block boundaries: 'stage4.inception_4e.branch3.0.conv' -> 'stage4.inception_4e.branch4.1.conv'
[DEBUG] [LCA] Resolved Container: 'stage4.inception_4e' | Type: SmartIdentity
[WARN] ⚠ Could not map start/end layers into LCA container 'stage4.inception_4e'
[DEBUG]   start_layer_name=stage4.inception_4e.branch3.0.conv, found start_idx=None
[DEBUG]   end_layer_name=stage4.inception_4e.branch4.1.conv, found end_idx=None
[DEBUG]   ISSUE #3 FIX: This may be a cross-branch collapse (parallel paths in Inception/ConvNeXt).
[DEBUG]   Skipping this collapse candidate as it cannot be sequentially mapped.
[WARN] ⚠ Collapse candidate 'Region_4' appears to be cross-branch (parallel paths).
[WARN]   Filtering out and skipping. Re-run region discovery to exclude these.

[INFO] Processing collapse task 'Region_5': stage5.inception_5b.branch3.1.conv → stage5.inception_5b.branch4.1.conv
[STEP] Calling _collapse_block('stage5.inception_5b.branch3.1.conv', 'stage5.inception_5b.branch4.1.conv')

[INFO] ==================== Collapsing Block ====================
[INFO] Start Target : stage5.inception_5b.branch3.1.conv
[INFO] End Target   : stage5.inception_5b.branch4.1.conv

[STEP 1] Locating block boundaries and Lowest Common Ancestor (LCA)...
[DEBUG] [LCA] Locating block boundaries: 'stage5.inception_5b.branch3.1.conv' -> 'stage5.inception_5b.branch4.1.conv'
[DEBUG] [LCA] Resolved Container: 'stage5.inception_5b' | Type: InceptionBlock
[DEBUG] Escalating complex block 'stage5.inception_5b' (InceptionBlock) to parent for holistic replacement.

[STEP 2] Simulating Forward Pass & Capturing LCA Activations...
[DEBUG] Capturing I/O hooks for 'stage5.inception_5b' -> 'stage5.inception_5b'...

[STEP 3] Probing graph for downstream classifier after 'stage5.inception_5b.branch4.1.conv'...

[STEP 4] Analyzing topological characteristics for replacement...

[STEP 5] Synthesizing surrogate block and fusing into computational graph...

[STEP] ===== Starting _validate_downstream for 'stage5' =====
[DEBUG] start_idx=1, device=cuda, has_next_linear=True
[STEP] Searching for inserted collapsed module within 'stage5'...
[DEBUG] Found inserted block candidate at index 1: 'inception_5b'
[STEP] Validating inserted module 'Sequential' at index 1...
[DEBUG] Inserted module forward successful, output shape: (2, 1024, 1, 1)
[STEP] Scanning immediate downstream modules for shape or runtime errors...
[RESULT] ✅ Downstream validation for 'stage5' completed successfully.

[INFO] ✅ Framework successfully merged 'stage5.inception_5b.branch3.1.conv' → 'stage5.inception_5b.branch4.1.conv'
[INFO] ✅ Successfully collapsed block 'Region_5' (stage5.inception_5b.branch3.1.conv → stage5.inception_5b.branch4.1.conv) in 0.02s
[STEP] Patching skip connections (if any)...
[STEP] Disabling in-place ReLUs for autograd safety...

[STEP] Wrapping pooling layers safely...

[STEP] ===== Collapse summary =====
[INFO] Parameters before: 6,083,332
[INFO] Parameters after : 3,901,476
[INFO] ΔParams = +2,181,856 (expected ≤ 0)
[INFO] Collapse counts: success=5, failed=0, skipped=1
[INFO] Total collapse runtime: 11.38s
[RESULT] ✅ collapse_only complete. Total targets: 6 | success=5 | failed=0 | skipped=1
[INFO] Structural collapse completed in 11.38s
[INFO] Searching for checkpoint matching: ../Tranfer/InceptionNet_Cifar100_None_epochs100_pretrain300
[INFO] Found matching checkpoint: ../Tranfer/InceptionNet_Cifar100_None_epochs100_pretrain300/checkpoints/final_JF_Dynamic_Region_All_Combined.pt
[INFO] Loading weights: ../Tranfer/InceptionNet_Cifar100_None_epochs100_pretrain300/checkpoints/final_JF_Dynamic_Region_All_Combined.pt
[INFO] Checkpoint extracted. Candidate state dict keys: 158
[INFO] Weights loaded in 1.00s

[INFO] Calculating dynamic sparsity to match collapse...
[INFO] Target unstructured sparsity calculated at: 35.87%
[INFO] Loading existing IMP unstructured checkpoint: ../Tranfer/InceptionNet_Cifar100_None_epochs100_pretrain300/checkpoints/final_JF_Unstructured_IMP_post100.pt
[INFO] Initializing architecture: model=InceptionNet, dataset=Cifar100
Loading CIFAR-100 data for InceptionNet...
CIFAR-100 data shape:  torch.Size([512, 3, 32, 32])
[INFO] Loading weights: ../Tranfer/InceptionNet_Cifar100_None_epochs100_pretrain300/checkpoints/final_JF_Unstructured_IMP_post100.pt
[INFO] Checkpoint extracted. Candidate state dict keys: 344
[INFO] Weights loaded in 0.39s


[INFO] Evaluating model accuracy, power draw, and energy consumption...
[INFO] Starting accuracy and energy evaluation...
[INFO] Evaluation complete: acc=0.3202, power=93.12W, energy=464.76J, time=4.99s
[INFO] Starting accuracy and energy evaluation...
[INFO] Evaluation complete: acc=0.5355, power=114.54W, energy=279.70J, time=2.44s
[INFO] Starting accuracy and energy evaluation...
[INFO] Evaluation complete: acc=0.5741, power=116.03W, energy=288.41J, time=2.49s
[RESULT] Accuracy Original:     0.3202 | Power: 93.12W | Energy: 464.76J
[RESULT] Accuracy Unstructured: 0.5355 | Power: 114.54W | Energy: 279.70J
[RESULT] Accuracy Collapsed:    0.5741 | Power: 116.03W | Energy: 288.41J

[INFO] Extracting features and computing CKA...
[INFO] Extracting features from 10 batches...
[INFO] Feature extraction target layer: Dropout
[INFO] Feature extraction batch 1/10
[INFO] Feature extraction batch 2/10
[INFO] Feature extraction batch 3/10
[INFO] Feature extraction batch 4/10
[INFO] Feature extraction batch 5/10
[INFO] Feature extraction batch 6/10
[INFO] Feature extraction batch 7/10
[INFO] Feature extraction batch 8/10
[INFO] Feature extraction batch 9/10
[INFO] Feature extraction batch 10/10
[INFO] Feature extraction complete: shape=(5120, 1024), time=1.28s
[INFO] Extracting features from 10 batches...
[INFO] Feature extraction target layer: Dropout
[INFO] Feature extraction batch 1/10
[INFO] Feature extraction batch 2/10
[INFO] Feature extraction batch 3/10
[INFO] Feature extraction batch 4/10
[INFO] Feature extraction batch 5/10
[INFO] Feature extraction batch 6/10
[INFO] Feature extraction batch 7/10
[INFO] Feature extraction batch 8/10
[INFO] Feature extraction batch 9/10
[INFO] Feature extraction batch 10/10
[INFO] Feature extraction complete: shape=(5120, 1024), time=1.28s
[INFO] Extracting features from 10 batches...
[INFO] Feature extraction target layer: Dropout
[INFO] Feature extraction batch 1/10
[INFO] Feature extraction batch 2/10
[INFO] Feature extraction batch 3/10
[INFO] Feature extraction batch 4/10
[INFO] Feature extraction batch 5/10
[INFO] Feature extraction batch 6/10
[INFO] Feature extraction batch 7/10
[INFO] Feature extraction batch 8/10
[INFO] Feature extraction batch 9/10
[INFO] Feature extraction batch 10/10
[INFO] Feature extraction complete: shape=(5120, 1024), time=1.25s
[INFO] Computing CKA: features_x=(5120, 1024), features_y=(5120, 1024)
[INFO] CKA complete: score=0.426739, time=2.16s
[INFO] Computing CKA: features_x=(5120, 1024), features_y=(5120, 1024)
[INFO] CKA complete: score=0.408697, time=0.00s
[RESULT] CKA Unstructured: 0.426739
[RESULT] CKA Collapsed:    0.408697

[INFO] Extracting first batch for adversarial evaluation...
[INFO] Running FGSM attack (epsilon=0.03)...
       -> original Accuracy: 0.0957
       -> unstructured Accuracy: 0.2109
       -> collapsed Accuracy: 0.2383
[INFO] Running PGD attack (epsilon=0.03)...
       -> original Accuracy: 0.0469
       -> unstructured Accuracy: 0.1191
       -> collapsed Accuracy: 0.1562
[INFO] Checkpoint completed in 45.83s

======================================================================
[INFO] Saving final results...
[INFO] Results successfully saved to 'cka_results_InceptionNet_Cifar100_pre300_post100.csv'
[INFO] Total successful experiments: 1
[INFO] Total runtime: 46.17s

======================================================================
FINAL RESULTS
======================================================================
          model   dataset  pre_epochs  post_epochs                                                                                 model_before  intermediate_epoch  acc_original_after  acc_unstructured  acc_collapsed  power_watts_original  energy_joules_original  power_watts_unstructured  energy_joules_unstructured  power_watts_collapsed  energy_joules_collapsed  cka_unstructured  cka_collapsed  adv_acc_FGSM_original  adv_acc_FGSM_unstructured  adv_acc_FGSM_collapsed  adv_acc_PGD_original  adv_acc_PGD_unstructured  adv_acc_PGD_collapsed
0  InceptionNet  Cifar100         300          100  ../Tranfer/InceptionNet_Cifar100_None_epochs100_pretrain300/checkpoints/final_JF_Control.pt                   0              0.3202            0.5355         0.5741                 93.12                  464.76                    114.54                       279.7                 116.03                   288.41          0.426739       0.408697               0.095703                   0.210938                0.238281              0.046875                  0.119141                0.15625
