======================================================================
Starting Comparison Post-Processing Pipeline
Model: MobileNet | Dataset: Cifar10 | Device: cuda
Epochs Config: pre=300, post=100
Output File: cka_results_MobileNet_Cifar10_pre300_post100.csv
CUDA device: NVIDIA GeForce RTX 2080 Ti
======================================================================
[INFO] Searching for model checkpoints...
[INFO] Found 1 'before' checkpoints.
[INFO] Found 0 collapsed checkpoints.
[INFO] Found 0 'after' checkpoints.

======================================================================
Processing checkpoint 1/1
Path: ../Tranfer/MobileNet_Cifar10_None_epochs100_pretrain300/checkpoints/final_JF_Control.pt
======================================================================
[INFO] Parsing experiment directory...
[INFO] Initializing baseline model...
[INFO] Initializing architecture: model=MobileNet, dataset=Cifar10
Loading CIFAR-10 data for MobileNet...
CIFAR-10 data shape:  torch.Size([512, 3, 32, 32])
[INFO] Loading weights: ../Tranfer/MobileNet_Cifar10_None_epochs100_pretrain300/checkpoints/final_JF_Control.pt
[INFO] Checkpoint extracted. Candidate state dict keys: 164
[INFO] Weights loaded in 0.60s

[INFO] Loading original post-finetuning model...
[INFO] Searching for checkpoint matching: ../Tranfer/MobileNet_Cifar10_None_epochs100_pretrain300
[ERROR] Failed processing checkpoint: ../Tranfer/MobileNet_Cifar10_None_epochs100_pretrain300/checkpoints/final_JF_Control.pt
[ERROR] FileNotFoundError: No matching checkpoint found for ../Tranfer/MobileNet_Cifar10_None_epochs100_pretrain300

======================================================================
[INFO] Saving final results...
[INFO] Results successfully saved to 'cka_results_MobileNet_Cifar10_pre300_post100.csv'
[INFO] Total successful experiments: 0
[INFO] Total runtime: 2.86s

======================================================================
FINAL RESULTS
======================================================================
Empty DataFrame
Columns: []
Index: []
