======================================================================
Starting Comparison Post-Processing Pipeline
Model: RegNetX_400MF | Dataset: Cifar100 | Device: cuda
Epochs Config: pre=300, post=100
Output File: cka_results_RegNetX_400MF_Cifar100_pre300_post100.csv
CUDA device: NVIDIA GeForce RTX 2080 Ti
======================================================================
[INFO] Searching for model checkpoints...
[INFO] Found 1 'before' checkpoints.
[INFO] Found 1 collapsed checkpoints.
[INFO] Found 1 'after' checkpoints.

======================================================================
Processing checkpoint 1/1
Path: ../Tranfer/RegNetX_400MF_Cifar100_checkpoint_Finetuned_0.488000.pth_epochs100_pretrain300/checkpoints/final_JF_Control.pt
======================================================================
[INFO] Parsing experiment directory...
[INFO] Initializing baseline model...
[INFO] Initializing architecture: model=RegNetX_400MF, dataset=Cifar100
Loading CIFAR-100 data for RegNetX_400MF...
CIFAR-100 data shape:  torch.Size([512, 3, 32, 32])
[INFO] Loading weights: ../Tranfer/RegNetX_400MF_Cifar100_checkpoint_Finetuned_0.488000.pth_epochs100_pretrain300/checkpoints/final_JF_Control.pt
[INFO] Checkpoint extracted. Candidate state dict keys: 428
[INFO] Weights loaded in 0.67s

[INFO] Loading original post-finetuning model...
[INFO] Searching for checkpoint matching: ../Tranfer/RegNetX_400MF_Cifar100_checkpoint_Finetuned_0.488000.pth_epochs100_pretrain300
[INFO] Found matching checkpoint: ../Tranfer/RegNetX_400MF_Cifar100_checkpoint_Finetuned_0.488000.pth_epochs100_pretrain300/checkpoints/final_JF_Control_Continuted.pt
[INFO] Initializing architecture: model=RegNetX_400MF, dataset=Cifar100
Loading CIFAR-100 data for RegNetX_400MF...
CIFAR-100 data shape:  torch.Size([512, 3, 32, 32])
[INFO] Loading weights: ../Tranfer/RegNetX_400MF_Cifar100_checkpoint_Finetuned_0.488000.pth_epochs100_pretrain300/checkpoints/final_JF_Control_Continuted.pt
[INFO] Checkpoint extracted. Candidate state dict keys: 428
[INFO] Weights loaded in 0.74s

[INFO] Preparing and executing structural collapse...
[INFO] Initializing architecture: model=RegNetX_400MF, dataset=Cifar100
Loading CIFAR-100 data for RegNetX_400MF...
CIFAR-100 data shape:  torch.Size([512, 3, 32, 32])
[INFO] Loading discovered regions: ../Tranfer/RegNetX_400MF_Cifar100_epochs100_pretrain300_JF_discovered_regions.json

[STEP] ===== Starting collapse_only process =====
[DEBUG] Device=cuda, dry_run=False, handle_skips=True, safe_param_reduction=True
[STEP] Using provided in-memory model instance (RegNetX_400MF)
[STEP] Creating deepcopy of model for safe modification...
[STEP] Parsing compression set...
[INFO] Model parameter count before collapsing: 4,811,012
[STEP] Beginning block-wise collapsing...

[INFO] Processing collapse task 'Region_0': stage3.stage3_block2.block.conv2 → stage3.stage3_block2.block.conv3
[STEP] Calling _collapse_block('stage3.stage3_block2.block.conv2', 'stage3.stage3_block2.block.conv3')

[INFO] ==================== Collapsing Block ====================
[INFO] Start Target : stage3.stage3_block2.block.conv2
[INFO] End Target   : stage3.stage3_block2.block.conv3

[STEP 1] Locating block boundaries and Lowest Common Ancestor (LCA)...
[DEBUG] [LCA] Locating block boundaries: 'stage3.stage3_block2.block.conv2' -> 'stage3.stage3_block2.block.conv3'
[DEBUG] [LCA] Resolved Container: 'stage3.stage3_block2.block' | Type: Sequential

[STEP 2] Simulating Forward Pass & Capturing LCA Activations...
[DEBUG] Capturing I/O hooks for 'stage3.stage3_block2.block.conv2' -> 'stage3.stage3_block2.block.conv3'...

[STEP 3] Probing graph for downstream classifier after 'stage3.stage3_block2.block.conv3'...

[STEP 4] Analyzing topological characteristics for replacement...

[STEP 5] Synthesizing surrogate block and fusing into computational graph...

[STEP] ===== Starting _validate_downstream for 'stage3.stage3_block2.block' =====
[DEBUG] start_idx=3, device=cuda, has_next_linear=True
[STEP] Searching for inserted collapsed module within 'stage3.stage3_block2.block'...
[DEBUG] Found inserted block candidate at index 3: 'conv2'
[STEP] Validating inserted module 'Sequential' at index 3...
[DEBUG] Inserted module forward successful, output shape: (2, 160, 2, 2)
[STEP] Scanning immediate downstream modules for shape or runtime errors...
[RESULT] ✅ Downstream validation for 'stage3.stage3_block2.block' completed successfully.

[INFO] ✅ Framework successfully merged 'stage3.stage3_block2.block.conv2' → 'stage3.stage3_block2.block.conv3'
[INFO] ✅ Successfully collapsed block 'Region_0' (stage3.stage3_block2.block.conv2 → stage3.stage3_block2.block.conv3) in 0.65s
[STEP] Patching skip connections (if any)...
[STEP] Disabling in-place ReLUs for autograd safety...
[INFO] Replaced 66 in-place ReLU(s) with out-of-place variants.

[INFO] Processing collapse task 'Region_1': stage3.stage3_block3.block.conv2 → stage3.stage3_block3.block.conv3
[STEP] Calling _collapse_block('stage3.stage3_block3.block.conv2', 'stage3.stage3_block3.block.conv3')

[INFO] ==================== Collapsing Block ====================
[INFO] Start Target : stage3.stage3_block3.block.conv2
[INFO] End Target   : stage3.stage3_block3.block.conv3

[STEP 1] Locating block boundaries and Lowest Common Ancestor (LCA)...
[DEBUG] [LCA] Locating block boundaries: 'stage3.stage3_block3.block.conv2' -> 'stage3.stage3_block3.block.conv3'
[DEBUG] [LCA] Resolved Container: 'stage3.stage3_block3.block' | Type: Sequential

[STEP 2] Simulating Forward Pass & Capturing LCA Activations...
[DEBUG] Capturing I/O hooks for 'stage3.stage3_block3.block.conv2' -> 'stage3.stage3_block3.block.conv3'...

[STEP 3] Probing graph for downstream classifier after 'stage3.stage3_block3.block.conv3'...

[STEP 4] Analyzing topological characteristics for replacement...

[STEP 5] Synthesizing surrogate block and fusing into computational graph...

[STEP] ===== Starting _validate_downstream for 'stage3.stage3_block3.block' =====
[DEBUG] start_idx=3, device=cuda, has_next_linear=True
[STEP] Searching for inserted collapsed module within 'stage3.stage3_block3.block'...
[DEBUG] Found inserted block candidate at index 3: 'conv2'
[STEP] Validating inserted module 'Sequential' at index 3...
[DEBUG] Inserted module forward successful, output shape: (2, 160, 2, 2)
[STEP] Scanning immediate downstream modules for shape or runtime errors...
[RESULT] ✅ Downstream validation for 'stage3.stage3_block3.block' completed successfully.

[INFO] ✅ Framework successfully merged 'stage3.stage3_block3.block.conv2' → 'stage3.stage3_block3.block.conv3'
[INFO] ✅ Successfully collapsed block 'Region_1' (stage3.stage3_block3.block.conv2 → stage3.stage3_block3.block.conv3) in 0.03s
[STEP] Patching skip connections (if any)...
[STEP] Disabling in-place ReLUs for autograd safety...

[INFO] Processing collapse task 'Region_2': stage3.stage3_block4.block.conv2 → stage3.stage3_block4.block.conv3
[STEP] Calling _collapse_block('stage3.stage3_block4.block.conv2', 'stage3.stage3_block4.block.conv3')

[INFO] ==================== Collapsing Block ====================
[INFO] Start Target : stage3.stage3_block4.block.conv2
[INFO] End Target   : stage3.stage3_block4.block.conv3

[STEP 1] Locating block boundaries and Lowest Common Ancestor (LCA)...
[DEBUG] [LCA] Locating block boundaries: 'stage3.stage3_block4.block.conv2' -> 'stage3.stage3_block4.block.conv3'
[DEBUG] [LCA] Resolved Container: 'stage3.stage3_block4.block' | Type: Sequential

[STEP 2] Simulating Forward Pass & Capturing LCA Activations...
[DEBUG] Capturing I/O hooks for 'stage3.stage3_block4.block.conv2' -> 'stage3.stage3_block4.block.conv3'...

[STEP 3] Probing graph for downstream classifier after 'stage3.stage3_block4.block.conv3'...

[STEP 4] Analyzing topological characteristics for replacement...

[STEP 5] Synthesizing surrogate block and fusing into computational graph...

[STEP] ===== Starting _validate_downstream for 'stage3.stage3_block4.block' =====
[DEBUG] start_idx=3, device=cuda, has_next_linear=True
[STEP] Searching for inserted collapsed module within 'stage3.stage3_block4.block'...
[DEBUG] Found inserted block candidate at index 3: 'conv2'
[STEP] Validating inserted module 'Sequential' at index 3...
[DEBUG] Inserted module forward successful, output shape: (2, 160, 2, 2)
[STEP] Scanning immediate downstream modules for shape or runtime errors...
[RESULT] ✅ Downstream validation for 'stage3.stage3_block4.block' completed successfully.

[INFO] ✅ Framework successfully merged 'stage3.stage3_block4.block.conv2' → 'stage3.stage3_block4.block.conv3'
[INFO] ✅ Successfully collapsed block 'Region_2' (stage3.stage3_block4.block.conv2 → stage3.stage3_block4.block.conv3) in 0.03s
[STEP] Patching skip connections (if any)...
[STEP] Disabling in-place ReLUs for autograd safety...

[INFO] Processing collapse task 'Region_3': stage3.stage3_block5.block.conv2 → stage3.stage3_block5.block.conv3
[STEP] Calling _collapse_block('stage3.stage3_block5.block.conv2', 'stage3.stage3_block5.block.conv3')

[INFO] ==================== Collapsing Block ====================
[INFO] Start Target : stage3.stage3_block5.block.conv2
[INFO] End Target   : stage3.stage3_block5.block.conv3

[STEP 1] Locating block boundaries and Lowest Common Ancestor (LCA)...
[DEBUG] [LCA] Locating block boundaries: 'stage3.stage3_block5.block.conv2' -> 'stage3.stage3_block5.block.conv3'
[DEBUG] [LCA] Resolved Container: 'stage3.stage3_block5.block' | Type: Sequential

[STEP 2] Simulating Forward Pass & Capturing LCA Activations...
[DEBUG] Capturing I/O hooks for 'stage3.stage3_block5.block.conv2' -> 'stage3.stage3_block5.block.conv3'...

[STEP 3] Probing graph for downstream classifier after 'stage3.stage3_block5.block.conv3'...

[STEP 4] Analyzing topological characteristics for replacement...

[STEP 5] Synthesizing surrogate block and fusing into computational graph...

[STEP] ===== Starting _validate_downstream for 'stage3.stage3_block5.block' =====
[DEBUG] start_idx=3, device=cuda, has_next_linear=True
[STEP] Searching for inserted collapsed module within 'stage3.stage3_block5.block'...
[DEBUG] Found inserted block candidate at index 3: 'conv2'
[STEP] Validating inserted module 'Sequential' at index 3...
[DEBUG] Inserted module forward successful, output shape: (2, 160, 2, 2)
[STEP] Scanning immediate downstream modules for shape or runtime errors...
[RESULT] ✅ Downstream validation for 'stage3.stage3_block5.block' completed successfully.

[INFO] ✅ Framework successfully merged 'stage3.stage3_block5.block.conv2' → 'stage3.stage3_block5.block.conv3'
[INFO] ✅ Successfully collapsed block 'Region_3' (stage3.stage3_block5.block.conv2 → stage3.stage3_block5.block.conv3) in 0.03s
[STEP] Patching skip connections (if any)...
[STEP] Disabling in-place ReLUs for autograd safety...

[INFO] Processing collapse task 'Region_4': stage3.stage3_block6.block.conv2 → stage3.stage3_block6.block.conv3
[STEP] Calling _collapse_block('stage3.stage3_block6.block.conv2', 'stage3.stage3_block6.block.conv3')

[INFO] ==================== Collapsing Block ====================
[INFO] Start Target : stage3.stage3_block6.block.conv2
[INFO] End Target   : stage3.stage3_block6.block.conv3

[STEP 1] Locating block boundaries and Lowest Common Ancestor (LCA)...
[DEBUG] [LCA] Locating block boundaries: 'stage3.stage3_block6.block.conv2' -> 'stage3.stage3_block6.block.conv3'
[DEBUG] [LCA] Resolved Container: 'stage3.stage3_block6.block' | Type: Sequential

[STEP 2] Simulating Forward Pass & Capturing LCA Activations...
[DEBUG] Capturing I/O hooks for 'stage3.stage3_block6.block.conv2' -> 'stage3.stage3_block6.block.conv3'...

[STEP 3] Probing graph for downstream classifier after 'stage3.stage3_block6.block.conv3'...

[STEP 4] Analyzing topological characteristics for replacement...

[STEP 5] Synthesizing surrogate block and fusing into computational graph...

[STEP] ===== Starting _validate_downstream for 'stage3.stage3_block6.block' =====
[DEBUG] start_idx=3, device=cuda, has_next_linear=True
[STEP] Searching for inserted collapsed module within 'stage3.stage3_block6.block'...
[DEBUG] Found inserted block candidate at index 3: 'conv2'
[STEP] Validating inserted module 'Sequential' at index 3...
[DEBUG] Inserted module forward successful, output shape: (2, 160, 2, 2)
[STEP] Scanning immediate downstream modules for shape or runtime errors...
[RESULT] ✅ Downstream validation for 'stage3.stage3_block6.block' completed successfully.

[INFO] ✅ Framework successfully merged 'stage3.stage3_block6.block.conv2' → 'stage3.stage3_block6.block.conv3'
[INFO] ✅ Successfully collapsed block 'Region_4' (stage3.stage3_block6.block.conv2 → stage3.stage3_block6.block.conv3) in 0.03s
[STEP] Patching skip connections (if any)...
[STEP] Disabling in-place ReLUs for autograd safety...

[INFO] Processing collapse task 'Region_5': stage4.stage4_block0.block.conv2 → stage4.stage4_block0.block.conv3
[STEP] Calling _collapse_block('stage4.stage4_block0.block.conv2', 'stage4.stage4_block0.block.conv3')

[INFO] ==================== Collapsing Block ====================
[INFO] Start Target : stage4.stage4_block0.block.conv2
[INFO] End Target   : stage4.stage4_block0.block.conv3

[STEP 1] Locating block boundaries and Lowest Common Ancestor (LCA)...
[DEBUG] [LCA] Locating block boundaries: 'stage4.stage4_block0.block.conv2' -> 'stage4.stage4_block0.block.conv3'
[DEBUG] [LCA] Resolved Container: 'stage4.stage4_block0.block' | Type: Sequential

[STEP 2] Simulating Forward Pass & Capturing LCA Activations...
[DEBUG] Capturing I/O hooks for 'stage4.stage4_block0.block.conv2' -> 'stage4.stage4_block0.block.conv3'...

[STEP 3] Probing graph for downstream classifier after 'stage4.stage4_block0.block.conv3'...

[STEP 4] Analyzing topological characteristics for replacement...

[STEP 5] Synthesizing surrogate block and fusing into computational graph...

[STEP] ===== Starting _validate_downstream for 'stage4.stage4_block0.block' =====
[DEBUG] start_idx=3, device=cuda, has_next_linear=True
[STEP] Searching for inserted collapsed module within 'stage4.stage4_block0.block'...
[DEBUG] Found inserted block candidate at index 3: 'conv2'
[STEP] Validating inserted module 'Sequential' at index 3...
[DEBUG] Inserted module forward successful, output shape: (2, 384, 1, 1)
[STEP] Scanning immediate downstream modules for shape or runtime errors...
[RESULT] ✅ Downstream validation for 'stage4.stage4_block0.block' completed successfully.

[INFO] ✅ Framework successfully merged 'stage4.stage4_block0.block.conv2' → 'stage4.stage4_block0.block.conv3'
[INFO] ✅ Successfully collapsed block 'Region_5' (stage4.stage4_block0.block.conv2 → stage4.stage4_block0.block.conv3) in 0.03s
[STEP] Patching skip connections (if any)...
[STEP] Disabling in-place ReLUs for autograd safety...

[INFO] Processing collapse task 'Region_6': stage4.stage4_block1.block.conv2 → stage4.stage4_block1.block.conv3
[STEP] Calling _collapse_block('stage4.stage4_block1.block.conv2', 'stage4.stage4_block1.block.conv3')

[INFO] ==================== Collapsing Block ====================
[INFO] Start Target : stage4.stage4_block1.block.conv2
[INFO] End Target   : stage4.stage4_block1.block.conv3

[STEP 1] Locating block boundaries and Lowest Common Ancestor (LCA)...
[DEBUG] [LCA] Locating block boundaries: 'stage4.stage4_block1.block.conv2' -> 'stage4.stage4_block1.block.conv3'
[DEBUG] [LCA] Resolved Container: 'stage4.stage4_block1.block' | Type: Sequential

[STEP 2] Simulating Forward Pass & Capturing LCA Activations...
[DEBUG] Capturing I/O hooks for 'stage4.stage4_block1.block.conv2' -> 'stage4.stage4_block1.block.conv3'...

[STEP 3] Probing graph for downstream classifier after 'stage4.stage4_block1.block.conv3'...

[STEP 4] Analyzing topological characteristics for replacement...

[STEP 5] Synthesizing surrogate block and fusing into computational graph...

[STEP] ===== Starting _validate_downstream for 'stage4.stage4_block1.block' =====
[DEBUG] start_idx=3, device=cuda, has_next_linear=True
[STEP] Searching for inserted collapsed module within 'stage4.stage4_block1.block'...
[DEBUG] Found inserted block candidate at index 3: 'conv2'
[STEP] Validating inserted module 'Sequential' at index 3...
[DEBUG] Inserted module forward successful, output shape: (2, 384, 1, 1)
[STEP] Scanning immediate downstream modules for shape or runtime errors...
[RESULT] ✅ Downstream validation for 'stage4.stage4_block1.block' completed successfully.

[INFO] ✅ Framework successfully merged 'stage4.stage4_block1.block.conv2' → 'stage4.stage4_block1.block.conv3'
[INFO] ✅ Successfully collapsed block 'Region_6' (stage4.stage4_block1.block.conv2 → stage4.stage4_block1.block.conv3) in 0.03s
[STEP] Patching skip connections (if any)...
[STEP] Disabling in-place ReLUs for autograd safety...

[INFO] Processing collapse task 'Region_7': stage4.stage4_block2.block.conv2 → stage4.stage4_block2.block.conv3
[STEP] Calling _collapse_block('stage4.stage4_block2.block.conv2', 'stage4.stage4_block2.block.conv3')

[INFO] ==================== Collapsing Block ====================
[INFO] Start Target : stage4.stage4_block2.block.conv2
[INFO] End Target   : stage4.stage4_block2.block.conv3

[STEP 1] Locating block boundaries and Lowest Common Ancestor (LCA)...
[DEBUG] [LCA] Locating block boundaries: 'stage4.stage4_block2.block.conv2' -> 'stage4.stage4_block2.block.conv3'
[DEBUG] [LCA] Resolved Container: 'stage4.stage4_block2.block' | Type: Sequential

[STEP 2] Simulating Forward Pass & Capturing LCA Activations...
[DEBUG] Capturing I/O hooks for 'stage4.stage4_block2.block.conv2' -> 'stage4.stage4_block2.block.conv3'...

[STEP 3] Probing graph for downstream classifier after 'stage4.stage4_block2.block.conv3'...

[STEP 4] Analyzing topological characteristics for replacement...

[STEP 5] Synthesizing surrogate block and fusing into computational graph...

[STEP] ===== Starting _validate_downstream for 'stage4.stage4_block2.block' =====
[DEBUG] start_idx=3, device=cuda, has_next_linear=True
[STEP] Searching for inserted collapsed module within 'stage4.stage4_block2.block'...
[DEBUG] Found inserted block candidate at index 3: 'conv2'
[STEP] Validating inserted module 'Sequential' at index 3...
[DEBUG] Inserted module forward successful, output shape: (2, 384, 1, 1)
[STEP] Scanning immediate downstream modules for shape or runtime errors...
[RESULT] ✅ Downstream validation for 'stage4.stage4_block2.block' completed successfully.

[INFO] ✅ Framework successfully merged 'stage4.stage4_block2.block.conv2' → 'stage4.stage4_block2.block.conv3'
[INFO] ✅ Successfully collapsed block 'Region_7' (stage4.stage4_block2.block.conv2 → stage4.stage4_block2.block.conv3) in 0.03s
[STEP] Patching skip connections (if any)...
[STEP] Disabling in-place ReLUs for autograd safety...

[INFO] Processing collapse task 'Region_8': stage4.stage4_block3.block.conv2 → stage4.stage4_block3.block.conv3
[STEP] Calling _collapse_block('stage4.stage4_block3.block.conv2', 'stage4.stage4_block3.block.conv3')

[INFO] ==================== Collapsing Block ====================
[INFO] Start Target : stage4.stage4_block3.block.conv2
[INFO] End Target   : stage4.stage4_block3.block.conv3

[STEP 1] Locating block boundaries and Lowest Common Ancestor (LCA)...
[DEBUG] [LCA] Locating block boundaries: 'stage4.stage4_block3.block.conv2' -> 'stage4.stage4_block3.block.conv3'
[DEBUG] [LCA] Resolved Container: 'stage4.stage4_block3.block' | Type: Sequential

[STEP 2] Simulating Forward Pass & Capturing LCA Activations...
[DEBUG] Capturing I/O hooks for 'stage4.stage4_block3.block.conv2' -> 'stage4.stage4_block3.block.conv3'...

[STEP 3] Probing graph for downstream classifier after 'stage4.stage4_block3.block.conv3'...

[STEP 4] Analyzing topological characteristics for replacement...

[STEP 5] Synthesizing surrogate block and fusing into computational graph...

[STEP] ===== Starting _validate_downstream for 'stage4.stage4_block3.block' =====
[DEBUG] start_idx=3, device=cuda, has_next_linear=True
[STEP] Searching for inserted collapsed module within 'stage4.stage4_block3.block'...
[DEBUG] Found inserted block candidate at index 3: 'conv2'
[STEP] Validating inserted module 'Sequential' at index 3...
[DEBUG] Inserted module forward successful, output shape: (2, 384, 1, 1)
[STEP] Scanning immediate downstream modules for shape or runtime errors...
[RESULT] ✅ Downstream validation for 'stage4.stage4_block3.block' completed successfully.

[INFO] ✅ Framework successfully merged 'stage4.stage4_block3.block.conv2' → 'stage4.stage4_block3.block.conv3'
[INFO] ✅ Successfully collapsed block 'Region_8' (stage4.stage4_block3.block.conv2 → stage4.stage4_block3.block.conv3) in 0.03s
[STEP] Patching skip connections (if any)...
[STEP] Disabling in-place ReLUs for autograd safety...

[INFO] Processing collapse task 'Region_9': stage4.stage4_block4.block.conv2 → stage4.stage4_block4.block.conv3
[STEP] Calling _collapse_block('stage4.stage4_block4.block.conv2', 'stage4.stage4_block4.block.conv3')

[INFO] ==================== Collapsing Block ====================
[INFO] Start Target : stage4.stage4_block4.block.conv2
[INFO] End Target   : stage4.stage4_block4.block.conv3

[STEP 1] Locating block boundaries and Lowest Common Ancestor (LCA)...
[DEBUG] [LCA] Locating block boundaries: 'stage4.stage4_block4.block.conv2' -> 'stage4.stage4_block4.block.conv3'
[DEBUG] [LCA] Resolved Container: 'stage4.stage4_block4.block' | Type: Sequential

[STEP 2] Simulating Forward Pass & Capturing LCA Activations...
[DEBUG] Capturing I/O hooks for 'stage4.stage4_block4.block.conv2' -> 'stage4.stage4_block4.block.conv3'...

[STEP 3] Probing graph for downstream classifier after 'stage4.stage4_block4.block.conv3'...

[STEP 4] Analyzing topological characteristics for replacement...

[STEP 5] Synthesizing surrogate block and fusing into computational graph...

[STEP] ===== Starting _validate_downstream for 'stage4.stage4_block4.block' =====
[DEBUG] start_idx=3, device=cuda, has_next_linear=True
[STEP] Searching for inserted collapsed module within 'stage4.stage4_block4.block'...
[DEBUG] Found inserted block candidate at index 3: 'conv2'
[STEP] Validating inserted module 'Sequential' at index 3...
[DEBUG] Inserted module forward successful, output shape: (2, 384, 1, 1)
[STEP] Scanning immediate downstream modules for shape or runtime errors...
[RESULT] ✅ Downstream validation for 'stage4.stage4_block4.block' completed successfully.

[INFO] ✅ Framework successfully merged 'stage4.stage4_block4.block.conv2' → 'stage4.stage4_block4.block.conv3'
[INFO] ✅ Successfully collapsed block 'Region_9' (stage4.stage4_block4.block.conv2 → stage4.stage4_block4.block.conv3) in 0.03s
[STEP] Patching skip connections (if any)...
[STEP] Disabling in-place ReLUs for autograd safety...

[INFO] Processing collapse task 'Region_10': stage4.stage4_block5.block.conv2 → stage4.stage4_block5.block.conv3
[STEP] Calling _collapse_block('stage4.stage4_block5.block.conv2', 'stage4.stage4_block5.block.conv3')

[INFO] ==================== Collapsing Block ====================
[INFO] Start Target : stage4.stage4_block5.block.conv2
[INFO] End Target   : stage4.stage4_block5.block.conv3

[STEP 1] Locating block boundaries and Lowest Common Ancestor (LCA)...
[DEBUG] [LCA] Locating block boundaries: 'stage4.stage4_block5.block.conv2' -> 'stage4.stage4_block5.block.conv3'
[DEBUG] [LCA] Resolved Container: 'stage4.stage4_block5.block' | Type: Sequential

[STEP 2] Simulating Forward Pass & Capturing LCA Activations...
[DEBUG] Capturing I/O hooks for 'stage4.stage4_block5.block.conv2' -> 'stage4.stage4_block5.block.conv3'...

[STEP 3] Probing graph for downstream classifier after 'stage4.stage4_block5.block.conv3'...

[STEP 4] Analyzing topological characteristics for replacement...

[STEP 5] Synthesizing surrogate block and fusing into computational graph...

[STEP] ===== Starting _validate_downstream for 'stage4.stage4_block5.block' =====
[DEBUG] start_idx=3, device=cuda, has_next_linear=True
[STEP] Searching for inserted collapsed module within 'stage4.stage4_block5.block'...
[DEBUG] Found inserted block candidate at index 3: 'conv2'
[STEP] Validating inserted module 'Sequential' at index 3...
[DEBUG] Inserted module forward successful, output shape: (2, 384, 1, 1)
[STEP] Scanning immediate downstream modules for shape or runtime errors...
[RESULT] ✅ Downstream validation for 'stage4.stage4_block5.block' completed successfully.

[INFO] ✅ Framework successfully merged 'stage4.stage4_block5.block.conv2' → 'stage4.stage4_block5.block.conv3'
[INFO] ✅ Successfully collapsed block 'Region_10' (stage4.stage4_block5.block.conv2 → stage4.stage4_block5.block.conv3) in 0.03s
[STEP] Patching skip connections (if any)...
[STEP] Disabling in-place ReLUs for autograd safety...

[INFO] Processing collapse task 'Region_11': stage4.stage4_block6.block.conv2 → stage4.stage4_block6.block.conv3
[STEP] Calling _collapse_block('stage4.stage4_block6.block.conv2', 'stage4.stage4_block6.block.conv3')

[INFO] ==================== Collapsing Block ====================
[INFO] Start Target : stage4.stage4_block6.block.conv2
[INFO] End Target   : stage4.stage4_block6.block.conv3

[STEP 1] Locating block boundaries and Lowest Common Ancestor (LCA)...
[DEBUG] [LCA] Locating block boundaries: 'stage4.stage4_block6.block.conv2' -> 'stage4.stage4_block6.block.conv3'
[DEBUG] [LCA] Resolved Container: 'stage4.stage4_block6.block' | Type: Sequential

[STEP 2] Simulating Forward Pass & Capturing LCA Activations...
[DEBUG] Capturing I/O hooks for 'stage4.stage4_block6.block.conv2' -> 'stage4.stage4_block6.block.conv3'...

[STEP 3] Probing graph for downstream classifier after 'stage4.stage4_block6.block.conv3'...

[STEP 4] Analyzing topological characteristics for replacement...

[STEP 5] Synthesizing surrogate block and fusing into computational graph...

[STEP] ===== Starting _validate_downstream for 'stage4.stage4_block6.block' =====
[DEBUG] start_idx=3, device=cuda, has_next_linear=True
[STEP] Searching for inserted collapsed module within 'stage4.stage4_block6.block'...
[DEBUG] Found inserted block candidate at index 3: 'conv2'
[STEP] Validating inserted module 'Sequential' at index 3...
[DEBUG] Inserted module forward successful, output shape: (2, 384, 1, 1)
[STEP] Scanning immediate downstream modules for shape or runtime errors...
[RESULT] ✅ Downstream validation for 'stage4.stage4_block6.block' completed successfully.

[INFO] ✅ Framework successfully merged 'stage4.stage4_block6.block.conv2' → 'stage4.stage4_block6.block.conv3'
[INFO] ✅ Successfully collapsed block 'Region_11' (stage4.stage4_block6.block.conv2 → stage4.stage4_block6.block.conv3) in 0.03s
[STEP] Patching skip connections (if any)...
[STEP] Disabling in-place ReLUs for autograd safety...

[INFO] Processing collapse task 'Region_12': stage4.stage4_block7.block.conv2 → stage4.stage4_block7.block.conv3
[STEP] Calling _collapse_block('stage4.stage4_block7.block.conv2', 'stage4.stage4_block7.block.conv3')

[INFO] ==================== Collapsing Block ====================
[INFO] Start Target : stage4.stage4_block7.block.conv2
[INFO] End Target   : stage4.stage4_block7.block.conv3

[STEP 1] Locating block boundaries and Lowest Common Ancestor (LCA)...
[DEBUG] [LCA] Locating block boundaries: 'stage4.stage4_block7.block.conv2' -> 'stage4.stage4_block7.block.conv3'
[DEBUG] [LCA] Resolved Container: 'stage4.stage4_block7.block' | Type: Sequential

[STEP 2] Simulating Forward Pass & Capturing LCA Activations...
[DEBUG] Capturing I/O hooks for 'stage4.stage4_block7.block.conv2' -> 'stage4.stage4_block7.block.conv3'...

[STEP 3] Probing graph for downstream classifier after 'stage4.stage4_block7.block.conv3'...

[STEP 4] Analyzing topological characteristics for replacement...

[STEP 5] Synthesizing surrogate block and fusing into computational graph...

[STEP] ===== Starting _validate_downstream for 'stage4.stage4_block7.block' =====
[DEBUG] start_idx=3, device=cuda, has_next_linear=True
[STEP] Searching for inserted collapsed module within 'stage4.stage4_block7.block'...
[DEBUG] Found inserted block candidate at index 3: 'conv2'
[STEP] Validating inserted module 'Sequential' at index 3...
[DEBUG] Inserted module forward successful, output shape: (2, 384, 1, 1)
[STEP] Scanning immediate downstream modules for shape or runtime errors...
[RESULT] ✅ Downstream validation for 'stage4.stage4_block7.block' completed successfully.

[INFO] ✅ Framework successfully merged 'stage4.stage4_block7.block.conv2' → 'stage4.stage4_block7.block.conv3'
[INFO] ✅ Successfully collapsed block 'Region_12' (stage4.stage4_block7.block.conv2 → stage4.stage4_block7.block.conv3) in 0.03s
[STEP] Patching skip connections (if any)...
[STEP] Disabling in-place ReLUs for autograd safety...

[INFO] Processing collapse task 'Region_13': stage4.stage4_block8.block.conv2 → stage4.stage4_block8.block.conv3
[STEP] Calling _collapse_block('stage4.stage4_block8.block.conv2', 'stage4.stage4_block8.block.conv3')

[INFO] ==================== Collapsing Block ====================
[INFO] Start Target : stage4.stage4_block8.block.conv2
[INFO] End Target   : stage4.stage4_block8.block.conv3

[STEP 1] Locating block boundaries and Lowest Common Ancestor (LCA)...
[DEBUG] [LCA] Locating block boundaries: 'stage4.stage4_block8.block.conv2' -> 'stage4.stage4_block8.block.conv3'
[DEBUG] [LCA] Resolved Container: 'stage4.stage4_block8.block' | Type: Sequential

[STEP 2] Simulating Forward Pass & Capturing LCA Activations...
[DEBUG] Capturing I/O hooks for 'stage4.stage4_block8.block.conv2' -> 'stage4.stage4_block8.block.conv3'...

[STEP 3] Probing graph for downstream classifier after 'stage4.stage4_block8.block.conv3'...

[STEP 4] Analyzing topological characteristics for replacement...

[STEP 5] Synthesizing surrogate block and fusing into computational graph...

[STEP] ===== Starting _validate_downstream for 'stage4.stage4_block8.block' =====
[DEBUG] start_idx=3, device=cuda, has_next_linear=True
[STEP] Searching for inserted collapsed module within 'stage4.stage4_block8.block'...
[DEBUG] Found inserted block candidate at index 3: 'conv2'
[STEP] Validating inserted module 'Sequential' at index 3...
[DEBUG] Inserted module forward successful, output shape: (2, 384, 1, 1)
[STEP] Scanning immediate downstream modules for shape or runtime errors...
[RESULT] ✅ Downstream validation for 'stage4.stage4_block8.block' completed successfully.

[INFO] ✅ Framework successfully merged 'stage4.stage4_block8.block.conv2' → 'stage4.stage4_block8.block.conv3'
[INFO] ✅ Successfully collapsed block 'Region_13' (stage4.stage4_block8.block.conv2 → stage4.stage4_block8.block.conv3) in 0.03s
[STEP] Patching skip connections (if any)...
[STEP] Disabling in-place ReLUs for autograd safety...

[INFO] Processing collapse task 'Region_14': stage4.stage4_block9.block.conv2 → stage4.stage4_block9.block.conv3
[STEP] Calling _collapse_block('stage4.stage4_block9.block.conv2', 'stage4.stage4_block9.block.conv3')

[INFO] ==================== Collapsing Block ====================
[INFO] Start Target : stage4.stage4_block9.block.conv2
[INFO] End Target   : stage4.stage4_block9.block.conv3

[STEP 1] Locating block boundaries and Lowest Common Ancestor (LCA)...
[DEBUG] [LCA] Locating block boundaries: 'stage4.stage4_block9.block.conv2' -> 'stage4.stage4_block9.block.conv3'
[DEBUG] [LCA] Resolved Container: 'stage4.stage4_block9.block' | Type: Sequential

[STEP 2] Simulating Forward Pass & Capturing LCA Activations...
[DEBUG] Capturing I/O hooks for 'stage4.stage4_block9.block.conv2' -> 'stage4.stage4_block9.block.conv3'...

[STEP 3] Probing graph for downstream classifier after 'stage4.stage4_block9.block.conv3'...

[STEP 4] Analyzing topological characteristics for replacement...

[STEP 5] Synthesizing surrogate block and fusing into computational graph...

[STEP] ===== Starting _validate_downstream for 'stage4.stage4_block9.block' =====
[DEBUG] start_idx=3, device=cuda, has_next_linear=True
[STEP] Searching for inserted collapsed module within 'stage4.stage4_block9.block'...
[DEBUG] Found inserted block candidate at index 3: 'conv2'
[STEP] Validating inserted module 'Sequential' at index 3...
[DEBUG] Inserted module forward successful, output shape: (2, 384, 1, 1)
[STEP] Scanning immediate downstream modules for shape or runtime errors...
[RESULT] ✅ Downstream validation for 'stage4.stage4_block9.block' completed successfully.

[INFO] ✅ Framework successfully merged 'stage4.stage4_block9.block.conv2' → 'stage4.stage4_block9.block.conv3'
[INFO] ✅ Successfully collapsed block 'Region_14' (stage4.stage4_block9.block.conv2 → stage4.stage4_block9.block.conv3) in 0.03s
[STEP] Patching skip connections (if any)...
[STEP] Disabling in-place ReLUs for autograd safety...

[INFO] Processing collapse task 'Region_15': stage4.stage4_block10.block.conv2 → stage4.stage4_block10.block.conv3
[STEP] Calling _collapse_block('stage4.stage4_block10.block.conv2', 'stage4.stage4_block10.block.conv3')

[INFO] ==================== Collapsing Block ====================
[INFO] Start Target : stage4.stage4_block10.block.conv2
[INFO] End Target   : stage4.stage4_block10.block.conv3

[STEP 1] Locating block boundaries and Lowest Common Ancestor (LCA)...
[DEBUG] [LCA] Locating block boundaries: 'stage4.stage4_block10.block.conv2' -> 'stage4.stage4_block10.block.conv3'
[DEBUG] [LCA] Resolved Container: 'stage4.stage4_block10.block' | Type: Sequential

[STEP 2] Simulating Forward Pass & Capturing LCA Activations...
[DEBUG] Capturing I/O hooks for 'stage4.stage4_block10.block.conv2' -> 'stage4.stage4_block10.block.conv3'...

[STEP 3] Probing graph for downstream classifier after 'stage4.stage4_block10.block.conv3'...

[STEP 4] Analyzing topological characteristics for replacement...

[STEP 5] Synthesizing surrogate block and fusing into computational graph...

[STEP] ===== Starting _validate_downstream for 'stage4.stage4_block10.block' =====
[DEBUG] start_idx=3, device=cuda, has_next_linear=True
[STEP] Searching for inserted collapsed module within 'stage4.stage4_block10.block'...
[DEBUG] Found inserted block candidate at index 3: 'conv2'
[STEP] Validating inserted module 'Sequential' at index 3...
[DEBUG] Inserted module forward successful, output shape: (2, 384, 1, 1)
[STEP] Scanning immediate downstream modules for shape or runtime errors...
[RESULT] ✅ Downstream validation for 'stage4.stage4_block10.block' completed successfully.

[INFO] ✅ Framework successfully merged 'stage4.stage4_block10.block.conv2' → 'stage4.stage4_block10.block.conv3'
[INFO] ✅ Successfully collapsed block 'Region_15' (stage4.stage4_block10.block.conv2 → stage4.stage4_block10.block.conv3) in 0.03s
[STEP] Patching skip connections (if any)...
[STEP] Disabling in-place ReLUs for autograd safety...

[INFO] Processing collapse task 'Region_16': stage4.stage4_block11.block.conv2 → stage4.stage4_block11.block.conv3
[STEP] Calling _collapse_block('stage4.stage4_block11.block.conv2', 'stage4.stage4_block11.block.conv3')

[INFO] ==================== Collapsing Block ====================
[INFO] Start Target : stage4.stage4_block11.block.conv2
[INFO] End Target   : stage4.stage4_block11.block.conv3

[STEP 1] Locating block boundaries and Lowest Common Ancestor (LCA)...
[DEBUG] [LCA] Locating block boundaries: 'stage4.stage4_block11.block.conv2' -> 'stage4.stage4_block11.block.conv3'
[DEBUG] [LCA] Resolved Container: 'stage4.stage4_block11.block' | Type: Sequential

[STEP 2] Simulating Forward Pass & Capturing LCA Activations...
[DEBUG] Capturing I/O hooks for 'stage4.stage4_block11.block.conv2' -> 'stage4.stage4_block11.block.conv3'...

[STEP 3] Probing graph for downstream classifier after 'stage4.stage4_block11.block.conv3'...

[STEP 4] Analyzing topological characteristics for replacement...

[STEP 5] Synthesizing surrogate block and fusing into computational graph...

[STEP] ===== Starting _validate_downstream for 'stage4.stage4_block11.block' =====
[DEBUG] start_idx=3, device=cuda, has_next_linear=True
[STEP] Searching for inserted collapsed module within 'stage4.stage4_block11.block'...
[DEBUG] Found inserted block candidate at index 3: 'conv2'
[STEP] Validating inserted module 'Sequential' at index 3...
[DEBUG] Inserted module forward successful, output shape: (2, 384, 1, 1)
[STEP] Scanning immediate downstream modules for shape or runtime errors...
[RESULT] ✅ Downstream validation for 'stage4.stage4_block11.block' completed successfully.

[INFO] ✅ Framework successfully merged 'stage4.stage4_block11.block.conv2' → 'stage4.stage4_block11.block.conv3'
[INFO] ✅ Successfully collapsed block 'Region_16' (stage4.stage4_block11.block.conv2 → stage4.stage4_block11.block.conv3) in 0.03s
[STEP] Patching skip connections (if any)...
[STEP] Disabling in-place ReLUs for autograd safety...

[STEP] Wrapping pooling layers safely...

[STEP] ===== Collapse summary =====
[INFO] Parameters before: 4,811,012
[INFO] Parameters after : 4,032,260
[INFO] ΔParams = +778,752 (expected ≤ 0)
[INFO] Collapse counts: success=17, failed=0, skipped=0
[INFO] Total collapse runtime: 1.32s
[RESULT] ✅ collapse_only complete. Total targets: 17 | success=17 | failed=0 | skipped=0
[INFO] Structural collapse completed in 1.32s
[INFO] Searching for checkpoint matching: ../Tranfer/RegNetX_400MF_Cifar100_checkpoint_Finetuned_0.488000.pth_epochs100_pretrain300
[INFO] Found matching checkpoint: ../Tranfer/RegNetX_400MF_Cifar100_checkpoint_Finetuned_0.488000.pth_epochs100_pretrain300/checkpoints/final_JF_Dynamic_Region_All_Combined.pt
[INFO] Loading weights: ../Tranfer/RegNetX_400MF_Cifar100_checkpoint_Finetuned_0.488000.pth_epochs100_pretrain300/checkpoints/final_JF_Dynamic_Region_All_Combined.pt
[INFO] Checkpoint extracted. Candidate state dict keys: 411
[INFO] Weights loaded in 0.35s

[INFO] Calculating dynamic sparsity to match collapse...
[INFO] Target unstructured sparsity calculated at: 16.19%
[INFO] IMP checkpoint not found. Starting on-the-fly finetuning...

[INFO] Starting Iterative Magnitude Pruning (IMP) for 100 epochs...
[INFO] Compounding prune rate: 0.24% per step over 75 steps.
[INFO] Epoch 1/100 - Train Loss: 0.5799
[INFO] Epoch 2/100 - Train Loss: 0.2455
[INFO] Epoch 3/100 - Train Loss: 0.2030
[INFO] Epoch 4/100 - Train Loss: 0.1824
[INFO] Epoch 5/100 - Train Loss: 0.1609
[INFO] Epoch 6/100 - Train Loss: 0.1569
[INFO] Epoch 7/100 - Train Loss: 0.1451
[INFO] Epoch 8/100 - Train Loss: 0.1297
[INFO] Epoch 9/100 - Train Loss: 0.1348
[INFO] Epoch 10/100 - Train Loss: 0.1232
[INFO] Epoch 11/100 - Train Loss: 0.1132
[INFO] Epoch 12/100 - Train Loss: 0.1117
[INFO] Epoch 13/100 - Train Loss: 0.0992
[INFO] Epoch 14/100 - Train Loss: 0.0955
[INFO] Epoch 15/100 - Train Loss: 0.0909
[INFO] Epoch 16/100 - Train Loss: 0.0870
[INFO] Epoch 17/100 - Train Loss: 0.0866
[INFO] Epoch 18/100 - Train Loss: 0.0873
[INFO] Epoch 19/100 - Train Loss: 0.0853
[INFO] Epoch 20/100 - Train Loss: 0.0829
[INFO] Epoch 21/100 - Train Loss: 0.0826
[INFO] Epoch 22/100 - Train Loss: 0.0799
[INFO] Epoch 23/100 - Train Loss: 0.0734
[INFO] Epoch 24/100 - Train Loss: 0.0711
[INFO] Epoch 25/100 - Train Loss: 0.0702
[INFO] Epoch 26/100 - Train Loss: 0.0714
[INFO] Epoch 27/100 - Train Loss: 0.0666
[INFO] Epoch 28/100 - Train Loss: 0.0619
[INFO] Epoch 29/100 - Train Loss: 0.0645
[INFO] Epoch 30/100 - Train Loss: 0.0635
[INFO] Epoch 31/100 - Train Loss: 0.0614
[INFO] Epoch 32/100 - Train Loss: 0.0614
[INFO] Epoch 33/100 - Train Loss: 0.0580
[INFO] Epoch 34/100 - Train Loss: 0.0577
[INFO] Epoch 35/100 - Train Loss: 0.0567
[INFO] Epoch 36/100 - Train Loss: 0.0567
[INFO] Epoch 37/100 - Train Loss: 0.0587
[INFO] Epoch 38/100 - Train Loss: 0.0561
[INFO] Epoch 39/100 - Train Loss: 0.0575
[INFO] Epoch 40/100 - Train Loss: 0.0535
[INFO] Epoch 41/100 - Train Loss: 0.0515
[INFO] Epoch 42/100 - Train Loss: 0.0499
[INFO] Epoch 43/100 - Train Loss: 0.0487
[INFO] Epoch 44/100 - Train Loss: 0.0512
[INFO] Epoch 45/100 - Train Loss: 0.0501
[INFO] Epoch 46/100 - Train Loss: 0.0507
[INFO] Epoch 47/100 - Train Loss: 0.0472
[INFO] Epoch 48/100 - Train Loss: 0.0494
[INFO] Epoch 49/100 - Train Loss: 0.0459
[INFO] Epoch 50/100 - Train Loss: 0.0442
[INFO] Epoch 51/100 - Train Loss: 0.0431
[INFO] Epoch 52/100 - Train Loss: 0.0419
[INFO] Epoch 53/100 - Train Loss: 0.0434
[INFO] Epoch 54/100 - Train Loss: 0.0447
[INFO] Epoch 55/100 - Train Loss: 0.0451
[INFO] Epoch 56/100 - Train Loss: 0.0422
[INFO] Epoch 57/100 - Train Loss: 0.0412
[INFO] Epoch 58/100 - Train Loss: 0.0411
[INFO] Epoch 59/100 - Train Loss: 0.0381
[INFO] Epoch 60/100 - Train Loss: 0.0374
[INFO] Epoch 61/100 - Train Loss: 0.0429
[INFO] Epoch 62/100 - Train Loss: 0.0381
[INFO] Epoch 63/100 - Train Loss: 0.0402
[INFO] Epoch 64/100 - Train Loss: 0.0406
[INFO] Epoch 65/100 - Train Loss: 0.0414
[INFO] Epoch 66/100 - Train Loss: 0.0368
[INFO] Epoch 67/100 - Train Loss: 0.0385
[INFO] Epoch 68/100 - Train Loss: 0.0389
[INFO] Epoch 69/100 - Train Loss: 0.0410
[INFO] Epoch 70/100 - Train Loss: 0.0406
[INFO] Epoch 71/100 - Train Loss: 0.0413
[INFO] Epoch 72/100 - Train Loss: 0.0386
[INFO] Epoch 73/100 - Train Loss: 0.0404
[INFO] Epoch 74/100 - Train Loss: 0.0385
[INFO] Epoch 75/100 - Train Loss: 0.0380
[INFO] Epoch 76/100 - Train Loss: 0.0344
[INFO] Epoch 77/100 - Train Loss: 0.0344
[INFO] Epoch 78/100 - Train Loss: 0.0325
[INFO] Epoch 79/100 - Train Loss: 0.0315
[INFO] Epoch 80/100 - Train Loss: 0.0353
[INFO] Epoch 81/100 - Train Loss: 0.0363
[INFO] Epoch 82/100 - Train Loss: 0.0342
[INFO] Epoch 83/100 - Train Loss: 0.0377
[INFO] Epoch 84/100 - Train Loss: 0.0334
[INFO] Epoch 85/100 - Train Loss: 0.0382
[INFO] Epoch 86/100 - Train Loss: 0.0325
[INFO] Epoch 87/100 - Train Loss: 0.0322
[INFO] Epoch 88/100 - Train Loss: 0.0330
[INFO] Epoch 89/100 - Train Loss: 0.0316
[INFO] Epoch 90/100 - Train Loss: 0.0341
[INFO] Epoch 91/100 - Train Loss: 0.0331
[INFO] Epoch 92/100 - Train Loss: 0.0330
[INFO] Epoch 93/100 - Train Loss: 0.0360
[INFO] Epoch 94/100 - Train Loss: 0.0351
[INFO] Epoch 95/100 - Train Loss: 0.0333
[INFO] Epoch 96/100 - Train Loss: 0.0333
[INFO] Epoch 97/100 - Train Loss: 0.0390
[INFO] Epoch 98/100 - Train Loss: 0.0349
[INFO] Epoch 99/100 - Train Loss: 0.0335
[INFO] Epoch 100/100 - Train Loss: 0.0340
[INFO] IMP training energy: 230.84W avg, 686246.51J total (2972.84s)
[INFO] IMP model checkpoint saved to ../Tranfer/RegNetX_400MF_Cifar100_checkpoint_Finetuned_0.488000.pth_epochs100_pretrain300/checkpoints/final_JF_Unstructured_IMP_post100.pt


[INFO] Evaluating model accuracy, power draw, and energy consumption...
[INFO] Starting accuracy and energy evaluation...
[INFO] Evaluation complete: acc=0.3577, power=69.01W, energy=208.60J, time=3.02s
[INFO] Starting accuracy and energy evaluation...
[INFO] Evaluation complete: acc=0.3535, power=72.00W, energy=212.33J, time=2.95s
[INFO] Starting accuracy and energy evaluation...
[INFO] Evaluation complete: acc=0.3991, power=72.46W, energy=191.93J, time=2.65s
[RESULT] Accuracy Original:     0.3577 | Power: 69.01W | Energy: 208.60J
[RESULT] Accuracy Unstructured: 0.3535 | Power: 72.00W | Energy: 212.33J
[RESULT] Accuracy Collapsed:    0.3991 | Power: 72.46W | Energy: 191.93J

[INFO] Extracting features and computing CKA...
[INFO] Extracting features from 10 batches...
[INFO] Feature extraction target layer: AdaptiveAvgPool2d
[INFO] Feature extraction batch 1/10
[INFO] Feature extraction batch 2/10
[INFO] Feature extraction batch 3/10
[INFO] Feature extraction batch 4/10
[INFO] Feature extraction batch 5/10
[INFO] Feature extraction batch 6/10
[INFO] Feature extraction batch 7/10
[INFO] Feature extraction batch 8/10
[INFO] Feature extraction batch 9/10
[INFO] Feature extraction batch 10/10
[INFO] Feature extraction complete: shape=(5120, 384), time=1.42s
[INFO] Extracting features from 10 batches...
[INFO] Feature extraction target layer: AdaptiveAvgPool2d
[INFO] Feature extraction batch 1/10
[INFO] Feature extraction batch 2/10
[INFO] Feature extraction batch 3/10
[INFO] Feature extraction batch 4/10
[INFO] Feature extraction batch 5/10
[INFO] Feature extraction batch 6/10
[INFO] Feature extraction batch 7/10
[INFO] Feature extraction batch 8/10
[INFO] Feature extraction batch 9/10
[INFO] Feature extraction batch 10/10
[INFO] Feature extraction complete: shape=(5120, 384), time=1.43s
[INFO] Extracting features from 10 batches...
[INFO] Feature extraction target layer: AdaptiveAvgPool2d
[INFO] Feature extraction batch 1/10
[INFO] Feature extraction batch 2/10
[INFO] Feature extraction batch 3/10
[INFO] Feature extraction batch 4/10
[INFO] Feature extraction batch 5/10
[INFO] Feature extraction batch 6/10
[INFO] Feature extraction batch 7/10
[INFO] Feature extraction batch 8/10
[INFO] Feature extraction batch 9/10
[INFO] Feature extraction batch 10/10
[INFO] Feature extraction complete: shape=(5120, 384), time=1.38s
[INFO] Computing CKA: features_x=(5120, 384), features_y=(5120, 384)
[INFO] CKA complete: score=0.057917, time=0.07s
[INFO] Computing CKA: features_x=(5120, 384), features_y=(5120, 384)
[INFO] CKA complete: score=0.001357, time=0.00s
[RESULT] CKA Unstructured: 0.057917
[RESULT] CKA Collapsed:    0.001357

[INFO] Extracting first batch for adversarial evaluation...
[INFO] Running FGSM attack (epsilon=0.03)...
       -> original Accuracy: 0.1426
       -> unstructured Accuracy: 0.1641
       -> collapsed Accuracy: 0.1387
[INFO] Running PGD attack (epsilon=0.03)...
       -> original Accuracy: 0.0781
       -> unstructured Accuracy: 0.1055
       -> collapsed Accuracy: 0.0859
[INFO] Checkpoint completed in 2998.92s

======================================================================
[INFO] Saving final results...
[INFO] Results successfully saved to 'cka_results_RegNetX_400MF_Cifar100_pre300_post100.csv'
[INFO] Total successful experiments: 1
[INFO] Total runtime: 3000.36s

======================================================================
FINAL RESULTS
======================================================================
           model   dataset  pre_epochs  post_epochs                                                                                                               model_before  intermediate_epoch  acc_original_after  acc_unstructured  acc_collapsed  power_watts_original  energy_joules_original  power_watts_unstructured  energy_joules_unstructured  power_watts_collapsed  energy_joules_collapsed  cka_unstructured  cka_collapsed  adv_acc_FGSM_original  adv_acc_FGSM_unstructured  adv_acc_FGSM_collapsed  adv_acc_PGD_original  adv_acc_PGD_unstructured  adv_acc_PGD_collapsed
0  RegNetX_400MF  Cifar100         300          100  ../Tranfer/RegNetX_400MF_Cifar100_checkpoint_Finetuned_0.488000.pth_epochs100_pretrain300/checkpoints/final_JF_Control.pt                   0              0.3577            0.3535         0.3991                 69.01                   208.6                      72.0                      212.33                  72.46                   191.93          0.057917       0.001357               0.142578                   0.164062                0.138672              0.078125                  0.105469               0.085938
