======================================================================
Starting Comparison Post-Processing Pipeline
Model: MobileNet | Dataset: tinyimagenet | Device: cuda
Epochs Config: pre=300, post=100
Output File: cka_results_MobileNet_tinyimagenet_pre300_post100.csv
CUDA device: NVIDIA GeForce RTX 2080 Ti
======================================================================
[INFO] Searching for model checkpoints...
[INFO] Found 1 'before' checkpoints.
[INFO] Found 0 collapsed checkpoints.
[INFO] Found 0 'after' checkpoints.

======================================================================
Processing checkpoint 1/1
Path: ../Tranfer/MobileNet_tinyimagenet_None_epochs100_pretrain300/checkpoints/final_JF_Control.pt
======================================================================
[INFO] Parsing experiment directory...
[INFO] Initializing baseline model...
[INFO] Initializing architecture: model=MobileNet, dataset=tinyimagenet
Loading Tiny ImageNet data for MobileNet...
[DEBUG] TinyImageNet root: /old_Users/jgafur/LTH/manuscript/structured_study/.temp/tiny-imagenet-200
[DEBUG] TinyImageNet train dir exists: True
[DEBUG] TinyImageNet val dir exists: True
[DEBUG] TinyImageNet train samples: 100000 | classes: 200
[DEBUG] TinyImageNet val samples: 10000
[DEBUG] TinyImageNet train sample tensor shape: (3, 64, 64)
[DEBUG] TinyImageNet val sample tensor shape: (3, 64, 64)
[INFO] Loading weights: ../Tranfer/MobileNet_tinyimagenet_None_epochs100_pretrain300/checkpoints/final_JF_Control.pt
[INFO] Checkpoint extracted. Candidate state dict keys: 164
[INFO] Weights loaded in 0.57s

[INFO] Loading original post-finetuning model...
[INFO] Searching for checkpoint matching: ../Tranfer/MobileNet_tinyimagenet_None_epochs100_pretrain300
[ERROR] Failed processing checkpoint: ../Tranfer/MobileNet_tinyimagenet_None_epochs100_pretrain300/checkpoints/final_JF_Control.pt
[ERROR] FileNotFoundError: No matching checkpoint found for ../Tranfer/MobileNet_tinyimagenet_None_epochs100_pretrain300

======================================================================
[INFO] Saving final results...
[INFO] Results successfully saved to 'cka_results_MobileNet_tinyimagenet_pre300_post100.csv'
[INFO] Total successful experiments: 0
[INFO] Total runtime: 7.77s

======================================================================
FINAL RESULTS
======================================================================
Empty DataFrame
Columns: []
Index: []
