Saved 15 initial parameters.
Saved 15 initial parameters.
Pretrain epoch 1/10 - Accuracy: 2.509000%, Loss: 0.0392
Pretrain epoch 2/10 - Accuracy: 4.619000%, Loss: 0.0370
Pretrain epoch 3/10 - Accuracy: 7.205000%, Loss: 0.0349
Pretrain epoch 4/10 - Accuracy: 9.307000%, Loss: 0.0335
Pretrain epoch 5/10 - Accuracy: 10.605000%, Loss: 0.0326
Pretrain epoch 6/10 - Accuracy: 12.655000%, Loss: 0.0314
Pretrain epoch 7/10 - Accuracy: 14.510000%, Loss: 0.0305
Pretrain epoch 8/10 - Accuracy: 15.873000%, Loss: 0.0298
Pretrain epoch 9/10 - Accuracy: 17.047000%, Loss: 0.0292
Pretrain epoch 10/10 - Accuracy: 18.041000%, Loss: 0.0288
Saved 15 initial parameters.
[Eval Epoch] CPU ΔMem/sample: 0.0002 MB | GPU Peak: 1167.984128 MB | Time: 309.766803s
Evaluation - Accuracy: 0.210000%, Loss: 0.0715
Checkpoint saved: ./pruning_checkpoints/Vgg16_datasettinyimagenet_pretrain10_finetune30_steps21_batch128_devicecuda_strategy_magnitude/checkpoint_Original_0.000000.pth
Finetune epoch 1/30 - Accuracy: 19.350000%, Loss: 0.0283
Finetune epoch 2/30 - Accuracy: 20.316000%, Loss: 0.0278
Finetune epoch 3/30 - Accuracy: 21.230000%, Loss: 0.0275
Finetune epoch 4/30 - Accuracy: 22.249000%, Loss: 0.0271
Finetune epoch 5/30 - Accuracy: 23.136000%, Loss: 0.0267
Finetune epoch 6/30 - Accuracy: 24.036000%, Loss: 0.0264
Finetune epoch 7/30 - Accuracy: 24.834000%, Loss: 0.0260
Finetune epoch 8/30 - Accuracy: 25.604000%, Loss: 0.0257
Finetune epoch 9/30 - Accuracy: 26.266000%, Loss: 0.0255
Finetune epoch 10/30 - Accuracy: 26.837000%, Loss: 0.0253
Finetune epoch 11/30 - Accuracy: 27.482000%, Loss: 0.0250
Finetune epoch 12/30 - Accuracy: 27.900000%, Loss: 0.0249
Finetune epoch 13/30 - Accuracy: 28.127000%, Loss: 0.0247
Finetune epoch 14/30 - Accuracy: 28.758000%, Loss: 0.0245
Finetune epoch 15/30 - Accuracy: 29.113000%, Loss: 0.0245
Finetune epoch 16/30 - Accuracy: 29.538000%, Loss: 0.0243
Finetune epoch 17/30 - Accuracy: 29.949000%, Loss: 0.0241
Finetune epoch 18/30 - Accuracy: 30.180000%, Loss: 0.0240
Finetune epoch 19/30 - Accuracy: 30.722000%, Loss: 0.0239
Finetune epoch 20/30 - Accuracy: 30.939000%, Loss: 0.0238
Finetune epoch 21/30 - Accuracy: 30.997000%, Loss: 0.0238
Finetune epoch 22/30 - Accuracy: 31.464000%, Loss: 0.0236
Finetune epoch 23/30 - Accuracy: 31.541000%, Loss: 0.0235
Finetune epoch 24/30 - Accuracy: 31.669000%, Loss: 0.0235
Finetune epoch 25/30 - Accuracy: 32.035000%, Loss: 0.0234
Finetune epoch 26/30 - Accuracy: 32.273000%, Loss: 0.0233
Finetune epoch 27/30 - Accuracy: 32.436000%, Loss: 0.0232
Finetune epoch 28/30 - Accuracy: 32.723000%, Loss: 0.0232
Finetune epoch 29/30 - Accuracy: 32.684000%, Loss: 0.0232
Finetune epoch 30/30 - Accuracy: 33.036000%, Loss: 0.0231
[Eval Epoch] CPU ΔMem/sample: 0.0000 MB | GPU Peak: 1332.073472 MB | Time: 10.285683s
Evaluation - Accuracy: 0.520000%, Loss: 0.0711
Checkpoint saved: ./pruning_checkpoints/Vgg16_datasettinyimagenet_pretrain10_finetune30_steps21_batch128_devicecuda_strategy_magnitude/checkpoint_Finetuned_0.000000.pth
[Eval Epoch] CPU ΔMem/sample: 0.0000 MB | GPU Peak: 1333.515264 MB | Time: 9.011626s
Evaluation - Accuracy: 0.520000%, Loss: 0.0711
Checkpoint saved: ./pruning_checkpoints/Vgg16_datasettinyimagenet_pretrain10_finetune30_steps21_batch128_devicecuda_strategy_magnitude/checkpoint_Trained_0.000000.pth
Checkpoint saved: ./pruning_checkpoints/Vgg16_datasettinyimagenet_pretrain10_finetune30_steps21_batch128_devicecuda_strategy_magnitude/checkpoint_Pruned_0.000000.pth
Pruner state updated and saved.
[Eval Epoch] CPU ΔMem/sample: 0.0000 MB | GPU Peak: 1333.515264 MB | Time: 9.911142s
Evaluation - Accuracy: 0.000000%, Loss: 0.3956
Checkpoint saved: ./pruning_checkpoints/Vgg16_datasettinyimagenet_pretrain10_finetune30_steps21_batch128_devicecuda_strategy_magnitude/checkpoint_Original_0.200000.pth
Finetune epoch 1/30 - Accuracy: 20.014000%, Loss: 0.0277
Finetune epoch 2/30 - Accuracy: 22.816000%, Loss: 0.0263
Finetune epoch 3/30 - Accuracy: 24.063000%, Loss: 0.0259
Finetune epoch 4/30 - Accuracy: 24.849000%, Loss: 0.0256
Finetune epoch 5/30 - Accuracy: 25.474000%, Loss: 0.0253
Finetune epoch 6/30 - Accuracy: 26.043000%, Loss: 0.0251
Finetune epoch 7/30 - Accuracy: 26.355000%, Loss: 0.0249
Finetune epoch 8/30 - Accuracy: 26.761000%, Loss: 0.0247
Finetune epoch 9/30 - Accuracy: 27.326000%, Loss: 0.0245
Finetune epoch 10/30 - Accuracy: 27.665000%, Loss: 0.0244
Finetune epoch 11/30 - Accuracy: 28.067000%, Loss: 0.0242
Finetune epoch 12/30 - Accuracy: 28.564000%, Loss: 0.0241
Finetune epoch 13/30 - Accuracy: 28.846000%, Loss: 0.0240
Finetune epoch 14/30 - Accuracy: 29.152000%, Loss: 0.0238
Finetune epoch 15/30 - Accuracy: 29.616000%, Loss: 0.0236
Finetune epoch 16/30 - Accuracy: 29.910000%, Loss: 0.0235
Finetune epoch 17/30 - Accuracy: 30.154000%, Loss: 0.0234
Finetune epoch 18/30 - Accuracy: 30.432000%, Loss: 0.0233
Finetune epoch 19/30 - Accuracy: 30.840000%, Loss: 0.0231
Finetune epoch 20/30 - Accuracy: 31.146000%, Loss: 0.0230
Finetune epoch 21/30 - Accuracy: 31.261000%, Loss: 0.0229
Finetune epoch 22/30 - Accuracy: 31.666000%, Loss: 0.0228
Finetune epoch 23/30 - Accuracy: 32.022000%, Loss: 0.0226
Finetune epoch 24/30 - Accuracy: 32.325000%, Loss: 0.0225
Finetune epoch 25/30 - Accuracy: 32.766000%, Loss: 0.0224
Finetune epoch 26/30 - Accuracy: 33.093000%, Loss: 0.0223
Finetune epoch 27/30 - Accuracy: 33.524000%, Loss: 0.0221
Finetune epoch 28/30 - Accuracy: 33.682000%, Loss: 0.0220
Finetune epoch 29/30 - Accuracy: 33.968000%, Loss: 0.0219
Finetune epoch 30/30 - Accuracy: 34.450000%, Loss: 0.0218
[Eval Epoch] CPU ΔMem/sample: 0.0000 MB | GPU Peak: 1333.515264 MB | Time: 14.610533s
Evaluation - Accuracy: 0.400000%, Loss: 0.0897
Checkpoint saved: ./pruning_checkpoints/Vgg16_datasettinyimagenet_pretrain10_finetune30_steps21_batch128_devicecuda_strategy_magnitude/checkpoint_Finetuned_0.200000.pth
[Eval Epoch] CPU ΔMem/sample: 0.0000 MB | GPU Peak: 1374.571520 MB | Time: 8.830283s
Evaluation - Accuracy: 0.390000%, Loss: 0.0894
Checkpoint saved: ./pruning_checkpoints/Vgg16_datasettinyimagenet_pretrain10_finetune30_steps21_batch128_devicecuda_strategy_magnitude/checkpoint_Trained_0.200000.pth
Checkpoint saved: ./pruning_checkpoints/Vgg16_datasettinyimagenet_pretrain10_finetune30_steps21_batch128_devicecuda_strategy_magnitude/checkpoint_Pruned_0.200000.pth
Pruner state updated and saved.
[Eval Epoch] CPU ΔMem/sample: 0.0000 MB | GPU Peak: 1373.916160 MB | Time: 8.773281s
Evaluation - Accuracy: 0.290000%, Loss: 0.2814
Checkpoint saved: ./pruning_checkpoints/Vgg16_datasettinyimagenet_pretrain10_finetune30_steps21_batch128_devicecuda_strategy_magnitude/checkpoint_Original_0.360000.pth
Finetune epoch 1/30 - Accuracy: 24.096000%, Loss: 0.0259
Finetune epoch 2/30 - Accuracy: 25.888000%, Loss: 0.0252
Finetune epoch 3/30 - Accuracy: 26.699000%, Loss: 0.0248
Finetune epoch 4/30 - Accuracy: 27.374000%, Loss: 0.0246
Finetune epoch 5/30 - Accuracy: 27.863000%, Loss: 0.0243
Finetune epoch 6/30 - Accuracy: 28.349000%, Loss: 0.0241
Finetune epoch 7/30 - Accuracy: 28.635000%, Loss: 0.0240
Finetune epoch 8/30 - Accuracy: 29.143000%, Loss: 0.0238
Finetune epoch 9/30 - Accuracy: 29.539000%, Loss: 0.0237
Finetune epoch 10/30 - Accuracy: 30.167000%, Loss: 0.0235
Finetune epoch 11/30 - Accuracy: 30.257000%, Loss: 0.0234
Finetune epoch 12/30 - Accuracy: 30.471000%, Loss: 0.0232
Finetune epoch 13/30 - Accuracy: 30.942000%, Loss: 0.0231
Finetune epoch 14/30 - Accuracy: 31.303000%, Loss: 0.0230
Finetune epoch 15/30 - Accuracy: 31.577000%, Loss: 0.0228
Finetune epoch 16/30 - Accuracy: 32.143000%, Loss: 0.0227
Finetune epoch 17/30 - Accuracy: 32.568000%, Loss: 0.0225
Finetune epoch 18/30 - Accuracy: 32.582000%, Loss: 0.0225
Finetune epoch 19/30 - Accuracy: 33.300000%, Loss: 0.0223
Finetune epoch 20/30 - Accuracy: 33.478000%, Loss: 0.0222
Finetune epoch 21/30 - Accuracy: 33.812000%, Loss: 0.0220
Finetune epoch 22/30 - Accuracy: 34.044000%, Loss: 0.0220
Finetune epoch 23/30 - Accuracy: 34.632000%, Loss: 0.0217
Finetune epoch 24/30 - Accuracy: 34.990000%, Loss: 0.0216
Finetune epoch 25/30 - Accuracy: 35.359000%, Loss: 0.0216
Finetune epoch 26/30 - Accuracy: 35.577000%, Loss: 0.0214
Finetune epoch 27/30 - Accuracy: 35.752000%, Loss: 0.0213
Finetune epoch 28/30 - Accuracy: 36.234000%, Loss: 0.0211
Finetune epoch 29/30 - Accuracy: 36.729000%, Loss: 0.0210
Finetune epoch 30/30 - Accuracy: 37.024000%, Loss: 0.0208
[Eval Epoch] CPU ΔMem/sample: 0.0000 MB | GPU Peak: 1373.654016 MB | Time: 9.834381s
Evaluation - Accuracy: 0.410000%, Loss: 0.0951
Checkpoint saved: ./pruning_checkpoints/Vgg16_datasettinyimagenet_pretrain10_finetune30_steps21_batch128_devicecuda_strategy_magnitude/checkpoint_Finetuned_0.360000.pth
[Eval Epoch] CPU ΔMem/sample: 0.0000 MB | GPU Peak: 1375.751168 MB | Time: 8.676649s
Evaluation - Accuracy: 0.410000%, Loss: 0.0931
Checkpoint saved: ./pruning_checkpoints/Vgg16_datasettinyimagenet_pretrain10_finetune30_steps21_batch128_devicecuda_strategy_magnitude/checkpoint_Trained_0.360000.pth
Checkpoint saved: ./pruning_checkpoints/Vgg16_datasettinyimagenet_pretrain10_finetune30_steps21_batch128_devicecuda_strategy_magnitude/checkpoint_Pruned_0.360000.pth
Pruner state updated and saved.
[Eval Epoch] CPU ΔMem/sample: 0.0000 MB | GPU Peak: 1375.882240 MB | Time: 8.997168s
Evaluation - Accuracy: 0.270000%, Loss: 0.3411
Checkpoint saved: ./pruning_checkpoints/Vgg16_datasettinyimagenet_pretrain10_finetune30_steps21_batch128_devicecuda_strategy_magnitude/checkpoint_Original_0.488000.pth
Finetune epoch 1/30 - Accuracy: 25.892000%, Loss: 0.0253
Finetune epoch 2/30 - Accuracy: 27.891000%, Loss: 0.0245
Finetune epoch 3/30 - Accuracy: 28.513000%, Loss: 0.0242
Finetune epoch 4/30 - Accuracy: 28.848000%, Loss: 0.0239
Finetune epoch 5/30 - Accuracy: 29.678000%, Loss: 0.0236
Finetune epoch 6/30 - Accuracy: 30.174000%, Loss: 0.0234
Finetune epoch 7/30 - Accuracy: 30.532000%, Loss: 0.0233
Finetune epoch 8/30 - Accuracy: 31.334000%, Loss: 0.0229
Finetune epoch 9/30 - Accuracy: 31.778000%, Loss: 0.0228
Finetune epoch 10/30 - Accuracy: 32.271000%, Loss: 0.0226
Finetune epoch 11/30 - Accuracy: 32.508000%, Loss: 0.0225
Finetune epoch 12/30 - Accuracy: 33.052000%, Loss: 0.0223
Finetune epoch 13/30 - Accuracy: 33.673000%, Loss: 0.0221
Finetune epoch 14/30 - Accuracy: 33.901000%, Loss: 0.0220
Finetune epoch 15/30 - Accuracy: 34.204000%, Loss: 0.0219
Finetune epoch 16/30 - Accuracy: 34.821000%, Loss: 0.0217
Finetune epoch 17/30 - Accuracy: 34.947000%, Loss: 0.0216
Finetune epoch 18/30 - Accuracy: 35.594000%, Loss: 0.0214
Finetune epoch 19/30 - Accuracy: 35.883000%, Loss: 0.0213
Finetune epoch 20/30 - Accuracy: 36.138000%, Loss: 0.0211
Finetune epoch 21/30 - Accuracy: 36.420000%, Loss: 0.0210
Finetune epoch 22/30 - Accuracy: 36.960000%, Loss: 0.0209
Finetune epoch 23/30 - Accuracy: 37.209000%, Loss: 0.0208
Finetune epoch 24/30 - Accuracy: 37.495000%, Loss: 0.0207
Finetune epoch 25/30 - Accuracy: 38.079000%, Loss: 0.0205
Finetune epoch 26/30 - Accuracy: 38.104000%, Loss: 0.0205
Finetune epoch 27/30 - Accuracy: 38.683000%, Loss: 0.0203
Finetune epoch 28/30 - Accuracy: 39.015000%, Loss: 0.0202
Finetune epoch 29/30 - Accuracy: 39.183000%, Loss: 0.0201
Finetune epoch 30/30 - Accuracy: 39.341000%, Loss: 0.0200
[Eval Epoch] CPU ΔMem/sample: 0.0000 MB | GPU Peak: 1375.620096 MB | Time: 10.513967s
Evaluation - Accuracy: 0.510000%, Loss: 0.0991
Checkpoint saved: ./pruning_checkpoints/Vgg16_datasettinyimagenet_pretrain10_finetune30_steps21_batch128_devicecuda_strategy_magnitude/checkpoint_Finetuned_0.488000.pth
[Eval Epoch] CPU ΔMem/sample: 0.0000 MB | GPU Peak: 1377.192960 MB | Time: 9.114268s
Evaluation - Accuracy: 0.510000%, Loss: 0.0944
Checkpoint saved: ./pruning_checkpoints/Vgg16_datasettinyimagenet_pretrain10_finetune30_steps21_batch128_devicecuda_strategy_magnitude/checkpoint_Trained_0.488000.pth
Checkpoint saved: ./pruning_checkpoints/Vgg16_datasettinyimagenet_pretrain10_finetune30_steps21_batch128_devicecuda_strategy_magnitude/checkpoint_Pruned_0.488000.pth
Pruner state updated and saved.
[Eval Epoch] CPU ΔMem/sample: 0.0000 MB | GPU Peak: 1376.930816 MB | Time: 8.919206s
Evaluation - Accuracy: 0.230000%, Loss: 0.3326
Checkpoint saved: ./pruning_checkpoints/Vgg16_datasettinyimagenet_pretrain10_finetune30_steps21_batch128_devicecuda_strategy_magnitude/checkpoint_Original_0.590400.pth
Finetune epoch 1/30 - Accuracy: 27.020000%, Loss: 0.0248
Finetune epoch 2/30 - Accuracy: 28.991000%, Loss: 0.0239
Finetune epoch 3/30 - Accuracy: 30.281000%, Loss: 0.0234
Finetune epoch 4/30 - Accuracy: 31.051000%, Loss: 0.0231
Finetune epoch 5/30 - Accuracy: 32.152000%, Loss: 0.0228
Finetune epoch 6/30 - Accuracy: 32.573000%, Loss: 0.0225
Finetune epoch 7/30 - Accuracy: 33.451000%, Loss: 0.0223
Finetune epoch 8/30 - Accuracy: 34.069000%, Loss: 0.0220
Finetune epoch 9/30 - Accuracy: 34.325000%, Loss: 0.0218
Finetune epoch 10/30 - Accuracy: 35.077000%, Loss: 0.0216
Finetune epoch 11/30 - Accuracy: 35.495000%, Loss: 0.0214
Finetune epoch 12/30 - Accuracy: 35.839000%, Loss: 0.0213
Finetune epoch 13/30 - Accuracy: 36.503000%, Loss: 0.0211
Finetune epoch 14/30 - Accuracy: 36.778000%, Loss: 0.0210
Finetune epoch 15/30 - Accuracy: 37.106000%, Loss: 0.0208
Finetune epoch 16/30 - Accuracy: 37.707000%, Loss: 0.0206
Finetune epoch 17/30 - Accuracy: 38.015000%, Loss: 0.0205
Finetune epoch 18/30 - Accuracy: 38.377000%, Loss: 0.0204
Finetune epoch 19/30 - Accuracy: 38.762000%, Loss: 0.0202
Finetune epoch 20/30 - Accuracy: 39.001000%, Loss: 0.0201
Finetune epoch 21/30 - Accuracy: 39.513000%, Loss: 0.0200
Finetune epoch 22/30 - Accuracy: 39.886000%, Loss: 0.0198
Finetune epoch 23/30 - Accuracy: 40.331000%, Loss: 0.0197
Finetune epoch 24/30 - Accuracy: 40.406000%, Loss: 0.0196
Finetune epoch 25/30 - Accuracy: 40.746000%, Loss: 0.0195
Finetune epoch 26/30 - Accuracy: 41.105000%, Loss: 0.0194
Finetune epoch 27/30 - Accuracy: 41.234000%, Loss: 0.0193
Finetune epoch 28/30 - Accuracy: 41.590000%, Loss: 0.0192
Finetune epoch 29/30 - Accuracy: 41.860000%, Loss: 0.0191
Finetune epoch 30/30 - Accuracy: 42.341000%, Loss: 0.0189
[Eval Epoch] CPU ΔMem/sample: 0.0000 MB | GPU Peak: 1376.668672 MB | Time: 9.941619s
Evaluation - Accuracy: 0.470000%, Loss: 0.1041
Checkpoint saved: ./pruning_checkpoints/Vgg16_datasettinyimagenet_pretrain10_finetune30_steps21_batch128_devicecuda_strategy_magnitude/checkpoint_Finetuned_0.590400.pth
[Eval Epoch] CPU ΔMem/sample: 0.0000 MB | GPU Peak: 1375.489024 MB | Time: 9.106411s
Evaluation - Accuracy: 0.480000%, Loss: 0.0964
Checkpoint saved: ./pruning_checkpoints/Vgg16_datasettinyimagenet_pretrain10_finetune30_steps21_batch128_devicecuda_strategy_magnitude/checkpoint_Trained_0.590400.pth
Checkpoint saved: ./pruning_checkpoints/Vgg16_datasettinyimagenet_pretrain10_finetune30_steps21_batch128_devicecuda_strategy_magnitude/checkpoint_Pruned_0.590400.pth
Pruner state updated and saved.
[Eval Epoch] CPU ΔMem/sample: 0.0000 MB | GPU Peak: 1374.833664 MB | Time: 8.749597s
Evaluation - Accuracy: 0.260000%, Loss: 0.2510
Checkpoint saved: ./pruning_checkpoints/Vgg16_datasettinyimagenet_pretrain10_finetune30_steps21_batch128_devicecuda_strategy_magnitude/checkpoint_Original_0.672320.pth
Finetune epoch 1/30 - Accuracy: 28.268000%, Loss: 0.0243
Finetune epoch 2/30 - Accuracy: 30.640000%, Loss: 0.0232
Finetune epoch 3/30 - Accuracy: 32.554000%, Loss: 0.0226
Finetune epoch 4/30 - Accuracy: 33.612000%, Loss: 0.0222
Finetune epoch 5/30 - Accuracy: 34.710000%, Loss: 0.0218
Finetune epoch 6/30 - Accuracy: 35.601000%, Loss: 0.0214
Finetune epoch 7/30 - Accuracy: 36.195000%, Loss: 0.0211
Finetune epoch 8/30 - Accuracy: 37.058000%, Loss: 0.0209
Finetune epoch 9/30 - Accuracy: 37.697000%, Loss: 0.0207
Finetune epoch 10/30 - Accuracy: 38.066000%, Loss: 0.0205
Finetune epoch 11/30 - Accuracy: 38.700000%, Loss: 0.0203
Finetune epoch 12/30 - Accuracy: 38.867000%, Loss: 0.0202
Finetune epoch 13/30 - Accuracy: 39.559000%, Loss: 0.0200
Finetune epoch 14/30 - Accuracy: 39.879000%, Loss: 0.0199
Finetune epoch 15/30 - Accuracy: 40.280000%, Loss: 0.0197
Finetune epoch 16/30 - Accuracy: 40.728000%, Loss: 0.0196
Finetune epoch 17/30 - Accuracy: 40.939000%, Loss: 0.0194
Finetune epoch 18/30 - Accuracy: 41.317000%, Loss: 0.0193
Finetune epoch 19/30 - Accuracy: 41.550000%, Loss: 0.0192
Finetune epoch 20/30 - Accuracy: 42.104000%, Loss: 0.0190
Finetune epoch 21/30 - Accuracy: 42.128000%, Loss: 0.0190
Finetune epoch 22/30 - Accuracy: 42.610000%, Loss: 0.0189
Finetune epoch 23/30 - Accuracy: 42.705000%, Loss: 0.0188
Finetune epoch 24/30 - Accuracy: 43.366000%, Loss: 0.0186
Finetune epoch 25/30 - Accuracy: 43.624000%, Loss: 0.0185
Finetune epoch 26/30 - Accuracy: 43.639000%, Loss: 0.0184
Finetune epoch 27/30 - Accuracy: 43.759000%, Loss: 0.0183
Finetune epoch 28/30 - Accuracy: 44.359000%, Loss: 0.0182
Finetune epoch 29/30 - Accuracy: 44.456000%, Loss: 0.0182
Finetune epoch 30/30 - Accuracy: 44.675000%, Loss: 0.0181
[Eval Epoch] CPU ΔMem/sample: 0.0000 MB | GPU Peak: 1374.440448 MB | Time: 10.017582s
Evaluation - Accuracy: 0.420000%, Loss: 0.1075
Checkpoint saved: ./pruning_checkpoints/Vgg16_datasettinyimagenet_pretrain10_finetune30_steps21_batch128_devicecuda_strategy_magnitude/checkpoint_Finetuned_0.672320.pth
[Eval Epoch] CPU ΔMem/sample: 0.0000 MB | GPU Peak: 1372.605440 MB | Time: 8.858124s
Evaluation - Accuracy: 0.430000%, Loss: 0.0946
Checkpoint saved: ./pruning_checkpoints/Vgg16_datasettinyimagenet_pretrain10_finetune30_steps21_batch128_devicecuda_strategy_magnitude/checkpoint_Trained_0.672320.pth
Checkpoint saved: ./pruning_checkpoints/Vgg16_datasettinyimagenet_pretrain10_finetune30_steps21_batch128_devicecuda_strategy_magnitude/checkpoint_Pruned_0.672320.pth
Pruner state updated and saved.
[Eval Epoch] CPU ΔMem/sample: 0.0000 MB | GPU Peak: 1374.047232 MB | Time: 221.917989s
Evaluation - Accuracy: 0.190000%, Loss: 0.1953
Checkpoint saved: ./pruning_checkpoints/Vgg16_datasettinyimagenet_pretrain10_finetune30_steps21_batch128_devicecuda_strategy_magnitude/checkpoint_Original_0.737856.pth
Finetune epoch 1/30 - Accuracy: 29.511000%, Loss: 0.0239
Finetune epoch 2/30 - Accuracy: 32.695000%, Loss: 0.0225
Finetune epoch 3/30 - Accuracy: 34.676000%, Loss: 0.0217
Finetune epoch 4/30 - Accuracy: 36.242000%, Loss: 0.0212
Finetune epoch 5/30 - Accuracy: 37.363000%, Loss: 0.0208
Finetune epoch 6/30 - Accuracy: 38.247000%, Loss: 0.0205
Finetune epoch 7/30 - Accuracy: 38.879000%, Loss: 0.0202
Finetune epoch 8/30 - Accuracy: 39.530000%, Loss: 0.0199
Finetune epoch 9/30 - Accuracy: 40.060000%, Loss: 0.0197
Finetune epoch 10/30 - Accuracy: 40.463000%, Loss: 0.0196
Finetune epoch 11/30 - Accuracy: 41.024000%, Loss: 0.0194
Finetune epoch 12/30 - Accuracy: 41.501000%, Loss: 0.0192
Finetune epoch 13/30 - Accuracy: 41.803000%, Loss: 0.0191
Finetune epoch 14/30 - Accuracy: 42.423000%, Loss: 0.0189
Finetune epoch 15/30 - Accuracy: 42.770000%, Loss: 0.0189
Finetune epoch 16/30 - Accuracy: 43.117000%, Loss: 0.0187
Finetune epoch 17/30 - Accuracy: 43.271000%, Loss: 0.0186
Finetune epoch 18/30 - Accuracy: 43.633000%, Loss: 0.0184
Finetune epoch 19/30 - Accuracy: 44.275000%, Loss: 0.0183
Finetune epoch 20/30 - Accuracy: 44.359000%, Loss: 0.0182
Finetune epoch 21/30 - Accuracy: 44.675000%, Loss: 0.0181
