Saved 15 initial parameters.
Saved 15 initial parameters.
Pretrain epoch 1/10 - Accuracy: 43.573767%, Loss: 0.0130
Pretrain epoch 2/10 - Accuracy: 63.934946%, Loss: 0.0087
Pretrain epoch 3/10 - Accuracy: 71.570388%, Loss: 0.0070
Pretrain epoch 4/10 - Accuracy: 76.396663%, Loss: 0.0058
Pretrain epoch 5/10 - Accuracy: 80.166860%, Loss: 0.0048
Pretrain epoch 6/10 - Accuracy: 83.071074%, Loss: 0.0041
Pretrain epoch 7/10 - Accuracy: 85.795755%, Loss: 0.0033
Pretrain epoch 8/10 - Accuracy: 88.552117%, Loss: 0.0028
Pretrain epoch 9/10 - Accuracy: 90.146795%, Loss: 0.0023
Pretrain epoch 10/10 - Accuracy: 92.121660%, Loss: 0.0018
Saved 15 initial parameters.
[Eval Epoch] CPU ΔMem/sample: 0.0006 MB | GPU Peak: 4132.339712 MB | Time: 215.994490s
Evaluation - Accuracy: 78.140127%, Loss: 0.0063
Checkpoint saved: ./pruning_checkpoints/Vgg16_datasetimagenet_pretrain10_finetune30_steps21_batch128_devicecuda_strategy_magnitude/checkpoint_Original_0.000000.pth
Finetune epoch 1/30 - Accuracy: 93.325589%, Loss: 0.0016
Finetune epoch 2/30 - Accuracy: 94.656247%, Loss: 0.0013
Finetune epoch 3/30 - Accuracy: 95.110360%, Loss: 0.0011
Finetune epoch 4/30 - Accuracy: 95.395501%, Loss: 0.0011
Finetune epoch 5/30 - Accuracy: 96.113634%, Loss: 0.0009
Finetune epoch 6/30 - Accuracy: 97.074665%, Loss: 0.0007
Finetune epoch 7/30 - Accuracy: 97.053543%, Loss: 0.0007
Finetune epoch 8/30 - Accuracy: 98.056817%, Loss: 0.0004
Finetune epoch 9/30 - Accuracy: 97.750554%, Loss: 0.0005
Finetune epoch 10/30 - Accuracy: 98.056817%, Loss: 0.0004
Finetune epoch 11/30 - Accuracy: 98.183546%, Loss: 0.0004
Finetune epoch 12/30 - Accuracy: 98.627099%, Loss: 0.0003
Finetune epoch 13/30 - Accuracy: 98.532052%, Loss: 0.0004
Finetune epoch 14/30 - Accuracy: 98.605977%, Loss: 0.0003
Finetune epoch 15/30 - Accuracy: 99.049530%, Loss: 0.0002
Finetune epoch 16/30 - Accuracy: 99.102334%, Loss: 0.0002
Finetune epoch 17/30 - Accuracy: 99.049530%, Loss: 0.0002
Finetune epoch 18/30 - Accuracy: 98.954483%, Loss: 0.0003
Finetune epoch 19/30 - Accuracy: 99.176259%, Loss: 0.0002
Finetune epoch 20/30 - Accuracy: 99.239624%, Loss: 0.0002
Finetune epoch 21/30 - Accuracy: 99.577569%, Loss: 0.0001
Finetune epoch 22/30 - Accuracy: 99.630373%, Loss: 0.0001
Finetune epoch 23/30 - Accuracy: 99.746541%, Loss: 0.0001
Finetune epoch 24/30 - Accuracy: 99.471961%, Loss: 0.0002
Finetune epoch 25/30 - Accuracy: 99.577569%, Loss: 0.0001
Finetune epoch 26/30 - Accuracy: 99.778224%, Loss: 0.0001
Finetune epoch 27/30 - Accuracy: 99.841588%, Loss: 0.0000
Finetune epoch 28/30 - Accuracy: 99.873271%, Loss: 0.0000
Finetune epoch 29/30 - Accuracy: 99.968318%, Loss: 0.0000
Finetune epoch 30/30 - Accuracy: 99.989439%, Loss: 0.0000
[Eval Epoch] CPU ΔMem/sample: 0.0000 MB | GPU Peak: 4470.213632 MB | Time: 11.739287s
Evaluation - Accuracy: 83.159236%, Loss: 0.0075
Checkpoint saved: ./pruning_checkpoints/Vgg16_datasetimagenet_pretrain10_finetune30_steps21_batch128_devicecuda_strategy_magnitude/checkpoint_Finetuned_0.000000.pth
[Eval Epoch] CPU ΔMem/sample: 0.0000 MB | GPU Peak: 4470.213632 MB | Time: 11.073323s
Evaluation - Accuracy: 83.159236%, Loss: 0.0075
Checkpoint saved: ./pruning_checkpoints/Vgg16_datasetimagenet_pretrain10_finetune30_steps21_batch128_devicecuda_strategy_magnitude/checkpoint_Trained_0.000000.pth
Checkpoint saved: ./pruning_checkpoints/Vgg16_datasetimagenet_pretrain10_finetune30_steps21_batch128_devicecuda_strategy_magnitude/checkpoint_Pruned_0.000000.pth
Pruner state updated and saved.
[Eval Epoch] CPU ΔMem/sample: 0.0000 MB | GPU Peak: 4469.689344 MB | Time: 11.460568s
Evaluation - Accuracy: 74.089172%, Loss: 0.0076
Checkpoint saved: ./pruning_checkpoints/Vgg16_datasetimagenet_pretrain10_finetune30_steps21_batch128_devicecuda_strategy_magnitude/checkpoint_Original_0.200000.pth
Finetune epoch 1/30 - Accuracy: 96.905692%, Loss: 0.0008
Finetune epoch 2/30 - Accuracy: 98.489809%, Loss: 0.0004
Finetune epoch 3/30 - Accuracy: 98.848875%, Loss: 0.0004
Finetune epoch 4/30 - Accuracy: 99.155138%, Loss: 0.0003
Finetune epoch 5/30 - Accuracy: 99.229063%, Loss: 0.0003
Finetune epoch 6/30 - Accuracy: 99.535326%, Loss: 0.0002
Finetune epoch 7/30 - Accuracy: 99.545887%, Loss: 0.0002
Finetune epoch 8/30 - Accuracy: 99.683177%, Loss: 0.0002
Finetune epoch 9/30 - Accuracy: 99.714859%, Loss: 0.0001
Finetune epoch 10/30 - Accuracy: 99.767663%, Loss: 0.0001
Finetune epoch 11/30 - Accuracy: 99.746541%, Loss: 0.0001
Finetune epoch 12/30 - Accuracy: 99.841588%, Loss: 0.0001
Finetune epoch 13/30 - Accuracy: 99.799345%, Loss: 0.0001
Finetune epoch 14/30 - Accuracy: 99.841588%, Loss: 0.0001
Finetune epoch 15/30 - Accuracy: 99.904953%, Loss: 0.0001
Finetune epoch 16/30 - Accuracy: 99.915514%, Loss: 0.0001
Finetune epoch 17/30 - Accuracy: 99.873271%, Loss: 0.0001
Finetune epoch 18/30 - Accuracy: 99.894392%, Loss: 0.0001
Finetune epoch 19/30 - Accuracy: 99.915514%, Loss: 0.0001
Finetune epoch 20/30 - Accuracy: 99.926075%, Loss: 0.0001
Finetune epoch 21/30 - Accuracy: 99.936635%, Loss: 0.0001
Finetune epoch 22/30 - Accuracy: 99.936635%, Loss: 0.0001
Finetune epoch 23/30 - Accuracy: 99.926075%, Loss: 0.0001
Finetune epoch 24/30 - Accuracy: 99.904953%, Loss: 0.0001
Finetune epoch 25/30 - Accuracy: 99.926075%, Loss: 0.0000
Finetune epoch 26/30 - Accuracy: 99.957757%, Loss: 0.0000
Finetune epoch 27/30 - Accuracy: 99.989439%, Loss: 0.0000
Finetune epoch 28/30 - Accuracy: 99.978878%, Loss: 0.0000
Finetune epoch 29/30 - Accuracy: 99.957757%, Loss: 0.0000
Finetune epoch 30/30 - Accuracy: 99.989439%, Loss: 0.0000
[Eval Epoch] CPU ΔMem/sample: 0.0000 MB | GPU Peak: 4469.345280 MB | Time: 11.684595s
Evaluation - Accuracy: 83.388535%, Loss: 0.0065
Checkpoint saved: ./pruning_checkpoints/Vgg16_datasetimagenet_pretrain10_finetune30_steps21_batch128_devicecuda_strategy_magnitude/checkpoint_Finetuned_0.200000.pth
[Eval Epoch] CPU ΔMem/sample: 0.0000 MB | GPU Peak: 4553.446400 MB | Time: 10.859872s
Evaluation - Accuracy: 83.515924%, Loss: 0.0065
Checkpoint saved: ./pruning_checkpoints/Vgg16_datasetimagenet_pretrain10_finetune30_steps21_batch128_devicecuda_strategy_magnitude/checkpoint_Trained_0.200000.pth
Checkpoint saved: ./pruning_checkpoints/Vgg16_datasetimagenet_pretrain10_finetune30_steps21_batch128_devicecuda_strategy_magnitude/checkpoint_Pruned_0.200000.pth
Pruner state updated and saved.
[Eval Epoch] CPU ΔMem/sample: 0.0000 MB | GPU Peak: 4553.549824 MB | Time: 13.314049s
Evaluation - Accuracy: 74.726115%, Loss: 0.0101
Checkpoint saved: ./pruning_checkpoints/Vgg16_datasetimagenet_pretrain10_finetune30_steps21_batch128_devicecuda_strategy_magnitude/checkpoint_Original_0.360000.pth
Finetune epoch 1/30 - Accuracy: 97.845601%, Loss: 0.0005
Finetune epoch 2/30 - Accuracy: 98.827754%, Loss: 0.0003
Finetune epoch 3/30 - Accuracy: 99.155138%, Loss: 0.0003
Finetune epoch 4/30 - Accuracy: 99.355793%, Loss: 0.0002
Finetune epoch 5/30 - Accuracy: 99.651494%, Loss: 0.0002
Finetune epoch 6/30 - Accuracy: 99.725420%, Loss: 0.0002
Finetune epoch 7/30 - Accuracy: 99.651494%, Loss: 0.0002
Finetune epoch 8/30 - Accuracy: 99.735981%, Loss: 0.0001
Finetune epoch 9/30 - Accuracy: 99.883831%, Loss: 0.0001
Finetune epoch 10/30 - Accuracy: 99.767663%, Loss: 0.0001
Finetune epoch 11/30 - Accuracy: 99.778224%, Loss: 0.0001
Finetune epoch 12/30 - Accuracy: 99.852149%, Loss: 0.0001
Finetune epoch 13/30 - Accuracy: 99.873271%, Loss: 0.0001
Finetune epoch 14/30 - Accuracy: 99.904953%, Loss: 0.0001
Finetune epoch 15/30 - Accuracy: 99.904953%, Loss: 0.0001
Finetune epoch 16/30 - Accuracy: 99.926075%, Loss: 0.0001
Finetune epoch 17/30 - Accuracy: 99.873271%, Loss: 0.0001
Finetune epoch 18/30 - Accuracy: 99.883831%, Loss: 0.0001
Finetune epoch 19/30 - Accuracy: 99.957757%, Loss: 0.0001
Finetune epoch 20/30 - Accuracy: 99.852149%, Loss: 0.0001
Finetune epoch 21/30 - Accuracy: 99.947196%, Loss: 0.0001
Finetune epoch 22/30 - Accuracy: 99.915514%, Loss: 0.0001
Finetune epoch 23/30 - Accuracy: 99.894392%, Loss: 0.0001
Finetune epoch 24/30 - Accuracy: 99.947196%, Loss: 0.0000
Finetune epoch 25/30 - Accuracy: 99.957757%, Loss: 0.0000
Finetune epoch 26/30 - Accuracy: 99.947196%, Loss: 0.0000
Finetune epoch 27/30 - Accuracy: 99.968318%, Loss: 0.0000
Finetune epoch 28/30 - Accuracy: 99.968318%, Loss: 0.0000
Finetune epoch 29/30 - Accuracy: 99.978878%, Loss: 0.0000
Finetune epoch 30/30 - Accuracy: 99.936635%, Loss: 0.0000
[Eval Epoch] CPU ΔMem/sample: 0.0000 MB | GPU Peak: 4552.796160 MB | Time: 11.422287s
Evaluation - Accuracy: 83.388535%, Loss: 0.0066
Checkpoint saved: ./pruning_checkpoints/Vgg16_datasetimagenet_pretrain10_finetune30_steps21_batch128_devicecuda_strategy_magnitude/checkpoint_Finetuned_0.360000.pth
[Eval Epoch] CPU ΔMem/sample: 0.0000 MB | GPU Peak: 4552.660992 MB | Time: 11.043611s
Evaluation - Accuracy: 83.566879%, Loss: 0.0064
Checkpoint saved: ./pruning_checkpoints/Vgg16_datasetimagenet_pretrain10_finetune30_steps21_batch128_devicecuda_strategy_magnitude/checkpoint_Trained_0.360000.pth
Checkpoint saved: ./pruning_checkpoints/Vgg16_datasetimagenet_pretrain10_finetune30_steps21_batch128_devicecuda_strategy_magnitude/checkpoint_Pruned_0.360000.pth
Pruner state updated and saved.
[Eval Epoch] CPU ΔMem/sample: 0.0000 MB | GPU Peak: 4553.688064 MB | Time: 272.751507s
Evaluation - Accuracy: 76.560510%, Loss: 0.0093
Checkpoint saved: ./pruning_checkpoints/Vgg16_datasetimagenet_pretrain10_finetune30_steps21_batch128_devicecuda_strategy_magnitude/checkpoint_Original_0.488000.pth
Finetune epoch 1/30 - Accuracy: 98.299715%, Loss: 0.0004
Finetune epoch 2/30 - Accuracy: 99.165699%, Loss: 0.0003
Finetune epoch 3/30 - Accuracy: 99.376914%, Loss: 0.0002
Finetune epoch 4/30 - Accuracy: 99.651494%, Loss: 0.0002
Finetune epoch 5/30 - Accuracy: 99.609251%, Loss: 0.0002
Finetune epoch 6/30 - Accuracy: 99.609251%, Loss: 0.0002
Finetune epoch 7/30 - Accuracy: 99.757102%, Loss: 0.0001
Finetune epoch 8/30 - Accuracy: 99.767663%, Loss: 0.0001
Finetune epoch 9/30 - Accuracy: 99.841588%, Loss: 0.0001
Finetune epoch 10/30 - Accuracy: 99.883831%, Loss: 0.0001
Finetune epoch 11/30 - Accuracy: 99.809906%, Loss: 0.0001
Finetune epoch 12/30 - Accuracy: 99.883831%, Loss: 0.0001
Finetune epoch 13/30 - Accuracy: 99.841588%, Loss: 0.0001
Finetune epoch 14/30 - Accuracy: 99.947196%, Loss: 0.0001
Finetune epoch 15/30 - Accuracy: 99.926075%, Loss: 0.0001
Finetune epoch 16/30 - Accuracy: 99.915514%, Loss: 0.0001
Finetune epoch 17/30 - Accuracy: 99.947196%, Loss: 0.0001
Finetune epoch 18/30 - Accuracy: 99.947196%, Loss: 0.0001
Finetune epoch 19/30 - Accuracy: 99.926075%, Loss: 0.0001
Finetune epoch 20/30 - Accuracy: 99.904953%, Loss: 0.0001
Finetune epoch 21/30 - Accuracy: 99.926075%, Loss: 0.0001
Finetune epoch 22/30 - Accuracy: 99.915514%, Loss: 0.0001
Finetune epoch 23/30 - Accuracy: 99.936635%, Loss: 0.0000
Finetune epoch 24/30 - Accuracy: 99.915514%, Loss: 0.0000
Finetune epoch 25/30 - Accuracy: 99.968318%, Loss: 0.0000
Finetune epoch 26/30 - Accuracy: 99.904953%, Loss: 0.0001
Finetune epoch 27/30 - Accuracy: 99.894392%, Loss: 0.0001
Finetune epoch 28/30 - Accuracy: 99.957757%, Loss: 0.0000
Finetune epoch 29/30 - Accuracy: 99.915514%, Loss: 0.0000
Finetune epoch 30/30 - Accuracy: 99.947196%, Loss: 0.0000
[Eval Epoch] CPU ΔMem/sample: 0.0000 MB | GPU Peak: 4553.901056 MB | Time: 11.539925s
Evaluation - Accuracy: 83.617834%, Loss: 0.0066
Checkpoint saved: ./pruning_checkpoints/Vgg16_datasetimagenet_pretrain10_finetune30_steps21_batch128_devicecuda_strategy_magnitude/checkpoint_Finetuned_0.488000.pth
[Eval Epoch] CPU ΔMem/sample: 0.0000 MB | GPU Peak: 4554.839040 MB | Time: 10.921071s
Evaluation - Accuracy: 83.388535%, Loss: 0.0062
Checkpoint saved: ./pruning_checkpoints/Vgg16_datasetimagenet_pretrain10_finetune30_steps21_batch128_devicecuda_strategy_magnitude/checkpoint_Trained_0.488000.pth
Checkpoint saved: ./pruning_checkpoints/Vgg16_datasetimagenet_pretrain10_finetune30_steps21_batch128_devicecuda_strategy_magnitude/checkpoint_Pruned_0.488000.pth
Pruner state updated and saved.
[Eval Epoch] CPU ΔMem/sample: 0.0000 MB | GPU Peak: 4554.839040 MB | Time: 368.634795s
Evaluation - Accuracy: 77.452229%, Loss: 0.0087
Checkpoint saved: ./pruning_checkpoints/Vgg16_datasetimagenet_pretrain10_finetune30_steps21_batch128_devicecuda_strategy_magnitude/checkpoint_Original_0.590400.pth
Finetune epoch 1/30 - Accuracy: 98.817193%, Loss: 0.0003
Finetune epoch 2/30 - Accuracy: 99.197381%, Loss: 0.0002
Finetune epoch 3/30 - Accuracy: 99.471961%, Loss: 0.0002
Finetune epoch 4/30 - Accuracy: 99.609251%, Loss: 0.0002
Finetune epoch 5/30 - Accuracy: 99.693737%, Loss: 0.0001
Finetune epoch 6/30 - Accuracy: 99.725420%, Loss: 0.0001
Finetune epoch 7/30 - Accuracy: 99.746541%, Loss: 0.0001
Finetune epoch 8/30 - Accuracy: 99.704298%, Loss: 0.0001
Finetune epoch 9/30 - Accuracy: 99.841588%, Loss: 0.0001
Finetune epoch 10/30 - Accuracy: 99.799345%, Loss: 0.0001
Finetune epoch 11/30 - Accuracy: 99.873271%, Loss: 0.0001
Finetune epoch 12/30 - Accuracy: 99.809906%, Loss: 0.0001
Finetune epoch 13/30 - Accuracy: 99.841588%, Loss: 0.0001
Finetune epoch 14/30 - Accuracy: 99.915514%, Loss: 0.0001
Finetune epoch 15/30 - Accuracy: 99.894392%, Loss: 0.0001
Finetune epoch 16/30 - Accuracy: 99.873271%, Loss: 0.0001
Finetune epoch 17/30 - Accuracy: 99.915514%, Loss: 0.0001
Finetune epoch 18/30 - Accuracy: 99.894392%, Loss: 0.0001
Finetune epoch 19/30 - Accuracy: 99.883831%, Loss: 0.0001
Finetune epoch 20/30 - Accuracy: 99.904953%, Loss: 0.0001
Finetune epoch 21/30 - Accuracy: 99.968318%, Loss: 0.0001
Finetune epoch 22/30 - Accuracy: 99.883831%, Loss: 0.0001
Finetune epoch 23/30 - Accuracy: 99.926075%, Loss: 0.0001
Finetune epoch 24/30 - Accuracy: 99.904953%, Loss: 0.0001
Finetune epoch 25/30 - Accuracy: 99.936635%, Loss: 0.0000
Finetune epoch 26/30 - Accuracy: 99.978878%, Loss: 0.0000
Finetune epoch 27/30 - Accuracy: 99.936635%, Loss: 0.0000
Finetune epoch 28/30 - Accuracy: 99.936635%, Loss: 0.0000
Finetune epoch 29/30 - Accuracy: 99.957757%, Loss: 0.0000
Finetune epoch 30/30 - Accuracy: 99.926075%, Loss: 0.0000
[Eval Epoch] CPU ΔMem/sample: 0.0000 MB | GPU Peak: 4554.474496 MB | Time: 11.203526s
Evaluation - Accuracy: 83.719745%, Loss: 0.0065
Checkpoint saved: ./pruning_checkpoints/Vgg16_datasetimagenet_pretrain10_finetune30_steps21_batch128_devicecuda_strategy_magnitude/checkpoint_Finetuned_0.590400.pth
[Eval Epoch] CPU ΔMem/sample: 0.0000 MB | GPU Peak: 4553.290752 MB | Time: 10.977427s
Evaluation - Accuracy: 83.261146%, Loss: 0.0061
Checkpoint saved: ./pruning_checkpoints/Vgg16_datasetimagenet_pretrain10_finetune30_steps21_batch128_devicecuda_strategy_magnitude/checkpoint_Trained_0.590400.pth
Checkpoint saved: ./pruning_checkpoints/Vgg16_datasetimagenet_pretrain10_finetune30_steps21_batch128_devicecuda_strategy_magnitude/checkpoint_Pruned_0.590400.pth
Pruner state updated and saved.
[Eval Epoch] CPU ΔMem/sample: 0.0001 MB | GPU Peak: 4553.378816 MB | Time: 229.930180s
Evaluation - Accuracy: 77.961783%, Loss: 0.0083
Checkpoint saved: ./pruning_checkpoints/Vgg16_datasetimagenet_pretrain10_finetune30_steps21_batch128_devicecuda_strategy_magnitude/checkpoint_Original_0.672320.pth
Finetune epoch 1/30 - Accuracy: 98.827754%, Loss: 0.0003
Finetune epoch 2/30 - Accuracy: 99.387475%, Loss: 0.0002
Finetune epoch 3/30 - Accuracy: 99.651494%, Loss: 0.0002
Finetune epoch 4/30 - Accuracy: 99.672616%, Loss: 0.0002
Finetune epoch 5/30 - Accuracy: 99.567008%, Loss: 0.0002
Finetune epoch 6/30 - Accuracy: 99.757102%, Loss: 0.0001
Finetune epoch 7/30 - Accuracy: 99.714859%, Loss: 0.0001
Finetune epoch 8/30 - Accuracy: 99.820467%, Loss: 0.0001
Finetune epoch 9/30 - Accuracy: 99.725420%, Loss: 0.0001
Finetune epoch 10/30 - Accuracy: 99.841588%, Loss: 0.0001
Finetune epoch 11/30 - Accuracy: 99.852149%, Loss: 0.0001
Finetune epoch 12/30 - Accuracy: 99.873271%, Loss: 0.0001
Finetune epoch 13/30 - Accuracy: 99.862710%, Loss: 0.0001
Finetune epoch 14/30 - Accuracy: 99.883831%, Loss: 0.0001
Finetune epoch 15/30 - Accuracy: 99.915514%, Loss: 0.0001
Finetune epoch 16/30 - Accuracy: 99.915514%, Loss: 0.0001
Finetune epoch 17/30 - Accuracy: 99.936635%, Loss: 0.0001
Finetune epoch 18/30 - Accuracy: 99.947196%, Loss: 0.0001
Finetune epoch 19/30 - Accuracy: 99.904953%, Loss: 0.0001
Finetune epoch 20/30 - Accuracy: 99.873271%, Loss: 0.0001
Finetune epoch 21/30 - Accuracy: 99.947196%, Loss: 0.0001
Finetune epoch 22/30 - Accuracy: 99.894392%, Loss: 0.0001
Finetune epoch 23/30 - Accuracy: 99.894392%, Loss: 0.0001
Finetune epoch 24/30 - Accuracy: 99.936635%, Loss: 0.0001
Finetune epoch 25/30 - Accuracy: 99.873271%, Loss: 0.0001
Finetune epoch 26/30 - Accuracy: 99.947196%, Loss: 0.0000
Finetune epoch 27/30 - Accuracy: 99.947196%, Loss: 0.0001
Finetune epoch 28/30 - Accuracy: 99.968318%, Loss: 0.0000
Finetune epoch 29/30 - Accuracy: 99.957757%, Loss: 0.0000
Finetune epoch 30/30 - Accuracy: 99.978878%, Loss: 0.0000
[Eval Epoch] CPU ΔMem/sample: 0.0000 MB | GPU Peak: 4554.480640 MB | Time: 11.719509s
Evaluation - Accuracy: 83.439490%, Loss: 0.0065
Checkpoint saved: ./pruning_checkpoints/Vgg16_datasetimagenet_pretrain10_finetune30_steps21_batch128_devicecuda_strategy_magnitude/checkpoint_Finetuned_0.672320.pth
[Eval Epoch] CPU ΔMem/sample: 0.0000 MB | GPU Peak: 4554.071040 MB | Time: 10.984433s
Evaluation - Accuracy: 82.980892%, Loss: 0.0062
Checkpoint saved: ./pruning_checkpoints/Vgg16_datasetimagenet_pretrain10_finetune30_steps21_batch128_devicecuda_strategy_magnitude/checkpoint_Trained_0.672320.pth
Checkpoint saved: ./pruning_checkpoints/Vgg16_datasetimagenet_pretrain10_finetune30_steps21_batch128_devicecuda_strategy_magnitude/checkpoint_Pruned_0.672320.pth
Pruner state updated and saved.
[Eval Epoch] CPU ΔMem/sample: 0.0003 MB | GPU Peak: 4553.901056 MB | Time: 128.502781s
Evaluation - Accuracy: 79.261146%, Loss: 0.0073
Checkpoint saved: ./pruning_checkpoints/Vgg16_datasetimagenet_pretrain10_finetune30_steps21_batch128_devicecuda_strategy_magnitude/checkpoint_Original_0.737856.pth
Finetune epoch 1/30 - Accuracy: 99.091773%, Loss: 0.0003
Finetune epoch 2/30 - Accuracy: 99.408596%, Loss: 0.0002
Finetune epoch 3/30 - Accuracy: 99.619812%, Loss: 0.0002
Finetune epoch 4/30 - Accuracy: 99.503643%, Loss: 0.0002
Finetune epoch 5/30 - Accuracy: 99.735981%, Loss: 0.0002
Finetune epoch 6/30 - Accuracy: 99.788784%, Loss: 0.0001
Finetune epoch 7/30 - Accuracy: 99.735981%, Loss: 0.0001
Finetune epoch 8/30 - Accuracy: 99.894392%, Loss: 0.0001
Finetune epoch 9/30 - Accuracy: 99.788784%, Loss: 0.0001
Finetune epoch 10/30 - Accuracy: 99.767663%, Loss: 0.0001
Finetune epoch 11/30 - Accuracy: 99.809906%, Loss: 0.0001
Finetune epoch 12/30 - Accuracy: 99.809906%, Loss: 0.0001
Finetune epoch 13/30 - Accuracy: 99.831028%, Loss: 0.0001
Finetune epoch 14/30 - Accuracy: 99.788784%, Loss: 0.0001
Finetune epoch 15/30 - Accuracy: 99.894392%, Loss: 0.0001
Finetune epoch 16/30 - Accuracy: 99.947196%, Loss: 0.0001
Finetune epoch 17/30 - Accuracy: 99.926075%, Loss: 0.0001
Finetune epoch 18/30 - Accuracy: 99.883831%, Loss: 0.0001
Finetune epoch 19/30 - Accuracy: 99.904953%, Loss: 0.0001
Finetune epoch 20/30 - Accuracy: 99.915514%, Loss: 0.0001
Finetune epoch 21/30 - Accuracy: 99.873271%, Loss: 0.0001
Finetune epoch 22/30 - Accuracy: 99.915514%, Loss: 0.0001
Finetune epoch 23/30 - Accuracy: 99.968318%, Loss: 0.0001
Finetune epoch 24/30 - Accuracy: 99.915514%, Loss: 0.0001
Finetune epoch 25/30 - Accuracy: 99.894392%, Loss: 0.0001
Finetune epoch 26/30 - Accuracy: 99.926075%, Loss: 0.0001
Finetune epoch 27/30 - Accuracy: 99.947196%, Loss: 0.0001
Finetune epoch 28/30 - Accuracy: 99.915514%, Loss: 0.0001
Finetune epoch 29/30 - Accuracy: 99.926075%, Loss: 0.0001
Finetune epoch 30/30 - Accuracy: 99.968318%, Loss: 0.0000
[Eval Epoch] CPU ΔMem/sample: 0.0006 MB | GPU Peak: 3787.224064 MB | Time: 14.678081s
Evaluation - Accuracy: 83.770701%, Loss: 0.0063
Checkpoint saved: ./pruning_checkpoints/Vgg16_datasetimagenet_pretrain10_finetune30_steps21_batch128_devicecuda_strategy_magnitude/checkpoint_Finetuned_0.737856.pth
[Eval Epoch] CPU ΔMem/sample: 0.0000 MB | GPU Peak: 3787.432960 MB | Time: 11.124512s
Evaluation - Accuracy: 83.668790%, Loss: 0.0057
Checkpoint saved: ./pruning_checkpoints/Vgg16_datasetimagenet_pretrain10_finetune30_steps21_batch128_devicecuda_strategy_magnitude/checkpoint_Trained_0.737856.pth
Checkpoint saved: ./pruning_checkpoints/Vgg16_datasetimagenet_pretrain10_finetune30_steps21_batch128_devicecuda_strategy_magnitude/checkpoint_Pruned_0.737856.pth
