Saved 15 initial parameters.
Saved 15 initial parameters.
Pretrain epoch 1/10 - Accuracy: 44.217974%, Loss: 0.0127
Pretrain epoch 2/10 - Accuracy: 64.631957%, Loss: 0.0084
Pretrain epoch 3/10 - Accuracy: 71.929454%, Loss: 0.0068
Pretrain epoch 4/10 - Accuracy: 76.956384%, Loss: 0.0056
Pretrain epoch 5/10 - Accuracy: 80.367515%, Loss: 0.0047
Pretrain epoch 6/10 - Accuracy: 83.525187%, Loss: 0.0040
Pretrain epoch 7/10 - Accuracy: 86.080896%, Loss: 0.0033
Pretrain epoch 8/10 - Accuracy: 88.678847%, Loss: 0.0027
Pretrain epoch 9/10 - Accuracy: 89.935579%, Loss: 0.0023
Pretrain epoch 10/10 - Accuracy: 92.406801%, Loss: 0.0018
Saved 15 initial parameters.
[Eval Epoch] CPU ΔMem/sample: 0.0005 MB | GPU Peak: 3081.847296 MB | Time: 167.531694s
Evaluation - Accuracy: 77.656051%, Loss: 0.0066
Checkpoint saved: ./pruning_checkpoints/Vgg16_datasetimagenet_pretrain10_finetune30_steps21_batch128_devicecuda_strategy_magnitude/checkpoint_Original_0.790285.pth
Finetune epoch 1/30 - Accuracy: 93.040448%, Loss: 0.0017
Finetune epoch 2/30 - Accuracy: 94.550639%, Loss: 0.0012
Finetune epoch 3/30 - Accuracy: 95.479987%, Loss: 0.0011
Finetune epoch 4/30 - Accuracy: 96.103073%, Loss: 0.0009
Finetune epoch 5/30 - Accuracy: 96.356532%, Loss: 0.0009
Finetune epoch 6/30 - Accuracy: 97.423170%, Loss: 0.0006
Finetune epoch 7/30 - Accuracy: 97.116908%, Loss: 0.0007
Finetune epoch 8/30 - Accuracy: 97.782237%, Loss: 0.0005
Finetune epoch 9/30 - Accuracy: 98.605977%, Loss: 0.0004
Finetune epoch 10/30 - Accuracy: 98.510930%, Loss: 0.0003
Finetune epoch 11/30 - Accuracy: 98.563734%, Loss: 0.0004
Finetune epoch 12/30 - Accuracy: 98.637660%, Loss: 0.0003
Finetune epoch 13/30 - Accuracy: 98.204668%, Loss: 0.0004
Finetune epoch 14/30 - Accuracy: 98.722146%, Loss: 0.0003
Finetune epoch 15/30 - Accuracy: 98.912240%, Loss: 0.0003
Finetune epoch 16/30 - Accuracy: 98.817193%, Loss: 0.0003
Finetune epoch 17/30 - Accuracy: 98.743268%, Loss: 0.0003
Finetune epoch 18/30 - Accuracy: 98.996726%, Loss: 0.0003
Finetune epoch 19/30 - Accuracy: 99.038969%, Loss: 0.0002
Finetune epoch 20/30 - Accuracy: 99.324110%, Loss: 0.0002
Finetune epoch 21/30 - Accuracy: 99.271306%, Loss: 0.0002
Finetune epoch 22/30 - Accuracy: 99.778224%, Loss: 0.0001
Finetune epoch 23/30 - Accuracy: 99.693737%, Loss: 0.0001
Finetune epoch 24/30 - Accuracy: 99.493083%, Loss: 0.0001
Finetune epoch 25/30 - Accuracy: 99.493083%, Loss: 0.0001
Finetune epoch 26/30 - Accuracy: 99.609251%, Loss: 0.0001
Finetune epoch 27/30 - Accuracy: 99.778224%, Loss: 0.0001
Finetune epoch 28/30 - Accuracy: 99.809906%, Loss: 0.0000
Finetune epoch 29/30 - Accuracy: 99.820467%, Loss: 0.0000
Finetune epoch 30/30 - Accuracy: 99.725420%, Loss: 0.0001
[Eval Epoch] CPU ΔMem/sample: 0.0000 MB | GPU Peak: 3420.425728 MB | Time: 14.723461s
Evaluation - Accuracy: 82.802548%, Loss: 0.0081
Checkpoint saved: ./pruning_checkpoints/Vgg16_datasetimagenet_pretrain10_finetune30_steps21_batch128_devicecuda_strategy_magnitude/checkpoint_Finetuned_0.790285.pth
[Eval Epoch] CPU ΔMem/sample: 0.0000 MB | GPU Peak: 3504.477696 MB | Time: 12.217830s
Evaluation - Accuracy: 80.484076%, Loss: 0.0053
Checkpoint saved: ./pruning_checkpoints/Vgg16_datasetimagenet_pretrain10_finetune30_steps21_batch128_devicecuda_strategy_magnitude/checkpoint_Trained_0.790285.pth
Checkpoint saved: ./pruning_checkpoints/Vgg16_datasetimagenet_pretrain10_finetune30_steps21_batch128_devicecuda_strategy_magnitude/checkpoint_Pruned_0.790285.pth
Pruner state updated and saved.
[Eval Epoch] CPU ΔMem/sample: 0.0000 MB | GPU Peak: 3503.838720 MB | Time: 12.608236s
Evaluation - Accuracy: 79.464968%, Loss: 0.0053
Checkpoint saved: ./pruning_checkpoints/Vgg16_datasetimagenet_pretrain10_finetune30_steps21_batch128_devicecuda_strategy_magnitude/checkpoint_Original_0.832228.pth
Finetune epoch 1/30 - Accuracy: 99.883831%, Loss: 0.0003
Finetune epoch 2/30 - Accuracy: 99.873271%, Loss: 0.0002
Finetune epoch 3/30 - Accuracy: 99.957757%, Loss: 0.0002
Finetune epoch 4/30 - Accuracy: 99.968318%, Loss: 0.0002
Finetune epoch 5/30 - Accuracy: 99.947196%, Loss: 0.0001
Finetune epoch 6/30 - Accuracy: 99.926075%, Loss: 0.0001
Finetune epoch 7/30 - Accuracy: 99.989439%, Loss: 0.0001
Finetune epoch 8/30 - Accuracy: 99.968318%, Loss: 0.0001
Finetune epoch 9/30 - Accuracy: 99.989439%, Loss: 0.0001
Finetune epoch 10/30 - Accuracy: 100.000000%, Loss: 0.0001
Finetune epoch 11/30 - Accuracy: 100.000000%, Loss: 0.0001
Finetune epoch 12/30 - Accuracy: 99.968318%, Loss: 0.0001
Finetune epoch 13/30 - Accuracy: 99.989439%, Loss: 0.0001
Finetune epoch 14/30 - Accuracy: 99.978878%, Loss: 0.0001
Finetune epoch 15/30 - Accuracy: 99.968318%, Loss: 0.0001
Finetune epoch 16/30 - Accuracy: 99.978878%, Loss: 0.0001
Finetune epoch 17/30 - Accuracy: 99.989439%, Loss: 0.0001
Finetune epoch 18/30 - Accuracy: 99.978878%, Loss: 0.0001
Finetune epoch 19/30 - Accuracy: 100.000000%, Loss: 0.0001
Finetune epoch 20/30 - Accuracy: 99.989439%, Loss: 0.0001
Finetune epoch 21/30 - Accuracy: 99.968318%, Loss: 0.0001
Finetune epoch 22/30 - Accuracy: 100.000000%, Loss: 0.0001
Finetune epoch 23/30 - Accuracy: 99.989439%, Loss: 0.0001
Finetune epoch 24/30 - Accuracy: 100.000000%, Loss: 0.0000
Finetune epoch 25/30 - Accuracy: 100.000000%, Loss: 0.0000
Finetune epoch 26/30 - Accuracy: 99.989439%, Loss: 0.0000
Finetune epoch 27/30 - Accuracy: 99.978878%, Loss: 0.0000
Finetune epoch 28/30 - Accuracy: 100.000000%, Loss: 0.0000
Finetune epoch 29/30 - Accuracy: 99.989439%, Loss: 0.0000
Finetune epoch 30/30 - Accuracy: 100.000000%, Loss: 0.0000
[Eval Epoch] CPU ΔMem/sample: 0.0000 MB | GPU Peak: 3502.380544 MB | Time: 17.834633s
Evaluation - Accuracy: 84.636943%, Loss: 0.0051
Checkpoint saved: ./pruning_checkpoints/Vgg16_datasetimagenet_pretrain10_finetune30_steps21_batch128_devicecuda_strategy_magnitude/checkpoint_Finetuned_0.832228.pth
[Eval Epoch] CPU ΔMem/sample: 0.0000 MB | GPU Peak: 3502.835200 MB | Time: 12.087035s
Evaluation - Accuracy: 78.522293%, Loss: 0.0057
Checkpoint saved: ./pruning_checkpoints/Vgg16_datasetimagenet_pretrain10_finetune30_steps21_batch128_devicecuda_strategy_magnitude/checkpoint_Trained_0.832228.pth
Checkpoint saved: ./pruning_checkpoints/Vgg16_datasetimagenet_pretrain10_finetune30_steps21_batch128_devicecuda_strategy_magnitude/checkpoint_Pruned_0.832228.pth
Pruner state updated and saved.
[Eval Epoch] CPU ΔMem/sample: 0.0000 MB | GPU Peak: 3503.113728 MB | Time: 25.789887s
Evaluation - Accuracy: 79.414013%, Loss: 0.0051
Checkpoint saved: ./pruning_checkpoints/Vgg16_datasetimagenet_pretrain10_finetune30_steps21_batch128_devicecuda_strategy_magnitude/checkpoint_Original_0.865782.pth
Finetune epoch 1/30 - Accuracy: 99.123455%, Loss: 0.0006
Finetune epoch 2/30 - Accuracy: 99.144577%, Loss: 0.0005
Finetune epoch 3/30 - Accuracy: 99.355793%, Loss: 0.0005
Finetune epoch 4/30 - Accuracy: 99.281867%, Loss: 0.0004
Finetune epoch 5/30 - Accuracy: 99.376914%, Loss: 0.0004
Finetune epoch 6/30 - Accuracy: 99.567008%, Loss: 0.0004
Finetune epoch 7/30 - Accuracy: 99.324110%, Loss: 0.0003
Finetune epoch 8/30 - Accuracy: 99.598690%, Loss: 0.0003
Finetune epoch 9/30 - Accuracy: 99.577569%, Loss: 0.0003
Finetune epoch 10/30 - Accuracy: 99.683177%, Loss: 0.0003
Finetune epoch 11/30 - Accuracy: 99.524765%, Loss: 0.0003
Finetune epoch 12/30 - Accuracy: 99.672616%, Loss: 0.0003
Finetune epoch 13/30 - Accuracy: 99.651494%, Loss: 0.0002
Finetune epoch 14/30 - Accuracy: 99.735981%, Loss: 0.0002
Finetune epoch 15/30 - Accuracy: 99.852149%, Loss: 0.0002
Finetune epoch 16/30 - Accuracy: 99.746541%, Loss: 0.0002
Finetune epoch 17/30 - Accuracy: 99.799345%, Loss: 0.0002
Finetune epoch 18/30 - Accuracy: 99.873271%, Loss: 0.0002
Finetune epoch 19/30 - Accuracy: 99.883831%, Loss: 0.0002
Finetune epoch 20/30 - Accuracy: 99.778224%, Loss: 0.0002
Finetune epoch 21/30 - Accuracy: 99.809906%, Loss: 0.0002
Finetune epoch 22/30 - Accuracy: 99.873271%, Loss: 0.0001
Finetune epoch 23/30 - Accuracy: 99.820467%, Loss: 0.0001
Finetune epoch 24/30 - Accuracy: 99.862710%, Loss: 0.0001
Finetune epoch 25/30 - Accuracy: 99.894392%, Loss: 0.0001
Finetune epoch 26/30 - Accuracy: 99.873271%, Loss: 0.0001
Finetune epoch 27/30 - Accuracy: 99.926075%, Loss: 0.0001
Finetune epoch 28/30 - Accuracy: 99.904953%, Loss: 0.0001
Finetune epoch 29/30 - Accuracy: 99.947196%, Loss: 0.0001
Finetune epoch 30/30 - Accuracy: 99.926075%, Loss: 0.0001
[Eval Epoch] CPU ΔMem/sample: 0.0000 MB | GPU Peak: 3502.802432 MB | Time: 12.912586s
Evaluation - Accuracy: 84.560510%, Loss: 0.0050
Checkpoint saved: ./pruning_checkpoints/Vgg16_datasetimagenet_pretrain10_finetune30_steps21_batch128_devicecuda_strategy_magnitude/checkpoint_Finetuned_0.865782.pth
[Eval Epoch] CPU ΔMem/sample: 0.0000 MB | GPU Peak: 3502.802432 MB | Time: 11.733908s
Evaluation - Accuracy: 73.019108%, Loss: 0.0068
Checkpoint saved: ./pruning_checkpoints/Vgg16_datasetimagenet_pretrain10_finetune30_steps21_batch128_devicecuda_strategy_magnitude/checkpoint_Trained_0.865782.pth
Checkpoint saved: ./pruning_checkpoints/Vgg16_datasetimagenet_pretrain10_finetune30_steps21_batch128_devicecuda_strategy_magnitude/checkpoint_Pruned_0.865782.pth
Pruner state updated and saved.
[Eval Epoch] CPU ΔMem/sample: 0.0005 MB | GPU Peak: 3503.162880 MB | Time: 119.719689s
Evaluation - Accuracy: 78.012739%, Loss: 0.0054
Checkpoint saved: ./pruning_checkpoints/Vgg16_datasetimagenet_pretrain10_finetune30_steps21_batch128_devicecuda_strategy_magnitude/checkpoint_Original_0.892626.pth
Finetune epoch 1/30 - Accuracy: 98.774950%, Loss: 0.0008
Finetune epoch 2/30 - Accuracy: 99.218502%, Loss: 0.0006
Finetune epoch 3/30 - Accuracy: 99.450840%, Loss: 0.0005
Finetune epoch 4/30 - Accuracy: 99.630373%, Loss: 0.0004
Finetune epoch 5/30 - Accuracy: 99.503643%, Loss: 0.0004
Finetune epoch 6/30 - Accuracy: 99.619812%, Loss: 0.0004
Finetune epoch 7/30 - Accuracy: 99.514204%, Loss: 0.0003
Finetune epoch 8/30 - Accuracy: 99.651494%, Loss: 0.0003
Finetune epoch 9/30 - Accuracy: 99.704298%, Loss: 0.0003
Finetune epoch 10/30 - Accuracy: 99.630373%, Loss: 0.0003
Finetune epoch 11/30 - Accuracy: 99.619812%, Loss: 0.0003
Finetune epoch 12/30 - Accuracy: 99.725420%, Loss: 0.0003
Finetune epoch 13/30 - Accuracy: 99.735981%, Loss: 0.0002
Finetune epoch 14/30 - Accuracy: 99.820467%, Loss: 0.0002
Finetune epoch 15/30 - Accuracy: 99.883831%, Loss: 0.0002
Finetune epoch 16/30 - Accuracy: 99.820467%, Loss: 0.0002
Finetune epoch 17/30 - Accuracy: 99.831028%, Loss: 0.0002
Finetune epoch 18/30 - Accuracy: 99.926075%, Loss: 0.0002
Finetune epoch 19/30 - Accuracy: 99.883831%, Loss: 0.0002
Finetune epoch 20/30 - Accuracy: 99.883831%, Loss: 0.0002
Finetune epoch 21/30 - Accuracy: 99.915514%, Loss: 0.0001
Finetune epoch 22/30 - Accuracy: 99.947196%, Loss: 0.0001
Finetune epoch 23/30 - Accuracy: 99.883831%, Loss: 0.0001
Finetune epoch 24/30 - Accuracy: 99.947196%, Loss: 0.0001
Finetune epoch 25/30 - Accuracy: 99.957757%, Loss: 0.0001
Finetune epoch 26/30 - Accuracy: 99.873271%, Loss: 0.0001
Finetune epoch 27/30 - Accuracy: 99.904953%, Loss: 0.0001
Finetune epoch 28/30 - Accuracy: 99.915514%, Loss: 0.0001
Finetune epoch 29/30 - Accuracy: 99.915514%, Loss: 0.0001
Finetune epoch 30/30 - Accuracy: 99.947196%, Loss: 0.0001
[Eval Epoch] CPU ΔMem/sample: 0.0000 MB | GPU Peak: 3503.474176 MB | Time: 14.236387s
Evaluation - Accuracy: 84.254777%, Loss: 0.0051
Checkpoint saved: ./pruning_checkpoints/Vgg16_datasetimagenet_pretrain10_finetune30_steps21_batch128_devicecuda_strategy_magnitude/checkpoint_Finetuned_0.892626.pth
[Eval Epoch] CPU ΔMem/sample: 0.0000 MB | GPU Peak: 3503.474176 MB | Time: 11.831728s
Evaluation - Accuracy: 66.547771%, Loss: 0.0099
Checkpoint saved: ./pruning_checkpoints/Vgg16_datasetimagenet_pretrain10_finetune30_steps21_batch128_devicecuda_strategy_magnitude/checkpoint_Trained_0.892626.pth
Checkpoint saved: ./pruning_checkpoints/Vgg16_datasetimagenet_pretrain10_finetune30_steps21_batch128_devicecuda_strategy_magnitude/checkpoint_Pruned_0.892626.pth
Pruner state updated and saved.
[Eval Epoch] CPU ΔMem/sample: 0.0005 MB | GPU Peak: 3503.378944 MB | Time: 158.873209s
Evaluation - Accuracy: 76.050955%, Loss: 0.0061
Checkpoint saved: ./pruning_checkpoints/Vgg16_datasetimagenet_pretrain10_finetune30_steps21_batch128_devicecuda_strategy_magnitude/checkpoint_Original_0.914101.pth
Finetune epoch 1/30 - Accuracy: 94.181012%, Loss: 0.0017
Finetune epoch 2/30 - Accuracy: 96.324850%, Loss: 0.0012
Finetune epoch 3/30 - Accuracy: 97.423170%, Loss: 0.0010
Finetune epoch 4/30 - Accuracy: 97.930088%, Loss: 0.0009
Finetune epoch 5/30 - Accuracy: 98.373640%, Loss: 0.0007
Finetune epoch 6/30 - Accuracy: 98.584856%, Loss: 0.0006
Finetune epoch 7/30 - Accuracy: 98.806632%, Loss: 0.0006
Finetune epoch 8/30 - Accuracy: 99.017848%, Loss: 0.0005
Finetune epoch 9/30 - Accuracy: 99.250185%, Loss: 0.0004
Finetune epoch 10/30 - Accuracy: 99.260746%, Loss: 0.0004
Finetune epoch 11/30 - Accuracy: 99.577569%, Loss: 0.0004
Finetune epoch 12/30 - Accuracy: 99.567008%, Loss: 0.0003
Finetune epoch 13/30 - Accuracy: 99.588130%, Loss: 0.0003
Finetune epoch 14/30 - Accuracy: 99.556447%, Loss: 0.0003
Finetune epoch 15/30 - Accuracy: 99.767663%, Loss: 0.0002
Finetune epoch 16/30 - Accuracy: 99.767663%, Loss: 0.0002
Finetune epoch 17/30 - Accuracy: 99.735981%, Loss: 0.0002
Finetune epoch 18/30 - Accuracy: 99.852149%, Loss: 0.0002
Finetune epoch 19/30 - Accuracy: 99.809906%, Loss: 0.0002
Finetune epoch 20/30 - Accuracy: 99.809906%, Loss: 0.0002
Finetune epoch 21/30 - Accuracy: 99.873271%, Loss: 0.0002
Finetune epoch 22/30 - Accuracy: 99.894392%, Loss: 0.0002
Finetune epoch 23/30 - Accuracy: 99.852149%, Loss: 0.0002
Finetune epoch 24/30 - Accuracy: 99.904953%, Loss: 0.0001
Finetune epoch 25/30 - Accuracy: 99.915514%, Loss: 0.0001
Finetune epoch 26/30 - Accuracy: 99.904953%, Loss: 0.0001
Finetune epoch 27/30 - Accuracy: 99.936635%, Loss: 0.0001
Finetune epoch 28/30 - Accuracy: 99.968318%, Loss: 0.0001
Finetune epoch 29/30 - Accuracy: 99.947196%, Loss: 0.0001
Finetune epoch 30/30 - Accuracy: 99.947196%, Loss: 0.0001
[Eval Epoch] CPU ΔMem/sample: 0.0000 MB | GPU Peak: 3502.805504 MB | Time: 12.956426s
Evaluation - Accuracy: 84.178344%, Loss: 0.0049
Checkpoint saved: ./pruning_checkpoints/Vgg16_datasetimagenet_pretrain10_finetune30_steps21_batch128_devicecuda_strategy_magnitude/checkpoint_Finetuned_0.914101.pth
[Eval Epoch] CPU ΔMem/sample: 0.0000 MB | GPU Peak: 3503.084032 MB | Time: 12.288897s
Evaluation - Accuracy: 7.974522%, Loss: 0.0556
Checkpoint saved: ./pruning_checkpoints/Vgg16_datasetimagenet_pretrain10_finetune30_steps21_batch128_devicecuda_strategy_magnitude/checkpoint_Trained_0.914101.pth
Checkpoint saved: ./pruning_checkpoints/Vgg16_datasetimagenet_pretrain10_finetune30_steps21_batch128_devicecuda_strategy_magnitude/checkpoint_Pruned_0.914101.pth
Pruner state updated and saved.
[Eval Epoch] CPU ΔMem/sample: 0.0008 MB | GPU Peak: 3502.818816 MB | Time: 94.864077s
Evaluation - Accuracy: 20.305732%, Loss: 0.0251
Checkpoint saved: ./pruning_checkpoints/Vgg16_datasetimagenet_pretrain10_finetune30_steps21_batch128_devicecuda_strategy_magnitude/checkpoint_Original_0.931281.pth
Finetune epoch 1/30 - Accuracy: 81.497518%, Loss: 0.0046
Finetune epoch 2/30 - Accuracy: 93.906432%, Loss: 0.0018
Finetune epoch 3/30 - Accuracy: 96.176999%, Loss: 0.0013
Finetune epoch 4/30 - Accuracy: 97.222516%, Loss: 0.0010
Finetune epoch 5/30 - Accuracy: 98.067378%, Loss: 0.0008
Finetune epoch 6/30 - Accuracy: 98.679903%, Loss: 0.0006
Finetune epoch 7/30 - Accuracy: 98.975605%, Loss: 0.0005
Finetune epoch 8/30 - Accuracy: 99.144577%, Loss: 0.0005
Finetune epoch 9/30 - Accuracy: 99.229063%, Loss: 0.0004
Finetune epoch 10/30 - Accuracy: 99.640934%, Loss: 0.0003
Finetune epoch 11/30 - Accuracy: 99.693737%, Loss: 0.0003
Finetune epoch 12/30 - Accuracy: 99.725420%, Loss: 0.0003
Finetune epoch 13/30 - Accuracy: 99.799345%, Loss: 0.0002
Finetune epoch 14/30 - Accuracy: 99.841588%, Loss: 0.0002
Finetune epoch 15/30 - Accuracy: 99.831028%, Loss: 0.0002
Finetune epoch 16/30 - Accuracy: 99.852149%, Loss: 0.0002
Finetune epoch 17/30 - Accuracy: 99.883831%, Loss: 0.0002
Finetune epoch 18/30 - Accuracy: 99.904953%, Loss: 0.0002
Finetune epoch 19/30 - Accuracy: 99.947196%, Loss: 0.0001
Finetune epoch 20/30 - Accuracy: 99.936635%, Loss: 0.0001
Finetune epoch 21/30 - Accuracy: 99.957757%, Loss: 0.0001
Finetune epoch 22/30 - Accuracy: 99.978878%, Loss: 0.0001
Finetune epoch 23/30 - Accuracy: 99.915514%, Loss: 0.0001
Finetune epoch 24/30 - Accuracy: 99.968318%, Loss: 0.0001
Finetune epoch 25/30 - Accuracy: 99.947196%, Loss: 0.0001
Finetune epoch 26/30 - Accuracy: 99.989439%, Loss: 0.0001
Finetune epoch 27/30 - Accuracy: 99.978878%, Loss: 0.0001
Finetune epoch 28/30 - Accuracy: 99.968318%, Loss: 0.0001
Finetune epoch 29/30 - Accuracy: 99.989439%, Loss: 0.0001
Finetune epoch 30/30 - Accuracy: 99.989439%, Loss: 0.0001
[Eval Epoch] CPU ΔMem/sample: 0.0000 MB | GPU Peak: 3503.080960 MB | Time: 13.069608s
Evaluation - Accuracy: 84.280255%, Loss: 0.0050
Checkpoint saved: ./pruning_checkpoints/Vgg16_datasetimagenet_pretrain10_finetune30_steps21_batch128_devicecuda_strategy_magnitude/checkpoint_Finetuned_0.931281.pth
[Eval Epoch] CPU ΔMem/sample: 0.0000 MB | GPU Peak: 3502.802432 MB | Time: 12.072928s
Evaluation - Accuracy: 28.815287%, Loss: 0.0626
Checkpoint saved: ./pruning_checkpoints/Vgg16_datasetimagenet_pretrain10_finetune30_steps21_batch128_devicecuda_strategy_magnitude/checkpoint_Trained_0.931281.pth
Checkpoint saved: ./pruning_checkpoints/Vgg16_datasetimagenet_pretrain10_finetune30_steps21_batch128_devicecuda_strategy_magnitude/checkpoint_Pruned_0.931281.pth
Pruner state updated and saved.
[Eval Epoch] CPU ΔMem/sample: 0.0009 MB | GPU Peak: 3502.769664 MB | Time: 54.608260s
Evaluation - Accuracy: 43.821656%, Loss: 0.0254
Checkpoint saved: ./pruning_checkpoints/Vgg16_datasetimagenet_pretrain10_finetune30_steps21_batch128_devicecuda_strategy_magnitude/checkpoint_Original_0.945024.pth
Finetune epoch 1/30 - Accuracy: 77.114796%, Loss: 0.0058
Finetune epoch 2/30 - Accuracy: 86.239307%, Loss: 0.0036
Finetune epoch 3/30 - Accuracy: 88.710529%, Loss: 0.0030
Finetune epoch 4/30 - Accuracy: 90.083430%, Loss: 0.0026
Finetune epoch 5/30 - Accuracy: 91.445770%, Loss: 0.0023
Finetune epoch 6/30 - Accuracy: 92.185025%, Loss: 0.0021
Finetune epoch 7/30 - Accuracy: 93.156616%, Loss: 0.0019
Finetune epoch 8/30 - Accuracy: 93.843067%, Loss: 0.0017
Finetune epoch 9/30 - Accuracy: 94.307741%, Loss: 0.0015
Finetune epoch 10/30 - Accuracy: 95.142042%, Loss: 0.0014
Finetune epoch 11/30 - Accuracy: 95.786250%, Loss: 0.0012
Finetune epoch 12/30 - Accuracy: 96.208681%, Loss: 0.0011
Finetune epoch 13/30 - Accuracy: 96.842328%, Loss: 0.0010
Finetune epoch 14/30 - Accuracy: 97.011300%, Loss: 0.0009
Finetune epoch 15/30 - Accuracy: 97.444292%, Loss: 0.0008
Finetune epoch 16/30 - Accuracy: 97.824480%, Loss: 0.0007
Finetune epoch 17/30 - Accuracy: 98.489809%, Loss: 0.0006
Finetune epoch 18/30 - Accuracy: 98.479248%, Loss: 0.0006
Finetune epoch 19/30 - Accuracy: 98.616538%, Loss: 0.0005
Finetune epoch 20/30 - Accuracy: 98.859436%, Loss: 0.0005
Finetune epoch 21/30 - Accuracy: 99.091773%, Loss: 0.0004
Finetune epoch 22/30 - Accuracy: 99.271306%, Loss: 0.0003
Finetune epoch 23/30 - Accuracy: 99.250185%, Loss: 0.0003
Finetune epoch 24/30 - Accuracy: 99.598690%, Loss: 0.0003
Finetune epoch 25/30 - Accuracy: 99.567008%, Loss: 0.0003
Finetune epoch 26/30 - Accuracy: 99.651494%, Loss: 0.0002
Finetune epoch 27/30 - Accuracy: 99.640934%, Loss: 0.0002
Finetune epoch 28/30 - Accuracy: 99.778224%, Loss: 0.0002
Finetune epoch 29/30 - Accuracy: 99.746541%, Loss: 0.0002
Finetune epoch 30/30 - Accuracy: 99.725420%, Loss: 0.0002
[Eval Epoch] CPU ΔMem/sample: 0.0000 MB | GPU Peak: 3503.425024 MB | Time: 13.650589s
Evaluation - Accuracy: 84.509554%, Loss: 0.0049
Checkpoint saved: ./pruning_checkpoints/Vgg16_datasetimagenet_pretrain10_finetune30_steps21_batch128_devicecuda_strategy_magnitude/checkpoint_Finetuned_0.945024.pth
[Eval Epoch] CPU ΔMem/sample: 0.0000 MB | GPU Peak: 3503.950848 MB | Time: 11.815034s
Evaluation - Accuracy: 5.324841%, Loss: 0.0753
Checkpoint saved: ./pruning_checkpoints/Vgg16_datasetimagenet_pretrain10_finetune30_steps21_batch128_devicecuda_strategy_magnitude/checkpoint_Trained_0.945024.pth
Checkpoint saved: ./pruning_checkpoints/Vgg16_datasetimagenet_pretrain10_finetune30_steps21_batch128_devicecuda_strategy_magnitude/checkpoint_Pruned_0.945024.pth
Pruner state updated and saved.
[Eval Epoch] CPU ΔMem/sample: 0.0011 MB | GPU Peak: 3504.995328 MB | Time: 176.425614s
Evaluation - Accuracy: 9.350318%, Loss: 0.0304
Checkpoint saved: ./pruning_checkpoints/Vgg16_datasetimagenet_pretrain10_finetune30_steps21_batch128_devicecuda_strategy_magnitude/checkpoint_Original_0.956020.pth
Finetune epoch 1/30 - Accuracy: 72.024501%, Loss: 0.0072
Finetune epoch 2/30 - Accuracy: 87.960714%, Loss: 0.0034
Finetune epoch 3/30 - Accuracy: 91.477453%, Loss: 0.0025
Finetune epoch 4/30 - Accuracy: 93.695216%, Loss: 0.0019
Finetune epoch 5/30 - Accuracy: 95.332136%, Loss: 0.0015
Finetune epoch 6/30 - Accuracy: 96.377653%, Loss: 0.0012
Finetune epoch 7/30 - Accuracy: 97.138029%, Loss: 0.0010
Finetune epoch 8/30 - Accuracy: 97.571021%, Loss: 0.0009
Finetune epoch 9/30 - Accuracy: 98.320836%, Loss: 0.0007
Finetune epoch 10/30 - Accuracy: 98.722146%, Loss: 0.0006
Finetune epoch 11/30 - Accuracy: 99.038969%, Loss: 0.0005
Finetune epoch 12/30 - Accuracy: 99.229063%, Loss: 0.0005
Finetune epoch 13/30 - Accuracy: 99.345232%, Loss: 0.0004
Finetune epoch 14/30 - Accuracy: 99.376914%, Loss: 0.0004
Finetune epoch 15/30 - Accuracy: 99.672616%, Loss: 0.0003
Finetune epoch 16/30 - Accuracy: 99.609251%, Loss: 0.0003
Finetune epoch 17/30 - Accuracy: 99.735981%, Loss: 0.0002
Finetune epoch 18/30 - Accuracy: 99.788784%, Loss: 0.0002
Finetune epoch 19/30 - Accuracy: 99.714859%, Loss: 0.0002
Finetune epoch 20/30 - Accuracy: 99.841588%, Loss: 0.0002
Finetune epoch 21/30 - Accuracy: 99.841588%, Loss: 0.0002
Finetune epoch 22/30 - Accuracy: 99.915514%, Loss: 0.0001
Finetune epoch 23/30 - Accuracy: 99.926075%, Loss: 0.0001
Finetune epoch 24/30 - Accuracy: 99.957757%, Loss: 0.0001
Finetune epoch 25/30 - Accuracy: 99.894392%, Loss: 0.0001
Finetune epoch 26/30 - Accuracy: 99.915514%, Loss: 0.0001
Finetune epoch 27/30 - Accuracy: 99.947196%, Loss: 0.0001
Finetune epoch 28/30 - Accuracy: 99.957757%, Loss: 0.0001
Finetune epoch 29/30 - Accuracy: 99.947196%, Loss: 0.0001
Finetune epoch 30/30 - Accuracy: 99.936635%, Loss: 0.0001
[Eval Epoch] CPU ΔMem/sample: 0.0000 MB | GPU Peak: 3504.356352 MB | Time: 14.349929s
Evaluation - Accuracy: 84.560510%, Loss: 0.0050
Checkpoint saved: ./pruning_checkpoints/Vgg16_datasetimagenet_pretrain10_finetune30_steps21_batch128_devicecuda_strategy_magnitude/checkpoint_Finetuned_0.956020.pth
[Eval Epoch] CPU ΔMem/sample: 0.0000 MB | GPU Peak: 3505.735168 MB | Time: 12.003565s
Evaluation - Accuracy: 28.305732%, Loss: 0.0529
Checkpoint saved: ./pruning_checkpoints/Vgg16_datasetimagenet_pretrain10_finetune30_steps21_batch128_devicecuda_strategy_magnitude/checkpoint_Trained_0.956020.pth
Checkpoint saved: ./pruning_checkpoints/Vgg16_datasetimagenet_pretrain10_finetune30_steps21_batch128_devicecuda_strategy_magnitude/checkpoint_Pruned_0.956020.pth
