Saved 44 initial parameters.
Saved 44 initial parameters.
Pretrain epoch 1/10 - Accuracy: 7.130000%, Loss: 0.0324
Pretrain epoch 2/10 - Accuracy: 15.018000%, Loss: 0.0277
Pretrain epoch 3/10 - Accuracy: 20.332000%, Loss: 0.0255
Pretrain epoch 4/10 - Accuracy: 24.366000%, Loss: 0.0237
Pretrain epoch 5/10 - Accuracy: 28.270000%, Loss: 0.0221
Pretrain epoch 6/10 - Accuracy: 31.190000%, Loss: 0.0209
Pretrain epoch 7/10 - Accuracy: 34.112000%, Loss: 0.0199
Pretrain epoch 8/10 - Accuracy: 37.000000%, Loss: 0.0189
Pretrain epoch 9/10 - Accuracy: 38.592000%, Loss: 0.0182
Pretrain epoch 10/10 - Accuracy: 41.096000%, Loss: 0.0172
Saved 44 initial parameters.
[Eval Epoch] CPU ΔMem/sample: 0.0002 MB | GPU Peak: 240.721408 MB | Time: 3.509800s
Evaluation - Accuracy: 40.990000%, Loss: 0.0177
Checkpoint saved: ./pruning_checkpoints/RegNetX_datasetcifar100_pretrain10_finetune30_steps21_batch128_devicecuda_strategy_magnitude/checkpoint_Original_0.000000.pth
Finetune epoch 1/30 - Accuracy: 43.356000%, Loss: 0.0166
Finetune epoch 2/30 - Accuracy: 44.608000%, Loss: 0.0160
Finetune epoch 3/30 - Accuracy: 45.078000%, Loss: 0.0159
Finetune epoch 4/30 - Accuracy: 46.874000%, Loss: 0.0153
Finetune epoch 5/30 - Accuracy: 49.500000%, Loss: 0.0144
Finetune epoch 6/30 - Accuracy: 51.286000%, Loss: 0.0138
Finetune epoch 7/30 - Accuracy: 52.216000%, Loss: 0.0134
Finetune epoch 8/30 - Accuracy: 53.852000%, Loss: 0.0129
Finetune epoch 9/30 - Accuracy: 55.382000%, Loss: 0.0125
Finetune epoch 10/30 - Accuracy: 56.508000%, Loss: 0.0120
Finetune epoch 11/30 - Accuracy: 57.792000%, Loss: 0.0116
Finetune epoch 12/30 - Accuracy: 58.956000%, Loss: 0.0112
Finetune epoch 13/30 - Accuracy: 60.046000%, Loss: 0.0109
Finetune epoch 14/30 - Accuracy: 61.326000%, Loss: 0.0104
Finetune epoch 15/30 - Accuracy: 62.446000%, Loss: 0.0101
Finetune epoch 16/30 - Accuracy: 63.456000%, Loss: 0.0097
Finetune epoch 17/30 - Accuracy: 64.770000%, Loss: 0.0093
Finetune epoch 18/30 - Accuracy: 65.482000%, Loss: 0.0091
Finetune epoch 19/30 - Accuracy: 66.596000%, Loss: 0.0087
Finetune epoch 20/30 - Accuracy: 67.954000%, Loss: 0.0084
Finetune epoch 21/30 - Accuracy: 68.856000%, Loss: 0.0081
Finetune epoch 22/30 - Accuracy: 69.844000%, Loss: 0.0078
Finetune epoch 23/30 - Accuracy: 71.056000%, Loss: 0.0075
Finetune epoch 24/30 - Accuracy: 71.864000%, Loss: 0.0072
Finetune epoch 25/30 - Accuracy: 73.024000%, Loss: 0.0069
Finetune epoch 26/30 - Accuracy: 74.186000%, Loss: 0.0066
Finetune epoch 27/30 - Accuracy: 75.206000%, Loss: 0.0062
Finetune epoch 28/30 - Accuracy: 75.534000%, Loss: 0.0061
Finetune epoch 29/30 - Accuracy: 76.604000%, Loss: 0.0058
Finetune epoch 30/30 - Accuracy: 77.708000%, Loss: 0.0056
[Eval Epoch] CPU ΔMem/sample: 0.0000 MB | GPU Peak: 287.446016 MB | Time: 3.634658s
Evaluation - Accuracy: 51.890000%, Loss: 0.0169
Checkpoint saved: ./pruning_checkpoints/RegNetX_datasetcifar100_pretrain10_finetune30_steps21_batch128_devicecuda_strategy_magnitude/checkpoint_Finetuned_0.000000.pth
[Eval Epoch] CPU ΔMem/sample: 0.0000 MB | GPU Peak: 288.104448 MB | Time: 3.996596s
Evaluation - Accuracy: 51.890000%, Loss: 0.0169
Checkpoint saved: ./pruning_checkpoints/RegNetX_datasetcifar100_pretrain10_finetune30_steps21_batch128_devicecuda_strategy_magnitude/checkpoint_Trained_0.000000.pth
Checkpoint saved: ./pruning_checkpoints/RegNetX_datasetcifar100_pretrain10_finetune30_steps21_batch128_devicecuda_strategy_magnitude/checkpoint_Pruned_0.000000.pth
Pruner state updated and saved.
[Eval Epoch] CPU ΔMem/sample: 0.0000 MB | GPU Peak: 288.104448 MB | Time: 3.610472s
Evaluation - Accuracy: 1.960000%, Loss: 0.0392
Checkpoint saved: ./pruning_checkpoints/RegNetX_datasetcifar100_pretrain10_finetune30_steps21_batch128_devicecuda_strategy_magnitude/checkpoint_Original_0.200000.pth
Finetune epoch 1/30 - Accuracy: 43.870000%, Loss: 0.0164
Finetune epoch 2/30 - Accuracy: 47.896000%, Loss: 0.0150
Finetune epoch 3/30 - Accuracy: 49.746000%, Loss: 0.0143
Finetune epoch 4/30 - Accuracy: 50.892000%, Loss: 0.0140
Finetune epoch 5/30 - Accuracy: 51.872000%, Loss: 0.0136
Finetune epoch 6/30 - Accuracy: 52.760000%, Loss: 0.0133
Finetune epoch 7/30 - Accuracy: 53.680000%, Loss: 0.0131
Finetune epoch 8/30 - Accuracy: 54.348000%, Loss: 0.0128
Finetune epoch 9/30 - Accuracy: 54.654000%, Loss: 0.0127
Finetune epoch 10/30 - Accuracy: 55.892000%, Loss: 0.0123
Finetune epoch 11/30 - Accuracy: 56.262000%, Loss: 0.0122
Finetune epoch 12/30 - Accuracy: 56.962000%, Loss: 0.0120
Finetune epoch 13/30 - Accuracy: 57.340000%, Loss: 0.0118
Finetune epoch 14/30 - Accuracy: 58.182000%, Loss: 0.0116
Finetune epoch 15/30 - Accuracy: 58.776000%, Loss: 0.0114
Finetune epoch 16/30 - Accuracy: 59.520000%, Loss: 0.0111
Finetune epoch 17/30 - Accuracy: 60.436000%, Loss: 0.0109
Finetune epoch 18/30 - Accuracy: 60.872000%, Loss: 0.0107
Finetune epoch 19/30 - Accuracy: 61.584000%, Loss: 0.0105
Finetune epoch 20/30 - Accuracy: 62.340000%, Loss: 0.0103
Finetune epoch 21/30 - Accuracy: 63.034000%, Loss: 0.0101
Finetune epoch 22/30 - Accuracy: 64.242000%, Loss: 0.0098
Finetune epoch 23/30 - Accuracy: 64.384000%, Loss: 0.0097
Finetune epoch 24/30 - Accuracy: 65.194000%, Loss: 0.0094
Finetune epoch 25/30 - Accuracy: 66.144000%, Loss: 0.0092
Finetune epoch 26/30 - Accuracy: 66.968000%, Loss: 0.0089
Finetune epoch 27/30 - Accuracy: 67.722000%, Loss: 0.0087
Finetune epoch 28/30 - Accuracy: 68.556000%, Loss: 0.0084
Finetune epoch 29/30 - Accuracy: 69.674000%, Loss: 0.0082
Finetune epoch 30/30 - Accuracy: 70.458000%, Loss: 0.0080
[Eval Epoch] CPU ΔMem/sample: 0.0000 MB | GPU Peak: 287.101952 MB | Time: 3.632826s
Evaluation - Accuracy: 50.680000%, Loss: 0.0157
Checkpoint saved: ./pruning_checkpoints/RegNetX_datasetcifar100_pretrain10_finetune30_steps21_batch128_devicecuda_strategy_magnitude/checkpoint_Finetuned_0.200000.pth
[Eval Epoch] CPU ΔMem/sample: 0.0000 MB | GPU Peak: 300.107264 MB | Time: 3.515198s
Evaluation - Accuracy: 50.690000%, Loss: 0.0157
Checkpoint saved: ./pruning_checkpoints/RegNetX_datasetcifar100_pretrain10_finetune30_steps21_batch128_devicecuda_strategy_magnitude/checkpoint_Trained_0.200000.pth
Checkpoint saved: ./pruning_checkpoints/RegNetX_datasetcifar100_pretrain10_finetune30_steps21_batch128_devicecuda_strategy_magnitude/checkpoint_Pruned_0.200000.pth
Pruner state updated and saved.
[Eval Epoch] CPU ΔMem/sample: 0.0000 MB | GPU Peak: 300.107264 MB | Time: 3.659405s
Evaluation - Accuracy: 1.000000%, Loss: 1343.9594
Checkpoint saved: ./pruning_checkpoints/RegNetX_datasetcifar100_pretrain10_finetune30_steps21_batch128_devicecuda_strategy_magnitude/checkpoint_Original_0.360000.pth
Finetune epoch 1/30 - Accuracy: 47.990000%, Loss: 0.0149
Finetune epoch 2/30 - Accuracy: 51.170000%, Loss: 0.0138
Finetune epoch 3/30 - Accuracy: 52.868000%, Loss: 0.0132
Finetune epoch 4/30 - Accuracy: 54.266000%, Loss: 0.0128
Finetune epoch 5/30 - Accuracy: 55.204000%, Loss: 0.0124
Finetune epoch 6/30 - Accuracy: 56.426000%, Loss: 0.0121
Finetune epoch 7/30 - Accuracy: 57.306000%, Loss: 0.0118
Finetune epoch 8/30 - Accuracy: 58.286000%, Loss: 0.0115
Finetune epoch 9/30 - Accuracy: 59.048000%, Loss: 0.0112
Finetune epoch 10/30 - Accuracy: 60.150000%, Loss: 0.0109
Finetune epoch 11/30 - Accuracy: 60.924000%, Loss: 0.0107
Finetune epoch 12/30 - Accuracy: 61.658000%, Loss: 0.0104
Finetune epoch 13/30 - Accuracy: 62.884000%, Loss: 0.0101
Finetune epoch 14/30 - Accuracy: 63.444000%, Loss: 0.0099
Finetune epoch 15/30 - Accuracy: 64.056000%, Loss: 0.0097
Finetune epoch 16/30 - Accuracy: 65.518000%, Loss: 0.0094
Finetune epoch 17/30 - Accuracy: 66.238000%, Loss: 0.0092
Finetune epoch 18/30 - Accuracy: 66.916000%, Loss: 0.0089
Finetune epoch 19/30 - Accuracy: 68.040000%, Loss: 0.0086
Finetune epoch 20/30 - Accuracy: 68.938000%, Loss: 0.0084
Finetune epoch 21/30 - Accuracy: 69.282000%, Loss: 0.0082
Finetune epoch 22/30 - Accuracy: 70.654000%, Loss: 0.0079
Finetune epoch 23/30 - Accuracy: 71.412000%, Loss: 0.0077
Finetune epoch 24/30 - Accuracy: 71.864000%, Loss: 0.0075
Finetune epoch 25/30 - Accuracy: 73.244000%, Loss: 0.0072
Finetune epoch 26/30 - Accuracy: 74.008000%, Loss: 0.0070
Finetune epoch 27/30 - Accuracy: 74.896000%, Loss: 0.0068
Finetune epoch 28/30 - Accuracy: 75.522000%, Loss: 0.0066
Finetune epoch 29/30 - Accuracy: 76.558000%, Loss: 0.0063
Finetune epoch 30/30 - Accuracy: 77.936000%, Loss: 0.0061
[Eval Epoch] CPU ΔMem/sample: 0.0000 MB | GPU Peak: 300.709376 MB | Time: 3.894712s
Evaluation - Accuracy: 50.730000%, Loss: 0.0165
Checkpoint saved: ./pruning_checkpoints/RegNetX_datasetcifar100_pretrain10_finetune30_steps21_batch128_devicecuda_strategy_magnitude/checkpoint_Finetuned_0.360000.pth
[Eval Epoch] CPU ΔMem/sample: 0.0000 MB | GPU Peak: 299.680768 MB | Time: 3.540593s
Evaluation - Accuracy: 50.300000%, Loss: 0.0165
Checkpoint saved: ./pruning_checkpoints/RegNetX_datasetcifar100_pretrain10_finetune30_steps21_batch128_devicecuda_strategy_magnitude/checkpoint_Trained_0.360000.pth
Checkpoint saved: ./pruning_checkpoints/RegNetX_datasetcifar100_pretrain10_finetune30_steps21_batch128_devicecuda_strategy_magnitude/checkpoint_Pruned_0.360000.pth
Pruner state updated and saved.
[Eval Epoch] CPU ΔMem/sample: 0.0000 MB | GPU Peak: 300.168192 MB | Time: 3.542006s
Evaluation - Accuracy: 1.000000%, Loss: 479.4706
Checkpoint saved: ./pruning_checkpoints/RegNetX_datasetcifar100_pretrain10_finetune30_steps21_batch128_devicecuda_strategy_magnitude/checkpoint_Original_0.488000.pth
Finetune epoch 1/30 - Accuracy: 50.952000%, Loss: 0.0139
Finetune epoch 2/30 - Accuracy: 54.592000%, Loss: 0.0127
Finetune epoch 3/30 - Accuracy: 56.848000%, Loss: 0.0119
Finetune epoch 4/30 - Accuracy: 58.696000%, Loss: 0.0112
Finetune epoch 5/30 - Accuracy: 60.900000%, Loss: 0.0106
Finetune epoch 6/30 - Accuracy: 62.518000%, Loss: 0.0101
Finetune epoch 7/30 - Accuracy: 63.792000%, Loss: 0.0098
Finetune epoch 8/30 - Accuracy: 65.256000%, Loss: 0.0093
Finetune epoch 9/30 - Accuracy: 66.696000%, Loss: 0.0090
Finetune epoch 10/30 - Accuracy: 67.884000%, Loss: 0.0086
Finetune epoch 11/30 - Accuracy: 68.760000%, Loss: 0.0083
Finetune epoch 12/30 - Accuracy: 70.118000%, Loss: 0.0080
Finetune epoch 13/30 - Accuracy: 71.126000%, Loss: 0.0078
Finetune epoch 14/30 - Accuracy: 72.172000%, Loss: 0.0074
Finetune epoch 15/30 - Accuracy: 73.188000%, Loss: 0.0072
Finetune epoch 16/30 - Accuracy: 74.268000%, Loss: 0.0069
Finetune epoch 17/30 - Accuracy: 75.002000%, Loss: 0.0066
Finetune epoch 18/30 - Accuracy: 76.306000%, Loss: 0.0064
Finetune epoch 19/30 - Accuracy: 77.094000%, Loss: 0.0061
Finetune epoch 20/30 - Accuracy: 77.734000%, Loss: 0.0060
Finetune epoch 21/30 - Accuracy: 78.596000%, Loss: 0.0057
Finetune epoch 22/30 - Accuracy: 79.822000%, Loss: 0.0055
Finetune epoch 23/30 - Accuracy: 80.452000%, Loss: 0.0053
Finetune epoch 24/30 - Accuracy: 81.298000%, Loss: 0.0051
Finetune epoch 25/30 - Accuracy: 82.198000%, Loss: 0.0049
Finetune epoch 26/30 - Accuracy: 83.042000%, Loss: 0.0047
Finetune epoch 27/30 - Accuracy: 83.730000%, Loss: 0.0045
Finetune epoch 28/30 - Accuracy: 83.904000%, Loss: 0.0044
Finetune epoch 29/30 - Accuracy: 84.698000%, Loss: 0.0042
Finetune epoch 30/30 - Accuracy: 85.256000%, Loss: 0.0040
[Eval Epoch] CPU ΔMem/sample: 0.0000 MB | GPU Peak: 300.056064 MB | Time: 3.610338s
Evaluation - Accuracy: 50.260000%, Loss: 0.0174
Checkpoint saved: ./pruning_checkpoints/RegNetX_datasetcifar100_pretrain10_finetune30_steps21_batch128_devicecuda_strategy_magnitude/checkpoint_Finetuned_0.488000.pth
[Eval Epoch] CPU ΔMem/sample: 0.0000 MB | GPU Peak: 300.955136 MB | Time: 3.574333s
Evaluation - Accuracy: 49.500000%, Loss: 0.0178
Checkpoint saved: ./pruning_checkpoints/RegNetX_datasetcifar100_pretrain10_finetune30_steps21_batch128_devicecuda_strategy_magnitude/checkpoint_Trained_0.488000.pth
Checkpoint saved: ./pruning_checkpoints/RegNetX_datasetcifar100_pretrain10_finetune30_steps21_batch128_devicecuda_strategy_magnitude/checkpoint_Pruned_0.488000.pth
Pruner state updated and saved.
[Eval Epoch] CPU ΔMem/sample: 0.0000 MB | GPU Peak: 300.467712 MB | Time: 3.443911s
Evaluation - Accuracy: 1.000000%, Loss: 123.7271
Checkpoint saved: ./pruning_checkpoints/RegNetX_datasetcifar100_pretrain10_finetune30_steps21_batch128_devicecuda_strategy_magnitude/checkpoint_Original_0.590400.pth
Finetune epoch 1/30 - Accuracy: 53.180000%, Loss: 0.0132
Finetune epoch 2/30 - Accuracy: 58.900000%, Loss: 0.0112
Finetune epoch 3/30 - Accuracy: 62.598000%, Loss: 0.0099
Finetune epoch 4/30 - Accuracy: 66.016000%, Loss: 0.0089
Finetune epoch 5/30 - Accuracy: 68.050000%, Loss: 0.0084
Finetune epoch 6/30 - Accuracy: 70.076000%, Loss: 0.0078
Finetune epoch 7/30 - Accuracy: 72.360000%, Loss: 0.0073
Finetune epoch 8/30 - Accuracy: 74.148000%, Loss: 0.0069
Finetune epoch 9/30 - Accuracy: 75.378000%, Loss: 0.0065
Finetune epoch 10/30 - Accuracy: 76.810000%, Loss: 0.0062
Finetune epoch 11/30 - Accuracy: 77.316000%, Loss: 0.0059
Finetune epoch 12/30 - Accuracy: 79.048000%, Loss: 0.0056
Finetune epoch 13/30 - Accuracy: 80.056000%, Loss: 0.0053
Finetune epoch 14/30 - Accuracy: 80.704000%, Loss: 0.0051
Finetune epoch 15/30 - Accuracy: 81.798000%, Loss: 0.0049
Finetune epoch 16/30 - Accuracy: 82.398000%, Loss: 0.0047
Finetune epoch 17/30 - Accuracy: 83.698000%, Loss: 0.0044
Finetune epoch 18/30 - Accuracy: 84.334000%, Loss: 0.0042
Finetune epoch 19/30 - Accuracy: 85.064000%, Loss: 0.0040
Finetune epoch 20/30 - Accuracy: 85.472000%, Loss: 0.0039
Finetune epoch 21/30 - Accuracy: 86.442000%, Loss: 0.0037
Finetune epoch 22/30 - Accuracy: 86.550000%, Loss: 0.0036
Finetune epoch 23/30 - Accuracy: 87.510000%, Loss: 0.0034
Finetune epoch 24/30 - Accuracy: 87.882000%, Loss: 0.0033
Finetune epoch 25/30 - Accuracy: 88.932000%, Loss: 0.0031
Finetune epoch 26/30 - Accuracy: 89.122000%, Loss: 0.0030
Finetune epoch 27/30 - Accuracy: 89.580000%, Loss: 0.0029
Finetune epoch 28/30 - Accuracy: 90.264000%, Loss: 0.0028
Finetune epoch 29/30 - Accuracy: 90.398000%, Loss: 0.0027
Finetune epoch 30/30 - Accuracy: 90.908000%, Loss: 0.0026
[Eval Epoch] CPU ΔMem/sample: 0.0000 MB | GPU Peak: 300.955136 MB | Time: 3.820492s
Evaluation - Accuracy: 49.140000%, Loss: 0.0192
Checkpoint saved: ./pruning_checkpoints/RegNetX_datasetcifar100_pretrain10_finetune30_steps21_batch128_devicecuda_strategy_magnitude/checkpoint_Finetuned_0.590400.pth
[Eval Epoch] CPU ΔMem/sample: 0.0000 MB | GPU Peak: 300.955136 MB | Time: 3.588182s
Evaluation - Accuracy: 47.530000%, Loss: 0.0203
Checkpoint saved: ./pruning_checkpoints/RegNetX_datasetcifar100_pretrain10_finetune30_steps21_batch128_devicecuda_strategy_magnitude/checkpoint_Trained_0.590400.pth
Checkpoint saved: ./pruning_checkpoints/RegNetX_datasetcifar100_pretrain10_finetune30_steps21_batch128_devicecuda_strategy_magnitude/checkpoint_Pruned_0.590400.pth
Pruner state updated and saved.
[Eval Epoch] CPU ΔMem/sample: 0.0000 MB | GPU Peak: 300.955136 MB | Time: 3.641940s
Evaluation - Accuracy: 1.130000%, Loss: 25.3300
Checkpoint saved: ./pruning_checkpoints/RegNetX_datasetcifar100_pretrain10_finetune30_steps21_batch128_devicecuda_strategy_magnitude/checkpoint_Original_0.672320.pth
Finetune epoch 1/30 - Accuracy: 56.038000%, Loss: 0.0122
Finetune epoch 2/30 - Accuracy: 63.980000%, Loss: 0.0095
Finetune epoch 3/30 - Accuracy: 68.472000%, Loss: 0.0082
Finetune epoch 4/30 - Accuracy: 72.024000%, Loss: 0.0073
Finetune epoch 5/30 - Accuracy: 74.332000%, Loss: 0.0067
Finetune epoch 6/30 - Accuracy: 76.222000%, Loss: 0.0062
Finetune epoch 7/30 - Accuracy: 78.060000%, Loss: 0.0058
Finetune epoch 8/30 - Accuracy: 79.348000%, Loss: 0.0054
Finetune epoch 9/30 - Accuracy: 80.762000%, Loss: 0.0050
Finetune epoch 10/30 - Accuracy: 81.568000%, Loss: 0.0048
Finetune epoch 11/30 - Accuracy: 82.840000%, Loss: 0.0045
Finetune epoch 12/30 - Accuracy: 83.860000%, Loss: 0.0043
Finetune epoch 13/30 - Accuracy: 84.790000%, Loss: 0.0041
Finetune epoch 14/30 - Accuracy: 85.660000%, Loss: 0.0038
Finetune epoch 15/30 - Accuracy: 86.266000%, Loss: 0.0037
Finetune epoch 16/30 - Accuracy: 87.118000%, Loss: 0.0035
Finetune epoch 17/30 - Accuracy: 87.908000%, Loss: 0.0033
Finetune epoch 18/30 - Accuracy: 88.514000%, Loss: 0.0031
Finetune epoch 19/30 - Accuracy: 89.094000%, Loss: 0.0030
Finetune epoch 20/30 - Accuracy: 89.480000%, Loss: 0.0029
Finetune epoch 21/30 - Accuracy: 89.936000%, Loss: 0.0028
Finetune epoch 22/30 - Accuracy: 90.646000%, Loss: 0.0026
Finetune epoch 23/30 - Accuracy: 90.596000%, Loss: 0.0026
Finetune epoch 24/30 - Accuracy: 91.044000%, Loss: 0.0025
Finetune epoch 25/30 - Accuracy: 91.504000%, Loss: 0.0024
Finetune epoch 26/30 - Accuracy: 91.822000%, Loss: 0.0023
Finetune epoch 27/30 - Accuracy: 92.332000%, Loss: 0.0022
Finetune epoch 28/30 - Accuracy: 92.474000%, Loss: 0.0021
Finetune epoch 29/30 - Accuracy: 92.830000%, Loss: 0.0020
Finetune epoch 30/30 - Accuracy: 92.980000%, Loss: 0.0020
[Eval Epoch] CPU ΔMem/sample: 0.0000 MB | GPU Peak: 301.266432 MB | Time: 3.589324s
Evaluation - Accuracy: 48.570000%, Loss: 0.0206
Checkpoint saved: ./pruning_checkpoints/RegNetX_datasetcifar100_pretrain10_finetune30_steps21_batch128_devicecuda_strategy_magnitude/checkpoint_Finetuned_0.672320.pth
[Eval Epoch] CPU ΔMem/sample: 0.0000 MB | GPU Peak: 301.937152 MB | Time: 3.590607s
Evaluation - Accuracy: 46.290000%, Loss: 0.0217
Checkpoint saved: ./pruning_checkpoints/RegNetX_datasetcifar100_pretrain10_finetune30_steps21_batch128_devicecuda_strategy_magnitude/checkpoint_Trained_0.672320.pth
Checkpoint saved: ./pruning_checkpoints/RegNetX_datasetcifar100_pretrain10_finetune30_steps21_batch128_devicecuda_strategy_magnitude/checkpoint_Pruned_0.672320.pth
Pruner state updated and saved.
[Eval Epoch] CPU ΔMem/sample: 0.0000 MB | GPU Peak: 302.162432 MB | Time: 3.595843s
Evaluation - Accuracy: 12.610000%, Loss: 1.9253
Checkpoint saved: ./pruning_checkpoints/RegNetX_datasetcifar100_pretrain10_finetune30_steps21_batch128_devicecuda_strategy_magnitude/checkpoint_Original_0.737856.pth
Finetune epoch 1/30 - Accuracy: 58.658000%, Loss: 0.0112
Finetune epoch 2/30 - Accuracy: 66.994000%, Loss: 0.0086
Finetune epoch 3/30 - Accuracy: 71.096000%, Loss: 0.0074
Finetune epoch 4/30 - Accuracy: 73.860000%, Loss: 0.0067
Finetune epoch 5/30 - Accuracy: 76.016000%, Loss: 0.0061
Finetune epoch 6/30 - Accuracy: 78.248000%, Loss: 0.0055
Finetune epoch 7/30 - Accuracy: 79.830000%, Loss: 0.0052
Finetune epoch 8/30 - Accuracy: 81.082000%, Loss: 0.0049
Finetune epoch 9/30 - Accuracy: 82.362000%, Loss: 0.0045
Finetune epoch 10/30 - Accuracy: 83.718000%, Loss: 0.0042
Finetune epoch 11/30 - Accuracy: 84.534000%, Loss: 0.0040
Finetune epoch 12/30 - Accuracy: 85.338000%, Loss: 0.0038
Finetune epoch 13/30 - Accuracy: 86.394000%, Loss: 0.0036
Finetune epoch 14/30 - Accuracy: 87.228000%, Loss: 0.0034
Finetune epoch 15/30 - Accuracy: 87.812000%, Loss: 0.0033
Finetune epoch 16/30 - Accuracy: 88.412000%, Loss: 0.0031
Finetune epoch 17/30 - Accuracy: 88.924000%, Loss: 0.0030
Finetune epoch 18/30 - Accuracy: 89.224000%, Loss: 0.0029
Finetune epoch 19/30 - Accuracy: 89.606000%, Loss: 0.0028
Finetune epoch 20/30 - Accuracy: 90.340000%, Loss: 0.0026
Finetune epoch 21/30 - Accuracy: 90.864000%, Loss: 0.0025
Finetune epoch 22/30 - Accuracy: 91.184000%, Loss: 0.0024
Finetune epoch 23/30 - Accuracy: 91.262000%, Loss: 0.0024
Finetune epoch 24/30 - Accuracy: 91.808000%, Loss: 0.0022
Finetune epoch 25/30 - Accuracy: 92.140000%, Loss: 0.0022
Finetune epoch 26/30 - Accuracy: 92.366000%, Loss: 0.0021
Finetune epoch 27/30 - Accuracy: 92.604000%, Loss: 0.0020
Finetune epoch 28/30 - Accuracy: 93.136000%, Loss: 0.0019
Finetune epoch 29/30 - Accuracy: 93.494000%, Loss: 0.0018
Finetune epoch 30/30 - Accuracy: 93.332000%, Loss: 0.0018
[Eval Epoch] CPU ΔMem/sample: 0.0000 MB | GPU Peak: 301.937152 MB | Time: 3.705843s
Evaluation - Accuracy: 48.340000%, Loss: 0.0213
Checkpoint saved: ./pruning_checkpoints/RegNetX_datasetcifar100_pretrain10_finetune30_steps21_batch128_devicecuda_strategy_magnitude/checkpoint_Finetuned_0.737856.pth
[Eval Epoch] CPU ΔMem/sample: 0.0000 MB | GPU Peak: 301.036032 MB | Time: 3.524865s
Evaluation - Accuracy: 45.150000%, Loss: 0.0229
Checkpoint saved: ./pruning_checkpoints/RegNetX_datasetcifar100_pretrain10_finetune30_steps21_batch128_devicecuda_strategy_magnitude/checkpoint_Trained_0.737856.pth
Checkpoint saved: ./pruning_checkpoints/RegNetX_datasetcifar100_pretrain10_finetune30_steps21_batch128_devicecuda_strategy_magnitude/checkpoint_Pruned_0.737856.pth
Pruner state updated and saved.
[Eval Epoch] CPU ΔMem/sample: 0.0000 MB | GPU Peak: 301.523456 MB | Time: 3.599564s
Evaluation - Accuracy: 29.790000%, Loss: 0.0632
Checkpoint saved: ./pruning_checkpoints/RegNetX_datasetcifar100_pretrain10_finetune30_steps21_batch128_devicecuda_strategy_magnitude/checkpoint_Original_0.790285.pth
Finetune epoch 1/30 - Accuracy: 59.212000%, Loss: 0.0112
Finetune epoch 2/30 - Accuracy: 66.556000%, Loss: 0.0087
Finetune epoch 3/30 - Accuracy: 70.034000%, Loss: 0.0076
Finetune epoch 4/30 - Accuracy: 73.090000%, Loss: 0.0068
Finetune epoch 5/30 - Accuracy: 75.302000%, Loss: 0.0063
Finetune epoch 6/30 - Accuracy: 76.954000%, Loss: 0.0058
Finetune epoch 7/30 - Accuracy: 78.856000%, Loss: 0.0054
Finetune epoch 8/30 - Accuracy: 80.260000%, Loss: 0.0050
Finetune epoch 9/30 - Accuracy: 81.826000%, Loss: 0.0047
Finetune epoch 10/30 - Accuracy: 82.420000%, Loss: 0.0045
Finetune epoch 11/30 - Accuracy: 83.528000%, Loss: 0.0042
Finetune epoch 12/30 - Accuracy: 84.612000%, Loss: 0.0039
Finetune epoch 13/30 - Accuracy: 85.492000%, Loss: 0.0038
Finetune epoch 14/30 - Accuracy: 86.154000%, Loss: 0.0036
Finetune epoch 15/30 - Accuracy: 86.832000%, Loss: 0.0034
Finetune epoch 16/30 - Accuracy: 87.438000%, Loss: 0.0032
Finetune epoch 17/30 - Accuracy: 87.976000%, Loss: 0.0031
Finetune epoch 18/30 - Accuracy: 88.686000%, Loss: 0.0030
Finetune epoch 19/30 - Accuracy: 89.276000%, Loss: 0.0028
Finetune epoch 20/30 - Accuracy: 89.828000%, Loss: 0.0027
Finetune epoch 21/30 - Accuracy: 90.148000%, Loss: 0.0026
Finetune epoch 22/30 - Accuracy: 90.548000%, Loss: 0.0025
Finetune epoch 23/30 - Accuracy: 90.740000%, Loss: 0.0025
Finetune epoch 24/30 - Accuracy: 91.218000%, Loss: 0.0024
Finetune epoch 25/30 - Accuracy: 91.756000%, Loss: 0.0023
Finetune epoch 26/30 - Accuracy: 91.758000%, Loss: 0.0022
Finetune epoch 27/30 - Accuracy: 92.014000%, Loss: 0.0022
Finetune epoch 28/30 - Accuracy: 92.166000%, Loss: 0.0021
Finetune epoch 29/30 - Accuracy: 92.642000%, Loss: 0.0020
Finetune epoch 30/30 - Accuracy: 93.012000%, Loss: 0.0019
[Eval Epoch] CPU ΔMem/sample: 0.0000 MB | GPU Peak: 301.523456 MB | Time: 3.616518s
Evaluation - Accuracy: 48.130000%, Loss: 0.0216
Checkpoint saved: ./pruning_checkpoints/RegNetX_datasetcifar100_pretrain10_finetune30_steps21_batch128_devicecuda_strategy_magnitude/checkpoint_Finetuned_0.790285.pth
[Eval Epoch] CPU ΔMem/sample: 0.0000 MB | GPU Peak: 302.003200 MB | Time: 3.604064s
Evaluation - Accuracy: 43.230000%, Loss: 0.0245
Checkpoint saved: ./pruning_checkpoints/RegNetX_datasetcifar100_pretrain10_finetune30_steps21_batch128_devicecuda_strategy_magnitude/checkpoint_Trained_0.790285.pth
Checkpoint saved: ./pruning_checkpoints/RegNetX_datasetcifar100_pretrain10_finetune30_steps21_batch128_devicecuda_strategy_magnitude/checkpoint_Pruned_0.790285.pth
Pruner state updated and saved.
[Eval Epoch] CPU ΔMem/sample: 0.0000 MB | GPU Peak: 301.413376 MB | Time: 3.566173s
Evaluation - Accuracy: 31.310000%, Loss: 0.0366
Checkpoint saved: ./pruning_checkpoints/RegNetX_datasetcifar100_pretrain10_finetune30_steps21_batch128_devicecuda_strategy_magnitude/checkpoint_Original_0.832228.pth
Finetune epoch 1/30 - Accuracy: 58.228000%, Loss: 0.0114
Finetune epoch 2/30 - Accuracy: 64.526000%, Loss: 0.0093
Finetune epoch 3/30 - Accuracy: 67.676000%, Loss: 0.0083
Finetune epoch 4/30 - Accuracy: 70.468000%, Loss: 0.0075
Finetune epoch 5/30 - Accuracy: 72.644000%, Loss: 0.0069
Finetune epoch 6/30 - Accuracy: 74.692000%, Loss: 0.0064
Finetune epoch 7/30 - Accuracy: 76.252000%, Loss: 0.0060
Finetune epoch 8/30 - Accuracy: 77.862000%, Loss: 0.0056
Finetune epoch 9/30 - Accuracy: 79.036000%, Loss: 0.0053
Finetune epoch 10/30 - Accuracy: 79.844000%, Loss: 0.0051
Finetune epoch 11/30 - Accuracy: 81.240000%, Loss: 0.0047
Finetune epoch 12/30 - Accuracy: 81.924000%, Loss: 0.0046
Finetune epoch 13/30 - Accuracy: 82.996000%, Loss: 0.0043
Finetune epoch 14/30 - Accuracy: 84.248000%, Loss: 0.0041
Finetune epoch 15/30 - Accuracy: 84.722000%, Loss: 0.0039
Finetune epoch 16/30 - Accuracy: 85.118000%, Loss: 0.0038
Finetune epoch 17/30 - Accuracy: 86.140000%, Loss: 0.0036
Finetune epoch 18/30 - Accuracy: 86.634000%, Loss: 0.0034
Finetune epoch 19/30 - Accuracy: 87.188000%, Loss: 0.0033
Finetune epoch 20/30 - Accuracy: 87.578000%, Loss: 0.0032
Finetune epoch 21/30 - Accuracy: 88.260000%, Loss: 0.0031
Finetune epoch 22/30 - Accuracy: 88.600000%, Loss: 0.0030
Finetune epoch 23/30 - Accuracy: 89.072000%, Loss: 0.0029
Finetune epoch 24/30 - Accuracy: 89.610000%, Loss: 0.0027
Finetune epoch 25/30 - Accuracy: 89.946000%, Loss: 0.0027
Finetune epoch 26/30 - Accuracy: 90.162000%, Loss: 0.0026
Finetune epoch 27/30 - Accuracy: 90.618000%, Loss: 0.0025
Finetune epoch 28/30 - Accuracy: 90.980000%, Loss: 0.0024
Finetune epoch 29/30 - Accuracy: 91.316000%, Loss: 0.0023
Finetune epoch 30/30 - Accuracy: 91.576000%, Loss: 0.0023
[Eval Epoch] CPU ΔMem/sample: 0.0000 MB | GPU Peak: 300.878848 MB | Time: 3.574235s
Evaluation - Accuracy: 47.510000%, Loss: 0.0217
Checkpoint saved: ./pruning_checkpoints/RegNetX_datasetcifar100_pretrain10_finetune30_steps21_batch128_devicecuda_strategy_magnitude/checkpoint_Finetuned_0.832228.pth
[Eval Epoch] CPU ΔMem/sample: 0.0000 MB | GPU Peak: 301.094912 MB | Time: 3.633723s
Evaluation - Accuracy: 41.320000%, Loss: 0.0253
Checkpoint saved: ./pruning_checkpoints/RegNetX_datasetcifar100_pretrain10_finetune30_steps21_batch128_devicecuda_strategy_magnitude/checkpoint_Trained_0.832228.pth
Checkpoint saved: ./pruning_checkpoints/RegNetX_datasetcifar100_pretrain10_finetune30_steps21_batch128_devicecuda_strategy_magnitude/checkpoint_Pruned_0.832228.pth
Pruner state updated and saved.
[Eval Epoch] CPU ΔMem/sample: 0.0000 MB | GPU Peak: 300.607488 MB | Time: 3.600808s
Evaluation - Accuracy: 29.560000%, Loss: 0.0356
Checkpoint saved: ./pruning_checkpoints/RegNetX_datasetcifar100_pretrain10_finetune30_steps21_batch128_devicecuda_strategy_magnitude/checkpoint_Original_0.865782.pth
Finetune epoch 1/30 - Accuracy: 57.492000%, Loss: 0.0119
Finetune epoch 2/30 - Accuracy: 62.474000%, Loss: 0.0098
Finetune epoch 3/30 - Accuracy: 65.758000%, Loss: 0.0089
Finetune epoch 4/30 - Accuracy: 68.198000%, Loss: 0.0081
Finetune epoch 5/30 - Accuracy: 70.262000%, Loss: 0.0076
Finetune epoch 6/30 - Accuracy: 71.878000%, Loss: 0.0071
Finetune epoch 7/30 - Accuracy: 74.086000%, Loss: 0.0066
Finetune epoch 8/30 - Accuracy: 74.658000%, Loss: 0.0063
Finetune epoch 9/30 - Accuracy: 76.546000%, Loss: 0.0059
Finetune epoch 10/30 - Accuracy: 77.210000%, Loss: 0.0057
Finetune epoch 11/30 - Accuracy: 78.492000%, Loss: 0.0054
Finetune epoch 12/30 - Accuracy: 79.834000%, Loss: 0.0051
Finetune epoch 13/30 - Accuracy: 80.642000%, Loss: 0.0049
Finetune epoch 14/30 - Accuracy: 81.188000%, Loss: 0.0048
Finetune epoch 15/30 - Accuracy: 82.212000%, Loss: 0.0045
Finetune epoch 16/30 - Accuracy: 82.866000%, Loss: 0.0043
Finetune epoch 17/30 - Accuracy: 83.610000%, Loss: 0.0042
Finetune epoch 18/30 - Accuracy: 84.238000%, Loss: 0.0041
Finetune epoch 19/30 - Accuracy: 84.886000%, Loss: 0.0039
Finetune epoch 20/30 - Accuracy: 85.346000%, Loss: 0.0038
Finetune epoch 21/30 - Accuracy: 85.918000%, Loss: 0.0036
Finetune epoch 22/30 - Accuracy: 86.496000%, Loss: 0.0035
Finetune epoch 23/30 - Accuracy: 86.778000%, Loss: 0.0034
Finetune epoch 24/30 - Accuracy: 87.232000%, Loss: 0.0033
Finetune epoch 25/30 - Accuracy: 87.558000%, Loss: 0.0032
Finetune epoch 26/30 - Accuracy: 88.028000%, Loss: 0.0031
Finetune epoch 27/30 - Accuracy: 88.412000%, Loss: 0.0030
Finetune epoch 28/30 - Accuracy: 88.492000%, Loss: 0.0030
Finetune epoch 29/30 - Accuracy: 88.754000%, Loss: 0.0029
Finetune epoch 30/30 - Accuracy: 89.444000%, Loss: 0.0028
[Eval Epoch] CPU ΔMem/sample: 0.0000 MB | GPU Peak: 301.406208 MB | Time: 3.904767s
Evaluation - Accuracy: 47.480000%, Loss: 0.0211
Checkpoint saved: ./pruning_checkpoints/RegNetX_datasetcifar100_pretrain10_finetune30_steps21_batch128_devicecuda_strategy_magnitude/checkpoint_Finetuned_0.865782.pth
[Eval Epoch] CPU ΔMem/sample: 0.0000 MB | GPU Peak: 303.062528 MB | Time: 3.671886s
Evaluation - Accuracy: 39.220000%, Loss: 0.0251
Checkpoint saved: ./pruning_checkpoints/RegNetX_datasetcifar100_pretrain10_finetune30_steps21_batch128_devicecuda_strategy_magnitude/checkpoint_Trained_0.865782.pth
Checkpoint saved: ./pruning_checkpoints/RegNetX_datasetcifar100_pretrain10_finetune30_steps21_batch128_devicecuda_strategy_magnitude/checkpoint_Pruned_0.865782.pth
Pruner state updated and saved.
[Eval Epoch] CPU ΔMem/sample: 0.0000 MB | GPU Peak: 302.697984 MB | Time: 3.689549s
Evaluation - Accuracy: 26.510000%, Loss: 0.0362
Checkpoint saved: ./pruning_checkpoints/RegNetX_datasetcifar100_pretrain10_finetune30_steps21_batch128_devicecuda_strategy_magnitude/checkpoint_Original_0.892626.pth
Finetune epoch 1/30 - Accuracy: 55.360000%, Loss: 0.0125
Finetune epoch 2/30 - Accuracy: 60.302000%, Loss: 0.0106
Finetune epoch 3/30 - Accuracy: 62.774000%, Loss: 0.0096
Finetune epoch 4/30 - Accuracy: 65.466000%, Loss: 0.0089
Finetune epoch 5/30 - Accuracy: 67.678000%, Loss: 0.0083
Finetune epoch 6/30 - Accuracy: 69.264000%, Loss: 0.0078
Finetune epoch 7/30 - Accuracy: 70.690000%, Loss: 0.0074
Finetune epoch 8/30 - Accuracy: 72.228000%, Loss: 0.0070
Finetune epoch 9/30 - Accuracy: 73.022000%, Loss: 0.0068
Finetune epoch 10/30 - Accuracy: 74.684000%, Loss: 0.0064
Finetune epoch 11/30 - Accuracy: 75.684000%, Loss: 0.0061
Finetune epoch 12/30 - Accuracy: 76.648000%, Loss: 0.0059
Finetune epoch 13/30 - Accuracy: 77.498000%, Loss: 0.0057
Finetune epoch 14/30 - Accuracy: 78.342000%, Loss: 0.0055
Finetune epoch 15/30 - Accuracy: 79.178000%, Loss: 0.0052
Finetune epoch 16/30 - Accuracy: 79.860000%, Loss: 0.0051
Finetune epoch 17/30 - Accuracy: 80.230000%, Loss: 0.0050
Finetune epoch 18/30 - Accuracy: 80.850000%, Loss: 0.0048
Finetune epoch 19/30 - Accuracy: 81.790000%, Loss: 0.0046
Finetune epoch 20/30 - Accuracy: 82.352000%, Loss: 0.0045
Finetune epoch 21/30 - Accuracy: 83.040000%, Loss: 0.0043
Finetune epoch 22/30 - Accuracy: 83.406000%, Loss: 0.0042
Finetune epoch 23/30 - Accuracy: 84.138000%, Loss: 0.0040
Finetune epoch 24/30 - Accuracy: 84.686000%, Loss: 0.0039
Finetune epoch 25/30 - Accuracy: 84.900000%, Loss: 0.0038
Finetune epoch 26/30 - Accuracy: 85.366000%, Loss: 0.0037
Finetune epoch 27/30 - Accuracy: 85.810000%, Loss: 0.0036
Finetune epoch 28/30 - Accuracy: 86.444000%, Loss: 0.0035
Finetune epoch 29/30 - Accuracy: 86.552000%, Loss: 0.0035
Finetune epoch 30/30 - Accuracy: 86.912000%, Loss: 0.0034
[Eval Epoch] CPU ΔMem/sample: 0.0000 MB | GPU Peak: 302.697984 MB | Time: 3.604569s
Evaluation - Accuracy: 47.280000%, Loss: 0.0207
Checkpoint saved: ./pruning_checkpoints/RegNetX_datasetcifar100_pretrain10_finetune30_steps21_batch128_devicecuda_strategy_magnitude/checkpoint_Finetuned_0.892626.pth
[Eval Epoch] CPU ΔMem/sample: 0.0000 MB | GPU Peak: 302.162432 MB | Time: 3.566267s
Evaluation - Accuracy: 38.620000%, Loss: 0.0244
Checkpoint saved: ./pruning_checkpoints/RegNetX_datasetcifar100_pretrain10_finetune30_steps21_batch128_devicecuda_strategy_magnitude/checkpoint_Trained_0.892626.pth
Checkpoint saved: ./pruning_checkpoints/RegNetX_datasetcifar100_pretrain10_finetune30_steps21_batch128_devicecuda_strategy_magnitude/checkpoint_Pruned_0.892626.pth
Pruner state updated and saved.
[Eval Epoch] CPU ΔMem/sample: 0.0000 MB | GPU Peak: 302.162432 MB | Time: 3.683242s
Evaluation - Accuracy: 22.700000%, Loss: 0.0376
Checkpoint saved: ./pruning_checkpoints/RegNetX_datasetcifar100_pretrain10_finetune30_steps21_batch128_devicecuda_strategy_magnitude/checkpoint_Original_0.914101.pth
Finetune epoch 1/30 - Accuracy: 53.734000%, Loss: 0.0131
Finetune epoch 2/30 - Accuracy: 58.636000%, Loss: 0.0110
Finetune epoch 3/30 - Accuracy: 61.500000%, Loss: 0.0101
Finetune epoch 4/30 - Accuracy: 63.608000%, Loss: 0.0095
Finetune epoch 5/30 - Accuracy: 65.586000%, Loss: 0.0089
Finetune epoch 6/30 - Accuracy: 66.934000%, Loss: 0.0085
Finetune epoch 7/30 - Accuracy: 68.300000%, Loss: 0.0081
Finetune epoch 8/30 - Accuracy: 69.306000%, Loss: 0.0078
Finetune epoch 9/30 - Accuracy: 70.964000%, Loss: 0.0074
Finetune epoch 10/30 - Accuracy: 71.758000%, Loss: 0.0071
Finetune epoch 11/30 - Accuracy: 72.906000%, Loss: 0.0068
Finetune epoch 12/30 - Accuracy: 73.774000%, Loss: 0.0066
Finetune epoch 13/30 - Accuracy: 74.400000%, Loss: 0.0064
Finetune epoch 14/30 - Accuracy: 75.294000%, Loss: 0.0062
Finetune epoch 15/30 - Accuracy: 76.076000%, Loss: 0.0060
Finetune epoch 16/30 - Accuracy: 76.702000%, Loss: 0.0059
Finetune epoch 17/30 - Accuracy: 77.834000%, Loss: 0.0056
Finetune epoch 18/30 - Accuracy: 78.084000%, Loss: 0.0055
Finetune epoch 19/30 - Accuracy: 78.674000%, Loss: 0.0054
Finetune epoch 20/30 - Accuracy: 79.610000%, Loss: 0.0051
Finetune epoch 21/30 - Accuracy: 79.612000%, Loss: 0.0051
Finetune epoch 22/30 - Accuracy: 80.590000%, Loss: 0.0049
Finetune epoch 23/30 - Accuracy: 80.878000%, Loss: 0.0048
Finetune epoch 24/30 - Accuracy: 81.232000%, Loss: 0.0047
Finetune epoch 25/30 - Accuracy: 82.148000%, Loss: 0.0045
Finetune epoch 26/30 - Accuracy: 82.446000%, Loss: 0.0044
Finetune epoch 27/30 - Accuracy: 82.570000%, Loss: 0.0044
Finetune epoch 28/30 - Accuracy: 83.200000%, Loss: 0.0043
Finetune epoch 29/30 - Accuracy: 83.780000%, Loss: 0.0042
Finetune epoch 30/30 - Accuracy: 84.056000%, Loss: 0.0041
[Eval Epoch] CPU ΔMem/sample: 0.0000 MB | GPU Peak: 301.525504 MB | Time: 3.525030s
Evaluation - Accuracy: 47.930000%, Loss: 0.0200
Checkpoint saved: ./pruning_checkpoints/RegNetX_datasetcifar100_pretrain10_finetune30_steps21_batch128_devicecuda_strategy_magnitude/checkpoint_Finetuned_0.914101.pth
[Eval Epoch] CPU ΔMem/sample: 0.0000 MB | GPU Peak: 301.401600 MB | Time: 3.891152s
Evaluation - Accuracy: 38.690000%, Loss: 0.0237
Checkpoint saved: ./pruning_checkpoints/RegNetX_datasetcifar100_pretrain10_finetune30_steps21_batch128_devicecuda_strategy_magnitude/checkpoint_Trained_0.914101.pth
Checkpoint saved: ./pruning_checkpoints/RegNetX_datasetcifar100_pretrain10_finetune30_steps21_batch128_devicecuda_strategy_magnitude/checkpoint_Pruned_0.914101.pth
Pruner state updated and saved.
[Eval Epoch] CPU ΔMem/sample: 0.0000 MB | GPU Peak: 301.626880 MB | Time: 3.729915s
Evaluation - Accuracy: 21.400000%, Loss: 0.0362
Checkpoint saved: ./pruning_checkpoints/RegNetX_datasetcifar100_pretrain10_finetune30_steps21_batch128_devicecuda_strategy_magnitude/checkpoint_Original_0.931281.pth
Finetune epoch 1/30 - Accuracy: 52.396000%, Loss: 0.0135
Finetune epoch 2/30 - Accuracy: 56.950000%, Loss: 0.0116
Finetune epoch 3/30 - Accuracy: 59.630000%, Loss: 0.0107
Finetune epoch 4/30 - Accuracy: 61.626000%, Loss: 0.0101
Finetune epoch 5/30 - Accuracy: 63.508000%, Loss: 0.0095
Finetune epoch 6/30 - Accuracy: 65.120000%, Loss: 0.0090
Finetune epoch 7/30 - Accuracy: 66.398000%, Loss: 0.0086
Finetune epoch 8/30 - Accuracy: 67.284000%, Loss: 0.0084
Finetune epoch 9/30 - Accuracy: 68.376000%, Loss: 0.0081
Finetune epoch 10/30 - Accuracy: 69.802000%, Loss: 0.0077
Finetune epoch 11/30 - Accuracy: 70.420000%, Loss: 0.0075
Finetune epoch 12/30 - Accuracy: 71.424000%, Loss: 0.0072
Finetune epoch 13/30 - Accuracy: 72.122000%, Loss: 0.0070
Finetune epoch 14/30 - Accuracy: 73.006000%, Loss: 0.0069
Finetune epoch 15/30 - Accuracy: 73.540000%, Loss: 0.0067
Finetune epoch 16/30 - Accuracy: 74.172000%, Loss: 0.0065
Finetune epoch 17/30 - Accuracy: 74.650000%, Loss: 0.0064
Finetune epoch 18/30 - Accuracy: 75.230000%, Loss: 0.0062
Finetune epoch 19/30 - Accuracy: 75.916000%, Loss: 0.0061
Finetune epoch 20/30 - Accuracy: 76.604000%, Loss: 0.0059
Finetune epoch 21/30 - Accuracy: 76.882000%, Loss: 0.0058
Finetune epoch 22/30 - Accuracy: 77.468000%, Loss: 0.0057
Finetune epoch 23/30 - Accuracy: 78.032000%, Loss: 0.0056
Finetune epoch 24/30 - Accuracy: 78.414000%, Loss: 0.0054
Finetune epoch 25/30 - Accuracy: 78.806000%, Loss: 0.0054
Finetune epoch 26/30 - Accuracy: 79.240000%, Loss: 0.0052
Finetune epoch 27/30 - Accuracy: 79.774000%, Loss: 0.0051
Finetune epoch 28/30 - Accuracy: 80.110000%, Loss: 0.0050
Finetune epoch 29/30 - Accuracy: 80.530000%, Loss: 0.0050
Finetune epoch 30/30 - Accuracy: 80.896000%, Loss: 0.0048
[Eval Epoch] CPU ΔMem/sample: 0.0000 MB | GPU Peak: 301.626880 MB | Time: 3.631043s
Evaluation - Accuracy: 47.930000%, Loss: 0.0196
Checkpoint saved: ./pruning_checkpoints/RegNetX_datasetcifar100_pretrain10_finetune30_steps21_batch128_devicecuda_strategy_magnitude/checkpoint_Finetuned_0.931281.pth
[Eval Epoch] CPU ΔMem/sample: 0.0000 MB | GPU Peak: 301.109760 MB | Time: 3.734176s
Evaluation - Accuracy: 35.740000%, Loss: 0.0245
Checkpoint saved: ./pruning_checkpoints/RegNetX_datasetcifar100_pretrain10_finetune30_steps21_batch128_devicecuda_strategy_magnitude/checkpoint_Trained_0.931281.pth
Checkpoint saved: ./pruning_checkpoints/RegNetX_datasetcifar100_pretrain10_finetune30_steps21_batch128_devicecuda_strategy_magnitude/checkpoint_Pruned_0.931281.pth
Pruner state updated and saved.
[Eval Epoch] CPU ΔMem/sample: 0.0000 MB | GPU Peak: 301.109760 MB | Time: 3.629215s
Evaluation - Accuracy: 18.790000%, Loss: 0.0371
Checkpoint saved: ./pruning_checkpoints/RegNetX_datasetcifar100_pretrain10_finetune30_steps21_batch128_devicecuda_strategy_magnitude/checkpoint_Original_0.945024.pth
Finetune epoch 1/30 - Accuracy: 51.070000%, Loss: 0.0140
Finetune epoch 2/30 - Accuracy: 55.666000%, Loss: 0.0121
Finetune epoch 3/30 - Accuracy: 58.410000%, Loss: 0.0111
Finetune epoch 4/30 - Accuracy: 60.062000%, Loss: 0.0106
Finetune epoch 5/30 - Accuracy: 61.854000%, Loss: 0.0100
Finetune epoch 6/30 - Accuracy: 63.050000%, Loss: 0.0096
Finetune epoch 7/30 - Accuracy: 64.394000%, Loss: 0.0093
Finetune epoch 8/30 - Accuracy: 65.174000%, Loss: 0.0090
Finetune epoch 9/30 - Accuracy: 65.966000%, Loss: 0.0088
Finetune epoch 10/30 - Accuracy: 67.282000%, Loss: 0.0084
Finetune epoch 11/30 - Accuracy: 67.708000%, Loss: 0.0083
Finetune epoch 12/30 - Accuracy: 68.346000%, Loss: 0.0080
Finetune epoch 13/30 - Accuracy: 69.440000%, Loss: 0.0078
Finetune epoch 14/30 - Accuracy: 69.966000%, Loss: 0.0077
Finetune epoch 15/30 - Accuracy: 70.698000%, Loss: 0.0075
Finetune epoch 16/30 - Accuracy: 71.018000%, Loss: 0.0073
Finetune epoch 17/30 - Accuracy: 71.802000%, Loss: 0.0072
Finetune epoch 18/30 - Accuracy: 72.444000%, Loss: 0.0071
Finetune epoch 19/30 - Accuracy: 73.322000%, Loss: 0.0068
Finetune epoch 20/30 - Accuracy: 73.344000%, Loss: 0.0068
Finetune epoch 21/30 - Accuracy: 73.736000%, Loss: 0.0066
Finetune epoch 22/30 - Accuracy: 73.886000%, Loss: 0.0066
Finetune epoch 23/30 - Accuracy: 74.628000%, Loss: 0.0065
Finetune epoch 24/30 - Accuracy: 75.064000%, Loss: 0.0063
Finetune epoch 25/30 - Accuracy: 75.320000%, Loss: 0.0062
Finetune epoch 26/30 - Accuracy: 75.698000%, Loss: 0.0061
Finetune epoch 27/30 - Accuracy: 76.216000%, Loss: 0.0060
Finetune epoch 28/30 - Accuracy: 76.714000%, Loss: 0.0059
Finetune epoch 29/30 - Accuracy: 77.016000%, Loss: 0.0058
Finetune epoch 30/30 - Accuracy: 77.358000%, Loss: 0.0058
[Eval Epoch] CPU ΔMem/sample: 0.0000 MB | GPU Peak: 301.109760 MB | Time: 3.662375s
Evaluation - Accuracy: 47.220000%, Loss: 0.0190
Checkpoint saved: ./pruning_checkpoints/RegNetX_datasetcifar100_pretrain10_finetune30_steps21_batch128_devicecuda_strategy_magnitude/checkpoint_Finetuned_0.945024.pth
[Eval Epoch] CPU ΔMem/sample: 0.0000 MB | GPU Peak: 301.109760 MB | Time: 3.584556s
Evaluation - Accuracy: 35.370000%, Loss: 0.0239
Checkpoint saved: ./pruning_checkpoints/RegNetX_datasetcifar100_pretrain10_finetune30_steps21_batch128_devicecuda_strategy_magnitude/checkpoint_Trained_0.945024.pth
Checkpoint saved: ./pruning_checkpoints/RegNetX_datasetcifar100_pretrain10_finetune30_steps21_batch128_devicecuda_strategy_magnitude/checkpoint_Pruned_0.945024.pth
Pruner state updated and saved.
[Eval Epoch] CPU ΔMem/sample: 0.0000 MB | GPU Peak: 301.109760 MB | Time: 3.671776s
Evaluation - Accuracy: 21.200000%, Loss: 0.0318
Checkpoint saved: ./pruning_checkpoints/RegNetX_datasetcifar100_pretrain10_finetune30_steps21_batch128_devicecuda_strategy_magnitude/checkpoint_Original_0.956020.pth
Finetune epoch 1/30 - Accuracy: 49.538000%, Loss: 0.0144
Finetune epoch 2/30 - Accuracy: 54.492000%, Loss: 0.0125
Finetune epoch 3/30 - Accuracy: 56.576000%, Loss: 0.0117
Finetune epoch 4/30 - Accuracy: 58.140000%, Loss: 0.0111
Finetune epoch 5/30 - Accuracy: 59.726000%, Loss: 0.0107
Finetune epoch 6/30 - Accuracy: 60.630000%, Loss: 0.0104
Finetune epoch 7/30 - Accuracy: 61.782000%, Loss: 0.0101
Finetune epoch 8/30 - Accuracy: 62.976000%, Loss: 0.0097
Finetune epoch 9/30 - Accuracy: 63.424000%, Loss: 0.0095
Finetune epoch 10/30 - Accuracy: 64.278000%, Loss: 0.0093
Finetune epoch 11/30 - Accuracy: 65.064000%, Loss: 0.0091
Finetune epoch 12/30 - Accuracy: 65.688000%, Loss: 0.0089
Finetune epoch 13/30 - Accuracy: 66.272000%, Loss: 0.0087
Finetune epoch 14/30 - Accuracy: 66.666000%, Loss: 0.0086
Finetune epoch 15/30 - Accuracy: 67.242000%, Loss: 0.0084
Finetune epoch 16/30 - Accuracy: 67.414000%, Loss: 0.0084
Finetune epoch 17/30 - Accuracy: 68.074000%, Loss: 0.0082
Finetune epoch 18/30 - Accuracy: 69.054000%, Loss: 0.0080
Finetune epoch 19/30 - Accuracy: 69.212000%, Loss: 0.0079
Finetune epoch 20/30 - Accuracy: 69.680000%, Loss: 0.0078
Finetune epoch 21/30 - Accuracy: 70.096000%, Loss: 0.0077
Finetune epoch 22/30 - Accuracy: 70.162000%, Loss: 0.0076
Finetune epoch 23/30 - Accuracy: 70.832000%, Loss: 0.0075
Finetune epoch 24/30 - Accuracy: 71.002000%, Loss: 0.0074
Finetune epoch 25/30 - Accuracy: 71.598000%, Loss: 0.0073
Finetune epoch 26/30 - Accuracy: 72.000000%, Loss: 0.0072
Finetune epoch 27/30 - Accuracy: 72.308000%, Loss: 0.0071
Finetune epoch 28/30 - Accuracy: 72.560000%, Loss: 0.0070
Finetune epoch 29/30 - Accuracy: 73.008000%, Loss: 0.0069
Finetune epoch 30/30 - Accuracy: 72.938000%, Loss: 0.0069
[Eval Epoch] CPU ΔMem/sample: 0.0000 MB | GPU Peak: 301.109760 MB | Time: 3.595044s
Evaluation - Accuracy: 47.590000%, Loss: 0.0182
Checkpoint saved: ./pruning_checkpoints/RegNetX_datasetcifar100_pretrain10_finetune30_steps21_batch128_devicecuda_strategy_magnitude/checkpoint_Finetuned_0.956020.pth
[Eval Epoch] CPU ΔMem/sample: 0.0000 MB | GPU Peak: 302.113280 MB | Time: 3.657712s
Evaluation - Accuracy: 34.940000%, Loss: 0.0231
Checkpoint saved: ./pruning_checkpoints/RegNetX_datasetcifar100_pretrain10_finetune30_steps21_batch128_devicecuda_strategy_magnitude/checkpoint_Trained_0.956020.pth
Checkpoint saved: ./pruning_checkpoints/RegNetX_datasetcifar100_pretrain10_finetune30_steps21_batch128_devicecuda_strategy_magnitude/checkpoint_Pruned_0.956020.pth
Pruner state updated and saved.
[Eval Epoch] CPU ΔMem/sample: 0.0000 MB | GPU Peak: 301.748736 MB | Time: 3.629226s
Evaluation - Accuracy: 17.710000%, Loss: 0.0338
Checkpoint saved: ./pruning_checkpoints/RegNetX_datasetcifar100_pretrain10_finetune30_steps21_batch128_devicecuda_strategy_magnitude/checkpoint_Original_0.964816.pth
Finetune epoch 1/30 - Accuracy: 48.244000%, Loss: 0.0149
Finetune epoch 2/30 - Accuracy: 52.446000%, Loss: 0.0131
Finetune epoch 3/30 - Accuracy: 54.426000%, Loss: 0.0124
Finetune epoch 4/30 - Accuracy: 56.172000%, Loss: 0.0119
Finetune epoch 5/30 - Accuracy: 57.196000%, Loss: 0.0116
Finetune epoch 6/30 - Accuracy: 58.118000%, Loss: 0.0112
Finetune epoch 7/30 - Accuracy: 58.856000%, Loss: 0.0110
Finetune epoch 8/30 - Accuracy: 59.808000%, Loss: 0.0107
Finetune epoch 9/30 - Accuracy: 60.378000%, Loss: 0.0105
Finetune epoch 10/30 - Accuracy: 61.026000%, Loss: 0.0103
Finetune epoch 11/30 - Accuracy: 61.902000%, Loss: 0.0101
Finetune epoch 12/30 - Accuracy: 62.394000%, Loss: 0.0099
Finetune epoch 13/30 - Accuracy: 62.476000%, Loss: 0.0098
Finetune epoch 14/30 - Accuracy: 63.396000%, Loss: 0.0097
Finetune epoch 15/30 - Accuracy: 63.676000%, Loss: 0.0096
Finetune epoch 16/30 - Accuracy: 63.876000%, Loss: 0.0095
Finetune epoch 17/30 - Accuracy: 64.468000%, Loss: 0.0093
Finetune epoch 18/30 - Accuracy: 65.034000%, Loss: 0.0091
Finetune epoch 19/30 - Accuracy: 65.192000%, Loss: 0.0091
Finetune epoch 20/30 - Accuracy: 65.848000%, Loss: 0.0090
Finetune epoch 21/30 - Accuracy: 65.854000%, Loss: 0.0089
Finetune epoch 22/30 - Accuracy: 66.156000%, Loss: 0.0088
Finetune epoch 23/30 - Accuracy: 66.390000%, Loss: 0.0087
Finetune epoch 24/30 - Accuracy: 66.996000%, Loss: 0.0086
Finetune epoch 25/30 - Accuracy: 67.292000%, Loss: 0.0085
Finetune epoch 26/30 - Accuracy: 67.328000%, Loss: 0.0085
Finetune epoch 27/30 - Accuracy: 67.682000%, Loss: 0.0084
Finetune epoch 28/30 - Accuracy: 68.046000%, Loss: 0.0083
Finetune epoch 29/30 - Accuracy: 68.296000%, Loss: 0.0082
Finetune epoch 30/30 - Accuracy: 68.530000%, Loss: 0.0082
[Eval Epoch] CPU ΔMem/sample: 0.0000 MB | GPU Peak: 301.748736 MB | Time: 3.612258s
Evaluation - Accuracy: 48.130000%, Loss: 0.0176
Checkpoint saved: ./pruning_checkpoints/RegNetX_datasetcifar100_pretrain10_finetune30_steps21_batch128_devicecuda_strategy_magnitude/checkpoint_Finetuned_0.964816.pth
[Eval Epoch] CPU ΔMem/sample: 0.0000 MB | GPU Peak: 302.113280 MB | Time: 3.662911s
Evaluation - Accuracy: 32.230000%, Loss: 0.0236
Checkpoint saved: ./pruning_checkpoints/RegNetX_datasetcifar100_pretrain10_finetune30_steps21_batch128_devicecuda_strategy_magnitude/checkpoint_Trained_0.964816.pth
Checkpoint saved: ./pruning_checkpoints/RegNetX_datasetcifar100_pretrain10_finetune30_steps21_batch128_devicecuda_strategy_magnitude/checkpoint_Pruned_0.964816.pth
Pruner state updated and saved.
[Eval Epoch] CPU ΔMem/sample: 0.0000 MB | GPU Peak: 301.748736 MB | Time: 3.569124s
Evaluation - Accuracy: 17.210000%, Loss: 0.0330
Checkpoint saved: ./pruning_checkpoints/RegNetX_datasetcifar100_pretrain10_finetune30_steps21_batch128_devicecuda_strategy_magnitude/checkpoint_Original_0.971853.pth
Finetune epoch 1/30 - Accuracy: 46.462000%, Loss: 0.0155
Finetune epoch 2/30 - Accuracy: 50.462000%, Loss: 0.0139
Finetune epoch 3/30 - Accuracy: 52.498000%, Loss: 0.0133
Finetune epoch 4/30 - Accuracy: 53.782000%, Loss: 0.0127
Finetune epoch 5/30 - Accuracy: 54.384000%, Loss: 0.0125
Finetune epoch 6/30 - Accuracy: 55.108000%, Loss: 0.0122
Finetune epoch 7/30 - Accuracy: 56.078000%, Loss: 0.0119
Finetune epoch 8/30 - Accuracy: 56.650000%, Loss: 0.0118
Finetune epoch 9/30 - Accuracy: 57.342000%, Loss: 0.0116
Finetune epoch 10/30 - Accuracy: 58.076000%, Loss: 0.0114
Finetune epoch 11/30 - Accuracy: 58.276000%, Loss: 0.0112
Finetune epoch 12/30 - Accuracy: 58.818000%, Loss: 0.0111
Finetune epoch 13/30 - Accuracy: 59.048000%, Loss: 0.0110
Finetune epoch 14/30 - Accuracy: 59.370000%, Loss: 0.0109
Finetune epoch 15/30 - Accuracy: 59.820000%, Loss: 0.0108
Finetune epoch 16/30 - Accuracy: 60.066000%, Loss: 0.0107
Finetune epoch 17/30 - Accuracy: 60.568000%, Loss: 0.0106
Finetune epoch 18/30 - Accuracy: 60.884000%, Loss: 0.0105
Finetune epoch 19/30 - Accuracy: 60.882000%, Loss: 0.0104
Finetune epoch 20/30 - Accuracy: 61.480000%, Loss: 0.0103
Finetune epoch 21/30 - Accuracy: 61.546000%, Loss: 0.0102
Finetune epoch 22/30 - Accuracy: 62.028000%, Loss: 0.0101
Finetune epoch 23/30 - Accuracy: 62.060000%, Loss: 0.0100
Finetune epoch 24/30 - Accuracy: 62.386000%, Loss: 0.0100
Finetune epoch 25/30 - Accuracy: 62.406000%, Loss: 0.0100
Finetune epoch 26/30 - Accuracy: 62.992000%, Loss: 0.0099
Finetune epoch 27/30 - Accuracy: 63.034000%, Loss: 0.0098
Finetune epoch 28/30 - Accuracy: 63.140000%, Loss: 0.0097
Finetune epoch 29/30 - Accuracy: 63.642000%, Loss: 0.0097
Finetune epoch 30/30 - Accuracy: 63.660000%, Loss: 0.0096
[Eval Epoch] CPU ΔMem/sample: 0.0000 MB | GPU Peak: 301.748736 MB | Time: 3.643375s
Evaluation - Accuracy: 48.230000%, Loss: 0.0170
Checkpoint saved: ./pruning_checkpoints/RegNetX_datasetcifar100_pretrain10_finetune30_steps21_batch128_devicecuda_strategy_magnitude/checkpoint_Finetuned_0.971853.pth
[Eval Epoch] CPU ΔMem/sample: 0.0000 MB | GPU Peak: 302.113280 MB | Time: 3.635841s
Evaluation - Accuracy: 33.560000%, Loss: 0.0221
Checkpoint saved: ./pruning_checkpoints/RegNetX_datasetcifar100_pretrain10_finetune30_steps21_batch128_devicecuda_strategy_magnitude/checkpoint_Trained_0.971853.pth
Checkpoint saved: ./pruning_checkpoints/RegNetX_datasetcifar100_pretrain10_finetune30_steps21_batch128_devicecuda_strategy_magnitude/checkpoint_Pruned_0.971853.pth
Pruner state updated and saved.
[Eval Epoch] CPU ΔMem/sample: 0.0000 MB | GPU Peak: 301.748736 MB | Time: 3.732424s
Evaluation - Accuracy: 18.560000%, Loss: 0.0301
Checkpoint saved: ./pruning_checkpoints/RegNetX_datasetcifar100_pretrain10_finetune30_steps21_batch128_devicecuda_strategy_magnitude/checkpoint_Original_0.977482.pth
Finetune epoch 1/30 - Accuracy: 44.778000%, Loss: 0.0160
Finetune epoch 2/30 - Accuracy: 48.252000%, Loss: 0.0146
Finetune epoch 3/30 - Accuracy: 49.926000%, Loss: 0.0141
Finetune epoch 4/30 - Accuracy: 51.104000%, Loss: 0.0137
Finetune epoch 5/30 - Accuracy: 51.744000%, Loss: 0.0134
Finetune epoch 6/30 - Accuracy: 52.440000%, Loss: 0.0132
Finetune epoch 7/30 - Accuracy: 52.926000%, Loss: 0.0130
Finetune epoch 8/30 - Accuracy: 53.462000%, Loss: 0.0128
Finetune epoch 9/30 - Accuracy: 54.256000%, Loss: 0.0126
Finetune epoch 10/30 - Accuracy: 54.440000%, Loss: 0.0125
Finetune epoch 11/30 - Accuracy: 55.172000%, Loss: 0.0123
Finetune epoch 12/30 - Accuracy: 55.462000%, Loss: 0.0122
Finetune epoch 13/30 - Accuracy: 55.818000%, Loss: 0.0121
Finetune epoch 14/30 - Accuracy: 56.258000%, Loss: 0.0120
Finetune epoch 15/30 - Accuracy: 56.308000%, Loss: 0.0119
Finetune epoch 16/30 - Accuracy: 56.686000%, Loss: 0.0118
Finetune epoch 17/30 - Accuracy: 56.884000%, Loss: 0.0118
Finetune epoch 18/30 - Accuracy: 57.586000%, Loss: 0.0116
Finetune epoch 19/30 - Accuracy: 57.714000%, Loss: 0.0116
Finetune epoch 20/30 - Accuracy: 57.752000%, Loss: 0.0115
Finetune epoch 21/30 - Accuracy: 58.020000%, Loss: 0.0114
Finetune epoch 22/30 - Accuracy: 58.144000%, Loss: 0.0114
Finetune epoch 23/30 - Accuracy: 58.686000%, Loss: 0.0113
Finetune epoch 24/30 - Accuracy: 58.518000%, Loss: 0.0113
Finetune epoch 25/30 - Accuracy: 58.670000%, Loss: 0.0112
Finetune epoch 26/30 - Accuracy: 58.848000%, Loss: 0.0112
Finetune epoch 27/30 - Accuracy: 59.468000%, Loss: 0.0111
Finetune epoch 28/30 - Accuracy: 59.342000%, Loss: 0.0111
Finetune epoch 29/30 - Accuracy: 59.438000%, Loss: 0.0110
Finetune epoch 30/30 - Accuracy: 59.804000%, Loss: 0.0109
[Eval Epoch] CPU ΔMem/sample: 0.0000 MB | GPU Peak: 301.748736 MB | Time: 3.759071s
Evaluation - Accuracy: 48.050000%, Loss: 0.0164
Checkpoint saved: ./pruning_checkpoints/RegNetX_datasetcifar100_pretrain10_finetune30_steps21_batch128_devicecuda_strategy_magnitude/checkpoint_Finetuned_0.977482.pth
[Eval Epoch] CPU ΔMem/sample: 0.0000 MB | GPU Peak: 301.516800 MB | Time: 3.675904s
Evaluation - Accuracy: 29.360000%, Loss: 0.0227
Checkpoint saved: ./pruning_checkpoints/RegNetX_datasetcifar100_pretrain10_finetune30_steps21_batch128_devicecuda_strategy_magnitude/checkpoint_Trained_0.977482.pth
Checkpoint saved: ./pruning_checkpoints/RegNetX_datasetcifar100_pretrain10_finetune30_steps21_batch128_devicecuda_strategy_magnitude/checkpoint_Pruned_0.977482.pth
Pruner state updated and saved.
[Eval Epoch] CPU ΔMem/sample: 0.0000 MB | GPU Peak: 301.516800 MB | Time: 3.621274s
Evaluation - Accuracy: 15.450000%, Loss: 0.0308
Checkpoint saved: ./pruning_checkpoints/RegNetX_datasetcifar100_pretrain10_finetune30_steps21_batch128_devicecuda_strategy_magnitude/checkpoint_Original_0.981986.pth
Finetune epoch 1/30 - Accuracy: 42.978000%, Loss: 0.0166
Finetune epoch 2/30 - Accuracy: 46.234000%, Loss: 0.0153
Finetune epoch 3/30 - Accuracy: 47.880000%, Loss: 0.0148
Finetune epoch 4/30 - Accuracy: 49.006000%, Loss: 0.0144
Finetune epoch 5/30 - Accuracy: 49.572000%, Loss: 0.0142
Finetune epoch 6/30 - Accuracy: 50.324000%, Loss: 0.0140
Finetune epoch 7/30 - Accuracy: 50.722000%, Loss: 0.0138
Finetune epoch 8/30 - Accuracy: 51.022000%, Loss: 0.0137
Finetune epoch 9/30 - Accuracy: 51.680000%, Loss: 0.0135
Finetune epoch 10/30 - Accuracy: 52.140000%, Loss: 0.0134
Finetune epoch 11/30 - Accuracy: 52.122000%, Loss: 0.0133
Finetune epoch 12/30 - Accuracy: 52.940000%, Loss: 0.0132
Finetune epoch 13/30 - Accuracy: 53.096000%, Loss: 0.0131
Finetune epoch 14/30 - Accuracy: 53.034000%, Loss: 0.0130
Finetune epoch 15/30 - Accuracy: 53.562000%, Loss: 0.0129
Finetune epoch 16/30 - Accuracy: 53.936000%, Loss: 0.0128
Finetune epoch 17/30 - Accuracy: 54.156000%, Loss: 0.0127
Finetune epoch 18/30 - Accuracy: 54.336000%, Loss: 0.0126
Finetune epoch 19/30 - Accuracy: 54.324000%, Loss: 0.0126
Finetune epoch 20/30 - Accuracy: 54.854000%, Loss: 0.0125
Finetune epoch 21/30 - Accuracy: 54.686000%, Loss: 0.0125
Finetune epoch 22/30 - Accuracy: 54.514000%, Loss: 0.0125
Finetune epoch 23/30 - Accuracy: 55.224000%, Loss: 0.0124
Finetune epoch 24/30 - Accuracy: 55.186000%, Loss: 0.0123
Finetune epoch 25/30 - Accuracy: 55.838000%, Loss: 0.0123
Finetune epoch 26/30 - Accuracy: 55.664000%, Loss: 0.0122
Finetune epoch 27/30 - Accuracy: 55.992000%, Loss: 0.0121
Finetune epoch 28/30 - Accuracy: 55.972000%, Loss: 0.0121
Finetune epoch 29/30 - Accuracy: 56.354000%, Loss: 0.0120
Finetune epoch 30/30 - Accuracy: 56.478000%, Loss: 0.0120
[Eval Epoch] CPU ΔMem/sample: 0.0000 MB | GPU Peak: 301.516800 MB | Time: 3.770820s
Evaluation - Accuracy: 48.000000%, Loss: 0.0160
Checkpoint saved: ./pruning_checkpoints/RegNetX_datasetcifar100_pretrain10_finetune30_steps21_batch128_devicecuda_strategy_magnitude/checkpoint_Finetuned_0.981986.pth
[Eval Epoch] CPU ΔMem/sample: 0.0000 MB | GPU Peak: 302.113280 MB | Time: 3.615385s
Evaluation - Accuracy: 29.100000%, Loss: 0.0226
Checkpoint saved: ./pruning_checkpoints/RegNetX_datasetcifar100_pretrain10_finetune30_steps21_batch128_devicecuda_strategy_magnitude/checkpoint_Trained_0.981986.pth
Checkpoint saved: ./pruning_checkpoints/RegNetX_datasetcifar100_pretrain10_finetune30_steps21_batch128_devicecuda_strategy_magnitude/checkpoint_Pruned_0.981986.pth
Pruner state updated and saved.
[Eval Epoch] CPU ΔMem/sample: 0.0000 MB | GPU Peak: 301.748736 MB | Time: 3.755316s
Evaluation - Accuracy: 14.860000%, Loss: 0.0293
Checkpoint saved: ./pruning_checkpoints/RegNetX_datasetcifar100_pretrain10_finetune30_steps21_batch128_devicecuda_strategy_magnitude/checkpoint_Original_0.985588.pth
Finetune epoch 1/30 - Accuracy: 42.070000%, Loss: 0.0168
Finetune epoch 2/30 - Accuracy: 45.338000%, Loss: 0.0157
Finetune epoch 3/30 - Accuracy: 46.936000%, Loss: 0.0152
Finetune epoch 4/30 - Accuracy: 48.044000%, Loss: 0.0148
Finetune epoch 5/30 - Accuracy: 48.580000%, Loss: 0.0146
Finetune epoch 6/30 - Accuracy: 49.184000%, Loss: 0.0144
Finetune epoch 7/30 - Accuracy: 49.586000%, Loss: 0.0143
Finetune epoch 8/30 - Accuracy: 50.004000%, Loss: 0.0141
Finetune epoch 9/30 - Accuracy: 50.004000%, Loss: 0.0141
Finetune epoch 10/30 - Accuracy: 50.384000%, Loss: 0.0139
Finetune epoch 11/30 - Accuracy: 50.838000%, Loss: 0.0138
Finetune epoch 12/30 - Accuracy: 51.222000%, Loss: 0.0137
Finetune epoch 13/30 - Accuracy: 51.290000%, Loss: 0.0137
Finetune epoch 14/30 - Accuracy: 51.754000%, Loss: 0.0135
Finetune epoch 15/30 - Accuracy: 52.186000%, Loss: 0.0135
Finetune epoch 16/30 - Accuracy: 52.146000%, Loss: 0.0134
Finetune epoch 17/30 - Accuracy: 52.450000%, Loss: 0.0134
Finetune epoch 18/30 - Accuracy: 52.708000%, Loss: 0.0133
Finetune epoch 19/30 - Accuracy: 52.644000%, Loss: 0.0132
Finetune epoch 20/30 - Accuracy: 52.910000%, Loss: 0.0131
Finetune epoch 21/30 - Accuracy: 52.926000%, Loss: 0.0131
Finetune epoch 22/30 - Accuracy: 53.266000%, Loss: 0.0130
Finetune epoch 23/30 - Accuracy: 53.554000%, Loss: 0.0130
Finetune epoch 24/30 - Accuracy: 53.672000%, Loss: 0.0129
Finetune epoch 25/30 - Accuracy: 53.758000%, Loss: 0.0129
Finetune epoch 26/30 - Accuracy: 53.994000%, Loss: 0.0128
Finetune epoch 27/30 - Accuracy: 54.062000%, Loss: 0.0128
Finetune epoch 28/30 - Accuracy: 54.018000%, Loss: 0.0128
Finetune epoch 29/30 - Accuracy: 54.602000%, Loss: 0.0127
Finetune epoch 30/30 - Accuracy: 54.536000%, Loss: 0.0126
[Eval Epoch] CPU ΔMem/sample: 0.0000 MB | GPU Peak: 301.233664 MB | Time: 3.660004s
Evaluation - Accuracy: 48.210000%, Loss: 0.0158
Checkpoint saved: ./pruning_checkpoints/RegNetX_datasetcifar100_pretrain10_finetune30_steps21_batch128_devicecuda_strategy_magnitude/checkpoint_Finetuned_0.985588.pth
[Eval Epoch] CPU ΔMem/sample: 0.0000 MB | GPU Peak: 302.162432 MB | Time: 3.618179s
Evaluation - Accuracy: 23.350000%, Loss: 0.0246
Checkpoint saved: ./pruning_checkpoints/RegNetX_datasetcifar100_pretrain10_finetune30_steps21_batch128_devicecuda_strategy_magnitude/checkpoint_Trained_0.985588.pth
Checkpoint saved: ./pruning_checkpoints/RegNetX_datasetcifar100_pretrain10_finetune30_steps21_batch128_devicecuda_strategy_magnitude/checkpoint_Pruned_0.985588.pth
Pruner state updated and saved.
[Eval Epoch] CPU ΔMem/sample: 0.0000 MB | GPU Peak: 302.162432 MB | Time: 3.679200s
Evaluation - Accuracy: 11.770000%, Loss: 0.0317
Checkpoint saved: ./pruning_checkpoints/RegNetX_datasetcifar100_pretrain10_finetune30_steps21_batch128_devicecuda_strategy_magnitude/checkpoint_Original_0.988471.pth
Finetune epoch 1/30 - Accuracy: 40.656000%, Loss: 0.0173
Finetune epoch 2/30 - Accuracy: 43.870000%, Loss: 0.0161
Finetune epoch 3/30 - Accuracy: 45.168000%, Loss: 0.0157
Finetune epoch 4/30 - Accuracy: 46.164000%, Loss: 0.0154
Finetune epoch 5/30 - Accuracy: 47.014000%, Loss: 0.0152
Finetune epoch 6/30 - Accuracy: 47.620000%, Loss: 0.0149
Finetune epoch 7/30 - Accuracy: 48.146000%, Loss: 0.0148
Finetune epoch 8/30 - Accuracy: 48.588000%, Loss: 0.0146
Finetune epoch 9/30 - Accuracy: 48.760000%, Loss: 0.0145
Finetune epoch 10/30 - Accuracy: 49.300000%, Loss: 0.0144
Finetune epoch 11/30 - Accuracy: 49.764000%, Loss: 0.0143
Finetune epoch 12/30 - Accuracy: 49.966000%, Loss: 0.0142
Finetune epoch 13/30 - Accuracy: 50.182000%, Loss: 0.0141
Finetune epoch 14/30 - Accuracy: 50.256000%, Loss: 0.0140
Finetune epoch 15/30 - Accuracy: 50.244000%, Loss: 0.0140
Finetune epoch 16/30 - Accuracy: 50.696000%, Loss: 0.0139
Finetune epoch 17/30 - Accuracy: 50.804000%, Loss: 0.0138
Finetune epoch 18/30 - Accuracy: 51.102000%, Loss: 0.0138
Finetune epoch 19/30 - Accuracy: 51.248000%, Loss: 0.0137
Finetune epoch 20/30 - Accuracy: 51.312000%, Loss: 0.0137
Finetune epoch 21/30 - Accuracy: 51.306000%, Loss: 0.0137
Finetune epoch 22/30 - Accuracy: 51.916000%, Loss: 0.0135
Finetune epoch 23/30 - Accuracy: 51.658000%, Loss: 0.0136
Finetune epoch 24/30 - Accuracy: 52.240000%, Loss: 0.0134
Finetune epoch 25/30 - Accuracy: 52.350000%, Loss: 0.0134
Finetune epoch 26/30 - Accuracy: 52.366000%, Loss: 0.0134
Finetune epoch 27/30 - Accuracy: 52.574000%, Loss: 0.0133
Finetune epoch 28/30 - Accuracy: 52.616000%, Loss: 0.0134
Finetune epoch 29/30 - Accuracy: 52.830000%, Loss: 0.0133
Finetune epoch 30/30 - Accuracy: 52.894000%, Loss: 0.0132
[Eval Epoch] CPU ΔMem/sample: 0.0000 MB | GPU Peak: 301.525504 MB | Time: 3.652194s
Evaluation - Accuracy: 47.710000%, Loss: 0.0158
Checkpoint saved: ./pruning_checkpoints/RegNetX_datasetcifar100_pretrain10_finetune30_steps21_batch128_devicecuda_strategy_magnitude/checkpoint_Finetuned_0.988471.pth
[Eval Epoch] CPU ΔMem/sample: 0.0000 MB | GPU Peak: 301.467648 MB | Time: 3.585478s
Evaluation - Accuracy: 22.910000%, Loss: 0.0251
Checkpoint saved: ./pruning_checkpoints/RegNetX_datasetcifar100_pretrain10_finetune30_steps21_batch128_devicecuda_strategy_magnitude/checkpoint_Trained_0.988471.pth
Checkpoint saved: ./pruning_checkpoints/RegNetX_datasetcifar100_pretrain10_finetune30_steps21_batch128_devicecuda_strategy_magnitude/checkpoint_Pruned_0.988471.pth
Pruner state updated and saved.
[Eval Epoch] CPU ΔMem/sample: 0.0000 MB | GPU Peak: 301.103104 MB | Time: 3.507720s
Evaluation - Accuracy: 11.920000%, Loss: 0.0304
Checkpoint saved: ./pruning_checkpoints/RegNetX_datasetcifar100_pretrain10_finetune30_steps21_batch128_devicecuda_strategy_magnitude/checkpoint_Original_0.990777.pth
Finetune epoch 1/30 - Accuracy: 38.504000%, Loss: 0.0181
Finetune epoch 2/30 - Accuracy: 42.078000%, Loss: 0.0168
Finetune epoch 3/30 - Accuracy: 43.538000%, Loss: 0.0163
Finetune epoch 4/30 - Accuracy: 44.646000%, Loss: 0.0160
Finetune epoch 5/30 - Accuracy: 44.898000%, Loss: 0.0158
Finetune epoch 6/30 - Accuracy: 46.004000%, Loss: 0.0155
Finetune epoch 7/30 - Accuracy: 46.462000%, Loss: 0.0154
Finetune epoch 8/30 - Accuracy: 46.958000%, Loss: 0.0152
Finetune epoch 9/30 - Accuracy: 46.974000%, Loss: 0.0152
Finetune epoch 10/30 - Accuracy: 47.268000%, Loss: 0.0150
Finetune epoch 11/30 - Accuracy: 47.622000%, Loss: 0.0150
Finetune epoch 12/30 - Accuracy: 47.548000%, Loss: 0.0149
Finetune epoch 13/30 - Accuracy: 48.038000%, Loss: 0.0148
Finetune epoch 14/30 - Accuracy: 48.386000%, Loss: 0.0147
Finetune epoch 15/30 - Accuracy: 48.592000%, Loss: 0.0146
Finetune epoch 16/30 - Accuracy: 48.866000%, Loss: 0.0146
Finetune epoch 17/30 - Accuracy: 49.080000%, Loss: 0.0145
Finetune epoch 18/30 - Accuracy: 49.004000%, Loss: 0.0144
Finetune epoch 19/30 - Accuracy: 49.312000%, Loss: 0.0144
Finetune epoch 20/30 - Accuracy: 49.414000%, Loss: 0.0143
Finetune epoch 21/30 - Accuracy: 49.522000%, Loss: 0.0143
Finetune epoch 22/30 - Accuracy: 49.924000%, Loss: 0.0142
Finetune epoch 23/30 - Accuracy: 50.242000%, Loss: 0.0141
Finetune epoch 24/30 - Accuracy: 50.184000%, Loss: 0.0141
Finetune epoch 25/30 - Accuracy: 50.052000%, Loss: 0.0141
Finetune epoch 26/30 - Accuracy: 50.510000%, Loss: 0.0140
Finetune epoch 27/30 - Accuracy: 50.528000%, Loss: 0.0140
Finetune epoch 28/30 - Accuracy: 50.756000%, Loss: 0.0140
Finetune epoch 29/30 - Accuracy: 50.878000%, Loss: 0.0139
Finetune epoch 30/30 - Accuracy: 51.012000%, Loss: 0.0139
[Eval Epoch] CPU ΔMem/sample: 0.0000 MB | GPU Peak: 301.103104 MB | Time: 3.559401s
Evaluation - Accuracy: 47.320000%, Loss: 0.0159
Checkpoint saved: ./pruning_checkpoints/RegNetX_datasetcifar100_pretrain10_finetune30_steps21_batch128_devicecuda_strategy_magnitude/checkpoint_Finetuned_0.990777.pth
[Eval Epoch] CPU ΔMem/sample: 0.0000 MB | GPU Peak: 301.109760 MB | Time: 3.618483s
Evaluation - Accuracy: 19.170000%, Loss: 0.0274
Checkpoint saved: ./pruning_checkpoints/RegNetX_datasetcifar100_pretrain10_finetune30_steps21_batch128_devicecuda_strategy_magnitude/checkpoint_Trained_0.990777.pth
Checkpoint saved: ./pruning_checkpoints/RegNetX_datasetcifar100_pretrain10_finetune30_steps21_batch128_devicecuda_strategy_magnitude/checkpoint_Pruned_0.990777.pth
Pruner state updated and saved.
[Eval Epoch] CPU ΔMem/sample: 0.0000 MB | GPU Peak: 301.109760 MB | Time: 3.509091s
Evaluation - Accuracy: 10.470000%, Loss: 0.0321
Checkpoint saved: ./pruning_checkpoints/RegNetX_datasetcifar100_pretrain10_finetune30_steps21_batch128_devicecuda_strategy_magnitude/checkpoint_Finetuned_0.990776.pth
