Traceback (most recent call last):
  File "<frozen runpy>", line 198, in _run_module_as_main
  File "<frozen runpy>", line 88, in _run_code
  File "/old_Users/jgafur/LTH/manuscript/Tranfer/adversarial_analysis.py", line 682, in <module>
    main()
  File "/old_Users/jgafur/LTH/manuscript/Tranfer/adversarial_analysis.py", line 622, in main
    records = CKASuite.run_standalone(
              ^^^^^^^^^^^^^^^^^^^^^^^^
  File "/old_Users/jgafur/LTH/manuscript/Tranfer/adversarial_cka.py", line 179, in run_standalone
    reps = cls._extract_representations(model, test_loader, layer_name, device, max_samples)
           ^^^^^^^^^^^^^^^^^^^^^^^^^^^^^^^^^^^^^^^^^^^^^^^^^^^^^^^^^^^^^^^^^^^^^^^^^^^^^^^^^
  File "/old_Users/jgafur/LTH/manuscript/Tranfer/adversarial_cka.py", line 390, in _extract_representations
    _ = model(images)
        ^^^^^^^^^^^^^
  File "/Users/jgafur/env/lth_env/lib/python3.11/site-packages/torch/nn/modules/module.py", line 1739, in _wrapped_call_impl
    return self._call_impl(*args, **kwargs)
           ^^^^^^^^^^^^^^^^^^^^^^^^^^^^^^^^
  File "/Users/jgafur/env/lth_env/lib/python3.11/site-packages/torch/nn/modules/module.py", line 1750, in _call_impl
    return forward_call(*args, **kwargs)
           ^^^^^^^^^^^^^^^^^^^^^^^^^^^^^
  File "/Users/jgafur/env/lth_env/lib/python3.11/site-packages/torch/nn/parallel/data_parallel.py", line 191, in forward
    return self.module(*inputs[0], **module_kwargs[0])
           ^^^^^^^^^^^^^^^^^^^^^^^^^^^^^^^^^^^^^^^^^^^
  File "/Users/jgafur/env/lth_env/lib/python3.11/site-packages/torch/nn/modules/module.py", line 1739, in _wrapped_call_impl
    return self._call_impl(*args, **kwargs)
           ^^^^^^^^^^^^^^^^^^^^^^^^^^^^^^^^
  File "/Users/jgafur/env/lth_env/lib/python3.11/site-packages/torch/nn/modules/module.py", line 1750, in _call_impl
    return forward_call(*args, **kwargs)
           ^^^^^^^^^^^^^^^^^^^^^^^^^^^^^
  File "/old_Users/jgafur/LTH/pyPrune/models/Vgg16.py", line 110, in forward
    x = self.features(x)
        ^^^^^^^^^^^^^^^^
  File "/Users/jgafur/env/lth_env/lib/python3.11/site-packages/torch/nn/modules/module.py", line 1739, in _wrapped_call_impl
    return self._call_impl(*args, **kwargs)
           ^^^^^^^^^^^^^^^^^^^^^^^^^^^^^^^^
  File "/Users/jgafur/env/lth_env/lib/python3.11/site-packages/torch/nn/modules/module.py", line 1750, in _call_impl
    return forward_call(*args, **kwargs)
           ^^^^^^^^^^^^^^^^^^^^^^^^^^^^^
  File "/Users/jgafur/env/lth_env/lib/python3.11/site-packages/torch/nn/modules/container.py", line 250, in forward
    input = module(input)
            ^^^^^^^^^^^^^
  File "/Users/jgafur/env/lth_env/lib/python3.11/site-packages/torch/nn/modules/module.py", line 1739, in _wrapped_call_impl
    return self._call_impl(*args, **kwargs)
           ^^^^^^^^^^^^^^^^^^^^^^^^^^^^^^^^
  File "/Users/jgafur/env/lth_env/lib/python3.11/site-packages/torch/nn/modules/module.py", line 1845, in _call_impl
    return inner()
           ^^^^^^^
  File "/Users/jgafur/env/lth_env/lib/python3.11/site-packages/torch/nn/modules/module.py", line 1806, in inner
    hook_result = hook(self, args, result)
                  ^^^^^^^^^^^^^^^^^^^^^^^^
  File "/old_Users/jgafur/LTH/manuscript/Tranfer/adversarial_cka.py", line 380, in <lambda>
    handle = module.register_forward_hook(lambda m, i, o: activations.append(o.detach().cpu()))
                                                                             ^^^^^^^^^^^^^^^^
  File "/Users/jgafur/env/lth_env/lib/python3.11/site-packages/torch/utils/data/_utils/signal_handling.py", line 73, in handler
    _error_if_any_worker_fails()
RuntimeError: DataLoader worker (pid 11237) is killed by signal: Killed. 
