2026-10-01 10:04:47,741 - INFO - 
================================================================================
2026-10-01 10:04:47,741 - INFO - PRUNING IMPACT ANALYSIS: Standard (Non-Adversarial) Models
2026-10-01 10:04:47,741 - INFO - ================================================================================

2026-10-01 10:04:47,741 - INFO - Loading summary files...
2026-10-01 10:04:47,780 - INFO -   ✓ summary_ConvNeXt_Cifar100_APGD.csv: 3 rows
2026-10-01 10:04:47,783 - INFO -   ✓ summary_ConvNeXt_Cifar100_BIM.csv: 3 rows
2026-10-01 10:04:47,787 - INFO -   ✓ summary_ConvNeXt_Cifar100_CW.csv: 3 rows
2026-10-01 10:04:47,790 - INFO -   ✓ summary_ConvNeXt_Cifar100_DeepFool.csv: 3 rows
2026-10-01 10:04:47,811 - INFO -   ✓ summary_ConvNeXt_Cifar100_FGSM.csv: 3 rows
2026-10-01 10:04:47,826 - INFO -   ✓ summary_ConvNeXt_Cifar100_IFGSM.csv: 3 rows
2026-10-01 10:04:47,829 - INFO -   ✓ summary_ConvNeXt_Cifar100_PGD.csv: 3 rows
2026-10-01 10:04:47,833 - INFO -   ✓ summary_ConvNeXt_Cifar10_BIM.csv: 3 rows
2026-10-01 10:04:47,844 - INFO -   ✓ summary_ConvNeXt_Cifar10_FGSM.csv: 3 rows
2026-10-01 10:04:47,847 - INFO -   ✓ summary_ConvNeXt_Cifar10_IFGSM.csv: 3 rows
2026-10-01 10:04:47,850 - INFO -   ✓ summary_ConvNeXt_Cifar10_PGD.csv: 3 rows
2026-10-01 10:04:47,853 - INFO -   ✓ summary_ConvNeXt_TinyImageNet_FGSM.csv: 3 rows
2026-10-01 10:04:47,856 - INFO -   ✓ summary_InceptionNet_Cifar100_APGD.csv: 3 rows
2026-10-01 10:04:47,859 - INFO -   ✓ summary_InceptionNet_Cifar100_BIM.csv: 3 rows
2026-10-01 10:04:47,862 - INFO -   ✓ summary_InceptionNet_Cifar100_CW.csv: 3 rows
2026-10-01 10:04:47,865 - INFO -   ✓ summary_InceptionNet_Cifar100_DeepFool.csv: 3 rows
2026-10-01 10:04:47,869 - INFO -   ✓ summary_InceptionNet_Cifar100_FGSM.csv: 3 rows
2026-10-01 10:04:47,872 - INFO -   ✓ summary_InceptionNet_Cifar100_IFGSM.csv: 3 rows
2026-10-01 10:04:47,875 - INFO -   ✓ summary_InceptionNet_Cifar100_PGD.csv: 3 rows
2026-10-01 10:04:47,878 - INFO -   ✓ summary_InceptionNet_Cifar10_APGD.csv: 3 rows
2026-10-01 10:04:47,881 - INFO -   ✓ summary_InceptionNet_Cifar10_BIM.csv: 3 rows
2026-10-01 10:04:47,884 - INFO -   ✓ summary_InceptionNet_Cifar10_CW.csv: 3 rows
2026-10-01 10:04:47,888 - INFO -   ✓ summary_InceptionNet_Cifar10_DeepFool.csv: 3 rows
2026-10-01 10:04:47,891 - INFO -   ✓ summary_InceptionNet_Cifar10_FGSM.csv: 3 rows
2026-10-01 10:04:47,894 - INFO -   ✓ summary_InceptionNet_Cifar10_IFGSM.csv: 3 rows
2026-10-01 10:04:47,897 - INFO -   ✓ summary_InceptionNet_Cifar10_PGD.csv: 3 rows
2026-10-01 10:04:47,900 - INFO -   ✓ summary_InceptionNet_TinyImageNet_APGD.csv: 1 rows
2026-10-01 10:04:47,904 - INFO -   ✓ summary_InceptionNet_TinyImageNet_BIM.csv: 3 rows
2026-10-01 10:04:47,907 - INFO -   ✓ summary_InceptionNet_TinyImageNet_CW.csv: 3 rows
2026-10-01 10:04:47,910 - INFO -   ✓ summary_InceptionNet_TinyImageNet_IFGSM.csv: 3 rows
2026-10-01 10:04:47,913 - INFO -   ✓ summary_MobileNet_Cifar100_APGD.csv: 1 rows
2026-10-01 10:04:48,139 - INFO -   ✓ summary_MobileNet_Cifar100_BIM.csv: 1 rows
2026-10-01 10:04:48,143 - INFO -   ✓ summary_MobileNet_Cifar100_CW.csv: 1 rows
2026-10-01 10:04:48,146 - INFO -   ✓ summary_MobileNet_Cifar100_DeepFool.csv: 1 rows
2026-10-01 10:04:48,149 - INFO -   ✓ summary_MobileNet_Cifar100_FGSM.csv: 1 rows
2026-10-01 10:04:48,152 - INFO -   ✓ summary_MobileNet_Cifar100_IFGSM.csv: 1 rows
2026-10-01 10:04:48,169 - INFO -   ✓ summary_MobileNet_Cifar100_PGD.csv: 1 rows
2026-10-01 10:04:48,172 - INFO -   ✓ summary_RegNetX_400MF_Cifar100_APGD.csv: 3 rows
2026-10-01 10:04:48,176 - INFO -   ✓ summary_RegNetX_400MF_Cifar100_BIM.csv: 3 rows
2026-10-01 10:04:48,179 - INFO -   ✓ summary_RegNetX_400MF_Cifar100_FGSM.csv: 3 rows
2026-10-01 10:04:48,183 - INFO -   ✓ summary_RegNetX_400MF_Cifar100_IFGSM.csv: 3 rows
2026-10-01 10:04:48,187 - INFO -   ✓ summary_RegNetX_400MF_Cifar100_PGD.csv: 3 rows
2026-10-01 10:04:48,190 - INFO -   ✓ summary_RegNetX_400MF_Cifar10_APGD.csv: 3 rows
2026-10-01 10:04:48,193 - INFO -   ✓ summary_RegNetX_400MF_Cifar10_BIM.csv: 3 rows
2026-10-01 10:04:48,197 - INFO -   ✓ summary_RegNetX_400MF_Cifar10_FGSM.csv: 3 rows
2026-10-01 10:04:48,200 - INFO -   ✓ summary_RegNetX_400MF_Cifar10_IFGSM.csv: 3 rows
2026-10-01 10:04:48,203 - INFO -   ✓ summary_RegNetX_400MF_Cifar10_PGD.csv: 3 rows
2026-10-01 10:04:48,207 - INFO -   ✓ summary_RegNetX_400MF_TinyImageNet_BIM.csv: 3 rows
2026-10-01 10:04:48,210 - INFO -   ✓ summary_RegNetX_400MF_TinyImageNet_IFGSM.csv: 3 rows
2026-10-01 10:04:48,213 - INFO -   ✓ summary_VGG16_Cifar100_APGD.csv: 3 rows
2026-10-01 10:04:48,232 - INFO -   ✓ summary_VGG16_Cifar100_BIM.csv: 3 rows
2026-10-01 10:04:48,236 - INFO -   ✓ summary_VGG16_Cifar100_CW.csv: 3 rows
2026-10-01 10:04:48,239 - INFO -   ✓ summary_VGG16_Cifar100_DeepFool.csv: 3 rows
2026-10-01 10:04:48,243 - INFO -   ✓ summary_VGG16_Cifar100_FGSM.csv: 3 rows
2026-10-01 10:04:48,246 - INFO -   ✓ summary_VGG16_Cifar100_IFGSM.csv: 3 rows
2026-10-01 10:04:48,249 - INFO -   ✓ summary_VGG16_Cifar10_FGSM.csv: 3 rows
2026-10-01 10:04:48,260 - INFO -   ✓ summary_VGG16_Cifar10_IFGSM.csv: 3 rows
2026-10-01 10:04:48,264 - INFO -   ✓ summary_VGG16_Cifar10_PGD.csv: 3 rows
2026-10-01 10:04:48,267 - INFO -   ✓ summary_VGG16_TinyImageNet_CW.csv: 1 rows
2026-10-01 10:04:48,270 - INFO -   ✓ summary_VGG16_TinyImageNet_FGSM.csv: 1 rows
2026-10-01 10:04:48,273 - INFO -   ✓ summary_VGG16_TinyImageNet_IFGSM.csv: 1 rows
2026-10-01 10:04:48,277 - INFO -   ✓ summary_XceptionNet_Cifar100_APGD.csv: 3 rows
2026-10-01 10:04:48,291 - INFO -   ✓ summary_XceptionNet_Cifar100_BIM.csv: 3 rows
2026-10-01 10:04:48,294 - INFO -   ✓ summary_XceptionNet_Cifar100_CW.csv: 3 rows
2026-10-01 10:04:48,297 - INFO -   ✓ summary_XceptionNet_Cifar100_DeepFool.csv: 3 rows
2026-10-01 10:04:48,301 - INFO -   ✓ summary_XceptionNet_Cifar100_FGSM.csv: 3 rows
2026-10-01 10:04:48,308 - INFO -   ✓ summary_XceptionNet_Cifar100_IFGSM.csv: 3 rows
2026-10-01 10:04:48,312 - INFO -   ✓ summary_XceptionNet_Cifar100_PGD.csv: 3 rows
2026-10-01 10:04:48,315 - INFO -   ✓ summary_XceptionNet_Cifar10_APGD.csv: 3 rows
2026-10-01 10:04:48,319 - INFO -   ✓ summary_XceptionNet_Cifar10_BIM.csv: 3 rows
2026-10-01 10:04:48,322 - INFO -   ✓ summary_XceptionNet_Cifar10_CW.csv: 3 rows
2026-10-01 10:04:48,325 - INFO -   ✓ summary_XceptionNet_Cifar10_DeepFool.csv: 3 rows
2026-10-01 10:04:48,328 - INFO -   ✓ summary_XceptionNet_Cifar10_FGSM.csv: 3 rows
2026-10-01 10:04:48,375 - INFO -   ✓ summary_XceptionNet_Cifar10_IFGSM.csv: 3 rows
2026-10-01 10:04:48,378 - INFO -   ✓ summary_XceptionNet_Cifar10_PGD.csv: 3 rows
2026-10-01 10:04:48,381 - INFO -   ✓ summary_XceptionNet_TinyImageNet_FGSM.csv: 3 rows
2026-10-01 10:04:48,386 - INFO - 
✓ Total rows: 206
2026-10-01 10:04:48,387 - INFO - ✓ Models: 6
2026-10-01 10:04:48,387 - INFO - ✓ Datasets: 3
2026-10-01 10:04:48,387 - INFO - ✓ Attacks: 6
2026-10-01 10:04:48,387 - INFO - ✓ Variants: ['Control_Continuted', 'Dynamic_Region_All_Combined', 'Dynamic_Region_All_Combined_quant']

2026-10-01 10:04:48,388 - INFO - Generating Figure 1: Clean Accuracy Preservation
2026-10-01 10:04:49,681 - INFO -   ✓ Saved Figure 1

2026-10-01 10:04:49,681 - INFO - Generating Figure 2: Attack Vulnerability by Variant (per model)
2026-10-01 10:04:50,530 - INFO -   ✓ Saved Figure 2

2026-10-01 10:04:50,531 - INFO - Generating Figure 3: Variant Summary Statistics (per model and dataset)
2026-10-01 10:04:50,854 - INFO -   ✓ Saved Figure 3 for ConvNeXt - Cifar100_epochs100_pretrain300

2026-10-01 10:04:51,119 - INFO -   ✓ Saved Figure 3 for ConvNeXt - Cifar10_epochs100_pretrain300

2026-10-01 10:04:51,380 - INFO -   ✓ Saved Figure 3 for ConvNeXt - tinyimagenet_epochs100_pretrain300

2026-10-01 10:04:51,640 - INFO -   ✓ Saved Figure 3 for InceptionNet - Cifar100_epochs100_pretrain300

2026-10-01 10:04:51,902 - INFO -   ✓ Saved Figure 3 for InceptionNet - Cifar10_epochs100_pretrain300

2026-10-01 10:04:52,163 - INFO -   ✓ Saved Figure 3 for InceptionNet - tinyimagenet_epochs100_pretrain300

2026-10-01 10:04:52,392 - INFO -   ✓ Saved Figure 3 for MobileNet - Cifar100_epochs100_pretrain300

2026-10-01 10:04:52,654 - INFO -   ✓ Saved Figure 3 for RegNetX_400MF - Cifar100_epochs100_pretrain300

2026-10-01 10:04:52,914 - INFO -   ✓ Saved Figure 3 for RegNetX_400MF - Cifar10_epochs100_pretrain300

2026-10-01 10:04:53,175 - INFO -   ✓ Saved Figure 3 for RegNetX_400MF - tinyimagenet_epochs100_pretrain300

2026-10-01 10:04:53,435 - INFO -   ✓ Saved Figure 3 for VGG16 - Cifar100_epochs100_pretrain300

2026-10-01 10:04:53,695 - INFO -   ✓ Saved Figure 3 for VGG16 - Cifar10_epochs100_pretrain300

2026-10-01 10:04:53,924 - INFO -   ✓ Saved Figure 3 for VGG16 - tinyimagenet_epochs100_pretrain300

2026-10-01 10:04:54,186 - INFO -   ✓ Saved Figure 3 for XceptionNet - Cifar100_epochs100_pretrain300

2026-10-01 10:04:54,446 - INFO -   ✓ Saved Figure 3 for XceptionNet - Cifar10_epochs100_pretrain300

2026-10-01 10:04:54,706 - INFO -   ✓ Saved Figure 3 for XceptionNet - tinyimagenet_epochs100_pretrain300

2026-10-01 10:04:54,706 - INFO - Generating Figure 4: Clean Accuracy vs Vulnerability Correlation (per model)
2026-10-01 10:04:55,660 - INFO -   ✓ Saved Figure 4

2026-10-01 10:04:55,660 - INFO - ================================================================================
2026-10-01 10:04:55,660 - INFO - ✓ ANALYSIS COMPLETE
2026-10-01 10:04:55,660 - INFO - ================================================================================
2026-10-01 10:04:55,660 - INFO - 
Key Research Questions Answered:
2026-10-01 10:04:55,660 - INFO -   1. Does pruning hurt clean accuracy? (Figure 1)
2026-10-01 10:04:55,660 - INFO -   2. Does pruning increase adversarial vulnerability? (Figure 2)
2026-10-01 10:04:55,660 - INFO -   3. Summary comparison across all models (Figure 3)
2026-10-01 10:04:55,660 - INFO -   4. Accuracy-vulnerability trade-off (Figure 4)
2026-10-01 10:04:55,660 - INFO - 
Next: Run SHAP analysis (temp4.sh) to understand feature importance changes

