Saved 44 initial parameters.
Saved 44 initial parameters.
Pretrain epoch 1/10 - Accuracy: 30.670000%, Loss: 0.0153
Pretrain epoch 2/10 - Accuracy: 46.592000%, Loss: 0.0114
Pretrain epoch 3/10 - Accuracy: 52.828000%, Loss: 0.0102
Pretrain epoch 4/10 - Accuracy: 58.348000%, Loss: 0.0091
Pretrain epoch 5/10 - Accuracy: 62.000000%, Loss: 0.0083
Pretrain epoch 6/10 - Accuracy: 64.624000%, Loss: 0.0077
Pretrain epoch 7/10 - Accuracy: 67.458000%, Loss: 0.0072
Pretrain epoch 8/10 - Accuracy: 69.570000%, Loss: 0.0068
Pretrain epoch 9/10 - Accuracy: 71.230000%, Loss: 0.0064
Pretrain epoch 10/10 - Accuracy: 72.364000%, Loss: 0.0061
Saved 44 initial parameters.
[Eval Epoch] CPU ΔMem/sample: 0.0005 MB | GPU Peak: 220.863488 MB | Time: 3.792813s
Evaluation - Accuracy: 72.550000%, Loss: 0.0062
Checkpoint saved: ./pruning_checkpoints/RegNetX_datasetcifar10_pretrain10_finetune30_steps21_batch128_devicecuda_strategy_magnitude/checkpoint_Original_0.000000.pth
Finetune epoch 1/30 - Accuracy: 73.546000%, Loss: 0.0058
Finetune epoch 2/30 - Accuracy: 74.676000%, Loss: 0.0056
Finetune epoch 3/30 - Accuracy: 75.170000%, Loss: 0.0055
Finetune epoch 4/30 - Accuracy: 76.348000%, Loss: 0.0052
Finetune epoch 5/30 - Accuracy: 77.592000%, Loss: 0.0050
Finetune epoch 6/30 - Accuracy: 78.146000%, Loss: 0.0049
Finetune epoch 7/30 - Accuracy: 78.428000%, Loss: 0.0048
Finetune epoch 8/30 - Accuracy: 79.260000%, Loss: 0.0046
Finetune epoch 9/30 - Accuracy: 80.146000%, Loss: 0.0044
Finetune epoch 10/30 - Accuracy: 80.888000%, Loss: 0.0042
Finetune epoch 11/30 - Accuracy: 81.298000%, Loss: 0.0042
Finetune epoch 12/30 - Accuracy: 82.150000%, Loss: 0.0040
Finetune epoch 13/30 - Accuracy: 82.482000%, Loss: 0.0039
Finetune epoch 14/30 - Accuracy: 83.222000%, Loss: 0.0038
Finetune epoch 15/30 - Accuracy: 83.538000%, Loss: 0.0037
Finetune epoch 16/30 - Accuracy: 83.890000%, Loss: 0.0036
Finetune epoch 17/30 - Accuracy: 84.240000%, Loss: 0.0035
Finetune epoch 18/30 - Accuracy: 84.594000%, Loss: 0.0034
Finetune epoch 19/30 - Accuracy: 85.080000%, Loss: 0.0033
Finetune epoch 20/30 - Accuracy: 85.316000%, Loss: 0.0033
Finetune epoch 21/30 - Accuracy: 85.674000%, Loss: 0.0032
Finetune epoch 22/30 - Accuracy: 86.018000%, Loss: 0.0031
Finetune epoch 23/30 - Accuracy: 86.316000%, Loss: 0.0030
Finetune epoch 24/30 - Accuracy: 86.438000%, Loss: 0.0030
Finetune epoch 25/30 - Accuracy: 86.668000%, Loss: 0.0029
Finetune epoch 26/30 - Accuracy: 87.150000%, Loss: 0.0028
Finetune epoch 27/30 - Accuracy: 87.140000%, Loss: 0.0028
Finetune epoch 28/30 - Accuracy: 87.724000%, Loss: 0.0027
Finetune epoch 29/30 - Accuracy: 87.648000%, Loss: 0.0027
Finetune epoch 30/30 - Accuracy: 87.852000%, Loss: 0.0027
[Eval Epoch] CPU ΔMem/sample: 0.0000 MB | GPU Peak: 267.635712 MB | Time: 3.518453s
Evaluation - Accuracy: 83.270000%, Loss: 0.0040
Checkpoint saved: ./pruning_checkpoints/RegNetX_datasetcifar10_pretrain10_finetune30_steps21_batch128_devicecuda_strategy_magnitude/checkpoint_Finetuned_0.000000.pth
[Eval Epoch] CPU ΔMem/sample: 0.0000 MB | GPU Peak: 268.410880 MB | Time: 3.563027s
Evaluation - Accuracy: 83.270000%, Loss: 0.0040
Checkpoint saved: ./pruning_checkpoints/RegNetX_datasetcifar10_pretrain10_finetune30_steps21_batch128_devicecuda_strategy_magnitude/checkpoint_Trained_0.000000.pth
Checkpoint saved: ./pruning_checkpoints/RegNetX_datasetcifar10_pretrain10_finetune30_steps21_batch128_devicecuda_strategy_magnitude/checkpoint_Pruned_0.000000.pth
Pruner state updated and saved.
[Eval Epoch] CPU ΔMem/sample: 0.0000 MB | GPU Peak: 269.459456 MB | Time: 3.539201s
Evaluation - Accuracy: 10.000000%, Loss: 29.0650
Checkpoint saved: ./pruning_checkpoints/RegNetX_datasetcifar10_pretrain10_finetune30_steps21_batch128_devicecuda_strategy_magnitude/checkpoint_Original_0.200000.pth
Finetune epoch 1/30 - Accuracy: 74.094000%, Loss: 0.0059
Finetune epoch 2/30 - Accuracy: 76.280000%, Loss: 0.0053
Finetune epoch 3/30 - Accuracy: 76.948000%, Loss: 0.0051
Finetune epoch 4/30 - Accuracy: 77.732000%, Loss: 0.0050
Finetune epoch 5/30 - Accuracy: 77.978000%, Loss: 0.0049
Finetune epoch 6/30 - Accuracy: 78.372000%, Loss: 0.0048
Finetune epoch 7/30 - Accuracy: 78.790000%, Loss: 0.0047
Finetune epoch 8/30 - Accuracy: 78.796000%, Loss: 0.0047
Finetune epoch 9/30 - Accuracy: 78.988000%, Loss: 0.0047
Finetune epoch 10/30 - Accuracy: 79.150000%, Loss: 0.0046
Finetune epoch 11/30 - Accuracy: 79.382000%, Loss: 0.0046
Finetune epoch 12/30 - Accuracy: 79.672000%, Loss: 0.0045
Finetune epoch 13/30 - Accuracy: 79.690000%, Loss: 0.0045
Finetune epoch 14/30 - Accuracy: 79.910000%, Loss: 0.0045
Finetune epoch 15/30 - Accuracy: 80.006000%, Loss: 0.0044
Finetune epoch 16/30 - Accuracy: 80.360000%, Loss: 0.0044
Finetune epoch 17/30 - Accuracy: 80.420000%, Loss: 0.0044
Finetune epoch 18/30 - Accuracy: 80.192000%, Loss: 0.0043
Finetune epoch 19/30 - Accuracy: 80.702000%, Loss: 0.0043
Finetune epoch 20/30 - Accuracy: 80.924000%, Loss: 0.0042
Finetune epoch 21/30 - Accuracy: 80.980000%, Loss: 0.0042
Finetune epoch 22/30 - Accuracy: 80.964000%, Loss: 0.0042
Finetune epoch 23/30 - Accuracy: 81.040000%, Loss: 0.0042
Finetune epoch 24/30 - Accuracy: 81.146000%, Loss: 0.0042
Finetune epoch 25/30 - Accuracy: 81.456000%, Loss: 0.0041
Finetune epoch 26/30 - Accuracy: 81.378000%, Loss: 0.0041
Finetune epoch 27/30 - Accuracy: 81.548000%, Loss: 0.0041
Finetune epoch 28/30 - Accuracy: 81.946000%, Loss: 0.0040
Finetune epoch 29/30 - Accuracy: 81.742000%, Loss: 0.0040
Finetune epoch 30/30 - Accuracy: 81.910000%, Loss: 0.0040
[Eval Epoch] CPU ΔMem/sample: 0.0000 MB | GPU Peak: 268.609536 MB | Time: 3.530301s
Evaluation - Accuracy: 79.390000%, Loss: 0.0051
Checkpoint saved: ./pruning_checkpoints/RegNetX_datasetcifar10_pretrain10_finetune30_steps21_batch128_devicecuda_strategy_magnitude/checkpoint_Finetuned_0.200000.pth
[Eval Epoch] CPU ΔMem/sample: 0.0000 MB | GPU Peak: 281.720320 MB | Time: 3.412588s
Evaluation - Accuracy: 79.390000%, Loss: 0.0051
Checkpoint saved: ./pruning_checkpoints/RegNetX_datasetcifar10_pretrain10_finetune30_steps21_batch128_devicecuda_strategy_magnitude/checkpoint_Trained_0.200000.pth
Checkpoint saved: ./pruning_checkpoints/RegNetX_datasetcifar10_pretrain10_finetune30_steps21_batch128_devicecuda_strategy_magnitude/checkpoint_Pruned_0.200000.pth
Pruner state updated and saved.
[Eval Epoch] CPU ΔMem/sample: 0.0000 MB | GPU Peak: 281.395712 MB | Time: 3.488156s
Evaluation - Accuracy: 10.330000%, Loss: 0.1637
Checkpoint saved: ./pruning_checkpoints/RegNetX_datasetcifar10_pretrain10_finetune30_steps21_batch128_devicecuda_strategy_magnitude/checkpoint_Original_0.360000.pth
Finetune epoch 1/30 - Accuracy: 76.286000%, Loss: 0.0053
Finetune epoch 2/30 - Accuracy: 77.654000%, Loss: 0.0050
Finetune epoch 3/30 - Accuracy: 78.050000%, Loss: 0.0049
Finetune epoch 4/30 - Accuracy: 78.468000%, Loss: 0.0048
Finetune epoch 5/30 - Accuracy: 78.836000%, Loss: 0.0047
Finetune epoch 6/30 - Accuracy: 79.102000%, Loss: 0.0046
Finetune epoch 7/30 - Accuracy: 79.406000%, Loss: 0.0046
Finetune epoch 8/30 - Accuracy: 79.380000%, Loss: 0.0046
Finetune epoch 9/30 - Accuracy: 79.702000%, Loss: 0.0045
Finetune epoch 10/30 - Accuracy: 79.944000%, Loss: 0.0045
Finetune epoch 11/30 - Accuracy: 79.854000%, Loss: 0.0044
Finetune epoch 12/30 - Accuracy: 80.248000%, Loss: 0.0044
Finetune epoch 13/30 - Accuracy: 80.298000%, Loss: 0.0044
Finetune epoch 14/30 - Accuracy: 80.426000%, Loss: 0.0044
Finetune epoch 15/30 - Accuracy: 80.444000%, Loss: 0.0043
Finetune epoch 16/30 - Accuracy: 80.618000%, Loss: 0.0043
Finetune epoch 17/30 - Accuracy: 80.762000%, Loss: 0.0043
Finetune epoch 18/30 - Accuracy: 80.896000%, Loss: 0.0042
Finetune epoch 19/30 - Accuracy: 81.012000%, Loss: 0.0042
Finetune epoch 20/30 - Accuracy: 81.098000%, Loss: 0.0042
Finetune epoch 21/30 - Accuracy: 81.380000%, Loss: 0.0042
Finetune epoch 22/30 - Accuracy: 81.366000%, Loss: 0.0041
Finetune epoch 23/30 - Accuracy: 81.612000%, Loss: 0.0041
Finetune epoch 24/30 - Accuracy: 81.426000%, Loss: 0.0041
Finetune epoch 25/30 - Accuracy: 81.700000%, Loss: 0.0040
Finetune epoch 26/30 - Accuracy: 81.886000%, Loss: 0.0040
Finetune epoch 27/30 - Accuracy: 81.826000%, Loss: 0.0040
Finetune epoch 28/30 - Accuracy: 81.710000%, Loss: 0.0040
Finetune epoch 29/30 - Accuracy: 81.920000%, Loss: 0.0040
Finetune epoch 30/30 - Accuracy: 82.090000%, Loss: 0.0039
[Eval Epoch] CPU ΔMem/sample: 0.0000 MB | GPU Peak: 281.395712 MB | Time: 3.466449s
Evaluation - Accuracy: 79.450000%, Loss: 0.0051
Checkpoint saved: ./pruning_checkpoints/RegNetX_datasetcifar10_pretrain10_finetune30_steps21_batch128_devicecuda_strategy_magnitude/checkpoint_Finetuned_0.360000.pth
[Eval Epoch] CPU ΔMem/sample: 0.0000 MB | GPU Peak: 280.383488 MB | Time: 3.676502s
Evaluation - Accuracy: 79.400000%, Loss: 0.0051
Checkpoint saved: ./pruning_checkpoints/RegNetX_datasetcifar10_pretrain10_finetune30_steps21_batch128_devicecuda_strategy_magnitude/checkpoint_Trained_0.360000.pth
Checkpoint saved: ./pruning_checkpoints/RegNetX_datasetcifar10_pretrain10_finetune30_steps21_batch128_devicecuda_strategy_magnitude/checkpoint_Pruned_0.360000.pth
Pruner state updated and saved.
[Eval Epoch] CPU ΔMem/sample: 0.0000 MB | GPU Peak: 281.118720 MB | Time: 3.393825s
Evaluation - Accuracy: 13.090000%, Loss: 0.0508
Checkpoint saved: ./pruning_checkpoints/RegNetX_datasetcifar10_pretrain10_finetune30_steps21_batch128_devicecuda_strategy_magnitude/checkpoint_Original_0.488000.pth
Finetune epoch 1/30 - Accuracy: 77.244000%, Loss: 0.0051
Finetune epoch 2/30 - Accuracy: 78.156000%, Loss: 0.0048
Finetune epoch 3/30 - Accuracy: 78.776000%, Loss: 0.0047
Finetune epoch 4/30 - Accuracy: 78.926000%, Loss: 0.0047
Finetune epoch 5/30 - Accuracy: 79.502000%, Loss: 0.0046
Finetune epoch 6/30 - Accuracy: 79.622000%, Loss: 0.0045
Finetune epoch 7/30 - Accuracy: 79.726000%, Loss: 0.0045
Finetune epoch 8/30 - Accuracy: 79.766000%, Loss: 0.0044
Finetune epoch 9/30 - Accuracy: 80.096000%, Loss: 0.0044
Finetune epoch 10/30 - Accuracy: 80.232000%, Loss: 0.0044
Finetune epoch 11/30 - Accuracy: 80.518000%, Loss: 0.0043
Finetune epoch 12/30 - Accuracy: 80.474000%, Loss: 0.0043
Finetune epoch 13/30 - Accuracy: 80.812000%, Loss: 0.0043
Finetune epoch 14/30 - Accuracy: 80.756000%, Loss: 0.0043
Finetune epoch 15/30 - Accuracy: 80.826000%, Loss: 0.0042
Finetune epoch 16/30 - Accuracy: 80.960000%, Loss: 0.0042
Finetune epoch 17/30 - Accuracy: 81.060000%, Loss: 0.0042
Finetune epoch 18/30 - Accuracy: 81.320000%, Loss: 0.0041
Finetune epoch 19/30 - Accuracy: 81.396000%, Loss: 0.0041
Finetune epoch 20/30 - Accuracy: 81.510000%, Loss: 0.0041
Finetune epoch 21/30 - Accuracy: 81.540000%, Loss: 0.0041
Finetune epoch 22/30 - Accuracy: 81.632000%, Loss: 0.0041
Finetune epoch 23/30 - Accuracy: 81.908000%, Loss: 0.0040
Finetune epoch 24/30 - Accuracy: 81.814000%, Loss: 0.0040
Finetune epoch 25/30 - Accuracy: 82.016000%, Loss: 0.0040
Finetune epoch 26/30 - Accuracy: 81.928000%, Loss: 0.0040
Finetune epoch 27/30 - Accuracy: 82.088000%, Loss: 0.0039
Finetune epoch 28/30 - Accuracy: 82.178000%, Loss: 0.0039
Finetune epoch 29/30 - Accuracy: 82.306000%, Loss: 0.0039
Finetune epoch 30/30 - Accuracy: 82.318000%, Loss: 0.0039
[Eval Epoch] CPU ΔMem/sample: 0.0000 MB | GPU Peak: 281.118720 MB | Time: 3.592260s
Evaluation - Accuracy: 79.590000%, Loss: 0.0051
Checkpoint saved: ./pruning_checkpoints/RegNetX_datasetcifar10_pretrain10_finetune30_steps21_batch128_devicecuda_strategy_magnitude/checkpoint_Finetuned_0.488000.pth
[Eval Epoch] CPU ΔMem/sample: 0.0000 MB | GPU Peak: 281.461248 MB | Time: 3.905473s
Evaluation - Accuracy: 79.580000%, Loss: 0.0051
Checkpoint saved: ./pruning_checkpoints/RegNetX_datasetcifar10_pretrain10_finetune30_steps21_batch128_devicecuda_strategy_magnitude/checkpoint_Trained_0.488000.pth
Checkpoint saved: ./pruning_checkpoints/RegNetX_datasetcifar10_pretrain10_finetune30_steps21_batch128_devicecuda_strategy_magnitude/checkpoint_Pruned_0.488000.pth
Pruner state updated and saved.
[Eval Epoch] CPU ΔMem/sample: 0.0000 MB | GPU Peak: 281.461248 MB | Time: 3.524792s
Evaluation - Accuracy: 17.810000%, Loss: 0.0286
Checkpoint saved: ./pruning_checkpoints/RegNetX_datasetcifar10_pretrain10_finetune30_steps21_batch128_devicecuda_strategy_magnitude/checkpoint_Original_0.590400.pth
Finetune epoch 1/30 - Accuracy: 77.958000%, Loss: 0.0049
Finetune epoch 2/30 - Accuracy: 78.714000%, Loss: 0.0047
Finetune epoch 3/30 - Accuracy: 79.204000%, Loss: 0.0046
Finetune epoch 4/30 - Accuracy: 79.546000%, Loss: 0.0045
Finetune epoch 5/30 - Accuracy: 79.960000%, Loss: 0.0045
Finetune epoch 6/30 - Accuracy: 79.840000%, Loss: 0.0045
Finetune epoch 7/30 - Accuracy: 80.102000%, Loss: 0.0044
Finetune epoch 8/30 - Accuracy: 80.262000%, Loss: 0.0043
Finetune epoch 9/30 - Accuracy: 80.430000%, Loss: 0.0043
Finetune epoch 10/30 - Accuracy: 80.658000%, Loss: 0.0043
Finetune epoch 11/30 - Accuracy: 80.946000%, Loss: 0.0043
Finetune epoch 12/30 - Accuracy: 80.820000%, Loss: 0.0042
Finetune epoch 13/30 - Accuracy: 80.946000%, Loss: 0.0042
Finetune epoch 14/30 - Accuracy: 80.992000%, Loss: 0.0042
Finetune epoch 15/30 - Accuracy: 81.224000%, Loss: 0.0042
Finetune epoch 16/30 - Accuracy: 81.082000%, Loss: 0.0042
Finetune epoch 17/30 - Accuracy: 81.468000%, Loss: 0.0041
Finetune epoch 18/30 - Accuracy: 81.500000%, Loss: 0.0041
Finetune epoch 19/30 - Accuracy: 81.556000%, Loss: 0.0040
Finetune epoch 20/30 - Accuracy: 81.660000%, Loss: 0.0040
Finetune epoch 21/30 - Accuracy: 81.874000%, Loss: 0.0040
Finetune epoch 22/30 - Accuracy: 81.972000%, Loss: 0.0040
Finetune epoch 23/30 - Accuracy: 82.168000%, Loss: 0.0040
Finetune epoch 24/30 - Accuracy: 82.010000%, Loss: 0.0040
Finetune epoch 25/30 - Accuracy: 82.360000%, Loss: 0.0039
Finetune epoch 26/30 - Accuracy: 82.204000%, Loss: 0.0039
Finetune epoch 27/30 - Accuracy: 82.282000%, Loss: 0.0039
Finetune epoch 28/30 - Accuracy: 82.456000%, Loss: 0.0039
Finetune epoch 29/30 - Accuracy: 82.550000%, Loss: 0.0038
Finetune epoch 30/30 - Accuracy: 82.626000%, Loss: 0.0038
[Eval Epoch] CPU ΔMem/sample: 0.0000 MB | GPU Peak: 281.461248 MB | Time: 3.555403s
Evaluation - Accuracy: 79.530000%, Loss: 0.0055
Checkpoint saved: ./pruning_checkpoints/RegNetX_datasetcifar10_pretrain10_finetune30_steps21_batch128_devicecuda_strategy_magnitude/checkpoint_Finetuned_0.590400.pth
[Eval Epoch] CPU ΔMem/sample: 0.0000 MB | GPU Peak: 281.461248 MB | Time: 3.577620s
Evaluation - Accuracy: 79.610000%, Loss: 0.0053
Checkpoint saved: ./pruning_checkpoints/RegNetX_datasetcifar10_pretrain10_finetune30_steps21_batch128_devicecuda_strategy_magnitude/checkpoint_Trained_0.590400.pth
Checkpoint saved: ./pruning_checkpoints/RegNetX_datasetcifar10_pretrain10_finetune30_steps21_batch128_devicecuda_strategy_magnitude/checkpoint_Pruned_0.590400.pth
Pruner state updated and saved.
[Eval Epoch] CPU ΔMem/sample: 0.0000 MB | GPU Peak: 281.461248 MB | Time: 3.518744s
Evaluation - Accuracy: 26.470000%, Loss: 0.0218
Checkpoint saved: ./pruning_checkpoints/RegNetX_datasetcifar10_pretrain10_finetune30_steps21_batch128_devicecuda_strategy_magnitude/checkpoint_Original_0.672320.pth
Finetune epoch 1/30 - Accuracy: 78.586000%, Loss: 0.0048
Finetune epoch 2/30 - Accuracy: 79.382000%, Loss: 0.0046
Finetune epoch 3/30 - Accuracy: 79.618000%, Loss: 0.0045
Finetune epoch 4/30 - Accuracy: 79.676000%, Loss: 0.0044
Finetune epoch 5/30 - Accuracy: 80.080000%, Loss: 0.0044
Finetune epoch 6/30 - Accuracy: 80.164000%, Loss: 0.0044
Finetune epoch 7/30 - Accuracy: 80.138000%, Loss: 0.0044
Finetune epoch 8/30 - Accuracy: 80.432000%, Loss: 0.0043
Finetune epoch 9/30 - Accuracy: 80.750000%, Loss: 0.0043
Finetune epoch 10/30 - Accuracy: 80.856000%, Loss: 0.0042
Finetune epoch 11/30 - Accuracy: 81.176000%, Loss: 0.0042
Finetune epoch 12/30 - Accuracy: 81.200000%, Loss: 0.0042
Finetune epoch 13/30 - Accuracy: 81.268000%, Loss: 0.0041
Finetune epoch 14/30 - Accuracy: 81.332000%, Loss: 0.0041
Finetune epoch 15/30 - Accuracy: 81.464000%, Loss: 0.0041
Finetune epoch 16/30 - Accuracy: 81.696000%, Loss: 0.0040
Finetune epoch 17/30 - Accuracy: 81.808000%, Loss: 0.0040
Finetune epoch 18/30 - Accuracy: 82.186000%, Loss: 0.0040
Finetune epoch 19/30 - Accuracy: 81.884000%, Loss: 0.0040
Finetune epoch 20/30 - Accuracy: 82.072000%, Loss: 0.0039
Finetune epoch 21/30 - Accuracy: 82.198000%, Loss: 0.0039
Finetune epoch 22/30 - Accuracy: 82.194000%, Loss: 0.0039
Finetune epoch 23/30 - Accuracy: 82.226000%, Loss: 0.0039
Finetune epoch 24/30 - Accuracy: 82.558000%, Loss: 0.0039
Finetune epoch 25/30 - Accuracy: 82.638000%, Loss: 0.0038
Finetune epoch 26/30 - Accuracy: 82.510000%, Loss: 0.0038
Finetune epoch 27/30 - Accuracy: 82.848000%, Loss: 0.0038
Finetune epoch 28/30 - Accuracy: 82.678000%, Loss: 0.0038
Finetune epoch 29/30 - Accuracy: 82.952000%, Loss: 0.0038
Finetune epoch 30/30 - Accuracy: 83.164000%, Loss: 0.0037
[Eval Epoch] CPU ΔMem/sample: 0.0000 MB | GPU Peak: 280.946176 MB | Time: 3.466332s
Evaluation - Accuracy: 79.660000%, Loss: 0.0059
Checkpoint saved: ./pruning_checkpoints/RegNetX_datasetcifar10_pretrain10_finetune30_steps21_batch128_devicecuda_strategy_magnitude/checkpoint_Finetuned_0.672320.pth
[Eval Epoch] CPU ΔMem/sample: 0.0000 MB | GPU Peak: 280.946176 MB | Time: 3.519211s
Evaluation - Accuracy: 79.550000%, Loss: 0.0054
Checkpoint saved: ./pruning_checkpoints/RegNetX_datasetcifar10_pretrain10_finetune30_steps21_batch128_devicecuda_strategy_magnitude/checkpoint_Trained_0.672320.pth
Checkpoint saved: ./pruning_checkpoints/RegNetX_datasetcifar10_pretrain10_finetune30_steps21_batch128_devicecuda_strategy_magnitude/checkpoint_Pruned_0.672320.pth
Pruner state updated and saved.
[Eval Epoch] CPU ΔMem/sample: 0.0000 MB | GPU Peak: 281.259520 MB | Time: 3.582812s
Evaluation - Accuracy: 31.660000%, Loss: 0.0179
Checkpoint saved: ./pruning_checkpoints/RegNetX_datasetcifar10_pretrain10_finetune30_steps21_batch128_devicecuda_strategy_magnitude/checkpoint_Original_0.737856.pth
Finetune epoch 1/30 - Accuracy: 79.008000%, Loss: 0.0047
Finetune epoch 2/30 - Accuracy: 79.600000%, Loss: 0.0045
Finetune epoch 3/30 - Accuracy: 79.958000%, Loss: 0.0044
Finetune epoch 4/30 - Accuracy: 80.404000%, Loss: 0.0043
Finetune epoch 5/30 - Accuracy: 80.552000%, Loss: 0.0043
Finetune epoch 6/30 - Accuracy: 80.570000%, Loss: 0.0043
Finetune epoch 7/30 - Accuracy: 81.006000%, Loss: 0.0042
Finetune epoch 8/30 - Accuracy: 81.152000%, Loss: 0.0042
Finetune epoch 9/30 - Accuracy: 81.386000%, Loss: 0.0042
Finetune epoch 10/30 - Accuracy: 81.490000%, Loss: 0.0041
Finetune epoch 11/30 - Accuracy: 81.492000%, Loss: 0.0041
Finetune epoch 12/30 - Accuracy: 81.284000%, Loss: 0.0041
Finetune epoch 13/30 - Accuracy: 81.716000%, Loss: 0.0040
Finetune epoch 14/30 - Accuracy: 81.894000%, Loss: 0.0040
Finetune epoch 15/30 - Accuracy: 81.848000%, Loss: 0.0040
Finetune epoch 16/30 - Accuracy: 82.120000%, Loss: 0.0040
Finetune epoch 17/30 - Accuracy: 82.186000%, Loss: 0.0039
Finetune epoch 18/30 - Accuracy: 82.354000%, Loss: 0.0039
Finetune epoch 19/30 - Accuracy: 82.388000%, Loss: 0.0039
Finetune epoch 20/30 - Accuracy: 82.564000%, Loss: 0.0038
Finetune epoch 21/30 - Accuracy: 82.460000%, Loss: 0.0039
Finetune epoch 22/30 - Accuracy: 82.666000%, Loss: 0.0038
Finetune epoch 23/30 - Accuracy: 82.754000%, Loss: 0.0038
Finetune epoch 24/30 - Accuracy: 82.900000%, Loss: 0.0038
Finetune epoch 25/30 - Accuracy: 82.892000%, Loss: 0.0037
Finetune epoch 26/30 - Accuracy: 83.142000%, Loss: 0.0037
Finetune epoch 27/30 - Accuracy: 83.150000%, Loss: 0.0037
Finetune epoch 28/30 - Accuracy: 83.218000%, Loss: 0.0037
Finetune epoch 29/30 - Accuracy: 83.270000%, Loss: 0.0037
Finetune epoch 30/30 - Accuracy: 83.452000%, Loss: 0.0036
[Eval Epoch] CPU ΔMem/sample: 0.0000 MB | GPU Peak: 281.461248 MB | Time: 3.727410s
Evaluation - Accuracy: 79.930000%, Loss: 0.0053
Checkpoint saved: ./pruning_checkpoints/RegNetX_datasetcifar10_pretrain10_finetune30_steps21_batch128_devicecuda_strategy_magnitude/checkpoint_Finetuned_0.737856.pth
[Eval Epoch] CPU ΔMem/sample: 0.0000 MB | GPU Peak: 281.461248 MB | Time: 3.584549s
Evaluation - Accuracy: 79.400000%, Loss: 0.0052
Checkpoint saved: ./pruning_checkpoints/RegNetX_datasetcifar10_pretrain10_finetune30_steps21_batch128_devicecuda_strategy_magnitude/checkpoint_Trained_0.737856.pth
Checkpoint saved: ./pruning_checkpoints/RegNetX_datasetcifar10_pretrain10_finetune30_steps21_batch128_devicecuda_strategy_magnitude/checkpoint_Pruned_0.737856.pth
Pruner state updated and saved.
[Eval Epoch] CPU ΔMem/sample: 0.0000 MB | GPU Peak: 281.461248 MB | Time: 3.592739s
Evaluation - Accuracy: 45.170000%, Loss: 0.0175
Checkpoint saved: ./pruning_checkpoints/RegNetX_datasetcifar10_pretrain10_finetune30_steps21_batch128_devicecuda_strategy_magnitude/checkpoint_Original_0.790285.pth
Finetune epoch 1/30 - Accuracy: 79.288000%, Loss: 0.0046
Finetune epoch 2/30 - Accuracy: 80.342000%, Loss: 0.0044
Finetune epoch 3/30 - Accuracy: 80.414000%, Loss: 0.0043
Finetune epoch 4/30 - Accuracy: 80.824000%, Loss: 0.0042
Finetune epoch 5/30 - Accuracy: 81.050000%, Loss: 0.0042
Finetune epoch 6/30 - Accuracy: 81.052000%, Loss: 0.0042
Finetune epoch 7/30 - Accuracy: 81.330000%, Loss: 0.0041
Finetune epoch 8/30 - Accuracy: 81.686000%, Loss: 0.0040
Finetune epoch 9/30 - Accuracy: 81.548000%, Loss: 0.0040
Finetune epoch 10/30 - Accuracy: 81.754000%, Loss: 0.0040
Finetune epoch 11/30 - Accuracy: 81.822000%, Loss: 0.0040
Finetune epoch 12/30 - Accuracy: 82.102000%, Loss: 0.0039
Finetune epoch 13/30 - Accuracy: 82.116000%, Loss: 0.0039
Finetune epoch 14/30 - Accuracy: 82.348000%, Loss: 0.0039
Finetune epoch 15/30 - Accuracy: 82.398000%, Loss: 0.0039
Finetune epoch 16/30 - Accuracy: 82.602000%, Loss: 0.0039
Finetune epoch 17/30 - Accuracy: 82.624000%, Loss: 0.0038
Finetune epoch 18/30 - Accuracy: 82.652000%, Loss: 0.0038
Finetune epoch 19/30 - Accuracy: 82.810000%, Loss: 0.0038
Finetune epoch 20/30 - Accuracy: 83.058000%, Loss: 0.0037
Finetune epoch 21/30 - Accuracy: 82.994000%, Loss: 0.0037
Finetune epoch 22/30 - Accuracy: 83.210000%, Loss: 0.0037
Finetune epoch 23/30 - Accuracy: 83.346000%, Loss: 0.0037
Finetune epoch 24/30 - Accuracy: 83.354000%, Loss: 0.0037
Finetune epoch 25/30 - Accuracy: 83.536000%, Loss: 0.0036
Finetune epoch 26/30 - Accuracy: 83.626000%, Loss: 0.0036
Finetune epoch 27/30 - Accuracy: 83.748000%, Loss: 0.0036
Finetune epoch 28/30 - Accuracy: 83.880000%, Loss: 0.0036
Finetune epoch 29/30 - Accuracy: 83.928000%, Loss: 0.0035
Finetune epoch 30/30 - Accuracy: 84.122000%, Loss: 0.0035
[Eval Epoch] CPU ΔMem/sample: 0.0000 MB | GPU Peak: 281.461248 MB | Time: 3.492910s
Evaluation - Accuracy: 80.010000%, Loss: 0.0061
Checkpoint saved: ./pruning_checkpoints/RegNetX_datasetcifar10_pretrain10_finetune30_steps21_batch128_devicecuda_strategy_magnitude/checkpoint_Finetuned_0.790285.pth
[Eval Epoch] CPU ΔMem/sample: 0.0000 MB | GPU Peak: 281.461248 MB | Time: 3.581121s
Evaluation - Accuracy: 78.700000%, Loss: 0.0053
Checkpoint saved: ./pruning_checkpoints/RegNetX_datasetcifar10_pretrain10_finetune30_steps21_batch128_devicecuda_strategy_magnitude/checkpoint_Trained_0.790285.pth
Checkpoint saved: ./pruning_checkpoints/RegNetX_datasetcifar10_pretrain10_finetune30_steps21_batch128_devicecuda_strategy_magnitude/checkpoint_Pruned_0.790285.pth
Pruner state updated and saved.
[Eval Epoch] CPU ΔMem/sample: 0.0000 MB | GPU Peak: 281.461248 MB | Time: 3.765492s
Evaluation - Accuracy: 57.250000%, Loss: 0.0285
Checkpoint saved: ./pruning_checkpoints/RegNetX_datasetcifar10_pretrain10_finetune30_steps21_batch128_devicecuda_strategy_magnitude/checkpoint_Original_0.832228.pth
Finetune epoch 1/30 - Accuracy: 79.642000%, Loss: 0.0045
Finetune epoch 2/30 - Accuracy: 80.522000%, Loss: 0.0043
Finetune epoch 3/30 - Accuracy: 80.914000%, Loss: 0.0042
Finetune epoch 4/30 - Accuracy: 81.208000%, Loss: 0.0041
Finetune epoch 5/30 - Accuracy: 81.524000%, Loss: 0.0041
Finetune epoch 6/30 - Accuracy: 81.530000%, Loss: 0.0040
Finetune epoch 7/30 - Accuracy: 81.840000%, Loss: 0.0040
Finetune epoch 8/30 - Accuracy: 82.104000%, Loss: 0.0039
Finetune epoch 9/30 - Accuracy: 82.098000%, Loss: 0.0039
Finetune epoch 10/30 - Accuracy: 82.330000%, Loss: 0.0039
Finetune epoch 11/30 - Accuracy: 82.752000%, Loss: 0.0038
Finetune epoch 12/30 - Accuracy: 82.686000%, Loss: 0.0038
Finetune epoch 13/30 - Accuracy: 82.800000%, Loss: 0.0038
Finetune epoch 14/30 - Accuracy: 83.016000%, Loss: 0.0037
Finetune epoch 15/30 - Accuracy: 83.016000%, Loss: 0.0037
Finetune epoch 16/30 - Accuracy: 83.010000%, Loss: 0.0037
Finetune epoch 17/30 - Accuracy: 83.290000%, Loss: 0.0037
Finetune epoch 18/30 - Accuracy: 83.646000%, Loss: 0.0036
Finetune epoch 19/30 - Accuracy: 83.538000%, Loss: 0.0036
Finetune epoch 20/30 - Accuracy: 83.680000%, Loss: 0.0036
Finetune epoch 21/30 - Accuracy: 83.926000%, Loss: 0.0035
Finetune epoch 22/30 - Accuracy: 84.090000%, Loss: 0.0035
Finetune epoch 23/30 - Accuracy: 84.006000%, Loss: 0.0035
Finetune epoch 24/30 - Accuracy: 84.214000%, Loss: 0.0035
Finetune epoch 25/30 - Accuracy: 84.242000%, Loss: 0.0035
Finetune epoch 26/30 - Accuracy: 84.474000%, Loss: 0.0034
Finetune epoch 27/30 - Accuracy: 84.306000%, Loss: 0.0034
Finetune epoch 28/30 - Accuracy: 84.686000%, Loss: 0.0034
Finetune epoch 29/30 - Accuracy: 84.602000%, Loss: 0.0033
Finetune epoch 30/30 - Accuracy: 84.832000%, Loss: 0.0033
[Eval Epoch] CPU ΔMem/sample: 0.0000 MB | GPU Peak: 280.946176 MB | Time: 3.569723s
Evaluation - Accuracy: 79.960000%, Loss: 0.0051
Checkpoint saved: ./pruning_checkpoints/RegNetX_datasetcifar10_pretrain10_finetune30_steps21_batch128_devicecuda_strategy_magnitude/checkpoint_Finetuned_0.832228.pth
[Eval Epoch] CPU ΔMem/sample: 0.0000 MB | GPU Peak: 280.946176 MB | Time: 3.640067s
Evaluation - Accuracy: 75.310000%, Loss: 0.0060
Checkpoint saved: ./pruning_checkpoints/RegNetX_datasetcifar10_pretrain10_finetune30_steps21_batch128_devicecuda_strategy_magnitude/checkpoint_Trained_0.832228.pth
Checkpoint saved: ./pruning_checkpoints/RegNetX_datasetcifar10_pretrain10_finetune30_steps21_batch128_devicecuda_strategy_magnitude/checkpoint_Pruned_0.832228.pth
Pruner state updated and saved.
[Eval Epoch] CPU ΔMem/sample: 0.0000 MB | GPU Peak: 281.259520 MB | Time: 3.537945s
Evaluation - Accuracy: 71.880000%, Loss: 0.0116
Checkpoint saved: ./pruning_checkpoints/RegNetX_datasetcifar10_pretrain10_finetune30_steps21_batch128_devicecuda_strategy_magnitude/checkpoint_Original_0.865782.pth
Finetune epoch 1/30 - Accuracy: 80.108000%, Loss: 0.0044
Finetune epoch 2/30 - Accuracy: 80.694000%, Loss: 0.0042
Finetune epoch 3/30 - Accuracy: 81.396000%, Loss: 0.0041
Finetune epoch 4/30 - Accuracy: 81.516000%, Loss: 0.0040
Finetune epoch 5/30 - Accuracy: 82.132000%, Loss: 0.0039
Finetune epoch 6/30 - Accuracy: 82.324000%, Loss: 0.0039
Finetune epoch 7/30 - Accuracy: 82.606000%, Loss: 0.0038
Finetune epoch 8/30 - Accuracy: 82.624000%, Loss: 0.0038
Finetune epoch 9/30 - Accuracy: 82.990000%, Loss: 0.0037
Finetune epoch 10/30 - Accuracy: 83.038000%, Loss: 0.0037
Finetune epoch 11/30 - Accuracy: 83.360000%, Loss: 0.0037
Finetune epoch 12/30 - Accuracy: 83.428000%, Loss: 0.0036
Finetune epoch 13/30 - Accuracy: 83.310000%, Loss: 0.0037
Finetune epoch 14/30 - Accuracy: 83.868000%, Loss: 0.0035
Finetune epoch 15/30 - Accuracy: 83.822000%, Loss: 0.0036
Finetune epoch 16/30 - Accuracy: 83.768000%, Loss: 0.0036
Finetune epoch 17/30 - Accuracy: 84.014000%, Loss: 0.0035
Finetune epoch 18/30 - Accuracy: 84.318000%, Loss: 0.0035
Finetune epoch 19/30 - Accuracy: 84.402000%, Loss: 0.0034
Finetune epoch 20/30 - Accuracy: 84.482000%, Loss: 0.0034
Finetune epoch 21/30 - Accuracy: 84.582000%, Loss: 0.0034
Finetune epoch 22/30 - Accuracy: 84.862000%, Loss: 0.0033
Finetune epoch 23/30 - Accuracy: 84.814000%, Loss: 0.0033
Finetune epoch 24/30 - Accuracy: 84.622000%, Loss: 0.0033
Finetune epoch 25/30 - Accuracy: 84.708000%, Loss: 0.0033
Finetune epoch 26/30 - Accuracy: 84.956000%, Loss: 0.0033
Finetune epoch 27/30 - Accuracy: 85.196000%, Loss: 0.0032
Finetune epoch 28/30 - Accuracy: 85.410000%, Loss: 0.0032
Finetune epoch 29/30 - Accuracy: 85.404000%, Loss: 0.0032
Finetune epoch 30/30 - Accuracy: 85.730000%, Loss: 0.0031
[Eval Epoch] CPU ΔMem/sample: 0.0000 MB | GPU Peak: 281.112064 MB | Time: 3.480282s
Evaluation - Accuracy: 79.710000%, Loss: 0.0052
Checkpoint saved: ./pruning_checkpoints/RegNetX_datasetcifar10_pretrain10_finetune30_steps21_batch128_devicecuda_strategy_magnitude/checkpoint_Finetuned_0.865782.pth
[Eval Epoch] CPU ΔMem/sample: 0.0000 MB | GPU Peak: 281.259520 MB | Time: 3.489552s
Evaluation - Accuracy: 69.040000%, Loss: 0.0081
Checkpoint saved: ./pruning_checkpoints/RegNetX_datasetcifar10_pretrain10_finetune30_steps21_batch128_devicecuda_strategy_magnitude/checkpoint_Trained_0.865782.pth
Checkpoint saved: ./pruning_checkpoints/RegNetX_datasetcifar10_pretrain10_finetune30_steps21_batch128_devicecuda_strategy_magnitude/checkpoint_Pruned_0.865782.pth
Pruner state updated and saved.
[Eval Epoch] CPU ΔMem/sample: 0.0000 MB | GPU Peak: 281.112064 MB | Time: 3.575471s
Evaluation - Accuracy: 70.590000%, Loss: 0.0087
Checkpoint saved: ./pruning_checkpoints/RegNetX_datasetcifar10_pretrain10_finetune30_steps21_batch128_devicecuda_strategy_magnitude/checkpoint_Original_0.892626.pth
Finetune epoch 1/30 - Accuracy: 80.058000%, Loss: 0.0044
Finetune epoch 2/30 - Accuracy: 81.094000%, Loss: 0.0042
Finetune epoch 3/30 - Accuracy: 81.414000%, Loss: 0.0040
Finetune epoch 4/30 - Accuracy: 81.886000%, Loss: 0.0040
Finetune epoch 5/30 - Accuracy: 82.422000%, Loss: 0.0039
Finetune epoch 6/30 - Accuracy: 82.550000%, Loss: 0.0038
Finetune epoch 7/30 - Accuracy: 82.806000%, Loss: 0.0038
Finetune epoch 8/30 - Accuracy: 82.860000%, Loss: 0.0037
Finetune epoch 9/30 - Accuracy: 83.014000%, Loss: 0.0037
Finetune epoch 10/30 - Accuracy: 83.372000%, Loss: 0.0036
Finetune epoch 11/30 - Accuracy: 83.514000%, Loss: 0.0036
Finetune epoch 12/30 - Accuracy: 83.566000%, Loss: 0.0036
Finetune epoch 13/30 - Accuracy: 83.680000%, Loss: 0.0036
Finetune epoch 14/30 - Accuracy: 84.044000%, Loss: 0.0035
Finetune epoch 15/30 - Accuracy: 84.086000%, Loss: 0.0035
Finetune epoch 16/30 - Accuracy: 84.082000%, Loss: 0.0035
Finetune epoch 17/30 - Accuracy: 84.422000%, Loss: 0.0034
Finetune epoch 18/30 - Accuracy: 84.368000%, Loss: 0.0034
Finetune epoch 19/30 - Accuracy: 84.576000%, Loss: 0.0034
Finetune epoch 20/30 - Accuracy: 84.870000%, Loss: 0.0033
Finetune epoch 21/30 - Accuracy: 85.082000%, Loss: 0.0033
Finetune epoch 22/30 - Accuracy: 84.906000%, Loss: 0.0033
Finetune epoch 23/30 - Accuracy: 84.956000%, Loss: 0.0033
Finetune epoch 24/30 - Accuracy: 85.144000%, Loss: 0.0032
Finetune epoch 25/30 - Accuracy: 85.408000%, Loss: 0.0032
Finetune epoch 26/30 - Accuracy: 85.330000%, Loss: 0.0032
Finetune epoch 27/30 - Accuracy: 85.558000%, Loss: 0.0031
Finetune epoch 28/30 - Accuracy: 85.566000%, Loss: 0.0031
Finetune epoch 29/30 - Accuracy: 85.880000%, Loss: 0.0031
Finetune epoch 30/30 - Accuracy: 86.012000%, Loss: 0.0030
[Eval Epoch] CPU ΔMem/sample: 0.0000 MB | GPU Peak: 281.472512 MB | Time: 3.556668s
Evaluation - Accuracy: 79.350000%, Loss: 0.0051
Checkpoint saved: ./pruning_checkpoints/RegNetX_datasetcifar10_pretrain10_finetune30_steps21_batch128_devicecuda_strategy_magnitude/checkpoint_Finetuned_0.892626.pth
[Eval Epoch] CPU ΔMem/sample: 0.0000 MB | GPU Peak: 281.886208 MB | Time: 3.521948s
Evaluation - Accuracy: 71.440000%, Loss: 0.0070
Checkpoint saved: ./pruning_checkpoints/RegNetX_datasetcifar10_pretrain10_finetune30_steps21_batch128_devicecuda_strategy_magnitude/checkpoint_Trained_0.892626.pth
Checkpoint saved: ./pruning_checkpoints/RegNetX_datasetcifar10_pretrain10_finetune30_steps21_batch128_devicecuda_strategy_magnitude/checkpoint_Pruned_0.892626.pth
Pruner state updated and saved.
[Eval Epoch] CPU ΔMem/sample: 0.0000 MB | GPU Peak: 281.886208 MB | Time: 3.531005s
Evaluation - Accuracy: 68.410000%, Loss: 0.0083
Checkpoint saved: ./pruning_checkpoints/RegNetX_datasetcifar10_pretrain10_finetune30_steps21_batch128_devicecuda_strategy_magnitude/checkpoint_Original_0.914101.pth
Finetune epoch 1/30 - Accuracy: 79.704000%, Loss: 0.0044
Finetune epoch 2/30 - Accuracy: 81.074000%, Loss: 0.0042
Finetune epoch 3/30 - Accuracy: 81.518000%, Loss: 0.0041
Finetune epoch 4/30 - Accuracy: 81.744000%, Loss: 0.0040
Finetune epoch 5/30 - Accuracy: 82.006000%, Loss: 0.0039
Finetune epoch 6/30 - Accuracy: 82.312000%, Loss: 0.0039
Finetune epoch 7/30 - Accuracy: 82.420000%, Loss: 0.0039
Finetune epoch 8/30 - Accuracy: 82.792000%, Loss: 0.0038
Finetune epoch 9/30 - Accuracy: 82.872000%, Loss: 0.0038
Finetune epoch 10/30 - Accuracy: 83.232000%, Loss: 0.0037
Finetune epoch 11/30 - Accuracy: 83.472000%, Loss: 0.0036
Finetune epoch 12/30 - Accuracy: 83.234000%, Loss: 0.0037
Finetune epoch 13/30 - Accuracy: 83.474000%, Loss: 0.0036
Finetune epoch 14/30 - Accuracy: 83.858000%, Loss: 0.0035
Finetune epoch 15/30 - Accuracy: 83.870000%, Loss: 0.0035
Finetune epoch 16/30 - Accuracy: 83.940000%, Loss: 0.0035
Finetune epoch 17/30 - Accuracy: 84.020000%, Loss: 0.0035
Finetune epoch 18/30 - Accuracy: 84.050000%, Loss: 0.0035
Finetune epoch 19/30 - Accuracy: 84.156000%, Loss: 0.0035
Finetune epoch 20/30 - Accuracy: 84.414000%, Loss: 0.0034
Finetune epoch 21/30 - Accuracy: 84.576000%, Loss: 0.0033
Finetune epoch 22/30 - Accuracy: 84.700000%, Loss: 0.0033
Finetune epoch 23/30 - Accuracy: 84.748000%, Loss: 0.0033
Finetune epoch 24/30 - Accuracy: 84.760000%, Loss: 0.0033
Finetune epoch 25/30 - Accuracy: 85.050000%, Loss: 0.0033
Finetune epoch 26/30 - Accuracy: 84.856000%, Loss: 0.0033
Finetune epoch 27/30 - Accuracy: 85.234000%, Loss: 0.0032
Finetune epoch 28/30 - Accuracy: 85.292000%, Loss: 0.0032
Finetune epoch 29/30 - Accuracy: 85.400000%, Loss: 0.0032
Finetune epoch 30/30 - Accuracy: 85.654000%, Loss: 0.0031
[Eval Epoch] CPU ΔMem/sample: 0.0000 MB | GPU Peak: 281.282048 MB | Time: 3.515608s
Evaluation - Accuracy: 79.550000%, Loss: 0.0051
Checkpoint saved: ./pruning_checkpoints/RegNetX_datasetcifar10_pretrain10_finetune30_steps21_batch128_devicecuda_strategy_magnitude/checkpoint_Finetuned_0.914101.pth
[Eval Epoch] CPU ΔMem/sample: 0.0000 MB | GPU Peak: 282.188288 MB | Time: 3.502347s
Evaluation - Accuracy: 71.900000%, Loss: 0.0066
Checkpoint saved: ./pruning_checkpoints/RegNetX_datasetcifar10_pretrain10_finetune30_steps21_batch128_devicecuda_strategy_magnitude/checkpoint_Trained_0.914101.pth
Checkpoint saved: ./pruning_checkpoints/RegNetX_datasetcifar10_pretrain10_finetune30_steps21_batch128_devicecuda_strategy_magnitude/checkpoint_Pruned_0.914101.pth
Pruner state updated and saved.
[Eval Epoch] CPU ΔMem/sample: 0.0000 MB | GPU Peak: 282.040832 MB | Time: 3.454307s
Evaluation - Accuracy: 67.690000%, Loss: 0.0078
Checkpoint saved: ./pruning_checkpoints/RegNetX_datasetcifar10_pretrain10_finetune30_steps21_batch128_devicecuda_strategy_magnitude/checkpoint_Original_0.931281.pth
Finetune epoch 1/30 - Accuracy: 79.518000%, Loss: 0.0045
Finetune epoch 2/30 - Accuracy: 80.704000%, Loss: 0.0042
Finetune epoch 3/30 - Accuracy: 81.010000%, Loss: 0.0041
Finetune epoch 4/30 - Accuracy: 81.404000%, Loss: 0.0041
Finetune epoch 5/30 - Accuracy: 81.652000%, Loss: 0.0040
Finetune epoch 6/30 - Accuracy: 82.002000%, Loss: 0.0039
Finetune epoch 7/30 - Accuracy: 81.900000%, Loss: 0.0039
Finetune epoch 8/30 - Accuracy: 82.404000%, Loss: 0.0039
Finetune epoch 9/30 - Accuracy: 82.304000%, Loss: 0.0039
Finetune epoch 10/30 - Accuracy: 82.832000%, Loss: 0.0038
Finetune epoch 11/30 - Accuracy: 82.890000%, Loss: 0.0038
Finetune epoch 12/30 - Accuracy: 82.976000%, Loss: 0.0037
Finetune epoch 13/30 - Accuracy: 83.070000%, Loss: 0.0037
Finetune epoch 14/30 - Accuracy: 83.292000%, Loss: 0.0037
Finetune epoch 15/30 - Accuracy: 83.340000%, Loss: 0.0036
Finetune epoch 16/30 - Accuracy: 83.408000%, Loss: 0.0036
Finetune epoch 17/30 - Accuracy: 83.800000%, Loss: 0.0036
Finetune epoch 18/30 - Accuracy: 83.682000%, Loss: 0.0035
Finetune epoch 19/30 - Accuracy: 83.864000%, Loss: 0.0035
Finetune epoch 20/30 - Accuracy: 84.040000%, Loss: 0.0035
Finetune epoch 21/30 - Accuracy: 84.108000%, Loss: 0.0035
Finetune epoch 22/30 - Accuracy: 84.106000%, Loss: 0.0034
Finetune epoch 23/30 - Accuracy: 84.190000%, Loss: 0.0034
Finetune epoch 24/30 - Accuracy: 84.414000%, Loss: 0.0034
Finetune epoch 25/30 - Accuracy: 84.618000%, Loss: 0.0034
Finetune epoch 26/30 - Accuracy: 84.560000%, Loss: 0.0034
Finetune epoch 27/30 - Accuracy: 84.720000%, Loss: 0.0033
Finetune epoch 28/30 - Accuracy: 84.598000%, Loss: 0.0033
Finetune epoch 29/30 - Accuracy: 84.920000%, Loss: 0.0033
Finetune epoch 30/30 - Accuracy: 84.852000%, Loss: 0.0033
[Eval Epoch] CPU ΔMem/sample: 0.0000 MB | GPU Peak: 281.238016 MB | Time: 3.545390s
Evaluation - Accuracy: 79.530000%, Loss: 0.0051
Checkpoint saved: ./pruning_checkpoints/RegNetX_datasetcifar10_pretrain10_finetune30_steps21_batch128_devicecuda_strategy_magnitude/checkpoint_Finetuned_0.931281.pth
[Eval Epoch] CPU ΔMem/sample: 0.0000 MB | GPU Peak: 282.375680 MB | Time: 3.557408s
Evaluation - Accuracy: 68.530000%, Loss: 0.0077
Checkpoint saved: ./pruning_checkpoints/RegNetX_datasetcifar10_pretrain10_finetune30_steps21_batch128_devicecuda_strategy_magnitude/checkpoint_Trained_0.931281.pth
Checkpoint saved: ./pruning_checkpoints/RegNetX_datasetcifar10_pretrain10_finetune30_steps21_batch128_devicecuda_strategy_magnitude/checkpoint_Pruned_0.931281.pth
Pruner state updated and saved.
[Eval Epoch] CPU ΔMem/sample: 0.0000 MB | GPU Peak: 282.902016 MB | Time: 3.705576s
Evaluation - Accuracy: 63.580000%, Loss: 0.0089
Checkpoint saved: ./pruning_checkpoints/RegNetX_datasetcifar10_pretrain10_finetune30_steps21_batch128_devicecuda_strategy_magnitude/checkpoint_Original_0.945024.pth
Finetune epoch 1/30 - Accuracy: 78.726000%, Loss: 0.0047
Finetune epoch 2/30 - Accuracy: 80.052000%, Loss: 0.0044
Finetune epoch 3/30 - Accuracy: 80.798000%, Loss: 0.0043
Finetune epoch 4/30 - Accuracy: 80.828000%, Loss: 0.0042
Finetune epoch 5/30 - Accuracy: 81.038000%, Loss: 0.0042
Finetune epoch 6/30 - Accuracy: 81.180000%, Loss: 0.0041
Finetune epoch 7/30 - Accuracy: 81.424000%, Loss: 0.0041
Finetune epoch 8/30 - Accuracy: 81.886000%, Loss: 0.0040
Finetune epoch 9/30 - Accuracy: 81.866000%, Loss: 0.0040
Finetune epoch 10/30 - Accuracy: 82.018000%, Loss: 0.0040
Finetune epoch 11/30 - Accuracy: 82.286000%, Loss: 0.0039
Finetune epoch 12/30 - Accuracy: 82.280000%, Loss: 0.0039
Finetune epoch 13/30 - Accuracy: 82.372000%, Loss: 0.0038
Finetune epoch 14/30 - Accuracy: 82.624000%, Loss: 0.0038
Finetune epoch 15/30 - Accuracy: 82.740000%, Loss: 0.0038
Finetune epoch 16/30 - Accuracy: 82.744000%, Loss: 0.0038
Finetune epoch 17/30 - Accuracy: 82.980000%, Loss: 0.0037
Finetune epoch 18/30 - Accuracy: 83.022000%, Loss: 0.0037
Finetune epoch 19/30 - Accuracy: 83.184000%, Loss: 0.0037
Finetune epoch 20/30 - Accuracy: 83.226000%, Loss: 0.0037
Finetune epoch 21/30 - Accuracy: 83.356000%, Loss: 0.0036
Finetune epoch 22/30 - Accuracy: 83.288000%, Loss: 0.0037
Finetune epoch 23/30 - Accuracy: 83.434000%, Loss: 0.0036
Finetune epoch 24/30 - Accuracy: 83.662000%, Loss: 0.0036
Finetune epoch 25/30 - Accuracy: 83.856000%, Loss: 0.0035
Finetune epoch 26/30 - Accuracy: 83.806000%, Loss: 0.0036
Finetune epoch 27/30 - Accuracy: 83.966000%, Loss: 0.0035
Finetune epoch 28/30 - Accuracy: 83.782000%, Loss: 0.0035
Finetune epoch 29/30 - Accuracy: 84.000000%, Loss: 0.0035
Finetune epoch 30/30 - Accuracy: 84.150000%, Loss: 0.0035
[Eval Epoch] CPU ΔMem/sample: 0.0000 MB | GPU Peak: 282.342912 MB | Time: 3.563209s
Evaluation - Accuracy: 79.130000%, Loss: 0.0051
Checkpoint saved: ./pruning_checkpoints/RegNetX_datasetcifar10_pretrain10_finetune30_steps21_batch128_devicecuda_strategy_magnitude/checkpoint_Finetuned_0.945024.pth
[Eval Epoch] CPU ΔMem/sample: 0.0000 MB | GPU Peak: 281.461248 MB | Time: 3.605150s
Evaluation - Accuracy: 74.210000%, Loss: 0.0060
Checkpoint saved: ./pruning_checkpoints/RegNetX_datasetcifar10_pretrain10_finetune30_steps21_batch128_devicecuda_strategy_magnitude/checkpoint_Trained_0.945024.pth
Checkpoint saved: ./pruning_checkpoints/RegNetX_datasetcifar10_pretrain10_finetune30_steps21_batch128_devicecuda_strategy_magnitude/checkpoint_Pruned_0.945024.pth
Pruner state updated and saved.
[Eval Epoch] CPU ΔMem/sample: 0.0000 MB | GPU Peak: 281.774592 MB | Time: 4.148162s
Evaluation - Accuracy: 64.190000%, Loss: 0.0086
Checkpoint saved: ./pruning_checkpoints/RegNetX_datasetcifar10_pretrain10_finetune30_steps21_batch128_devicecuda_strategy_magnitude/checkpoint_Original_0.956020.pth
Finetune epoch 1/30 - Accuracy: 78.522000%, Loss: 0.0047
Finetune epoch 2/30 - Accuracy: 79.912000%, Loss: 0.0044
Finetune epoch 3/30 - Accuracy: 80.204000%, Loss: 0.0043
Finetune epoch 4/30 - Accuracy: 80.550000%, Loss: 0.0043
Finetune epoch 5/30 - Accuracy: 80.854000%, Loss: 0.0042
Finetune epoch 6/30 - Accuracy: 81.210000%, Loss: 0.0041
Finetune epoch 7/30 - Accuracy: 81.230000%, Loss: 0.0041
Finetune epoch 8/30 - Accuracy: 81.404000%, Loss: 0.0041
Finetune epoch 9/30 - Accuracy: 81.524000%, Loss: 0.0040
Finetune epoch 10/30 - Accuracy: 81.648000%, Loss: 0.0040
Finetune epoch 11/30 - Accuracy: 81.674000%, Loss: 0.0040
Finetune epoch 12/30 - Accuracy: 81.842000%, Loss: 0.0040
Finetune epoch 13/30 - Accuracy: 82.064000%, Loss: 0.0039
Finetune epoch 14/30 - Accuracy: 82.058000%, Loss: 0.0039
Finetune epoch 15/30 - Accuracy: 82.318000%, Loss: 0.0039
Finetune epoch 16/30 - Accuracy: 82.426000%, Loss: 0.0038
Finetune epoch 17/30 - Accuracy: 82.384000%, Loss: 0.0039
Finetune epoch 18/30 - Accuracy: 82.710000%, Loss: 0.0038
Finetune epoch 19/30 - Accuracy: 82.772000%, Loss: 0.0038
Finetune epoch 20/30 - Accuracy: 82.758000%, Loss: 0.0038
Finetune epoch 21/30 - Accuracy: 82.816000%, Loss: 0.0038
Finetune epoch 22/30 - Accuracy: 83.070000%, Loss: 0.0037
Finetune epoch 23/30 - Accuracy: 83.188000%, Loss: 0.0037
Finetune epoch 24/30 - Accuracy: 83.068000%, Loss: 0.0037
Finetune epoch 25/30 - Accuracy: 83.264000%, Loss: 0.0037
Finetune epoch 26/30 - Accuracy: 83.528000%, Loss: 0.0037
Finetune epoch 27/30 - Accuracy: 83.506000%, Loss: 0.0036
Finetune epoch 28/30 - Accuracy: 83.280000%, Loss: 0.0037
Finetune epoch 29/30 - Accuracy: 83.256000%, Loss: 0.0036
Finetune epoch 30/30 - Accuracy: 83.544000%, Loss: 0.0036
[Eval Epoch] CPU ΔMem/sample: 0.0000 MB | GPU Peak: 281.461248 MB | Time: 3.511146s
Evaluation - Accuracy: 78.980000%, Loss: 0.0049
Checkpoint saved: ./pruning_checkpoints/RegNetX_datasetcifar10_pretrain10_finetune30_steps21_batch128_devicecuda_strategy_magnitude/checkpoint_Finetuned_0.956020.pth
[Eval Epoch] CPU ΔMem/sample: 0.0000 MB | GPU Peak: 281.461248 MB | Time: 3.524819s
Evaluation - Accuracy: 75.310000%, Loss: 0.0057
Checkpoint saved: ./pruning_checkpoints/RegNetX_datasetcifar10_pretrain10_finetune30_steps21_batch128_devicecuda_strategy_magnitude/checkpoint_Trained_0.956020.pth
Checkpoint saved: ./pruning_checkpoints/RegNetX_datasetcifar10_pretrain10_finetune30_steps21_batch128_devicecuda_strategy_magnitude/checkpoint_Pruned_0.956020.pth
Pruner state updated and saved.
[Eval Epoch] CPU ΔMem/sample: 0.0000 MB | GPU Peak: 281.461248 MB | Time: 3.585202s
Evaluation - Accuracy: 68.610000%, Loss: 0.0074
Checkpoint saved: ./pruning_checkpoints/RegNetX_datasetcifar10_pretrain10_finetune30_steps21_batch128_devicecuda_strategy_magnitude/checkpoint_Original_0.964816.pth
Finetune epoch 1/30 - Accuracy: 78.634000%, Loss: 0.0048
Finetune epoch 2/30 - Accuracy: 79.654000%, Loss: 0.0045
Finetune epoch 3/30 - Accuracy: 80.166000%, Loss: 0.0044
Finetune epoch 4/30 - Accuracy: 80.296000%, Loss: 0.0043
Finetune epoch 5/30 - Accuracy: 80.498000%, Loss: 0.0043
Finetune epoch 6/30 - Accuracy: 80.892000%, Loss: 0.0042
Finetune epoch 7/30 - Accuracy: 81.050000%, Loss: 0.0042
Finetune epoch 8/30 - Accuracy: 80.942000%, Loss: 0.0042
Finetune epoch 9/30 - Accuracy: 81.390000%, Loss: 0.0041
Finetune epoch 10/30 - Accuracy: 81.268000%, Loss: 0.0041
Finetune epoch 11/30 - Accuracy: 81.384000%, Loss: 0.0041
Finetune epoch 12/30 - Accuracy: 81.684000%, Loss: 0.0040
Finetune epoch 13/30 - Accuracy: 81.724000%, Loss: 0.0040
Finetune epoch 14/30 - Accuracy: 81.900000%, Loss: 0.0040
Finetune epoch 15/30 - Accuracy: 81.898000%, Loss: 0.0040
Finetune epoch 16/30 - Accuracy: 82.096000%, Loss: 0.0039
Finetune epoch 17/30 - Accuracy: 82.036000%, Loss: 0.0039
Finetune epoch 18/30 - Accuracy: 82.274000%, Loss: 0.0039
Finetune epoch 19/30 - Accuracy: 82.252000%, Loss: 0.0039
Finetune epoch 20/30 - Accuracy: 82.472000%, Loss: 0.0038
Finetune epoch 21/30 - Accuracy: 82.590000%, Loss: 0.0038
Finetune epoch 22/30 - Accuracy: 82.774000%, Loss: 0.0038
Finetune epoch 23/30 - Accuracy: 82.402000%, Loss: 0.0038
Finetune epoch 24/30 - Accuracy: 82.668000%, Loss: 0.0038
Finetune epoch 25/30 - Accuracy: 82.818000%, Loss: 0.0038
Finetune epoch 26/30 - Accuracy: 82.928000%, Loss: 0.0038
Finetune epoch 27/30 - Accuracy: 82.960000%, Loss: 0.0037
Finetune epoch 28/30 - Accuracy: 83.100000%, Loss: 0.0037
Finetune epoch 29/30 - Accuracy: 83.070000%, Loss: 0.0037
Finetune epoch 30/30 - Accuracy: 83.096000%, Loss: 0.0037
[Eval Epoch] CPU ΔMem/sample: 0.0000 MB | GPU Peak: 281.461248 MB | Time: 3.587865s
Evaluation - Accuracy: 79.320000%, Loss: 0.0049
Checkpoint saved: ./pruning_checkpoints/RegNetX_datasetcifar10_pretrain10_finetune30_steps21_batch128_devicecuda_strategy_magnitude/checkpoint_Finetuned_0.964816.pth
[Eval Epoch] CPU ΔMem/sample: 0.0000 MB | GPU Peak: 281.461248 MB | Time: 3.557306s
Evaluation - Accuracy: 72.570000%, Loss: 0.0064
Checkpoint saved: ./pruning_checkpoints/RegNetX_datasetcifar10_pretrain10_finetune30_steps21_batch128_devicecuda_strategy_magnitude/checkpoint_Trained_0.964816.pth
Checkpoint saved: ./pruning_checkpoints/RegNetX_datasetcifar10_pretrain10_finetune30_steps21_batch128_devicecuda_strategy_magnitude/checkpoint_Pruned_0.964816.pth
Pruner state updated and saved.
[Eval Epoch] CPU ΔMem/sample: 0.0000 MB | GPU Peak: 281.461248 MB | Time: 3.575321s
Evaluation - Accuracy: 67.840000%, Loss: 0.0075
Checkpoint saved: ./pruning_checkpoints/RegNetX_datasetcifar10_pretrain10_finetune30_steps21_batch128_devicecuda_strategy_magnitude/checkpoint_Original_0.971853.pth
Finetune epoch 1/30 - Accuracy: 78.640000%, Loss: 0.0048
Finetune epoch 2/30 - Accuracy: 79.676000%, Loss: 0.0045
Finetune epoch 3/30 - Accuracy: 79.824000%, Loss: 0.0044
Finetune epoch 4/30 - Accuracy: 80.170000%, Loss: 0.0044
Finetune epoch 5/30 - Accuracy: 80.616000%, Loss: 0.0043
Finetune epoch 6/30 - Accuracy: 80.770000%, Loss: 0.0043
Finetune epoch 7/30 - Accuracy: 80.788000%, Loss: 0.0042
Finetune epoch 8/30 - Accuracy: 80.872000%, Loss: 0.0042
Finetune epoch 9/30 - Accuracy: 81.010000%, Loss: 0.0042
Finetune epoch 10/30 - Accuracy: 81.054000%, Loss: 0.0042
Finetune epoch 11/30 - Accuracy: 81.370000%, Loss: 0.0041
Finetune epoch 12/30 - Accuracy: 81.388000%, Loss: 0.0041
Finetune epoch 13/30 - Accuracy: 81.494000%, Loss: 0.0041
Finetune epoch 14/30 - Accuracy: 81.658000%, Loss: 0.0040
Finetune epoch 15/30 - Accuracy: 81.618000%, Loss: 0.0040
Finetune epoch 16/30 - Accuracy: 81.756000%, Loss: 0.0040
Finetune epoch 17/30 - Accuracy: 81.920000%, Loss: 0.0040
Finetune epoch 18/30 - Accuracy: 82.018000%, Loss: 0.0040
Finetune epoch 19/30 - Accuracy: 82.374000%, Loss: 0.0039
Finetune epoch 20/30 - Accuracy: 82.060000%, Loss: 0.0039
Finetune epoch 21/30 - Accuracy: 81.994000%, Loss: 0.0039
Finetune epoch 22/30 - Accuracy: 82.490000%, Loss: 0.0039
Finetune epoch 23/30 - Accuracy: 82.376000%, Loss: 0.0038
Finetune epoch 24/30 - Accuracy: 82.510000%, Loss: 0.0039
Finetune epoch 25/30 - Accuracy: 82.562000%, Loss: 0.0038
Finetune epoch 26/30 - Accuracy: 82.550000%, Loss: 0.0038
Finetune epoch 27/30 - Accuracy: 82.690000%, Loss: 0.0038
Finetune epoch 28/30 - Accuracy: 82.934000%, Loss: 0.0038
Finetune epoch 29/30 - Accuracy: 82.988000%, Loss: 0.0037
Finetune epoch 30/30 - Accuracy: 83.054000%, Loss: 0.0037
[Eval Epoch] CPU ΔMem/sample: 0.0000 MB | GPU Peak: 280.946176 MB | Time: 3.518891s
Evaluation - Accuracy: 79.110000%, Loss: 0.0049
Checkpoint saved: ./pruning_checkpoints/RegNetX_datasetcifar10_pretrain10_finetune30_steps21_batch128_devicecuda_strategy_magnitude/checkpoint_Finetuned_0.971853.pth
[Eval Epoch] CPU ΔMem/sample: 0.0000 MB | GPU Peak: 280.694784 MB | Time: 3.660655s
Evaluation - Accuracy: 70.400000%, Loss: 0.0070
Checkpoint saved: ./pruning_checkpoints/RegNetX_datasetcifar10_pretrain10_finetune30_steps21_batch128_devicecuda_strategy_magnitude/checkpoint_Trained_0.971853.pth
Checkpoint saved: ./pruning_checkpoints/RegNetX_datasetcifar10_pretrain10_finetune30_steps21_batch128_devicecuda_strategy_magnitude/checkpoint_Pruned_0.971853.pth
Pruner state updated and saved.
[Eval Epoch] CPU ΔMem/sample: 0.0000 MB | GPU Peak: 281.008128 MB | Time: 3.694462s
Evaluation - Accuracy: 58.370000%, Loss: 0.0101
Checkpoint saved: ./pruning_checkpoints/RegNetX_datasetcifar10_pretrain10_finetune30_steps21_batch128_devicecuda_strategy_magnitude/checkpoint_Original_0.977482.pth
Finetune epoch 1/30 - Accuracy: 78.418000%, Loss: 0.0048
Finetune epoch 2/30 - Accuracy: 79.626000%, Loss: 0.0045
Finetune epoch 3/30 - Accuracy: 79.536000%, Loss: 0.0045
Finetune epoch 4/30 - Accuracy: 79.842000%, Loss: 0.0044
Finetune epoch 5/30 - Accuracy: 80.284000%, Loss: 0.0043
Finetune epoch 6/30 - Accuracy: 80.262000%, Loss: 0.0043
Finetune epoch 7/30 - Accuracy: 80.384000%, Loss: 0.0043
Finetune epoch 8/30 - Accuracy: 80.860000%, Loss: 0.0042
Finetune epoch 9/30 - Accuracy: 80.886000%, Loss: 0.0042
Finetune epoch 10/30 - Accuracy: 81.202000%, Loss: 0.0042
Finetune epoch 11/30 - Accuracy: 81.098000%, Loss: 0.0042
Finetune epoch 12/30 - Accuracy: 81.312000%, Loss: 0.0042
Finetune epoch 13/30 - Accuracy: 81.386000%, Loss: 0.0041
Finetune epoch 14/30 - Accuracy: 81.406000%, Loss: 0.0041
Finetune epoch 15/30 - Accuracy: 81.568000%, Loss: 0.0041
Finetune epoch 16/30 - Accuracy: 81.678000%, Loss: 0.0040
Finetune epoch 17/30 - Accuracy: 81.666000%, Loss: 0.0040
Finetune epoch 18/30 - Accuracy: 81.742000%, Loss: 0.0040
Finetune epoch 19/30 - Accuracy: 81.956000%, Loss: 0.0040
Finetune epoch 20/30 - Accuracy: 81.966000%, Loss: 0.0040
Finetune epoch 21/30 - Accuracy: 82.154000%, Loss: 0.0039
Finetune epoch 22/30 - Accuracy: 82.078000%, Loss: 0.0040
Finetune epoch 23/30 - Accuracy: 82.248000%, Loss: 0.0039
Finetune epoch 24/30 - Accuracy: 82.340000%, Loss: 0.0039
Finetune epoch 25/30 - Accuracy: 82.544000%, Loss: 0.0039
Finetune epoch 26/30 - Accuracy: 82.528000%, Loss: 0.0039
Finetune epoch 27/30 - Accuracy: 82.578000%, Loss: 0.0038
Finetune epoch 28/30 - Accuracy: 82.508000%, Loss: 0.0039
Finetune epoch 29/30 - Accuracy: 82.756000%, Loss: 0.0038
Finetune epoch 30/30 - Accuracy: 82.928000%, Loss: 0.0038
[Eval Epoch] CPU ΔMem/sample: 0.0000 MB | GPU Peak: 280.383488 MB | Time: 3.591105s
Evaluation - Accuracy: 78.920000%, Loss: 0.0049
Checkpoint saved: ./pruning_checkpoints/RegNetX_datasetcifar10_pretrain10_finetune30_steps21_batch128_devicecuda_strategy_magnitude/checkpoint_Finetuned_0.977482.pth
[Eval Epoch] CPU ΔMem/sample: 0.0000 MB | GPU Peak: 280.383488 MB | Time: 3.620034s
Evaluation - Accuracy: 68.890000%, Loss: 0.0080
Checkpoint saved: ./pruning_checkpoints/RegNetX_datasetcifar10_pretrain10_finetune30_steps21_batch128_devicecuda_strategy_magnitude/checkpoint_Trained_0.977482.pth
Checkpoint saved: ./pruning_checkpoints/RegNetX_datasetcifar10_pretrain10_finetune30_steps21_batch128_devicecuda_strategy_magnitude/checkpoint_Pruned_0.977482.pth
Pruner state updated and saved.
[Eval Epoch] CPU ΔMem/sample: 0.0000 MB | GPU Peak: 280.383488 MB | Time: 3.585777s
Evaluation - Accuracy: 63.240000%, Loss: 0.0093
Checkpoint saved: ./pruning_checkpoints/RegNetX_datasetcifar10_pretrain10_finetune30_steps21_batch128_devicecuda_strategy_magnitude/checkpoint_Original_0.981986.pth
Finetune epoch 1/30 - Accuracy: 77.894000%, Loss: 0.0049
Finetune epoch 2/30 - Accuracy: 79.124000%, Loss: 0.0046
Finetune epoch 3/30 - Accuracy: 79.678000%, Loss: 0.0045
Finetune epoch 4/30 - Accuracy: 79.834000%, Loss: 0.0045
Finetune epoch 5/30 - Accuracy: 80.066000%, Loss: 0.0044
Finetune epoch 6/30 - Accuracy: 80.236000%, Loss: 0.0044
Finetune epoch 7/30 - Accuracy: 80.710000%, Loss: 0.0043
Finetune epoch 8/30 - Accuracy: 80.600000%, Loss: 0.0043
Finetune epoch 9/30 - Accuracy: 80.572000%, Loss: 0.0043
Finetune epoch 10/30 - Accuracy: 80.704000%, Loss: 0.0042
Finetune epoch 11/30 - Accuracy: 81.228000%, Loss: 0.0042
Finetune epoch 12/30 - Accuracy: 81.144000%, Loss: 0.0042
Finetune epoch 13/30 - Accuracy: 80.954000%, Loss: 0.0042
Finetune epoch 14/30 - Accuracy: 81.210000%, Loss: 0.0041
Finetune epoch 15/30 - Accuracy: 81.428000%, Loss: 0.0041
Finetune epoch 16/30 - Accuracy: 81.336000%, Loss: 0.0041
Finetune epoch 17/30 - Accuracy: 81.618000%, Loss: 0.0041
Finetune epoch 18/30 - Accuracy: 81.568000%, Loss: 0.0040
Finetune epoch 19/30 - Accuracy: 81.616000%, Loss: 0.0040
Finetune epoch 20/30 - Accuracy: 81.812000%, Loss: 0.0040
Finetune epoch 21/30 - Accuracy: 81.830000%, Loss: 0.0040
Finetune epoch 22/30 - Accuracy: 81.924000%, Loss: 0.0040
Finetune epoch 23/30 - Accuracy: 82.010000%, Loss: 0.0040
Finetune epoch 24/30 - Accuracy: 82.088000%, Loss: 0.0040
Finetune epoch 25/30 - Accuracy: 82.042000%, Loss: 0.0039
Finetune epoch 26/30 - Accuracy: 82.056000%, Loss: 0.0039
Finetune epoch 27/30 - Accuracy: 82.130000%, Loss: 0.0039
Finetune epoch 28/30 - Accuracy: 82.358000%, Loss: 0.0039
Finetune epoch 29/30 - Accuracy: 82.430000%, Loss: 0.0039
Finetune epoch 30/30 - Accuracy: 82.524000%, Loss: 0.0039
[Eval Epoch] CPU ΔMem/sample: 0.0000 MB | GPU Peak: 280.694784 MB | Time: 3.677857s
Evaluation - Accuracy: 79.290000%, Loss: 0.0049
Checkpoint saved: ./pruning_checkpoints/RegNetX_datasetcifar10_pretrain10_finetune30_steps21_batch128_devicecuda_strategy_magnitude/checkpoint_Finetuned_0.981986.pth
[Eval Epoch] CPU ΔMem/sample: 0.0000 MB | GPU Peak: 280.797184 MB | Time: 3.590369s
Evaluation - Accuracy: 64.900000%, Loss: 0.0091
Checkpoint saved: ./pruning_checkpoints/RegNetX_datasetcifar10_pretrain10_finetune30_steps21_batch128_devicecuda_strategy_magnitude/checkpoint_Trained_0.981986.pth
Checkpoint saved: ./pruning_checkpoints/RegNetX_datasetcifar10_pretrain10_finetune30_steps21_batch128_devicecuda_strategy_magnitude/checkpoint_Pruned_0.981986.pth
Pruner state updated and saved.
[Eval Epoch] CPU ΔMem/sample: 0.0000 MB | GPU Peak: 281.110528 MB | Time: 3.738133s
Evaluation - Accuracy: 64.060000%, Loss: 0.0083
Checkpoint saved: ./pruning_checkpoints/RegNetX_datasetcifar10_pretrain10_finetune30_steps21_batch128_devicecuda_strategy_magnitude/checkpoint_Original_0.985588.pth
Finetune epoch 1/30 - Accuracy: 77.548000%, Loss: 0.0050
Finetune epoch 2/30 - Accuracy: 78.764000%, Loss: 0.0047
Finetune epoch 3/30 - Accuracy: 79.224000%, Loss: 0.0046
Finetune epoch 4/30 - Accuracy: 79.344000%, Loss: 0.0046
Finetune epoch 5/30 - Accuracy: 79.572000%, Loss: 0.0045
Finetune epoch 6/30 - Accuracy: 80.090000%, Loss: 0.0045
Finetune epoch 7/30 - Accuracy: 80.134000%, Loss: 0.0044
Finetune epoch 8/30 - Accuracy: 80.308000%, Loss: 0.0044
Finetune epoch 9/30 - Accuracy: 80.154000%, Loss: 0.0044
Finetune epoch 10/30 - Accuracy: 80.454000%, Loss: 0.0043
Finetune epoch 11/30 - Accuracy: 80.694000%, Loss: 0.0043
Finetune epoch 12/30 - Accuracy: 80.482000%, Loss: 0.0043
Finetune epoch 13/30 - Accuracy: 80.698000%, Loss: 0.0043
Finetune epoch 14/30 - Accuracy: 81.026000%, Loss: 0.0042
Finetune epoch 15/30 - Accuracy: 81.016000%, Loss: 0.0042
Finetune epoch 16/30 - Accuracy: 81.088000%, Loss: 0.0042
Finetune epoch 17/30 - Accuracy: 81.062000%, Loss: 0.0041
Finetune epoch 18/30 - Accuracy: 81.150000%, Loss: 0.0041
Finetune epoch 19/30 - Accuracy: 81.286000%, Loss: 0.0041
Finetune epoch 20/30 - Accuracy: 81.416000%, Loss: 0.0041
Finetune epoch 21/30 - Accuracy: 81.372000%, Loss: 0.0041
Finetune epoch 22/30 - Accuracy: 81.404000%, Loss: 0.0041
Finetune epoch 23/30 - Accuracy: 81.566000%, Loss: 0.0041
Finetune epoch 24/30 - Accuracy: 81.494000%, Loss: 0.0041
Finetune epoch 25/30 - Accuracy: 81.764000%, Loss: 0.0040
Finetune epoch 26/30 - Accuracy: 81.788000%, Loss: 0.0040
Finetune epoch 27/30 - Accuracy: 81.700000%, Loss: 0.0040
Finetune epoch 28/30 - Accuracy: 82.136000%, Loss: 0.0040
Finetune epoch 29/30 - Accuracy: 81.848000%, Loss: 0.0040
Finetune epoch 30/30 - Accuracy: 81.812000%, Loss: 0.0040
[Eval Epoch] CPU ΔMem/sample: 0.0000 MB | GPU Peak: 281.176064 MB | Time: 3.592934s
Evaluation - Accuracy: 78.790000%, Loss: 0.0050
Checkpoint saved: ./pruning_checkpoints/RegNetX_datasetcifar10_pretrain10_finetune30_steps21_batch128_devicecuda_strategy_magnitude/checkpoint_Finetuned_0.985588.pth
[Eval Epoch] CPU ΔMem/sample: 0.0000 MB | GPU Peak: 281.840128 MB | Time: 3.566970s
Evaluation - Accuracy: 56.100000%, Loss: 0.0109
Checkpoint saved: ./pruning_checkpoints/RegNetX_datasetcifar10_pretrain10_finetune30_steps21_batch128_devicecuda_strategy_magnitude/checkpoint_Trained_0.985588.pth
Checkpoint saved: ./pruning_checkpoints/RegNetX_datasetcifar10_pretrain10_finetune30_steps21_batch128_devicecuda_strategy_magnitude/checkpoint_Pruned_0.985588.pth
Pruner state updated and saved.
[Eval Epoch] CPU ΔMem/sample: 0.0000 MB | GPU Peak: 281.840128 MB | Time: 3.561419s
Evaluation - Accuracy: 53.800000%, Loss: 0.0115
Checkpoint saved: ./pruning_checkpoints/RegNetX_datasetcifar10_pretrain10_finetune30_steps21_batch128_devicecuda_strategy_magnitude/checkpoint_Original_0.988471.pth
Finetune epoch 1/30 - Accuracy: 76.426000%, Loss: 0.0052
Finetune epoch 2/30 - Accuracy: 77.746000%, Loss: 0.0049
Finetune epoch 3/30 - Accuracy: 78.252000%, Loss: 0.0048
Finetune epoch 4/30 - Accuracy: 78.846000%, Loss: 0.0047
Finetune epoch 5/30 - Accuracy: 78.958000%, Loss: 0.0046
Finetune epoch 6/30 - Accuracy: 79.146000%, Loss: 0.0046
Finetune epoch 7/30 - Accuracy: 79.474000%, Loss: 0.0046
Finetune epoch 8/30 - Accuracy: 79.698000%, Loss: 0.0045
Finetune epoch 9/30 - Accuracy: 79.650000%, Loss: 0.0045
Finetune epoch 10/30 - Accuracy: 79.604000%, Loss: 0.0045
Finetune epoch 11/30 - Accuracy: 80.234000%, Loss: 0.0044
Finetune epoch 12/30 - Accuracy: 80.242000%, Loss: 0.0044
Finetune epoch 13/30 - Accuracy: 80.124000%, Loss: 0.0044
Finetune epoch 14/30 - Accuracy: 80.238000%, Loss: 0.0043
Finetune epoch 15/30 - Accuracy: 80.568000%, Loss: 0.0043
Finetune epoch 16/30 - Accuracy: 80.578000%, Loss: 0.0043
Finetune epoch 17/30 - Accuracy: 80.738000%, Loss: 0.0043
Finetune epoch 18/30 - Accuracy: 80.416000%, Loss: 0.0043
Finetune epoch 19/30 - Accuracy: 80.682000%, Loss: 0.0043
Finetune epoch 20/30 - Accuracy: 80.868000%, Loss: 0.0043
Finetune epoch 21/30 - Accuracy: 80.738000%, Loss: 0.0042
Finetune epoch 22/30 - Accuracy: 81.166000%, Loss: 0.0042
Finetune epoch 23/30 - Accuracy: 81.172000%, Loss: 0.0042
Finetune epoch 24/30 - Accuracy: 81.162000%, Loss: 0.0042
Finetune epoch 25/30 - Accuracy: 81.262000%, Loss: 0.0041
Finetune epoch 26/30 - Accuracy: 81.042000%, Loss: 0.0042
Finetune epoch 27/30 - Accuracy: 81.098000%, Loss: 0.0042
Finetune epoch 28/30 - Accuracy: 81.326000%, Loss: 0.0041
Finetune epoch 29/30 - Accuracy: 81.478000%, Loss: 0.0041
Finetune epoch 30/30 - Accuracy: 81.522000%, Loss: 0.0041
[Eval Epoch] CPU ΔMem/sample: 0.0000 MB | GPU Peak: 281.461248 MB | Time: 3.604110s
Evaluation - Accuracy: 78.200000%, Loss: 0.0050
Checkpoint saved: ./pruning_checkpoints/RegNetX_datasetcifar10_pretrain10_finetune30_steps21_batch128_devicecuda_strategy_magnitude/checkpoint_Finetuned_0.988471.pth
[Eval Epoch] CPU ΔMem/sample: 0.0000 MB | GPU Peak: 281.461248 MB | Time: 3.569780s
Evaluation - Accuracy: 60.140000%, Loss: 0.0099
Checkpoint saved: ./pruning_checkpoints/RegNetX_datasetcifar10_pretrain10_finetune30_steps21_batch128_devicecuda_strategy_magnitude/checkpoint_Trained_0.988471.pth
Checkpoint saved: ./pruning_checkpoints/RegNetX_datasetcifar10_pretrain10_finetune30_steps21_batch128_devicecuda_strategy_magnitude/checkpoint_Pruned_0.988471.pth
Pruner state updated and saved.
[Eval Epoch] CPU ΔMem/sample: 0.0000 MB | GPU Peak: 281.461248 MB | Time: 3.589990s
Evaluation - Accuracy: 55.670000%, Loss: 0.0103
Checkpoint saved: ./pruning_checkpoints/RegNetX_datasetcifar10_pretrain10_finetune30_steps21_batch128_devicecuda_strategy_magnitude/checkpoint_Original_0.990777.pth
Finetune epoch 1/30 - Accuracy: 75.166000%, Loss: 0.0055
Finetune epoch 2/30 - Accuracy: 76.830000%, Loss: 0.0051
Finetune epoch 3/30 - Accuracy: 77.366000%, Loss: 0.0050
Finetune epoch 4/30 - Accuracy: 77.638000%, Loss: 0.0049
Finetune epoch 5/30 - Accuracy: 78.156000%, Loss: 0.0049
Finetune epoch 6/30 - Accuracy: 78.100000%, Loss: 0.0048
Finetune epoch 7/30 - Accuracy: 78.368000%, Loss: 0.0048
Finetune epoch 8/30 - Accuracy: 78.508000%, Loss: 0.0048
Finetune epoch 9/30 - Accuracy: 78.970000%, Loss: 0.0047
Finetune epoch 10/30 - Accuracy: 78.856000%, Loss: 0.0047
Finetune epoch 11/30 - Accuracy: 79.192000%, Loss: 0.0046
Finetune epoch 12/30 - Accuracy: 79.262000%, Loss: 0.0046
Finetune epoch 13/30 - Accuracy: 79.246000%, Loss: 0.0046
Finetune epoch 14/30 - Accuracy: 79.680000%, Loss: 0.0045
Finetune epoch 15/30 - Accuracy: 79.462000%, Loss: 0.0045
Finetune epoch 16/30 - Accuracy: 79.562000%, Loss: 0.0045
Finetune epoch 17/30 - Accuracy: 79.824000%, Loss: 0.0044
Finetune epoch 18/30 - Accuracy: 79.742000%, Loss: 0.0045
Finetune epoch 19/30 - Accuracy: 79.804000%, Loss: 0.0044
Finetune epoch 20/30 - Accuracy: 80.108000%, Loss: 0.0044
Finetune epoch 21/30 - Accuracy: 80.162000%, Loss: 0.0044
Finetune epoch 22/30 - Accuracy: 80.254000%, Loss: 0.0044
Finetune epoch 23/30 - Accuracy: 80.020000%, Loss: 0.0044
Finetune epoch 24/30 - Accuracy: 80.404000%, Loss: 0.0043
Finetune epoch 25/30 - Accuracy: 80.482000%, Loss: 0.0043
Finetune epoch 26/30 - Accuracy: 80.492000%, Loss: 0.0043
Finetune epoch 27/30 - Accuracy: 80.892000%, Loss: 0.0043
Finetune epoch 28/30 - Accuracy: 80.584000%, Loss: 0.0043
Finetune epoch 29/30 - Accuracy: 80.606000%, Loss: 0.0043
Finetune epoch 30/30 - Accuracy: 80.892000%, Loss: 0.0042
[Eval Epoch] CPU ΔMem/sample: 0.0000 MB | GPU Peak: 280.946176 MB | Time: 3.452634s
Evaluation - Accuracy: 78.110000%, Loss: 0.0051
Checkpoint saved: ./pruning_checkpoints/RegNetX_datasetcifar10_pretrain10_finetune30_steps21_batch128_devicecuda_strategy_magnitude/checkpoint_Finetuned_0.990777.pth
[Eval Epoch] CPU ΔMem/sample: 0.0000 MB | GPU Peak: 281.874944 MB | Time: 3.499870s
Evaluation - Accuracy: 52.730000%, Loss: 0.0110
Checkpoint saved: ./pruning_checkpoints/RegNetX_datasetcifar10_pretrain10_finetune30_steps21_batch128_devicecuda_strategy_magnitude/checkpoint_Trained_0.990777.pth
Checkpoint saved: ./pruning_checkpoints/RegNetX_datasetcifar10_pretrain10_finetune30_steps21_batch128_devicecuda_strategy_magnitude/checkpoint_Pruned_0.990777.pth
Pruner state updated and saved.
[Eval Epoch] CPU ΔMem/sample: 0.0000 MB | GPU Peak: 282.188288 MB | Time: 3.828144s
Evaluation - Accuracy: 53.490000%, Loss: 0.0099
Checkpoint saved: ./pruning_checkpoints/RegNetX_datasetcifar10_pretrain10_finetune30_steps21_batch128_devicecuda_strategy_magnitude/checkpoint_Finetuned_0.990776.pth
