Saved 44 initial parameters.
Saved 44 initial parameters.
Pretrain epoch 1/10 - Accuracy: 4.104000%, Loss: 0.0381
Pretrain epoch 2/10 - Accuracy: 9.192000%, Loss: 0.0341
Pretrain epoch 3/10 - Accuracy: 13.935000%, Loss: 0.0315
Pretrain epoch 4/10 - Accuracy: 17.524000%, Loss: 0.0297
Pretrain epoch 5/10 - Accuracy: 20.402000%, Loss: 0.0283
Pretrain epoch 6/10 - Accuracy: 22.851000%, Loss: 0.0271
Pretrain epoch 7/10 - Accuracy: 24.970000%, Loss: 0.0262
Pretrain epoch 8/10 - Accuracy: 27.002000%, Loss: 0.0253
Pretrain epoch 9/10 - Accuracy: 28.735000%, Loss: 0.0245
Pretrain epoch 10/10 - Accuracy: 30.082000%, Loss: 0.0239
Saved 44 initial parameters.
[Eval Epoch] CPU ΔMem/sample: 0.0001 MB | GPU Peak: 280.862208 MB | Time: 451.814526s
Evaluation - Accuracy: 0.370000%, Loss: 0.0852
Checkpoint saved: ./pruning_checkpoints/RegNetX_datasettinyimagenet_pretrain10_finetune30_steps21_batch128_devicecuda_strategy_magnitude/checkpoint_Original_0.000000.pth
Finetune epoch 1/30 - Accuracy: 31.452000%, Loss: 0.0233
Finetune epoch 2/30 - Accuracy: 32.711000%, Loss: 0.0228
Finetune epoch 3/30 - Accuracy: 33.656000%, Loss: 0.0224
Finetune epoch 4/30 - Accuracy: 34.872000%, Loss: 0.0219
Finetune epoch 5/30 - Accuracy: 35.721000%, Loss: 0.0216
Finetune epoch 6/30 - Accuracy: 36.474000%, Loss: 0.0213
Finetune epoch 7/30 - Accuracy: 37.480000%, Loss: 0.0209
Finetune epoch 8/30 - Accuracy: 38.372000%, Loss: 0.0205
Finetune epoch 9/30 - Accuracy: 38.972000%, Loss: 0.0203
Finetune epoch 10/30 - Accuracy: 39.793000%, Loss: 0.0200
Finetune epoch 11/30 - Accuracy: 40.435000%, Loss: 0.0197
Finetune epoch 12/30 - Accuracy: 41.073000%, Loss: 0.0195
Finetune epoch 13/30 - Accuracy: 41.455000%, Loss: 0.0193
Finetune epoch 14/30 - Accuracy: 42.268000%, Loss: 0.0190
Finetune epoch 15/30 - Accuracy: 42.854000%, Loss: 0.0187
Finetune epoch 16/30 - Accuracy: 43.417000%, Loss: 0.0185
Finetune epoch 17/30 - Accuracy: 43.806000%, Loss: 0.0184
Finetune epoch 18/30 - Accuracy: 44.595000%, Loss: 0.0182
Finetune epoch 19/30 - Accuracy: 44.837000%, Loss: 0.0180
Finetune epoch 20/30 - Accuracy: 45.230000%, Loss: 0.0178
Finetune epoch 21/30 - Accuracy: 45.619000%, Loss: 0.0177
Finetune epoch 22/30 - Accuracy: 45.989000%, Loss: 0.0175
Finetune epoch 23/30 - Accuracy: 46.485000%, Loss: 0.0174
Finetune epoch 24/30 - Accuracy: 46.817000%, Loss: 0.0172
Finetune epoch 25/30 - Accuracy: 47.441000%, Loss: 0.0171
Finetune epoch 26/30 - Accuracy: 47.566000%, Loss: 0.0169
Finetune epoch 27/30 - Accuracy: 47.882000%, Loss: 0.0168
Finetune epoch 28/30 - Accuracy: 48.045000%, Loss: 0.0167
Finetune epoch 29/30 - Accuracy: 48.582000%, Loss: 0.0166
Finetune epoch 30/30 - Accuracy: 48.569000%, Loss: 0.0165
[Eval Epoch] CPU ΔMem/sample: 0.0000 MB | GPU Peak: 326.560768 MB | Time: 9.928062s
Evaluation - Accuracy: 0.480000%, Loss: 0.1008
Checkpoint saved: ./pruning_checkpoints/RegNetX_datasettinyimagenet_pretrain10_finetune30_steps21_batch128_devicecuda_strategy_magnitude/checkpoint_Finetuned_0.000000.pth
[Eval Epoch] CPU ΔMem/sample: 0.0000 MB | GPU Peak: 327.219200 MB | Time: 8.360990s
Evaluation - Accuracy: 0.480000%, Loss: 0.1008
Checkpoint saved: ./pruning_checkpoints/RegNetX_datasettinyimagenet_pretrain10_finetune30_steps21_batch128_devicecuda_strategy_magnitude/checkpoint_Trained_0.000000.pth
Checkpoint saved: ./pruning_checkpoints/RegNetX_datasettinyimagenet_pretrain10_finetune30_steps21_batch128_devicecuda_strategy_magnitude/checkpoint_Pruned_0.000000.pth
Pruner state updated and saved.
[Eval Epoch] CPU ΔMem/sample: 0.0000 MB | GPU Peak: 327.219200 MB | Time: 8.549864s
Evaluation - Accuracy: 0.000000%, Loss: 0.0481
Checkpoint saved: ./pruning_checkpoints/RegNetX_datasettinyimagenet_pretrain10_finetune30_steps21_batch128_devicecuda_strategy_magnitude/checkpoint_Original_0.200000.pth
Finetune epoch 1/30 - Accuracy: 33.288000%, Loss: 0.0225
Finetune epoch 2/30 - Accuracy: 36.246000%, Loss: 0.0213
Finetune epoch 3/30 - Accuracy: 37.497000%, Loss: 0.0208
Finetune epoch 4/30 - Accuracy: 38.135000%, Loss: 0.0206
Finetune epoch 5/30 - Accuracy: 38.798000%, Loss: 0.0203
Finetune epoch 6/30 - Accuracy: 39.523000%, Loss: 0.0200
Finetune epoch 7/30 - Accuracy: 39.808000%, Loss: 0.0199
Finetune epoch 8/30 - Accuracy: 40.462000%, Loss: 0.0197
Finetune epoch 9/30 - Accuracy: 40.591000%, Loss: 0.0196
Finetune epoch 10/30 - Accuracy: 41.102000%, Loss: 0.0194
Finetune epoch 11/30 - Accuracy: 41.436000%, Loss: 0.0193
Finetune epoch 12/30 - Accuracy: 41.869000%, Loss: 0.0192
Finetune epoch 13/30 - Accuracy: 41.947000%, Loss: 0.0191
Finetune epoch 14/30 - Accuracy: 42.309000%, Loss: 0.0189
Finetune epoch 15/30 - Accuracy: 42.614000%, Loss: 0.0188
Finetune epoch 16/30 - Accuracy: 42.920000%, Loss: 0.0187
Finetune epoch 17/30 - Accuracy: 43.150000%, Loss: 0.0186
Finetune epoch 18/30 - Accuracy: 43.498000%, Loss: 0.0185
Finetune epoch 19/30 - Accuracy: 43.595000%, Loss: 0.0185
Finetune epoch 20/30 - Accuracy: 44.206000%, Loss: 0.0183
Finetune epoch 21/30 - Accuracy: 44.366000%, Loss: 0.0182
Finetune epoch 22/30 - Accuracy: 44.508000%, Loss: 0.0181
Finetune epoch 23/30 - Accuracy: 44.782000%, Loss: 0.0180
Finetune epoch 24/30 - Accuracy: 45.133000%, Loss: 0.0179
Finetune epoch 25/30 - Accuracy: 45.431000%, Loss: 0.0178
Finetune epoch 26/30 - Accuracy: 45.505000%, Loss: 0.0178
Finetune epoch 27/30 - Accuracy: 45.811000%, Loss: 0.0176
Finetune epoch 28/30 - Accuracy: 45.988000%, Loss: 0.0176
Finetune epoch 29/30 - Accuracy: 46.325000%, Loss: 0.0174
Finetune epoch 30/30 - Accuracy: 46.626000%, Loss: 0.0173
[Eval Epoch] CPU ΔMem/sample: 0.0000 MB | GPU Peak: 328.689664 MB | Time: 17.912529s
Evaluation - Accuracy: 0.410000%, Loss: 0.1053
Checkpoint saved: ./pruning_checkpoints/RegNetX_datasettinyimagenet_pretrain10_finetune30_steps21_batch128_devicecuda_strategy_magnitude/checkpoint_Finetuned_0.200000.pth
[Eval Epoch] CPU ΔMem/sample: 0.0000 MB | GPU Peak: 340.395008 MB | Time: 8.287690s
Evaluation - Accuracy: 0.430000%, Loss: 0.1055
Checkpoint saved: ./pruning_checkpoints/RegNetX_datasettinyimagenet_pretrain10_finetune30_steps21_batch128_devicecuda_strategy_magnitude/checkpoint_Trained_0.200000.pth
Checkpoint saved: ./pruning_checkpoints/RegNetX_datasettinyimagenet_pretrain10_finetune30_steps21_batch128_devicecuda_strategy_magnitude/checkpoint_Pruned_0.200000.pth
Pruner state updated and saved.
[Eval Epoch] CPU ΔMem/sample: 0.0000 MB | GPU Peak: 340.395008 MB | Time: 8.650485s
Evaluation - Accuracy: 0.000000%, Loss: 5.3894
Checkpoint saved: ./pruning_checkpoints/RegNetX_datasettinyimagenet_pretrain10_finetune30_steps21_batch128_devicecuda_strategy_magnitude/checkpoint_Original_0.360000.pth
Finetune epoch 1/30 - Accuracy: 37.013000%, Loss: 0.0210
Finetune epoch 2/30 - Accuracy: 38.996000%, Loss: 0.0202
Finetune epoch 3/30 - Accuracy: 39.807000%, Loss: 0.0199
Finetune epoch 4/30 - Accuracy: 40.412000%, Loss: 0.0197
Finetune epoch 5/30 - Accuracy: 40.883000%, Loss: 0.0195
Finetune epoch 6/30 - Accuracy: 41.406000%, Loss: 0.0193
Finetune epoch 7/30 - Accuracy: 41.709000%, Loss: 0.0191
Finetune epoch 8/30 - Accuracy: 42.291000%, Loss: 0.0190
Finetune epoch 9/30 - Accuracy: 42.617000%, Loss: 0.0188
Finetune epoch 10/30 - Accuracy: 43.033000%, Loss: 0.0187
Finetune epoch 11/30 - Accuracy: 43.300000%, Loss: 0.0186
Finetune epoch 12/30 - Accuracy: 43.388000%, Loss: 0.0185
Finetune epoch 13/30 - Accuracy: 43.619000%, Loss: 0.0184
Finetune epoch 14/30 - Accuracy: 44.120000%, Loss: 0.0183
Finetune epoch 15/30 - Accuracy: 44.460000%, Loss: 0.0182
Finetune epoch 16/30 - Accuracy: 44.713000%, Loss: 0.0181
Finetune epoch 17/30 - Accuracy: 44.940000%, Loss: 0.0180
Finetune epoch 18/30 - Accuracy: 45.049000%, Loss: 0.0179
Finetune epoch 19/30 - Accuracy: 45.410000%, Loss: 0.0178
Finetune epoch 20/30 - Accuracy: 45.732000%, Loss: 0.0177
Finetune epoch 21/30 - Accuracy: 45.782000%, Loss: 0.0176
Finetune epoch 22/30 - Accuracy: 46.107000%, Loss: 0.0175
Finetune epoch 23/30 - Accuracy: 46.308000%, Loss: 0.0175
Finetune epoch 24/30 - Accuracy: 46.732000%, Loss: 0.0173
Finetune epoch 25/30 - Accuracy: 46.736000%, Loss: 0.0172
Finetune epoch 26/30 - Accuracy: 47.119000%, Loss: 0.0171
Finetune epoch 27/30 - Accuracy: 47.247000%, Loss: 0.0171
Finetune epoch 28/30 - Accuracy: 47.602000%, Loss: 0.0170
Finetune epoch 29/30 - Accuracy: 47.882000%, Loss: 0.0169
Finetune epoch 30/30 - Accuracy: 47.985000%, Loss: 0.0169
[Eval Epoch] CPU ΔMem/sample: 0.0000 MB | GPU Peak: 340.158976 MB | Time: 10.622520s
Evaluation - Accuracy: 0.400000%, Loss: 0.1077
Checkpoint saved: ./pruning_checkpoints/RegNetX_datasettinyimagenet_pretrain10_finetune30_steps21_batch128_devicecuda_strategy_magnitude/checkpoint_Finetuned_0.360000.pth
[Eval Epoch] CPU ΔMem/sample: 0.0000 MB | GPU Peak: 339.961856 MB | Time: 8.193791s
Evaluation - Accuracy: 0.410000%, Loss: 0.1080
Checkpoint saved: ./pruning_checkpoints/RegNetX_datasettinyimagenet_pretrain10_finetune30_steps21_batch128_devicecuda_strategy_magnitude/checkpoint_Trained_0.360000.pth
Checkpoint saved: ./pruning_checkpoints/RegNetX_datasettinyimagenet_pretrain10_finetune30_steps21_batch128_devicecuda_strategy_magnitude/checkpoint_Pruned_0.360000.pth
Pruner state updated and saved.
[Eval Epoch] CPU ΔMem/sample: 0.0000 MB | GPU Peak: 340.016128 MB | Time: 8.210393s
Evaluation - Accuracy: 0.000000%, Loss: 1.1316
Checkpoint saved: ./pruning_checkpoints/RegNetX_datasettinyimagenet_pretrain10_finetune30_steps21_batch128_devicecuda_strategy_magnitude/checkpoint_Original_0.488000.pth
Finetune epoch 1/30 - Accuracy: 39.161000%, Loss: 0.0201
Finetune epoch 2/30 - Accuracy: 40.845000%, Loss: 0.0195
Finetune epoch 3/30 - Accuracy: 41.616000%, Loss: 0.0191
Finetune epoch 4/30 - Accuracy: 42.189000%, Loss: 0.0189
Finetune epoch 5/30 - Accuracy: 42.922000%, Loss: 0.0187
Finetune epoch 6/30 - Accuracy: 43.323000%, Loss: 0.0186
Finetune epoch 7/30 - Accuracy: 43.849000%, Loss: 0.0184
Finetune epoch 8/30 - Accuracy: 43.885000%, Loss: 0.0184
Finetune epoch 9/30 - Accuracy: 44.261000%, Loss: 0.0182
Finetune epoch 10/30 - Accuracy: 44.843000%, Loss: 0.0180
Finetune epoch 11/30 - Accuracy: 44.854000%, Loss: 0.0180
Finetune epoch 12/30 - Accuracy: 45.439000%, Loss: 0.0178
Finetune epoch 13/30 - Accuracy: 45.679000%, Loss: 0.0177
Finetune epoch 14/30 - Accuracy: 45.993000%, Loss: 0.0176
Finetune epoch 15/30 - Accuracy: 46.154000%, Loss: 0.0175
Finetune epoch 16/30 - Accuracy: 46.656000%, Loss: 0.0174
Finetune epoch 17/30 - Accuracy: 46.638000%, Loss: 0.0173
Finetune epoch 18/30 - Accuracy: 46.974000%, Loss: 0.0172
Finetune epoch 19/30 - Accuracy: 47.177000%, Loss: 0.0171
Finetune epoch 20/30 - Accuracy: 47.344000%, Loss: 0.0171
Finetune epoch 21/30 - Accuracy: 47.847000%, Loss: 0.0169
Finetune epoch 22/30 - Accuracy: 48.012000%, Loss: 0.0168
Finetune epoch 23/30 - Accuracy: 48.211000%, Loss: 0.0168
Finetune epoch 24/30 - Accuracy: 48.628000%, Loss: 0.0167
Finetune epoch 25/30 - Accuracy: 48.671000%, Loss: 0.0165
Finetune epoch 26/30 - Accuracy: 49.057000%, Loss: 0.0165
Finetune epoch 27/30 - Accuracy: 49.384000%, Loss: 0.0164
Finetune epoch 28/30 - Accuracy: 49.394000%, Loss: 0.0164
Finetune epoch 29/30 - Accuracy: 49.501000%, Loss: 0.0163
Finetune epoch 30/30 - Accuracy: 49.787000%, Loss: 0.0162
[Eval Epoch] CPU ΔMem/sample: 0.0000 MB | GPU Peak: 340.016128 MB | Time: 10.238438s
Evaluation - Accuracy: 0.420000%, Loss: 0.1133
Checkpoint saved: ./pruning_checkpoints/RegNetX_datasettinyimagenet_pretrain10_finetune30_steps21_batch128_devicecuda_strategy_magnitude/checkpoint_Finetuned_0.488000.pth
[Eval Epoch] CPU ΔMem/sample: 0.0000 MB | GPU Peak: 340.432896 MB | Time: 8.275186s
Evaluation - Accuracy: 0.430000%, Loss: 0.1154
Checkpoint saved: ./pruning_checkpoints/RegNetX_datasettinyimagenet_pretrain10_finetune30_steps21_batch128_devicecuda_strategy_magnitude/checkpoint_Trained_0.488000.pth
Checkpoint saved: ./pruning_checkpoints/RegNetX_datasettinyimagenet_pretrain10_finetune30_steps21_batch128_devicecuda_strategy_magnitude/checkpoint_Pruned_0.488000.pth
Pruner state updated and saved.
[Eval Epoch] CPU ΔMem/sample: 0.0000 MB | GPU Peak: 340.432896 MB | Time: 8.454384s
Evaluation - Accuracy: 0.050000%, Loss: 0.2569
Checkpoint saved: ./pruning_checkpoints/RegNetX_datasettinyimagenet_pretrain10_finetune30_steps21_batch128_devicecuda_strategy_magnitude/checkpoint_Original_0.590400.pth
Finetune epoch 1/30 - Accuracy: 40.844000%, Loss: 0.0196
Finetune epoch 2/30 - Accuracy: 42.565000%, Loss: 0.0188
Finetune epoch 3/30 - Accuracy: 43.447000%, Loss: 0.0185
Finetune epoch 4/30 - Accuracy: 44.046000%, Loss: 0.0182
Finetune epoch 5/30 - Accuracy: 44.533000%, Loss: 0.0181
Finetune epoch 6/30 - Accuracy: 44.958000%, Loss: 0.0179
Finetune epoch 7/30 - Accuracy: 45.369000%, Loss: 0.0178
Finetune epoch 8/30 - Accuracy: 45.956000%, Loss: 0.0176
Finetune epoch 9/30 - Accuracy: 46.555000%, Loss: 0.0174
Finetune epoch 10/30 - Accuracy: 46.815000%, Loss: 0.0173
Finetune epoch 11/30 - Accuracy: 46.974000%, Loss: 0.0172
Finetune epoch 12/30 - Accuracy: 47.248000%, Loss: 0.0171
Finetune epoch 13/30 - Accuracy: 47.772000%, Loss: 0.0169
Finetune epoch 14/30 - Accuracy: 47.768000%, Loss: 0.0169
Finetune epoch 15/30 - Accuracy: 48.205000%, Loss: 0.0167
Finetune epoch 16/30 - Accuracy: 48.320000%, Loss: 0.0167
Finetune epoch 17/30 - Accuracy: 48.778000%, Loss: 0.0166
Finetune epoch 18/30 - Accuracy: 49.175000%, Loss: 0.0164
Finetune epoch 19/30 - Accuracy: 49.228000%, Loss: 0.0164
Finetune epoch 20/30 - Accuracy: 49.661000%, Loss: 0.0163
Finetune epoch 21/30 - Accuracy: 49.688000%, Loss: 0.0162
Finetune epoch 22/30 - Accuracy: 49.907000%, Loss: 0.0161
Finetune epoch 23/30 - Accuracy: 50.170000%, Loss: 0.0160
Finetune epoch 24/30 - Accuracy: 50.401000%, Loss: 0.0160
Finetune epoch 25/30 - Accuracy: 50.719000%, Loss: 0.0158
Finetune epoch 26/30 - Accuracy: 50.901000%, Loss: 0.0158
Finetune epoch 27/30 - Accuracy: 51.115000%, Loss: 0.0156
Finetune epoch 28/30 - Accuracy: 51.401000%, Loss: 0.0156
Finetune epoch 29/30 - Accuracy: 51.613000%, Loss: 0.0155
Finetune epoch 30/30 - Accuracy: 51.794000%, Loss: 0.0155
[Eval Epoch] CPU ΔMem/sample: 0.0000 MB | GPU Peak: 340.643840 MB | Time: 10.002797s
Evaluation - Accuracy: 0.410000%, Loss: 0.1165
Checkpoint saved: ./pruning_checkpoints/RegNetX_datasettinyimagenet_pretrain10_finetune30_steps21_batch128_devicecuda_strategy_magnitude/checkpoint_Finetuned_0.590400.pth
[Eval Epoch] CPU ΔMem/sample: 0.0000 MB | GPU Peak: 340.321280 MB | Time: 8.252002s
Evaluation - Accuracy: 0.450000%, Loss: 0.1147
Checkpoint saved: ./pruning_checkpoints/RegNetX_datasettinyimagenet_pretrain10_finetune30_steps21_batch128_devicecuda_strategy_magnitude/checkpoint_Trained_0.590400.pth
Checkpoint saved: ./pruning_checkpoints/RegNetX_datasettinyimagenet_pretrain10_finetune30_steps21_batch128_devicecuda_strategy_magnitude/checkpoint_Pruned_0.590400.pth
Pruner state updated and saved.
[Eval Epoch] CPU ΔMem/sample: 0.0000 MB | GPU Peak: 340.321280 MB | Time: 8.030572s
Evaluation - Accuracy: 0.190000%, Loss: 0.0913
Checkpoint saved: ./pruning_checkpoints/RegNetX_datasettinyimagenet_pretrain10_finetune30_steps21_batch128_devicecuda_strategy_magnitude/checkpoint_Original_0.672320.pth
Finetune epoch 1/30 - Accuracy: 42.166000%, Loss: 0.0190
Finetune epoch 2/30 - Accuracy: 44.239000%, Loss: 0.0182
Finetune epoch 3/30 - Accuracy: 45.267000%, Loss: 0.0178
Finetune epoch 4/30 - Accuracy: 46.242000%, Loss: 0.0175
Finetune epoch 5/30 - Accuracy: 46.584000%, Loss: 0.0173
Finetune epoch 6/30 - Accuracy: 47.116000%, Loss: 0.0171
Finetune epoch 7/30 - Accuracy: 47.462000%, Loss: 0.0169
Finetune epoch 8/30 - Accuracy: 47.984000%, Loss: 0.0169
Finetune epoch 9/30 - Accuracy: 48.390000%, Loss: 0.0167
Finetune epoch 10/30 - Accuracy: 48.668000%, Loss: 0.0165
Finetune epoch 11/30 - Accuracy: 49.138000%, Loss: 0.0164
Finetune epoch 12/30 - Accuracy: 49.184000%, Loss: 0.0164
Finetune epoch 13/30 - Accuracy: 49.736000%, Loss: 0.0162
Finetune epoch 14/30 - Accuracy: 49.894000%, Loss: 0.0162
Finetune epoch 15/30 - Accuracy: 50.119000%, Loss: 0.0161
Finetune epoch 16/30 - Accuracy: 50.475000%, Loss: 0.0159
Finetune epoch 17/30 - Accuracy: 50.758000%, Loss: 0.0158
Finetune epoch 18/30 - Accuracy: 50.917000%, Loss: 0.0157
Finetune epoch 19/30 - Accuracy: 51.223000%, Loss: 0.0156
Finetune epoch 20/30 - Accuracy: 51.547000%, Loss: 0.0155
Finetune epoch 21/30 - Accuracy: 51.593000%, Loss: 0.0155
Finetune epoch 22/30 - Accuracy: 51.975000%, Loss: 0.0154
Finetune epoch 23/30 - Accuracy: 52.380000%, Loss: 0.0153
Finetune epoch 24/30 - Accuracy: 52.321000%, Loss: 0.0152
Finetune epoch 25/30 - Accuracy: 52.762000%, Loss: 0.0151
Finetune epoch 26/30 - Accuracy: 52.633000%, Loss: 0.0151
Finetune epoch 27/30 - Accuracy: 52.814000%, Loss: 0.0150
Finetune epoch 28/30 - Accuracy: 53.215000%, Loss: 0.0149
Finetune epoch 29/30 - Accuracy: 53.306000%, Loss: 0.0149
Finetune epoch 30/30 - Accuracy: 53.768000%, Loss: 0.0148
[Eval Epoch] CPU ΔMem/sample: -0.0001 MB | GPU Peak: 340.139008 MB | Time: 10.160875s
Evaluation - Accuracy: 0.370000%, Loss: 0.1220
Checkpoint saved: ./pruning_checkpoints/RegNetX_datasettinyimagenet_pretrain10_finetune30_steps21_batch128_devicecuda_strategy_magnitude/checkpoint_Finetuned_0.672320.pth
[Eval Epoch] CPU ΔMem/sample: 0.0000 MB | GPU Peak: 339.976704 MB | Time: 8.376290s
Evaluation - Accuracy: 0.370000%, Loss: 0.1227
Checkpoint saved: ./pruning_checkpoints/RegNetX_datasettinyimagenet_pretrain10_finetune30_steps21_batch128_devicecuda_strategy_magnitude/checkpoint_Trained_0.672320.pth
Checkpoint saved: ./pruning_checkpoints/RegNetX_datasettinyimagenet_pretrain10_finetune30_steps21_batch128_devicecuda_strategy_magnitude/checkpoint_Pruned_0.672320.pth
Pruner state updated and saved.
[Eval Epoch] CPU ΔMem/sample: 0.0000 MB | GPU Peak: 340.030976 MB | Time: 8.305865s
Evaluation - Accuracy: 0.190000%, Loss: 0.1058
Checkpoint saved: ./pruning_checkpoints/RegNetX_datasettinyimagenet_pretrain10_finetune30_steps21_batch128_devicecuda_strategy_magnitude/checkpoint_Original_0.737856.pth
Finetune epoch 1/30 - Accuracy: 43.372000%, Loss: 0.0185
Finetune epoch 2/30 - Accuracy: 45.640000%, Loss: 0.0176
Finetune epoch 3/30 - Accuracy: 46.781000%, Loss: 0.0172
Finetune epoch 4/30 - Accuracy: 47.533000%, Loss: 0.0169
Finetune epoch 5/30 - Accuracy: 47.945000%, Loss: 0.0168
Finetune epoch 6/30 - Accuracy: 48.769000%, Loss: 0.0165
Finetune epoch 7/30 - Accuracy: 49.134000%, Loss: 0.0163
Finetune epoch 8/30 - Accuracy: 49.595000%, Loss: 0.0163
Finetune epoch 9/30 - Accuracy: 49.864000%, Loss: 0.0161
Finetune epoch 10/30 - Accuracy: 50.019000%, Loss: 0.0160
Finetune epoch 11/30 - Accuracy: 50.437000%, Loss: 0.0158
Finetune epoch 12/30 - Accuracy: 50.902000%, Loss: 0.0157
Finetune epoch 13/30 - Accuracy: 51.232000%, Loss: 0.0156
Finetune epoch 14/30 - Accuracy: 51.585000%, Loss: 0.0155
Finetune epoch 15/30 - Accuracy: 51.748000%, Loss: 0.0154
Finetune epoch 16/30 - Accuracy: 52.206000%, Loss: 0.0153
Finetune epoch 17/30 - Accuracy: 52.264000%, Loss: 0.0153
Finetune epoch 18/30 - Accuracy: 52.664000%, Loss: 0.0151
Finetune epoch 19/30 - Accuracy: 52.885000%, Loss: 0.0151
Finetune epoch 20/30 - Accuracy: 52.947000%, Loss: 0.0150
Finetune epoch 21/30 - Accuracy: 52.989000%, Loss: 0.0149
Finetune epoch 22/30 - Accuracy: 53.591000%, Loss: 0.0148
Finetune epoch 23/30 - Accuracy: 53.686000%, Loss: 0.0148
Finetune epoch 24/30 - Accuracy: 53.908000%, Loss: 0.0147
Finetune epoch 25/30 - Accuracy: 53.835000%, Loss: 0.0146
Finetune epoch 26/30 - Accuracy: 54.153000%, Loss: 0.0146
Finetune epoch 27/30 - Accuracy: 54.451000%, Loss: 0.0145
Finetune epoch 28/30 - Accuracy: 54.591000%, Loss: 0.0144
Finetune epoch 29/30 - Accuracy: 54.760000%, Loss: 0.0144
Finetune epoch 30/30 - Accuracy: 54.804000%, Loss: 0.0143
[Eval Epoch] CPU ΔMem/sample: 0.0000 MB | GPU Peak: 340.002304 MB | Time: 10.135275s
Evaluation - Accuracy: 0.400000%, Loss: 0.1251
Checkpoint saved: ./pruning_checkpoints/RegNetX_datasettinyimagenet_pretrain10_finetune30_steps21_batch128_devicecuda_strategy_magnitude/checkpoint_Finetuned_0.737856.pth
[Eval Epoch] CPU ΔMem/sample: 0.0000 MB | GPU Peak: 340.301824 MB | Time: 8.372598s
Evaluation - Accuracy: 0.490000%, Loss: 0.1204
Checkpoint saved: ./pruning_checkpoints/RegNetX_datasettinyimagenet_pretrain10_finetune30_steps21_batch128_devicecuda_strategy_magnitude/checkpoint_Trained_0.737856.pth
Checkpoint saved: ./pruning_checkpoints/RegNetX_datasettinyimagenet_pretrain10_finetune30_steps21_batch128_devicecuda_strategy_magnitude/checkpoint_Pruned_0.737856.pth
Pruner state updated and saved.
[Eval Epoch] CPU ΔMem/sample: 0.0000 MB | GPU Peak: 340.484096 MB | Time: 8.377420s
Evaluation - Accuracy: 0.240000%, Loss: 0.1144
Checkpoint saved: ./pruning_checkpoints/RegNetX_datasettinyimagenet_pretrain10_finetune30_steps21_batch128_devicecuda_strategy_magnitude/checkpoint_Original_0.790285.pth
Finetune epoch 1/30 - Accuracy: 44.320000%, Loss: 0.0181
Finetune epoch 2/30 - Accuracy: 46.485000%, Loss: 0.0172
Finetune epoch 3/30 - Accuracy: 47.464000%, Loss: 0.0168
Finetune epoch 4/30 - Accuracy: 48.365000%, Loss: 0.0166
Finetune epoch 5/30 - Accuracy: 49.154000%, Loss: 0.0163
Finetune epoch 6/30 - Accuracy: 49.590000%, Loss: 0.0161
Finetune epoch 7/30 - Accuracy: 49.946000%, Loss: 0.0160
Finetune epoch 8/30 - Accuracy: 50.381000%, Loss: 0.0159
Finetune epoch 9/30 - Accuracy: 50.996000%, Loss: 0.0157
Finetune epoch 10/30 - Accuracy: 51.170000%, Loss: 0.0156
Finetune epoch 11/30 - Accuracy: 51.554000%, Loss: 0.0155
Finetune epoch 12/30 - Accuracy: 51.668000%, Loss: 0.0154
Finetune epoch 13/30 - Accuracy: 52.197000%, Loss: 0.0153
Finetune epoch 14/30 - Accuracy: 52.255000%, Loss: 0.0152
Finetune epoch 15/30 - Accuracy: 52.609000%, Loss: 0.0150
Finetune epoch 16/30 - Accuracy: 52.910000%, Loss: 0.0150
Finetune epoch 17/30 - Accuracy: 53.169000%, Loss: 0.0149
Finetune epoch 18/30 - Accuracy: 53.330000%, Loss: 0.0149
Finetune epoch 19/30 - Accuracy: 53.492000%, Loss: 0.0148
