Saved 15 initial parameters.
Saved 15 initial parameters.
Pretrain epoch 1/10 - Accuracy: 45.980000%, Loss: 0.0116
Pretrain epoch 2/10 - Accuracy: 67.770000%, Loss: 0.0072
Pretrain epoch 3/10 - Accuracy: 75.410000%, Loss: 0.0057
Pretrain epoch 4/10 - Accuracy: 79.276000%, Loss: 0.0048
Pretrain epoch 5/10 - Accuracy: 82.020000%, Loss: 0.0042
Pretrain epoch 6/10 - Accuracy: 84.084000%, Loss: 0.0037
Pretrain epoch 7/10 - Accuracy: 85.342000%, Loss: 0.0034
Pretrain epoch 8/10 - Accuracy: 86.670000%, Loss: 0.0031
Pretrain epoch 9/10 - Accuracy: 87.644000%, Loss: 0.0029
Pretrain epoch 10/10 - Accuracy: 88.700000%, Loss: 0.0027
Saved 15 initial parameters.
[Eval Epoch] CPU ΔMem/sample: 0.0001 MB | GPU Peak: 677.085184 MB | Time: 3.713304s
Evaluation - Accuracy: 86.000000%, Loss: 0.0033
Checkpoint saved: ./pruning_checkpoints/Vgg16_datasetcifar10_pretrain10_finetune30_steps21_batch128_devicecuda_strategy_magnitude/checkpoint_Original_0.000000.pth
Finetune epoch 1/30 - Accuracy: 89.674000%, Loss: 0.0024
Finetune epoch 2/30 - Accuracy: 90.018000%, Loss: 0.0023
Finetune epoch 3/30 - Accuracy: 90.638000%, Loss: 0.0022
Finetune epoch 4/30 - Accuracy: 91.524000%, Loss: 0.0020
Finetune epoch 5/30 - Accuracy: 91.770000%, Loss: 0.0019
Finetune epoch 6/30 - Accuracy: 92.206000%, Loss: 0.0018
Finetune epoch 7/30 - Accuracy: 92.744000%, Loss: 0.0017
Finetune epoch 8/30 - Accuracy: 93.118000%, Loss: 0.0016
Finetune epoch 9/30 - Accuracy: 93.266000%, Loss: 0.0016
Finetune epoch 10/30 - Accuracy: 93.756000%, Loss: 0.0015
Finetune epoch 11/30 - Accuracy: 94.068000%, Loss: 0.0014
Finetune epoch 12/30 - Accuracy: 94.102000%, Loss: 0.0013
Finetune epoch 13/30 - Accuracy: 94.356000%, Loss: 0.0013
Finetune epoch 14/30 - Accuracy: 94.670000%, Loss: 0.0012
Finetune epoch 15/30 - Accuracy: 95.100000%, Loss: 0.0011
Finetune epoch 16/30 - Accuracy: 94.766000%, Loss: 0.0012
Finetune epoch 17/30 - Accuracy: 95.392000%, Loss: 0.0011
Finetune epoch 18/30 - Accuracy: 95.362000%, Loss: 0.0011
Finetune epoch 19/30 - Accuracy: 95.612000%, Loss: 0.0010
Finetune epoch 20/30 - Accuracy: 95.768000%, Loss: 0.0010
Finetune epoch 21/30 - Accuracy: 95.732000%, Loss: 0.0010
Finetune epoch 22/30 - Accuracy: 96.054000%, Loss: 0.0009
Finetune epoch 23/30 - Accuracy: 96.128000%, Loss: 0.0009
Finetune epoch 24/30 - Accuracy: 96.260000%, Loss: 0.0009
Finetune epoch 25/30 - Accuracy: 96.336000%, Loss: 0.0008
Finetune epoch 26/30 - Accuracy: 96.368000%, Loss: 0.0009
Finetune epoch 27/30 - Accuracy: 96.410000%, Loss: 0.0008
Finetune epoch 28/30 - Accuracy: 96.440000%, Loss: 0.0008
Finetune epoch 29/30 - Accuracy: 96.708000%, Loss: 0.0008
Finetune epoch 30/30 - Accuracy: 96.592000%, Loss: 0.0008
[Eval Epoch] CPU ΔMem/sample: 0.0000 MB | GPU Peak: 811.060224 MB | Time: 3.499771s
Evaluation - Accuracy: 89.870000%, Loss: 0.0029
Checkpoint saved: ./pruning_checkpoints/Vgg16_datasetcifar10_pretrain10_finetune30_steps21_batch128_devicecuda_strategy_magnitude/checkpoint_Finetuned_0.000000.pth
[Eval Epoch] CPU ΔMem/sample: 0.0000 MB | GPU Peak: 813.943808 MB | Time: 3.802978s
Evaluation - Accuracy: 89.870000%, Loss: 0.0029
Checkpoint saved: ./pruning_checkpoints/Vgg16_datasetcifar10_pretrain10_finetune30_steps21_batch128_devicecuda_strategy_magnitude/checkpoint_Trained_0.000000.pth
Checkpoint saved: ./pruning_checkpoints/Vgg16_datasetcifar10_pretrain10_finetune30_steps21_batch128_devicecuda_strategy_magnitude/checkpoint_Pruned_0.000000.pth
Pruner state updated and saved.
[Eval Epoch] CPU ΔMem/sample: 0.0000 MB | GPU Peak: 813.288448 MB | Time: 3.600125s
Evaluation - Accuracy: 75.760000%, Loss: 0.0062
Checkpoint saved: ./pruning_checkpoints/Vgg16_datasetcifar10_pretrain10_finetune30_steps21_batch128_devicecuda_strategy_magnitude/checkpoint_Original_0.200000.pth
Finetune epoch 1/30 - Accuracy: 91.860000%, Loss: 0.0021
Finetune epoch 2/30 - Accuracy: 93.278000%, Loss: 0.0016
Finetune epoch 3/30 - Accuracy: 93.692000%, Loss: 0.0015
Finetune epoch 4/30 - Accuracy: 94.270000%, Loss: 0.0013
Finetune epoch 5/30 - Accuracy: 94.460000%, Loss: 0.0013
Finetune epoch 6/30 - Accuracy: 94.862000%, Loss: 0.0012
Finetune epoch 7/30 - Accuracy: 95.126000%, Loss: 0.0011
Finetune epoch 8/30 - Accuracy: 95.526000%, Loss: 0.0011
Finetune epoch 9/30 - Accuracy: 95.714000%, Loss: 0.0010
Finetune epoch 10/30 - Accuracy: 95.928000%, Loss: 0.0009
Finetune epoch 11/30 - Accuracy: 96.136000%, Loss: 0.0009
Finetune epoch 12/30 - Accuracy: 96.298000%, Loss: 0.0009
Finetune epoch 13/30 - Accuracy: 96.618000%, Loss: 0.0008
Finetune epoch 14/30 - Accuracy: 96.714000%, Loss: 0.0008
Finetune epoch 15/30 - Accuracy: 97.014000%, Loss: 0.0007
Finetune epoch 16/30 - Accuracy: 96.934000%, Loss: 0.0007
Finetune epoch 17/30 - Accuracy: 97.188000%, Loss: 0.0007
Finetune epoch 18/30 - Accuracy: 97.364000%, Loss: 0.0006
Finetune epoch 19/30 - Accuracy: 97.430000%, Loss: 0.0006
Finetune epoch 20/30 - Accuracy: 97.618000%, Loss: 0.0006
Finetune epoch 21/30 - Accuracy: 97.704000%, Loss: 0.0005
Finetune epoch 22/30 - Accuracy: 97.812000%, Loss: 0.0005
Finetune epoch 23/30 - Accuracy: 98.014000%, Loss: 0.0005
Finetune epoch 24/30 - Accuracy: 97.950000%, Loss: 0.0005
Finetune epoch 25/30 - Accuracy: 98.046000%, Loss: 0.0005
Finetune epoch 26/30 - Accuracy: 98.120000%, Loss: 0.0004
Finetune epoch 27/30 - Accuracy: 98.234000%, Loss: 0.0004
Finetune epoch 28/30 - Accuracy: 98.424000%, Loss: 0.0004
Finetune epoch 29/30 - Accuracy: 98.444000%, Loss: 0.0004
Finetune epoch 30/30 - Accuracy: 98.364000%, Loss: 0.0004
[Eval Epoch] CPU ΔMem/sample: 0.0000 MB | GPU Peak: 814.468096 MB | Time: 3.451198s
Evaluation - Accuracy: 90.230000%, Loss: 0.0033
Checkpoint saved: ./pruning_checkpoints/Vgg16_datasetcifar10_pretrain10_finetune30_steps21_batch128_devicecuda_strategy_magnitude/checkpoint_Finetuned_0.200000.pth
[Eval Epoch] CPU ΔMem/sample: 0.0000 MB | GPU Peak: 844.654592 MB | Time: 3.593564s
Evaluation - Accuracy: 90.080000%, Loss: 0.0033
Checkpoint saved: ./pruning_checkpoints/Vgg16_datasetcifar10_pretrain10_finetune30_steps21_batch128_devicecuda_strategy_magnitude/checkpoint_Trained_0.200000.pth
Checkpoint saved: ./pruning_checkpoints/Vgg16_datasetcifar10_pretrain10_finetune30_steps21_batch128_devicecuda_strategy_magnitude/checkpoint_Pruned_0.200000.pth
Pruner state updated and saved.
[Eval Epoch] CPU ΔMem/sample: 0.0000 MB | GPU Peak: 845.309952 MB | Time: 3.374980s
Evaluation - Accuracy: 82.700000%, Loss: 0.0058
Checkpoint saved: ./pruning_checkpoints/Vgg16_datasetcifar10_pretrain10_finetune30_steps21_batch128_devicecuda_strategy_magnitude/checkpoint_Original_0.360000.pth
Finetune epoch 1/30 - Accuracy: 93.134000%, Loss: 0.0016
Finetune epoch 2/30 - Accuracy: 94.238000%, Loss: 0.0014
Finetune epoch 3/30 - Accuracy: 94.614000%, Loss: 0.0013
Finetune epoch 4/30 - Accuracy: 95.188000%, Loss: 0.0011
Finetune epoch 5/30 - Accuracy: 95.486000%, Loss: 0.0011
Finetune epoch 6/30 - Accuracy: 95.698000%, Loss: 0.0010
Finetune epoch 7/30 - Accuracy: 95.972000%, Loss: 0.0009
Finetune epoch 8/30 - Accuracy: 96.258000%, Loss: 0.0009
Finetune epoch 9/30 - Accuracy: 96.394000%, Loss: 0.0008
Finetune epoch 10/30 - Accuracy: 96.616000%, Loss: 0.0008
Finetune epoch 11/30 - Accuracy: 96.908000%, Loss: 0.0007
Finetune epoch 12/30 - Accuracy: 96.942000%, Loss: 0.0007
Finetune epoch 13/30 - Accuracy: 97.270000%, Loss: 0.0006
Finetune epoch 14/30 - Accuracy: 97.356000%, Loss: 0.0006
Finetune epoch 15/30 - Accuracy: 97.506000%, Loss: 0.0006
Finetune epoch 16/30 - Accuracy: 97.614000%, Loss: 0.0005
Finetune epoch 17/30 - Accuracy: 97.670000%, Loss: 0.0005
Finetune epoch 18/30 - Accuracy: 97.838000%, Loss: 0.0005
Finetune epoch 19/30 - Accuracy: 97.966000%, Loss: 0.0005
Finetune epoch 20/30 - Accuracy: 98.086000%, Loss: 0.0004
Finetune epoch 21/30 - Accuracy: 98.136000%, Loss: 0.0004
Finetune epoch 22/30 - Accuracy: 98.256000%, Loss: 0.0004
Finetune epoch 23/30 - Accuracy: 98.252000%, Loss: 0.0004
Finetune epoch 24/30 - Accuracy: 98.432000%, Loss: 0.0004
Finetune epoch 25/30 - Accuracy: 98.422000%, Loss: 0.0004
Finetune epoch 26/30 - Accuracy: 98.500000%, Loss: 0.0003
Finetune epoch 27/30 - Accuracy: 98.438000%, Loss: 0.0004
Finetune epoch 28/30 - Accuracy: 98.594000%, Loss: 0.0003
Finetune epoch 29/30 - Accuracy: 98.622000%, Loss: 0.0003
Finetune epoch 30/30 - Accuracy: 98.680000%, Loss: 0.0003
[Eval Epoch] CPU ΔMem/sample: 0.0000 MB | GPU Peak: 844.654592 MB | Time: 3.380041s
Evaluation - Accuracy: 89.990000%, Loss: 0.0035
Checkpoint saved: ./pruning_checkpoints/Vgg16_datasetcifar10_pretrain10_finetune30_steps21_batch128_devicecuda_strategy_magnitude/checkpoint_Finetuned_0.360000.pth
[Eval Epoch] CPU ΔMem/sample: 0.0000 MB | GPU Peak: 845.300736 MB | Time: 3.437743s
Evaluation - Accuracy: 89.640000%, Loss: 0.0033
Checkpoint saved: ./pruning_checkpoints/Vgg16_datasetcifar10_pretrain10_finetune30_steps21_batch128_devicecuda_strategy_magnitude/checkpoint_Trained_0.360000.pth
Checkpoint saved: ./pruning_checkpoints/Vgg16_datasetcifar10_pretrain10_finetune30_steps21_batch128_devicecuda_strategy_magnitude/checkpoint_Pruned_0.360000.pth
Pruner state updated and saved.
[Eval Epoch] CPU ΔMem/sample: 0.0000 MB | GPU Peak: 844.907520 MB | Time: 3.354939s
Evaluation - Accuracy: 85.450000%, Loss: 0.0049
Checkpoint saved: ./pruning_checkpoints/Vgg16_datasetcifar10_pretrain10_finetune30_steps21_batch128_devicecuda_strategy_magnitude/checkpoint_Original_0.488000.pth
Finetune epoch 1/30 - Accuracy: 94.160000%, Loss: 0.0014
Finetune epoch 2/30 - Accuracy: 94.954000%, Loss: 0.0012
Finetune epoch 3/30 - Accuracy: 95.548000%, Loss: 0.0010
Finetune epoch 4/30 - Accuracy: 95.788000%, Loss: 0.0010
Finetune epoch 5/30 - Accuracy: 96.100000%, Loss: 0.0009
Finetune epoch 6/30 - Accuracy: 96.438000%, Loss: 0.0008
Finetune epoch 7/30 - Accuracy: 96.650000%, Loss: 0.0008
Finetune epoch 8/30 - Accuracy: 96.908000%, Loss: 0.0007
Finetune epoch 9/30 - Accuracy: 97.104000%, Loss: 0.0007
Finetune epoch 10/30 - Accuracy: 97.310000%, Loss: 0.0006
Finetune epoch 11/30 - Accuracy: 97.508000%, Loss: 0.0006
Finetune epoch 12/30 - Accuracy: 97.522000%, Loss: 0.0006
Finetune epoch 13/30 - Accuracy: 97.692000%, Loss: 0.0005
Finetune epoch 14/30 - Accuracy: 97.882000%, Loss: 0.0005
Finetune epoch 15/30 - Accuracy: 97.926000%, Loss: 0.0005
Finetune epoch 16/30 - Accuracy: 98.058000%, Loss: 0.0004
Finetune epoch 17/30 - Accuracy: 97.966000%, Loss: 0.0005
Finetune epoch 18/30 - Accuracy: 98.210000%, Loss: 0.0004
Finetune epoch 19/30 - Accuracy: 98.420000%, Loss: 0.0004
Finetune epoch 20/30 - Accuracy: 98.388000%, Loss: 0.0004
Finetune epoch 21/30 - Accuracy: 98.402000%, Loss: 0.0004
Finetune epoch 22/30 - Accuracy: 98.466000%, Loss: 0.0003
Finetune epoch 23/30 - Accuracy: 98.558000%, Loss: 0.0003
Finetune epoch 24/30 - Accuracy: 98.680000%, Loss: 0.0003
Finetune epoch 25/30 - Accuracy: 98.630000%, Loss: 0.0003
Finetune epoch 26/30 - Accuracy: 98.730000%, Loss: 0.0003
Finetune epoch 27/30 - Accuracy: 98.792000%, Loss: 0.0003
Finetune epoch 28/30 - Accuracy: 98.862000%, Loss: 0.0003
Finetune epoch 29/30 - Accuracy: 98.848000%, Loss: 0.0003
Finetune epoch 30/30 - Accuracy: 98.908000%, Loss: 0.0003
[Eval Epoch] CPU ΔMem/sample: 0.0000 MB | GPU Peak: 845.562880 MB | Time: 3.416036s
Evaluation - Accuracy: 90.090000%, Loss: 0.0036
Checkpoint saved: ./pruning_checkpoints/Vgg16_datasetcifar10_pretrain10_finetune30_steps21_batch128_devicecuda_strategy_magnitude/checkpoint_Finetuned_0.488000.pth
[Eval Epoch] CPU ΔMem/sample: 0.0000 MB | GPU Peak: 845.038592 MB | Time: 3.420753s
Evaluation - Accuracy: 89.560000%, Loss: 0.0034
Checkpoint saved: ./pruning_checkpoints/Vgg16_datasetcifar10_pretrain10_finetune30_steps21_batch128_devicecuda_strategy_magnitude/checkpoint_Trained_0.488000.pth
Checkpoint saved: ./pruning_checkpoints/Vgg16_datasetcifar10_pretrain10_finetune30_steps21_batch128_devicecuda_strategy_magnitude/checkpoint_Pruned_0.488000.pth
Pruner state updated and saved.
[Eval Epoch] CPU ΔMem/sample: 0.0000 MB | GPU Peak: 844.514304 MB | Time: 3.399290s
Evaluation - Accuracy: 86.410000%, Loss: 0.0047
Checkpoint saved: ./pruning_checkpoints/Vgg16_datasetcifar10_pretrain10_finetune30_steps21_batch128_devicecuda_strategy_magnitude/checkpoint_Original_0.590400.pth
Finetune epoch 1/30 - Accuracy: 94.766000%, Loss: 0.0012
Finetune epoch 2/30 - Accuracy: 95.706000%, Loss: 0.0010
Finetune epoch 3/30 - Accuracy: 96.020000%, Loss: 0.0009
Finetune epoch 4/30 - Accuracy: 96.564000%, Loss: 0.0008
Finetune epoch 5/30 - Accuracy: 96.662000%, Loss: 0.0008
Finetune epoch 6/30 - Accuracy: 96.924000%, Loss: 0.0007
Finetune epoch 7/30 - Accuracy: 97.262000%, Loss: 0.0006
Finetune epoch 8/30 - Accuracy: 97.496000%, Loss: 0.0006
Finetune epoch 9/30 - Accuracy: 97.638000%, Loss: 0.0005
Finetune epoch 10/30 - Accuracy: 97.770000%, Loss: 0.0005
Finetune epoch 11/30 - Accuracy: 97.916000%, Loss: 0.0005
Finetune epoch 12/30 - Accuracy: 98.076000%, Loss: 0.0004
Finetune epoch 13/30 - Accuracy: 98.134000%, Loss: 0.0004
Finetune epoch 14/30 - Accuracy: 98.188000%, Loss: 0.0004
Finetune epoch 15/30 - Accuracy: 98.316000%, Loss: 0.0004
Finetune epoch 16/30 - Accuracy: 98.346000%, Loss: 0.0004
Finetune epoch 17/30 - Accuracy: 98.386000%, Loss: 0.0004
Finetune epoch 18/30 - Accuracy: 98.514000%, Loss: 0.0003
Finetune epoch 19/30 - Accuracy: 98.520000%, Loss: 0.0003
Finetune epoch 20/30 - Accuracy: 98.760000%, Loss: 0.0003
Finetune epoch 21/30 - Accuracy: 98.654000%, Loss: 0.0003
Finetune epoch 22/30 - Accuracy: 98.742000%, Loss: 0.0003
Finetune epoch 23/30 - Accuracy: 98.774000%, Loss: 0.0003
Finetune epoch 24/30 - Accuracy: 98.810000%, Loss: 0.0003
Finetune epoch 25/30 - Accuracy: 98.838000%, Loss: 0.0003
Finetune epoch 26/30 - Accuracy: 98.858000%, Loss: 0.0003
Finetune epoch 27/30 - Accuracy: 98.840000%, Loss: 0.0003
Finetune epoch 28/30 - Accuracy: 98.982000%, Loss: 0.0002
Finetune epoch 29/30 - Accuracy: 99.022000%, Loss: 0.0002
Finetune epoch 30/30 - Accuracy: 99.046000%, Loss: 0.0002
[Eval Epoch] CPU ΔMem/sample: 0.0000 MB | GPU Peak: 845.169664 MB | Time: 3.380602s
Evaluation - Accuracy: 90.050000%, Loss: 0.0037
Checkpoint saved: ./pruning_checkpoints/Vgg16_datasetcifar10_pretrain10_finetune30_steps21_batch128_devicecuda_strategy_magnitude/checkpoint_Finetuned_0.590400.pth
[Eval Epoch] CPU ΔMem/sample: 0.0000 MB | GPU Peak: 845.693952 MB | Time: 3.382022s
Evaluation - Accuracy: 88.880000%, Loss: 0.0035
Checkpoint saved: ./pruning_checkpoints/Vgg16_datasetcifar10_pretrain10_finetune30_steps21_batch128_devicecuda_strategy_magnitude/checkpoint_Trained_0.590400.pth
Checkpoint saved: ./pruning_checkpoints/Vgg16_datasetcifar10_pretrain10_finetune30_steps21_batch128_devicecuda_strategy_magnitude/checkpoint_Pruned_0.590400.pth
Pruner state updated and saved.
[Eval Epoch] CPU ΔMem/sample: 0.0000 MB | GPU Peak: 847.397888 MB | Time: 3.464771s
Evaluation - Accuracy: 87.530000%, Loss: 0.0042
Checkpoint saved: ./pruning_checkpoints/Vgg16_datasetcifar10_pretrain10_finetune30_steps21_batch128_devicecuda_strategy_magnitude/checkpoint_Original_0.672320.pth
Finetune epoch 1/30 - Accuracy: 95.290000%, Loss: 0.0011
Finetune epoch 2/30 - Accuracy: 96.224000%, Loss: 0.0009
Finetune epoch 3/30 - Accuracy: 96.636000%, Loss: 0.0008
Finetune epoch 4/30 - Accuracy: 96.972000%, Loss: 0.0007
Finetune epoch 5/30 - Accuracy: 97.316000%, Loss: 0.0006
Finetune epoch 6/30 - Accuracy: 97.462000%, Loss: 0.0006
Finetune epoch 7/30 - Accuracy: 97.668000%, Loss: 0.0005
Finetune epoch 8/30 - Accuracy: 97.850000%, Loss: 0.0005
Finetune epoch 9/30 - Accuracy: 97.884000%, Loss: 0.0005
Finetune epoch 10/30 - Accuracy: 98.064000%, Loss: 0.0004
Finetune epoch 11/30 - Accuracy: 98.196000%, Loss: 0.0004
Finetune epoch 12/30 - Accuracy: 98.338000%, Loss: 0.0004
Finetune epoch 13/30 - Accuracy: 98.334000%, Loss: 0.0004
Finetune epoch 14/30 - Accuracy: 98.504000%, Loss: 0.0003
Finetune epoch 15/30 - Accuracy: 98.520000%, Loss: 0.0003
Finetune epoch 16/30 - Accuracy: 98.646000%, Loss: 0.0003
Finetune epoch 17/30 - Accuracy: 98.712000%, Loss: 0.0003
Finetune epoch 18/30 - Accuracy: 98.626000%, Loss: 0.0003
Finetune epoch 19/30 - Accuracy: 98.720000%, Loss: 0.0003
Finetune epoch 20/30 - Accuracy: 98.792000%, Loss: 0.0003
Finetune epoch 21/30 - Accuracy: 98.976000%, Loss: 0.0002
Finetune epoch 22/30 - Accuracy: 98.962000%, Loss: 0.0002
Finetune epoch 23/30 - Accuracy: 98.890000%, Loss: 0.0002
Finetune epoch 24/30 - Accuracy: 99.032000%, Loss: 0.0002
Finetune epoch 25/30 - Accuracy: 99.138000%, Loss: 0.0002
Finetune epoch 26/30 - Accuracy: 98.996000%, Loss: 0.0002
Finetune epoch 27/30 - Accuracy: 99.036000%, Loss: 0.0002
Finetune epoch 28/30 - Accuracy: 99.066000%, Loss: 0.0002
Finetune epoch 29/30 - Accuracy: 99.166000%, Loss: 0.0002
Finetune epoch 30/30 - Accuracy: 99.198000%, Loss: 0.0002
[Eval Epoch] CPU ΔMem/sample: 0.0000 MB | GPU Peak: 846.480384 MB | Time: 3.411342s
Evaluation - Accuracy: 89.860000%, Loss: 0.0039
Checkpoint saved: ./pruning_checkpoints/Vgg16_datasetcifar10_pretrain10_finetune30_steps21_batch128_devicecuda_strategy_magnitude/checkpoint_Finetuned_0.672320.pth
[Eval Epoch] CPU ΔMem/sample: 0.0000 MB | GPU Peak: 844.776448 MB | Time: 3.370250s
Evaluation - Accuracy: 87.810000%, Loss: 0.0038
Checkpoint saved: ./pruning_checkpoints/Vgg16_datasetcifar10_pretrain10_finetune30_steps21_batch128_devicecuda_strategy_magnitude/checkpoint_Trained_0.672320.pth
Checkpoint saved: ./pruning_checkpoints/Vgg16_datasetcifar10_pretrain10_finetune30_steps21_batch128_devicecuda_strategy_magnitude/checkpoint_Pruned_0.672320.pth
Pruner state updated and saved.
[Eval Epoch] CPU ΔMem/sample: 0.0000 MB | GPU Peak: 844.252160 MB | Time: 3.438517s
Evaluation - Accuracy: 87.930000%, Loss: 0.0039
Checkpoint saved: ./pruning_checkpoints/Vgg16_datasetcifar10_pretrain10_finetune30_steps21_batch128_devicecuda_strategy_magnitude/checkpoint_Original_0.737856.pth
Finetune epoch 1/30 - Accuracy: 95.780000%, Loss: 0.0010
Finetune epoch 2/30 - Accuracy: 96.610000%, Loss: 0.0008
Finetune epoch 3/30 - Accuracy: 96.994000%, Loss: 0.0007
Finetune epoch 4/30 - Accuracy: 97.286000%, Loss: 0.0006
Finetune epoch 5/30 - Accuracy: 97.574000%, Loss: 0.0006
Finetune epoch 6/30 - Accuracy: 97.764000%, Loss: 0.0005
Finetune epoch 7/30 - Accuracy: 98.036000%, Loss: 0.0004
Finetune epoch 8/30 - Accuracy: 98.168000%, Loss: 0.0004
Finetune epoch 9/30 - Accuracy: 98.260000%, Loss: 0.0004
Finetune epoch 10/30 - Accuracy: 98.320000%, Loss: 0.0004
Finetune epoch 11/30 - Accuracy: 98.404000%, Loss: 0.0004
Finetune epoch 12/30 - Accuracy: 98.602000%, Loss: 0.0003
Finetune epoch 13/30 - Accuracy: 98.522000%, Loss: 0.0003
Finetune epoch 14/30 - Accuracy: 98.664000%, Loss: 0.0003
Finetune epoch 15/30 - Accuracy: 98.738000%, Loss: 0.0003
Finetune epoch 16/30 - Accuracy: 98.734000%, Loss: 0.0003
Finetune epoch 17/30 - Accuracy: 98.694000%, Loss: 0.0003
Finetune epoch 18/30 - Accuracy: 98.898000%, Loss: 0.0003
Finetune epoch 19/30 - Accuracy: 98.882000%, Loss: 0.0003
Finetune epoch 20/30 - Accuracy: 99.104000%, Loss: 0.0002
Finetune epoch 21/30 - Accuracy: 98.970000%, Loss: 0.0002
Finetune epoch 22/30 - Accuracy: 98.974000%, Loss: 0.0002
Finetune epoch 23/30 - Accuracy: 99.078000%, Loss: 0.0002
Finetune epoch 24/30 - Accuracy: 99.010000%, Loss: 0.0002
Finetune epoch 25/30 - Accuracy: 99.062000%, Loss: 0.0002
Finetune epoch 26/30 - Accuracy: 99.114000%, Loss: 0.0002
Finetune epoch 27/30 - Accuracy: 99.164000%, Loss: 0.0002
Finetune epoch 28/30 - Accuracy: 99.166000%, Loss: 0.0002
Finetune epoch 29/30 - Accuracy: 99.196000%, Loss: 0.0002
Finetune epoch 30/30 - Accuracy: 99.208000%, Loss: 0.0002
[Eval Epoch] CPU ΔMem/sample: 0.0000 MB | GPU Peak: 844.252160 MB | Time: 3.812565s
Evaluation - Accuracy: 89.920000%, Loss: 0.0039
Checkpoint saved: ./pruning_checkpoints/Vgg16_datasetcifar10_pretrain10_finetune30_steps21_batch128_devicecuda_strategy_magnitude/checkpoint_Finetuned_0.737856.pth
[Eval Epoch] CPU ΔMem/sample: 0.0000 MB | GPU Peak: 844.514304 MB | Time: 3.329695s
Evaluation - Accuracy: 82.840000%, Loss: 0.0054
Checkpoint saved: ./pruning_checkpoints/Vgg16_datasetcifar10_pretrain10_finetune30_steps21_batch128_devicecuda_strategy_magnitude/checkpoint_Trained_0.737856.pth
Checkpoint saved: ./pruning_checkpoints/Vgg16_datasetcifar10_pretrain10_finetune30_steps21_batch128_devicecuda_strategy_magnitude/checkpoint_Pruned_0.737856.pth
Pruner state updated and saved.
[Eval Epoch] CPU ΔMem/sample: 0.0000 MB | GPU Peak: 845.693952 MB | Time: 3.702324s
Evaluation - Accuracy: 87.160000%, Loss: 0.0042
Checkpoint saved: ./pruning_checkpoints/Vgg16_datasetcifar10_pretrain10_finetune30_steps21_batch128_devicecuda_strategy_magnitude/checkpoint_Original_0.790285.pth
Finetune epoch 1/30 - Accuracy: 95.960000%, Loss: 0.0009
Finetune epoch 2/30 - Accuracy: 96.880000%, Loss: 0.0007
Finetune epoch 3/30 - Accuracy: 97.268000%, Loss: 0.0006
Finetune epoch 4/30 - Accuracy: 97.536000%, Loss: 0.0006
Finetune epoch 5/30 - Accuracy: 97.886000%, Loss: 0.0005
Finetune epoch 6/30 - Accuracy: 98.158000%, Loss: 0.0004
Finetune epoch 7/30 - Accuracy: 98.214000%, Loss: 0.0004
Finetune epoch 8/30 - Accuracy: 98.238000%, Loss: 0.0004
Finetune epoch 9/30 - Accuracy: 98.400000%, Loss: 0.0004
Finetune epoch 10/30 - Accuracy: 98.544000%, Loss: 0.0003
Finetune epoch 11/30 - Accuracy: 98.592000%, Loss: 0.0003
Finetune epoch 12/30 - Accuracy: 98.696000%, Loss: 0.0003
Finetune epoch 13/30 - Accuracy: 98.674000%, Loss: 0.0003
Finetune epoch 14/30 - Accuracy: 98.688000%, Loss: 0.0003
Finetune epoch 15/30 - Accuracy: 98.702000%, Loss: 0.0003
Finetune epoch 16/30 - Accuracy: 98.824000%, Loss: 0.0003
Finetune epoch 17/30 - Accuracy: 99.006000%, Loss: 0.0002
Finetune epoch 18/30 - Accuracy: 98.990000%, Loss: 0.0002
Finetune epoch 19/30 - Accuracy: 99.014000%, Loss: 0.0002
Finetune epoch 20/30 - Accuracy: 99.058000%, Loss: 0.0002
Finetune epoch 21/30 - Accuracy: 99.086000%, Loss: 0.0002
Finetune epoch 22/30 - Accuracy: 99.072000%, Loss: 0.0002
Finetune epoch 23/30 - Accuracy: 99.088000%, Loss: 0.0002
Finetune epoch 24/30 - Accuracy: 99.128000%, Loss: 0.0002
Finetune epoch 25/30 - Accuracy: 99.204000%, Loss: 0.0002
Finetune epoch 26/30 - Accuracy: 99.118000%, Loss: 0.0002
Finetune epoch 27/30 - Accuracy: 99.208000%, Loss: 0.0002
Finetune epoch 28/30 - Accuracy: 99.292000%, Loss: 0.0002
Finetune epoch 29/30 - Accuracy: 99.310000%, Loss: 0.0002
Finetune epoch 30/30 - Accuracy: 99.224000%, Loss: 0.0002
[Eval Epoch] CPU ΔMem/sample: 0.0000 MB | GPU Peak: 844.776448 MB | Time: 3.393793s
Evaluation - Accuracy: 90.060000%, Loss: 0.0039
Checkpoint saved: ./pruning_checkpoints/Vgg16_datasetcifar10_pretrain10_finetune30_steps21_batch128_devicecuda_strategy_magnitude/checkpoint_Finetuned_0.790285.pth
[Eval Epoch] CPU ΔMem/sample: 0.0000 MB | GPU Peak: 845.038592 MB | Time: 3.491865s
Evaluation - Accuracy: 77.450000%, Loss: 0.0084
Checkpoint saved: ./pruning_checkpoints/Vgg16_datasetcifar10_pretrain10_finetune30_steps21_batch128_devicecuda_strategy_magnitude/checkpoint_Trained_0.790285.pth
Checkpoint saved: ./pruning_checkpoints/Vgg16_datasetcifar10_pretrain10_finetune30_steps21_batch128_devicecuda_strategy_magnitude/checkpoint_Pruned_0.790285.pth
Pruner state updated and saved.
[Eval Epoch] CPU ΔMem/sample: 0.0000 MB | GPU Peak: 845.038592 MB | Time: 3.580870s
Evaluation - Accuracy: 81.700000%, Loss: 0.0061
Checkpoint saved: ./pruning_checkpoints/Vgg16_datasetcifar10_pretrain10_finetune30_steps21_batch128_devicecuda_strategy_magnitude/checkpoint_Original_0.832228.pth
Finetune epoch 1/30 - Accuracy: 95.722000%, Loss: 0.0010
Finetune epoch 2/30 - Accuracy: 96.994000%, Loss: 0.0007
Finetune epoch 3/30 - Accuracy: 97.490000%, Loss: 0.0006
Finetune epoch 4/30 - Accuracy: 97.798000%, Loss: 0.0005
Finetune epoch 5/30 - Accuracy: 97.828000%, Loss: 0.0005
Finetune epoch 6/30 - Accuracy: 98.064000%, Loss: 0.0004
Finetune epoch 7/30 - Accuracy: 98.246000%, Loss: 0.0004
Finetune epoch 8/30 - Accuracy: 98.466000%, Loss: 0.0004
Finetune epoch 9/30 - Accuracy: 98.562000%, Loss: 0.0003
Finetune epoch 10/30 - Accuracy: 98.652000%, Loss: 0.0003
Finetune epoch 11/30 - Accuracy: 98.628000%, Loss: 0.0003
Finetune epoch 12/30 - Accuracy: 98.688000%, Loss: 0.0003
Finetune epoch 13/30 - Accuracy: 98.728000%, Loss: 0.0003
Finetune epoch 14/30 - Accuracy: 98.854000%, Loss: 0.0003
Finetune epoch 15/30 - Accuracy: 98.882000%, Loss: 0.0003
Finetune epoch 16/30 - Accuracy: 98.928000%, Loss: 0.0002
Finetune epoch 17/30 - Accuracy: 98.992000%, Loss: 0.0002
Finetune epoch 18/30 - Accuracy: 98.998000%, Loss: 0.0002
Finetune epoch 19/30 - Accuracy: 99.094000%, Loss: 0.0002
Finetune epoch 20/30 - Accuracy: 99.018000%, Loss: 0.0002
Finetune epoch 21/30 - Accuracy: 99.110000%, Loss: 0.0002
Finetune epoch 22/30 - Accuracy: 99.078000%, Loss: 0.0002
Finetune epoch 23/30 - Accuracy: 99.126000%, Loss: 0.0002
Finetune epoch 24/30 - Accuracy: 99.142000%, Loss: 0.0002
Finetune epoch 25/30 - Accuracy: 99.190000%, Loss: 0.0002
Finetune epoch 26/30 - Accuracy: 99.222000%, Loss: 0.0002
Finetune epoch 27/30 - Accuracy: 99.236000%, Loss: 0.0002
Finetune epoch 28/30 - Accuracy: 99.276000%, Loss: 0.0002
Finetune epoch 29/30 - Accuracy: 99.202000%, Loss: 0.0002
Finetune epoch 30/30 - Accuracy: 99.380000%, Loss: 0.0001
[Eval Epoch] CPU ΔMem/sample: 0.0000 MB | GPU Peak: 845.825024 MB | Time: 3.395466s
Evaluation - Accuracy: 89.970000%, Loss: 0.0039
Checkpoint saved: ./pruning_checkpoints/Vgg16_datasetcifar10_pretrain10_finetune30_steps21_batch128_devicecuda_strategy_magnitude/checkpoint_Finetuned_0.832228.pth
[Eval Epoch] CPU ΔMem/sample: 0.0000 MB | GPU Peak: 845.038592 MB | Time: 3.631588s
Evaluation - Accuracy: 54.600000%, Loss: 0.0185
Checkpoint saved: ./pruning_checkpoints/Vgg16_datasetcifar10_pretrain10_finetune30_steps21_batch128_devicecuda_strategy_magnitude/checkpoint_Trained_0.832228.pth
Checkpoint saved: ./pruning_checkpoints/Vgg16_datasetcifar10_pretrain10_finetune30_steps21_batch128_devicecuda_strategy_magnitude/checkpoint_Pruned_0.832228.pth
Pruner state updated and saved.
[Eval Epoch] CPU ΔMem/sample: 0.0000 MB | GPU Peak: 845.038592 MB | Time: 3.491031s
Evaluation - Accuracy: 68.730000%, Loss: 0.0105
Checkpoint saved: ./pruning_checkpoints/Vgg16_datasetcifar10_pretrain10_finetune30_steps21_batch128_devicecuda_strategy_magnitude/checkpoint_Original_0.865782.pth
Finetune epoch 1/30 - Accuracy: 95.184000%, Loss: 0.0012
Finetune epoch 2/30 - Accuracy: 96.906000%, Loss: 0.0007
Finetune epoch 3/30 - Accuracy: 97.494000%, Loss: 0.0006
Finetune epoch 4/30 - Accuracy: 97.740000%, Loss: 0.0005
Finetune epoch 5/30 - Accuracy: 98.112000%, Loss: 0.0004
Finetune epoch 6/30 - Accuracy: 98.136000%, Loss: 0.0004
Finetune epoch 7/30 - Accuracy: 98.390000%, Loss: 0.0004
Finetune epoch 8/30 - Accuracy: 98.246000%, Loss: 0.0004
Finetune epoch 9/30 - Accuracy: 98.554000%, Loss: 0.0003
Finetune epoch 10/30 - Accuracy: 98.606000%, Loss: 0.0003
Finetune epoch 11/30 - Accuracy: 98.628000%, Loss: 0.0003
Finetune epoch 12/30 - Accuracy: 98.764000%, Loss: 0.0003
Finetune epoch 13/30 - Accuracy: 98.734000%, Loss: 0.0003
Finetune epoch 14/30 - Accuracy: 98.900000%, Loss: 0.0003
Finetune epoch 15/30 - Accuracy: 98.836000%, Loss: 0.0003
Finetune epoch 16/30 - Accuracy: 98.954000%, Loss: 0.0002
Finetune epoch 17/30 - Accuracy: 98.948000%, Loss: 0.0002
Finetune epoch 18/30 - Accuracy: 99.030000%, Loss: 0.0002
Finetune epoch 19/30 - Accuracy: 99.098000%, Loss: 0.0002
Finetune epoch 20/30 - Accuracy: 99.054000%, Loss: 0.0002
Finetune epoch 21/30 - Accuracy: 99.078000%, Loss: 0.0002
Finetune epoch 22/30 - Accuracy: 99.080000%, Loss: 0.0002
Finetune epoch 23/30 - Accuracy: 99.196000%, Loss: 0.0002
Finetune epoch 24/30 - Accuracy: 99.256000%, Loss: 0.0002
Finetune epoch 25/30 - Accuracy: 99.174000%, Loss: 0.0002
Finetune epoch 26/30 - Accuracy: 99.212000%, Loss: 0.0002
Finetune epoch 27/30 - Accuracy: 99.204000%, Loss: 0.0002
Finetune epoch 28/30 - Accuracy: 99.184000%, Loss: 0.0002
Finetune epoch 29/30 - Accuracy: 99.212000%, Loss: 0.0002
Finetune epoch 30/30 - Accuracy: 99.210000%, Loss: 0.0002
[Eval Epoch] CPU ΔMem/sample: 0.0000 MB | GPU Peak: 844.252160 MB | Time: 3.471008s
Evaluation - Accuracy: 90.150000%, Loss: 0.0038
Checkpoint saved: ./pruning_checkpoints/Vgg16_datasetcifar10_pretrain10_finetune30_steps21_batch128_devicecuda_strategy_magnitude/checkpoint_Finetuned_0.865782.pth
[Eval Epoch] CPU ΔMem/sample: 0.0000 MB | GPU Peak: 844.514304 MB | Time: 3.525626s
Evaluation - Accuracy: 53.350000%, Loss: 0.0196
Checkpoint saved: ./pruning_checkpoints/Vgg16_datasetcifar10_pretrain10_finetune30_steps21_batch128_devicecuda_strategy_magnitude/checkpoint_Trained_0.865782.pth
Checkpoint saved: ./pruning_checkpoints/Vgg16_datasetcifar10_pretrain10_finetune30_steps21_batch128_devicecuda_strategy_magnitude/checkpoint_Pruned_0.865782.pth
Pruner state updated and saved.
[Eval Epoch] CPU ΔMem/sample: 0.0000 MB | GPU Peak: 846.081536 MB | Time: 3.453172s
Evaluation - Accuracy: 75.380000%, Loss: 0.0072
Checkpoint saved: ./pruning_checkpoints/Vgg16_datasetcifar10_pretrain10_finetune30_steps21_batch128_devicecuda_strategy_magnitude/checkpoint_Original_0.892626.pth
Finetune epoch 1/30 - Accuracy: 95.334000%, Loss: 0.0011
Finetune epoch 2/30 - Accuracy: 96.956000%, Loss: 0.0007
Finetune epoch 3/30 - Accuracy: 97.532000%, Loss: 0.0006
Finetune epoch 4/30 - Accuracy: 97.776000%, Loss: 0.0005
Finetune epoch 5/30 - Accuracy: 97.988000%, Loss: 0.0005
Finetune epoch 6/30 - Accuracy: 98.242000%, Loss: 0.0004
Finetune epoch 7/30 - Accuracy: 98.342000%, Loss: 0.0004
Finetune epoch 8/30 - Accuracy: 98.440000%, Loss: 0.0004
Finetune epoch 9/30 - Accuracy: 98.602000%, Loss: 0.0003
Finetune epoch 10/30 - Accuracy: 98.620000%, Loss: 0.0003
Finetune epoch 11/30 - Accuracy: 98.708000%, Loss: 0.0003
Finetune epoch 12/30 - Accuracy: 98.772000%, Loss: 0.0003
Finetune epoch 13/30 - Accuracy: 98.772000%, Loss: 0.0003
Finetune epoch 14/30 - Accuracy: 98.802000%, Loss: 0.0003
Finetune epoch 15/30 - Accuracy: 98.840000%, Loss: 0.0003
Finetune epoch 16/30 - Accuracy: 98.920000%, Loss: 0.0002
Finetune epoch 17/30 - Accuracy: 98.990000%, Loss: 0.0002
Finetune epoch 18/30 - Accuracy: 99.008000%, Loss: 0.0002
Finetune epoch 19/30 - Accuracy: 98.980000%, Loss: 0.0002
Finetune epoch 20/30 - Accuracy: 99.020000%, Loss: 0.0002
Finetune epoch 21/30 - Accuracy: 99.156000%, Loss: 0.0002
Finetune epoch 22/30 - Accuracy: 99.170000%, Loss: 0.0002
Finetune epoch 23/30 - Accuracy: 99.158000%, Loss: 0.0002
Finetune epoch 24/30 - Accuracy: 99.070000%, Loss: 0.0002
Finetune epoch 25/30 - Accuracy: 99.188000%, Loss: 0.0002
Finetune epoch 26/30 - Accuracy: 99.130000%, Loss: 0.0002
Finetune epoch 27/30 - Accuracy: 99.228000%, Loss: 0.0002
Finetune epoch 28/30 - Accuracy: 99.256000%, Loss: 0.0002
Finetune epoch 29/30 - Accuracy: 99.226000%, Loss: 0.0002
Finetune epoch 30/30 - Accuracy: 99.270000%, Loss: 0.0002
[Eval Epoch] CPU ΔMem/sample: 0.0000 MB | GPU Peak: 845.032960 MB | Time: 3.554022s
Evaluation - Accuracy: 89.960000%, Loss: 0.0039
Checkpoint saved: ./pruning_checkpoints/Vgg16_datasetcifar10_pretrain10_finetune30_steps21_batch128_devicecuda_strategy_magnitude/checkpoint_Finetuned_0.892626.pth
[Eval Epoch] CPU ΔMem/sample: 0.0000 MB | GPU Peak: 845.032960 MB | Time: 3.428093s
Evaluation - Accuracy: 45.440000%, Loss: 0.0236
Checkpoint saved: ./pruning_checkpoints/Vgg16_datasetcifar10_pretrain10_finetune30_steps21_batch128_devicecuda_strategy_magnitude/checkpoint_Trained_0.892626.pth
Checkpoint saved: ./pruning_checkpoints/Vgg16_datasetcifar10_pretrain10_finetune30_steps21_batch128_devicecuda_strategy_magnitude/checkpoint_Pruned_0.892626.pth
Pruner state updated and saved.
[Eval Epoch] CPU ΔMem/sample: 0.0000 MB | GPU Peak: 845.557248 MB | Time: 3.392555s
Evaluation - Accuracy: 56.360000%, Loss: 0.0136
Checkpoint saved: ./pruning_checkpoints/Vgg16_datasetcifar10_pretrain10_finetune30_steps21_batch128_devicecuda_strategy_magnitude/checkpoint_Original_0.914101.pth
Finetune epoch 1/30 - Accuracy: 95.524000%, Loss: 0.0011
Finetune epoch 2/30 - Accuracy: 97.176000%, Loss: 0.0007
Finetune epoch 3/30 - Accuracy: 97.702000%, Loss: 0.0005
Finetune epoch 4/30 - Accuracy: 97.786000%, Loss: 0.0005
Finetune epoch 5/30 - Accuracy: 98.034000%, Loss: 0.0004
Finetune epoch 6/30 - Accuracy: 98.112000%, Loss: 0.0004
Finetune epoch 7/30 - Accuracy: 98.304000%, Loss: 0.0004
Finetune epoch 8/30 - Accuracy: 98.398000%, Loss: 0.0004
Finetune epoch 9/30 - Accuracy: 98.440000%, Loss: 0.0004
Finetune epoch 10/30 - Accuracy: 98.512000%, Loss: 0.0003
Finetune epoch 11/30 - Accuracy: 98.702000%, Loss: 0.0003
Finetune epoch 12/30 - Accuracy: 98.800000%, Loss: 0.0003
Finetune epoch 13/30 - Accuracy: 98.694000%, Loss: 0.0003
Finetune epoch 14/30 - Accuracy: 98.922000%, Loss: 0.0003
Finetune epoch 15/30 - Accuracy: 98.832000%, Loss: 0.0003
Finetune epoch 16/30 - Accuracy: 98.810000%, Loss: 0.0003
Finetune epoch 17/30 - Accuracy: 98.806000%, Loss: 0.0003
Finetune epoch 18/30 - Accuracy: 98.890000%, Loss: 0.0003
Finetune epoch 19/30 - Accuracy: 99.034000%, Loss: 0.0002
Finetune epoch 20/30 - Accuracy: 98.936000%, Loss: 0.0002
Finetune epoch 21/30 - Accuracy: 99.070000%, Loss: 0.0002
Finetune epoch 22/30 - Accuracy: 99.060000%, Loss: 0.0002
Finetune epoch 23/30 - Accuracy: 99.150000%, Loss: 0.0002
Finetune epoch 24/30 - Accuracy: 99.170000%, Loss: 0.0002
Finetune epoch 25/30 - Accuracy: 99.012000%, Loss: 0.0002
Finetune epoch 26/30 - Accuracy: 99.194000%, Loss: 0.0002
Finetune epoch 27/30 - Accuracy: 99.160000%, Loss: 0.0002
Finetune epoch 28/30 - Accuracy: 99.278000%, Loss: 0.0002
Finetune epoch 29/30 - Accuracy: 99.204000%, Loss: 0.0002
Finetune epoch 30/30 - Accuracy: 99.234000%, Loss: 0.0002
[Eval Epoch] CPU ΔMem/sample: 0.0000 MB | GPU Peak: 845.562880 MB | Time: 3.598002s
Evaluation - Accuracy: 89.930000%, Loss: 0.0039
Checkpoint saved: ./pruning_checkpoints/Vgg16_datasetcifar10_pretrain10_finetune30_steps21_batch128_devicecuda_strategy_magnitude/checkpoint_Finetuned_0.914101.pth
[Eval Epoch] CPU ΔMem/sample: 0.0000 MB | GPU Peak: 845.300736 MB | Time: 3.420244s
Evaluation - Accuracy: 52.830000%, Loss: 0.0146
Checkpoint saved: ./pruning_checkpoints/Vgg16_datasetcifar10_pretrain10_finetune30_steps21_batch128_devicecuda_strategy_magnitude/checkpoint_Trained_0.914101.pth
Checkpoint saved: ./pruning_checkpoints/Vgg16_datasetcifar10_pretrain10_finetune30_steps21_batch128_devicecuda_strategy_magnitude/checkpoint_Pruned_0.914101.pth
Pruner state updated and saved.
[Eval Epoch] CPU ΔMem/sample: 0.0000 MB | GPU Peak: 844.514304 MB | Time: 3.454497s
Evaluation - Accuracy: 79.750000%, Loss: 0.0055
Checkpoint saved: ./pruning_checkpoints/Vgg16_datasetcifar10_pretrain10_finetune30_steps21_batch128_devicecuda_strategy_magnitude/checkpoint_Original_0.931281.pth
Finetune epoch 1/30 - Accuracy: 95.884000%, Loss: 0.0010
Finetune epoch 2/30 - Accuracy: 97.190000%, Loss: 0.0007
Finetune epoch 3/30 - Accuracy: 97.642000%, Loss: 0.0006
Finetune epoch 4/30 - Accuracy: 97.810000%, Loss: 0.0005
Finetune epoch 5/30 - Accuracy: 98.080000%, Loss: 0.0005
Finetune epoch 6/30 - Accuracy: 98.094000%, Loss: 0.0004
Finetune epoch 7/30 - Accuracy: 98.128000%, Loss: 0.0004
Finetune epoch 8/30 - Accuracy: 98.440000%, Loss: 0.0004
Finetune epoch 9/30 - Accuracy: 98.478000%, Loss: 0.0004
Finetune epoch 10/30 - Accuracy: 98.582000%, Loss: 0.0003
Finetune epoch 11/30 - Accuracy: 98.524000%, Loss: 0.0003
Finetune epoch 12/30 - Accuracy: 98.604000%, Loss: 0.0003
Finetune epoch 13/30 - Accuracy: 98.660000%, Loss: 0.0003
Finetune epoch 14/30 - Accuracy: 98.686000%, Loss: 0.0003
Finetune epoch 15/30 - Accuracy: 98.742000%, Loss: 0.0003
Finetune epoch 16/30 - Accuracy: 98.880000%, Loss: 0.0003
Finetune epoch 17/30 - Accuracy: 98.908000%, Loss: 0.0003
Finetune epoch 18/30 - Accuracy: 98.964000%, Loss: 0.0003
Finetune epoch 19/30 - Accuracy: 98.930000%, Loss: 0.0002
Finetune epoch 20/30 - Accuracy: 98.900000%, Loss: 0.0002
Finetune epoch 21/30 - Accuracy: 99.006000%, Loss: 0.0002
Finetune epoch 22/30 - Accuracy: 99.036000%, Loss: 0.0002
Finetune epoch 23/30 - Accuracy: 99.074000%, Loss: 0.0002
Finetune epoch 24/30 - Accuracy: 99.044000%, Loss: 0.0002
Finetune epoch 25/30 - Accuracy: 99.040000%, Loss: 0.0002
Finetune epoch 26/30 - Accuracy: 99.108000%, Loss: 0.0002
Finetune epoch 27/30 - Accuracy: 99.158000%, Loss: 0.0002
Finetune epoch 28/30 - Accuracy: 99.088000%, Loss: 0.0002
Finetune epoch 29/30 - Accuracy: 99.136000%, Loss: 0.0002
Finetune epoch 30/30 - Accuracy: 99.188000%, Loss: 0.0002
[Eval Epoch] CPU ΔMem/sample: 0.0000 MB | GPU Peak: 844.776448 MB | Time: 3.397874s
Evaluation - Accuracy: 90.210000%, Loss: 0.0039
Checkpoint saved: ./pruning_checkpoints/Vgg16_datasetcifar10_pretrain10_finetune30_steps21_batch128_devicecuda_strategy_magnitude/checkpoint_Finetuned_0.931281.pth
[Eval Epoch] CPU ΔMem/sample: 0.0000 MB | GPU Peak: 844.121088 MB | Time: 4.026287s
Evaluation - Accuracy: 25.290000%, Loss: 0.0244
Checkpoint saved: ./pruning_checkpoints/Vgg16_datasetcifar10_pretrain10_finetune30_steps21_batch128_devicecuda_strategy_magnitude/checkpoint_Trained_0.931281.pth
Checkpoint saved: ./pruning_checkpoints/Vgg16_datasetcifar10_pretrain10_finetune30_steps21_batch128_devicecuda_strategy_magnitude/checkpoint_Pruned_0.931281.pth
Pruner state updated and saved.
[Eval Epoch] CPU ΔMem/sample: 0.0000 MB | GPU Peak: 843.858944 MB | Time: 3.385450s
Evaluation - Accuracy: 14.900000%, Loss: 0.0273
Checkpoint saved: ./pruning_checkpoints/Vgg16_datasetcifar10_pretrain10_finetune30_steps21_batch128_devicecuda_strategy_magnitude/checkpoint_Original_0.945024.pth
Finetune epoch 1/30 - Accuracy: 95.314000%, Loss: 0.0012
Finetune epoch 2/30 - Accuracy: 96.834000%, Loss: 0.0008
Finetune epoch 3/30 - Accuracy: 97.272000%, Loss: 0.0007
Finetune epoch 4/30 - Accuracy: 97.472000%, Loss: 0.0006
Finetune epoch 5/30 - Accuracy: 97.758000%, Loss: 0.0005
Finetune epoch 6/30 - Accuracy: 97.968000%, Loss: 0.0005
Finetune epoch 7/30 - Accuracy: 97.934000%, Loss: 0.0005
Finetune epoch 8/30 - Accuracy: 98.206000%, Loss: 0.0004
Finetune epoch 9/30 - Accuracy: 98.170000%, Loss: 0.0004
Finetune epoch 10/30 - Accuracy: 98.218000%, Loss: 0.0004
Finetune epoch 11/30 - Accuracy: 98.206000%, Loss: 0.0004
Finetune epoch 12/30 - Accuracy: 98.240000%, Loss: 0.0004
Finetune epoch 13/30 - Accuracy: 98.410000%, Loss: 0.0004
Finetune epoch 14/30 - Accuracy: 98.526000%, Loss: 0.0003
Finetune epoch 15/30 - Accuracy: 98.504000%, Loss: 0.0004
Finetune epoch 16/30 - Accuracy: 98.602000%, Loss: 0.0003
Finetune epoch 17/30 - Accuracy: 98.594000%, Loss: 0.0003
Finetune epoch 18/30 - Accuracy: 98.664000%, Loss: 0.0003
Finetune epoch 19/30 - Accuracy: 98.712000%, Loss: 0.0003
Finetune epoch 20/30 - Accuracy: 98.726000%, Loss: 0.0003
Finetune epoch 21/30 - Accuracy: 98.812000%, Loss: 0.0003
Finetune epoch 22/30 - Accuracy: 98.782000%, Loss: 0.0003
Finetune epoch 23/30 - Accuracy: 98.884000%, Loss: 0.0003
Finetune epoch 24/30 - Accuracy: 98.794000%, Loss: 0.0003
Finetune epoch 25/30 - Accuracy: 98.968000%, Loss: 0.0002
Finetune epoch 26/30 - Accuracy: 98.944000%, Loss: 0.0002
Finetune epoch 27/30 - Accuracy: 98.856000%, Loss: 0.0003
Finetune epoch 28/30 - Accuracy: 98.910000%, Loss: 0.0003
Finetune epoch 29/30 - Accuracy: 98.964000%, Loss: 0.0002
Finetune epoch 30/30 - Accuracy: 99.112000%, Loss: 0.0002
[Eval Epoch] CPU ΔMem/sample: 0.0000 MB | GPU Peak: 843.465728 MB | Time: 3.447385s
Evaluation - Accuracy: 90.010000%, Loss: 0.0037
Checkpoint saved: ./pruning_checkpoints/Vgg16_datasetcifar10_pretrain10_finetune30_steps21_batch128_devicecuda_strategy_magnitude/checkpoint_Finetuned_0.945024.pth
[Eval Epoch] CPU ΔMem/sample: 0.0000 MB | GPU Peak: 845.431808 MB | Time: 3.499162s
Evaluation - Accuracy: 67.620000%, Loss: 0.0108
Checkpoint saved: ./pruning_checkpoints/Vgg16_datasetcifar10_pretrain10_finetune30_steps21_batch128_devicecuda_strategy_magnitude/checkpoint_Trained_0.945024.pth
Checkpoint saved: ./pruning_checkpoints/Vgg16_datasetcifar10_pretrain10_finetune30_steps21_batch128_devicecuda_strategy_magnitude/checkpoint_Pruned_0.945024.pth
Pruner state updated and saved.
[Eval Epoch] CPU ΔMem/sample: 0.0000 MB | GPU Peak: 848.315392 MB | Time: 3.467815s
Evaluation - Accuracy: 23.890000%, Loss: 0.0171
Checkpoint saved: ./pruning_checkpoints/Vgg16_datasetcifar10_pretrain10_finetune30_steps21_batch128_devicecuda_strategy_magnitude/checkpoint_Original_0.956020.pth
Finetune epoch 1/30 - Accuracy: 94.584000%, Loss: 0.0019
Finetune epoch 2/30 - Accuracy: 96.084000%, Loss: 0.0011
Finetune epoch 3/30 - Accuracy: 96.564000%, Loss: 0.0009
Finetune epoch 4/30 - Accuracy: 96.846000%, Loss: 0.0008
Finetune epoch 5/30 - Accuracy: 97.084000%, Loss: 0.0007
Finetune epoch 6/30 - Accuracy: 97.366000%, Loss: 0.0007
Finetune epoch 7/30 - Accuracy: 97.368000%, Loss: 0.0007
Finetune epoch 8/30 - Accuracy: 97.560000%, Loss: 0.0006
Finetune epoch 9/30 - Accuracy: 97.740000%, Loss: 0.0006
Finetune epoch 10/30 - Accuracy: 97.726000%, Loss: 0.0005
Finetune epoch 11/30 - Accuracy: 97.876000%, Loss: 0.0005
Finetune epoch 12/30 - Accuracy: 97.786000%, Loss: 0.0005
Finetune epoch 13/30 - Accuracy: 97.938000%, Loss: 0.0005
Finetune epoch 14/30 - Accuracy: 98.010000%, Loss: 0.0005
Finetune epoch 15/30 - Accuracy: 98.110000%, Loss: 0.0005
Finetune epoch 16/30 - Accuracy: 98.112000%, Loss: 0.0004
Finetune epoch 17/30 - Accuracy: 98.190000%, Loss: 0.0004
Finetune epoch 18/30 - Accuracy: 98.312000%, Loss: 0.0004
Finetune epoch 19/30 - Accuracy: 98.226000%, Loss: 0.0004
Finetune epoch 20/30 - Accuracy: 98.414000%, Loss: 0.0004
Finetune epoch 21/30 - Accuracy: 98.426000%, Loss: 0.0004
Finetune epoch 22/30 - Accuracy: 98.490000%, Loss: 0.0003
Finetune epoch 23/30 - Accuracy: 98.470000%, Loss: 0.0004
Finetune epoch 24/30 - Accuracy: 98.644000%, Loss: 0.0003
Finetune epoch 25/30 - Accuracy: 98.696000%, Loss: 0.0003
Finetune epoch 26/30 - Accuracy: 98.704000%, Loss: 0.0003
Finetune epoch 27/30 - Accuracy: 98.552000%, Loss: 0.0003
Finetune epoch 28/30 - Accuracy: 98.682000%, Loss: 0.0003
Finetune epoch 29/30 - Accuracy: 98.654000%, Loss: 0.0003
Finetune epoch 30/30 - Accuracy: 98.812000%, Loss: 0.0003
[Eval Epoch] CPU ΔMem/sample: 0.0000 MB | GPU Peak: 847.397888 MB | Time: 3.450139s
Evaluation - Accuracy: 89.980000%, Loss: 0.0035
Checkpoint saved: ./pruning_checkpoints/Vgg16_datasetcifar10_pretrain10_finetune30_steps21_batch128_devicecuda_strategy_magnitude/checkpoint_Finetuned_0.956020.pth
[Eval Epoch] CPU ΔMem/sample: 0.0000 MB | GPU Peak: 845.956096 MB | Time: 3.464649s
Evaluation - Accuracy: 36.080000%, Loss: 0.0140
Checkpoint saved: ./pruning_checkpoints/Vgg16_datasetcifar10_pretrain10_finetune30_steps21_batch128_devicecuda_strategy_magnitude/checkpoint_Trained_0.956020.pth
Checkpoint saved: ./pruning_checkpoints/Vgg16_datasetcifar10_pretrain10_finetune30_steps21_batch128_devicecuda_strategy_magnitude/checkpoint_Pruned_0.956020.pth
Pruner state updated and saved.
[Eval Epoch] CPU ΔMem/sample: 0.0000 MB | GPU Peak: 844.468736 MB | Time: 3.578368s
Evaluation - Accuracy: 10.000000%, Loss: 0.0196
Checkpoint saved: ./pruning_checkpoints/Vgg16_datasetcifar10_pretrain10_finetune30_steps21_batch128_devicecuda_strategy_magnitude/checkpoint_Original_0.964816.pth
Finetune epoch 1/30 - Accuracy: 93.734000%, Loss: 0.0020
Finetune epoch 2/30 - Accuracy: 95.194000%, Loss: 0.0013
Finetune epoch 3/30 - Accuracy: 95.628000%, Loss: 0.0011
Finetune epoch 4/30 - Accuracy: 95.856000%, Loss: 0.0010
Finetune epoch 5/30 - Accuracy: 96.078000%, Loss: 0.0009
Finetune epoch 6/30 - Accuracy: 96.626000%, Loss: 0.0008
Finetune epoch 7/30 - Accuracy: 96.732000%, Loss: 0.0008
Finetune epoch 8/30 - Accuracy: 96.854000%, Loss: 0.0008
Finetune epoch 9/30 - Accuracy: 96.798000%, Loss: 0.0008
Finetune epoch 10/30 - Accuracy: 96.980000%, Loss: 0.0007
Finetune epoch 11/30 - Accuracy: 97.184000%, Loss: 0.0007
Finetune epoch 12/30 - Accuracy: 97.184000%, Loss: 0.0007
Finetune epoch 13/30 - Accuracy: 97.312000%, Loss: 0.0006
Finetune epoch 14/30 - Accuracy: 97.454000%, Loss: 0.0006
Finetune epoch 15/30 - Accuracy: 97.512000%, Loss: 0.0006
Finetune epoch 16/30 - Accuracy: 97.722000%, Loss: 0.0005
Finetune epoch 17/30 - Accuracy: 97.588000%, Loss: 0.0006
Finetune epoch 18/30 - Accuracy: 97.750000%, Loss: 0.0005
Finetune epoch 19/30 - Accuracy: 97.748000%, Loss: 0.0005
Finetune epoch 20/30 - Accuracy: 97.804000%, Loss: 0.0005
Finetune epoch 21/30 - Accuracy: 97.936000%, Loss: 0.0005
Finetune epoch 22/30 - Accuracy: 98.038000%, Loss: 0.0005
Finetune epoch 23/30 - Accuracy: 97.972000%, Loss: 0.0005
Finetune epoch 24/30 - Accuracy: 98.052000%, Loss: 0.0005
Finetune epoch 25/30 - Accuracy: 98.014000%, Loss: 0.0005
Finetune epoch 26/30 - Accuracy: 98.064000%, Loss: 0.0004
Finetune epoch 27/30 - Accuracy: 98.140000%, Loss: 0.0004
Finetune epoch 28/30 - Accuracy: 98.110000%, Loss: 0.0004
Finetune epoch 29/30 - Accuracy: 98.124000%, Loss: 0.0004
Finetune epoch 30/30 - Accuracy: 98.340000%, Loss: 0.0004
[Eval Epoch] CPU ΔMem/sample: 0.0000 MB | GPU Peak: 844.206592 MB | Time: 3.514707s
Evaluation - Accuracy: 89.960000%, Loss: 0.0034
Checkpoint saved: ./pruning_checkpoints/Vgg16_datasetcifar10_pretrain10_finetune30_steps21_batch128_devicecuda_strategy_magnitude/checkpoint_Finetuned_0.964816.pth
[Eval Epoch] CPU ΔMem/sample: 0.0000 MB | GPU Peak: 844.982784 MB | Time: 3.523020s
Evaluation - Accuracy: 79.310000%, Loss: 0.0061
Checkpoint saved: ./pruning_checkpoints/Vgg16_datasetcifar10_pretrain10_finetune30_steps21_batch128_devicecuda_strategy_magnitude/checkpoint_Trained_0.964816.pth
Checkpoint saved: ./pruning_checkpoints/Vgg16_datasetcifar10_pretrain10_finetune30_steps21_batch128_devicecuda_strategy_magnitude/checkpoint_Pruned_0.964816.pth
Pruner state updated and saved.
[Eval Epoch] CPU ΔMem/sample: 0.0002 MB | GPU Peak: 845.159424 MB | Time: 3.547787s
Evaluation - Accuracy: 10.010000%, Loss: 0.0186
Checkpoint saved: ./pruning_checkpoints/Vgg16_datasetcifar10_pretrain10_finetune30_steps21_batch128_devicecuda_strategy_magnitude/checkpoint_Original_0.971853.pth
Finetune epoch 1/30 - Accuracy: 93.010000%, Loss: 0.0022
Finetune epoch 2/30 - Accuracy: 94.332000%, Loss: 0.0015
Finetune epoch 3/30 - Accuracy: 94.678000%, Loss: 0.0013
Finetune epoch 4/30 - Accuracy: 95.046000%, Loss: 0.0012
Finetune epoch 5/30 - Accuracy: 95.212000%, Loss: 0.0012
Finetune epoch 6/30 - Accuracy: 95.568000%, Loss: 0.0011
Finetune epoch 7/30 - Accuracy: 95.868000%, Loss: 0.0010
Finetune epoch 8/30 - Accuracy: 95.896000%, Loss: 0.0010
Finetune epoch 9/30 - Accuracy: 96.094000%, Loss: 0.0010
Finetune epoch 10/30 - Accuracy: 96.098000%, Loss: 0.0009
Finetune epoch 11/30 - Accuracy: 96.400000%, Loss: 0.0009
Finetune epoch 12/30 - Accuracy: 96.500000%, Loss: 0.0008
Finetune epoch 13/30 - Accuracy: 96.460000%, Loss: 0.0008
Finetune epoch 14/30 - Accuracy: 96.618000%, Loss: 0.0008
Finetune epoch 15/30 - Accuracy: 96.756000%, Loss: 0.0008
Finetune epoch 16/30 - Accuracy: 96.678000%, Loss: 0.0008
Finetune epoch 17/30 - Accuracy: 96.774000%, Loss: 0.0007
Finetune epoch 18/30 - Accuracy: 96.882000%, Loss: 0.0007
Finetune epoch 19/30 - Accuracy: 97.072000%, Loss: 0.0007
Finetune epoch 20/30 - Accuracy: 97.048000%, Loss: 0.0007
Finetune epoch 21/30 - Accuracy: 97.048000%, Loss: 0.0007
Finetune epoch 22/30 - Accuracy: 97.316000%, Loss: 0.0006
Finetune epoch 23/30 - Accuracy: 97.276000%, Loss: 0.0006
Finetune epoch 24/30 - Accuracy: 97.258000%, Loss: 0.0006
Finetune epoch 25/30 - Accuracy: 97.280000%, Loss: 0.0006
Finetune epoch 26/30 - Accuracy: 97.542000%, Loss: 0.0006
Finetune epoch 27/30 - Accuracy: 97.526000%, Loss: 0.0006
Finetune epoch 28/30 - Accuracy: 97.450000%, Loss: 0.0006
Finetune epoch 29/30 - Accuracy: 97.568000%, Loss: 0.0006
Finetune epoch 30/30 - Accuracy: 97.574000%, Loss: 0.0006
[Eval Epoch] CPU ΔMem/sample: 0.0000 MB | GPU Peak: 845.038592 MB | Time: 3.585481s
Evaluation - Accuracy: 89.580000%, Loss: 0.0033
Checkpoint saved: ./pruning_checkpoints/Vgg16_datasetcifar10_pretrain10_finetune30_steps21_batch128_devicecuda_strategy_magnitude/checkpoint_Finetuned_0.971853.pth
[Eval Epoch] CPU ΔMem/sample: 0.0000 MB | GPU Peak: 845.658624 MB | Time: 3.556615s
Evaluation - Accuracy: 74.280000%, Loss: 0.0061
Checkpoint saved: ./pruning_checkpoints/Vgg16_datasetcifar10_pretrain10_finetune30_steps21_batch128_devicecuda_strategy_magnitude/checkpoint_Trained_0.971853.pth
Checkpoint saved: ./pruning_checkpoints/Vgg16_datasetcifar10_pretrain10_finetune30_steps21_batch128_devicecuda_strategy_magnitude/checkpoint_Pruned_0.971853.pth
Pruner state updated and saved.
[Eval Epoch] CPU ΔMem/sample: 0.0001 MB | GPU Peak: 846.087168 MB | Time: 3.584062s
Evaluation - Accuracy: 10.000000%, Loss: 0.0188
Checkpoint saved: ./pruning_checkpoints/Vgg16_datasetcifar10_pretrain10_finetune30_steps21_batch128_devicecuda_strategy_magnitude/checkpoint_Original_0.977482.pth
Finetune epoch 1/30 - Accuracy: 91.600000%, Loss: 0.0027
Finetune epoch 2/30 - Accuracy: 93.288000%, Loss: 0.0017
Finetune epoch 3/30 - Accuracy: 93.648000%, Loss: 0.0016
Finetune epoch 4/30 - Accuracy: 93.944000%, Loss: 0.0015
Finetune epoch 5/30 - Accuracy: 94.168000%, Loss: 0.0014
Finetune epoch 6/30 - Accuracy: 94.514000%, Loss: 0.0013
Finetune epoch 7/30 - Accuracy: 94.750000%, Loss: 0.0012
Finetune epoch 8/30 - Accuracy: 94.894000%, Loss: 0.0012
Finetune epoch 9/30 - Accuracy: 95.074000%, Loss: 0.0012
Finetune epoch 10/30 - Accuracy: 95.266000%, Loss: 0.0011
Finetune epoch 11/30 - Accuracy: 95.366000%, Loss: 0.0011
Finetune epoch 12/30 - Accuracy: 95.464000%, Loss: 0.0011
Finetune epoch 13/30 - Accuracy: 95.504000%, Loss: 0.0010
Finetune epoch 14/30 - Accuracy: 95.508000%, Loss: 0.0010
Finetune epoch 15/30 - Accuracy: 95.668000%, Loss: 0.0010
Finetune epoch 16/30 - Accuracy: 95.978000%, Loss: 0.0009
Finetune epoch 17/30 - Accuracy: 96.038000%, Loss: 0.0009
Finetune epoch 18/30 - Accuracy: 96.186000%, Loss: 0.0009
Finetune epoch 19/30 - Accuracy: 96.008000%, Loss: 0.0009
Finetune epoch 20/30 - Accuracy: 96.040000%, Loss: 0.0009
Finetune epoch 21/30 - Accuracy: 96.146000%, Loss: 0.0009
Finetune epoch 22/30 - Accuracy: 96.146000%, Loss: 0.0009
Finetune epoch 23/30 - Accuracy: 96.242000%, Loss: 0.0009
Finetune epoch 24/30 - Accuracy: 96.392000%, Loss: 0.0008
Finetune epoch 25/30 - Accuracy: 96.374000%, Loss: 0.0008
Finetune epoch 26/30 - Accuracy: 96.428000%, Loss: 0.0008
Finetune epoch 27/30 - Accuracy: 96.518000%, Loss: 0.0008
Finetune epoch 28/30 - Accuracy: 96.544000%, Loss: 0.0008
Finetune epoch 29/30 - Accuracy: 96.660000%, Loss: 0.0008
Finetune epoch 30/30 - Accuracy: 96.706000%, Loss: 0.0008
[Eval Epoch] CPU ΔMem/sample: 0.0000 MB | GPU Peak: 848.305152 MB | Time: 3.483234s
Evaluation - Accuracy: 89.410000%, Loss: 0.0032
Checkpoint saved: ./pruning_checkpoints/Vgg16_datasetcifar10_pretrain10_finetune30_steps21_batch128_devicecuda_strategy_magnitude/checkpoint_Finetuned_0.977482.pth
[Eval Epoch] CPU ΔMem/sample: 0.0000 MB | GPU Peak: 845.879808 MB | Time: 3.540501s
Evaluation - Accuracy: 78.530000%, Loss: 0.0052
Checkpoint saved: ./pruning_checkpoints/Vgg16_datasetcifar10_pretrain10_finetune30_steps21_batch128_devicecuda_strategy_magnitude/checkpoint_Trained_0.977482.pth
Checkpoint saved: ./pruning_checkpoints/Vgg16_datasetcifar10_pretrain10_finetune30_steps21_batch128_devicecuda_strategy_magnitude/checkpoint_Pruned_0.977482.pth
Pruner state updated and saved.
[Eval Epoch] CPU ΔMem/sample: 0.0002 MB | GPU Peak: 844.776448 MB | Time: 3.596787s
Evaluation - Accuracy: 10.000000%, Loss: 0.0187
Checkpoint saved: ./pruning_checkpoints/Vgg16_datasetcifar10_pretrain10_finetune30_steps21_batch128_devicecuda_strategy_magnitude/checkpoint_Original_0.981986.pth
Finetune epoch 1/30 - Accuracy: 90.338000%, Loss: 0.0031
Finetune epoch 2/30 - Accuracy: 91.880000%, Loss: 0.0021
Finetune epoch 3/30 - Accuracy: 92.250000%, Loss: 0.0019
Finetune epoch 4/30 - Accuracy: 92.706000%, Loss: 0.0018
Finetune epoch 5/30 - Accuracy: 93.070000%, Loss: 0.0016
Finetune epoch 6/30 - Accuracy: 93.302000%, Loss: 0.0016
Finetune epoch 7/30 - Accuracy: 93.508000%, Loss: 0.0015
Finetune epoch 8/30 - Accuracy: 93.638000%, Loss: 0.0015
Finetune epoch 9/30 - Accuracy: 93.858000%, Loss: 0.0015
Finetune epoch 10/30 - Accuracy: 94.034000%, Loss: 0.0014
Finetune epoch 11/30 - Accuracy: 94.054000%, Loss: 0.0014
Finetune epoch 12/30 - Accuracy: 94.382000%, Loss: 0.0013
Finetune epoch 13/30 - Accuracy: 94.238000%, Loss: 0.0013
Finetune epoch 14/30 - Accuracy: 94.472000%, Loss: 0.0013
Finetune epoch 15/30 - Accuracy: 94.448000%, Loss: 0.0013
Finetune epoch 16/30 - Accuracy: 94.614000%, Loss: 0.0013
Finetune epoch 17/30 - Accuracy: 94.694000%, Loss: 0.0012
Finetune epoch 18/30 - Accuracy: 94.640000%, Loss: 0.0012
Finetune epoch 19/30 - Accuracy: 94.950000%, Loss: 0.0012
Finetune epoch 20/30 - Accuracy: 95.008000%, Loss: 0.0012
Finetune epoch 21/30 - Accuracy: 94.946000%, Loss: 0.0012
Finetune epoch 22/30 - Accuracy: 94.974000%, Loss: 0.0012
Finetune epoch 23/30 - Accuracy: 95.212000%, Loss: 0.0011
Finetune epoch 24/30 - Accuracy: 95.186000%, Loss: 0.0011
Finetune epoch 25/30 - Accuracy: 95.288000%, Loss: 0.0011
Finetune epoch 26/30 - Accuracy: 95.236000%, Loss: 0.0011
Finetune epoch 27/30 - Accuracy: 95.374000%, Loss: 0.0011
Finetune epoch 28/30 - Accuracy: 95.556000%, Loss: 0.0010
Finetune epoch 29/30 - Accuracy: 95.490000%, Loss: 0.0010
Finetune epoch 30/30 - Accuracy: 95.540000%, Loss: 0.0010
[Eval Epoch] CPU ΔMem/sample: 0.0000 MB | GPU Peak: 843.990016 MB | Time: 3.531885s
Evaluation - Accuracy: 89.030000%, Loss: 0.0030
Checkpoint saved: ./pruning_checkpoints/Vgg16_datasetcifar10_pretrain10_finetune30_steps21_batch128_devicecuda_strategy_magnitude/checkpoint_Finetuned_0.981986.pth
[Eval Epoch] CPU ΔMem/sample: 0.0000 MB | GPU Peak: 844.232704 MB | Time: 3.998660s
Evaluation - Accuracy: 78.980000%, Loss: 0.0049
Checkpoint saved: ./pruning_checkpoints/Vgg16_datasetcifar10_pretrain10_finetune30_steps21_batch128_devicecuda_strategy_magnitude/checkpoint_Trained_0.981986.pth
Checkpoint saved: ./pruning_checkpoints/Vgg16_datasetcifar10_pretrain10_finetune30_steps21_batch128_devicecuda_strategy_magnitude/checkpoint_Pruned_0.981986.pth
Pruner state updated and saved.
[Eval Epoch] CPU ΔMem/sample: 0.0001 MB | GPU Peak: 846.152192 MB | Time: 3.550393s
Evaluation - Accuracy: 10.000000%, Loss: 0.0189
Checkpoint saved: ./pruning_checkpoints/Vgg16_datasetcifar10_pretrain10_finetune30_steps21_batch128_devicecuda_strategy_magnitude/checkpoint_Original_0.985588.pth
Finetune epoch 1/30 - Accuracy: 88.780000%, Loss: 0.0037
Finetune epoch 2/30 - Accuracy: 90.748000%, Loss: 0.0024
Finetune epoch 3/30 - Accuracy: 91.242000%, Loss: 0.0021
Finetune epoch 4/30 - Accuracy: 91.656000%, Loss: 0.0020
Finetune epoch 5/30 - Accuracy: 91.818000%, Loss: 0.0020
Finetune epoch 6/30 - Accuracy: 92.112000%, Loss: 0.0019
Finetune epoch 7/30 - Accuracy: 92.356000%, Loss: 0.0018
Finetune epoch 8/30 - Accuracy: 92.498000%, Loss: 0.0018
Finetune epoch 9/30 - Accuracy: 92.860000%, Loss: 0.0017
Finetune epoch 10/30 - Accuracy: 92.792000%, Loss: 0.0017
Finetune epoch 11/30 - Accuracy: 93.058000%, Loss: 0.0016
Finetune epoch 12/30 - Accuracy: 93.078000%, Loss: 0.0016
Finetune epoch 13/30 - Accuracy: 93.000000%, Loss: 0.0016
Finetune epoch 14/30 - Accuracy: 93.312000%, Loss: 0.0016
Finetune epoch 15/30 - Accuracy: 93.338000%, Loss: 0.0016
Finetune epoch 16/30 - Accuracy: 93.426000%, Loss: 0.0015
Finetune epoch 17/30 - Accuracy: 93.458000%, Loss: 0.0015
Finetune epoch 18/30 - Accuracy: 93.428000%, Loss: 0.0015
Finetune epoch 19/30 - Accuracy: 93.590000%, Loss: 0.0015
Finetune epoch 20/30 - Accuracy: 93.860000%, Loss: 0.0014
Finetune epoch 21/30 - Accuracy: 93.858000%, Loss: 0.0014
Finetune epoch 22/30 - Accuracy: 93.958000%, Loss: 0.0014
Finetune epoch 23/30 - Accuracy: 93.986000%, Loss: 0.0014
Finetune epoch 24/30 - Accuracy: 93.886000%, Loss: 0.0014
Finetune epoch 25/30 - Accuracy: 94.124000%, Loss: 0.0014
Finetune epoch 26/30 - Accuracy: 94.344000%, Loss: 0.0013
Finetune epoch 27/30 - Accuracy: 94.162000%, Loss: 0.0013
Finetune epoch 28/30 - Accuracy: 94.352000%, Loss: 0.0013
Finetune epoch 29/30 - Accuracy: 94.186000%, Loss: 0.0013
Finetune epoch 30/30 - Accuracy: 94.500000%, Loss: 0.0013
[Eval Epoch] CPU ΔMem/sample: 0.0000 MB | GPU Peak: 845.365760 MB | Time: 3.564295s
Evaluation - Accuracy: 88.410000%, Loss: 0.0031
Checkpoint saved: ./pruning_checkpoints/Vgg16_datasetcifar10_pretrain10_finetune30_steps21_batch128_devicecuda_strategy_magnitude/checkpoint_Finetuned_0.985588.pth
[Eval Epoch] CPU ΔMem/sample: 0.0000 MB | GPU Peak: 846.021120 MB | Time: 3.987884s
Evaluation - Accuracy: 79.610000%, Loss: 0.0048
Checkpoint saved: ./pruning_checkpoints/Vgg16_datasetcifar10_pretrain10_finetune30_steps21_batch128_devicecuda_strategy_magnitude/checkpoint_Trained_0.985588.pth
Checkpoint saved: ./pruning_checkpoints/Vgg16_datasetcifar10_pretrain10_finetune30_steps21_batch128_devicecuda_strategy_magnitude/checkpoint_Pruned_0.985588.pth
Pruner state updated and saved.
[Eval Epoch] CPU ΔMem/sample: 0.0002 MB | GPU Peak: 843.990016 MB | Time: 3.737626s
Evaluation - Accuracy: 10.000000%, Loss: 0.0188
Checkpoint saved: ./pruning_checkpoints/Vgg16_datasetcifar10_pretrain10_finetune30_steps21_batch128_devicecuda_strategy_magnitude/checkpoint_Original_0.988471.pth
Finetune epoch 1/30 - Accuracy: 87.646000%, Loss: 0.0042
Finetune epoch 2/30 - Accuracy: 89.512000%, Loss: 0.0027
Finetune epoch 3/30 - Accuracy: 90.048000%, Loss: 0.0024
Finetune epoch 4/30 - Accuracy: 90.416000%, Loss: 0.0023
Finetune epoch 5/30 - Accuracy: 90.658000%, Loss: 0.0022
Finetune epoch 6/30 - Accuracy: 90.920000%, Loss: 0.0021
Finetune epoch 7/30 - Accuracy: 91.162000%, Loss: 0.0021
Finetune epoch 8/30 - Accuracy: 91.384000%, Loss: 0.0020
Finetune epoch 9/30 - Accuracy: 91.432000%, Loss: 0.0020
Finetune epoch 10/30 - Accuracy: 91.564000%, Loss: 0.0020
Finetune epoch 11/30 - Accuracy: 91.816000%, Loss: 0.0019
Finetune epoch 12/30 - Accuracy: 91.906000%, Loss: 0.0019
Finetune epoch 13/30 - Accuracy: 91.976000%, Loss: 0.0019
Finetune epoch 14/30 - Accuracy: 92.132000%, Loss: 0.0018
Finetune epoch 15/30 - Accuracy: 92.262000%, Loss: 0.0018
Finetune epoch 16/30 - Accuracy: 92.410000%, Loss: 0.0018
Finetune epoch 17/30 - Accuracy: 92.338000%, Loss: 0.0018
Finetune epoch 18/30 - Accuracy: 92.514000%, Loss: 0.0017
Finetune epoch 19/30 - Accuracy: 92.598000%, Loss: 0.0017
Finetune epoch 20/30 - Accuracy: 92.620000%, Loss: 0.0017
Finetune epoch 21/30 - Accuracy: 92.854000%, Loss: 0.0017
Finetune epoch 22/30 - Accuracy: 92.618000%, Loss: 0.0017
Finetune epoch 23/30 - Accuracy: 93.086000%, Loss: 0.0016
Finetune epoch 24/30 - Accuracy: 93.074000%, Loss: 0.0016
Finetune epoch 25/30 - Accuracy: 93.020000%, Loss: 0.0016
Finetune epoch 26/30 - Accuracy: 93.122000%, Loss: 0.0016
Finetune epoch 27/30 - Accuracy: 93.010000%, Loss: 0.0016
Finetune epoch 28/30 - Accuracy: 93.100000%, Loss: 0.0016
Finetune epoch 29/30 - Accuracy: 93.262000%, Loss: 0.0016
Finetune epoch 30/30 - Accuracy: 93.222000%, Loss: 0.0016
[Eval Epoch] CPU ΔMem/sample: 0.0000 MB | GPU Peak: 844.514304 MB | Time: 3.538967s
Evaluation - Accuracy: 88.090000%, Loss: 0.0031
Checkpoint saved: ./pruning_checkpoints/Vgg16_datasetcifar10_pretrain10_finetune30_steps21_batch128_devicecuda_strategy_magnitude/checkpoint_Finetuned_0.988471.pth
[Eval Epoch] CPU ΔMem/sample: 0.0000 MB | GPU Peak: 844.926976 MB | Time: 3.623137s
Evaluation - Accuracy: 79.830000%, Loss: 0.0049
Checkpoint saved: ./pruning_checkpoints/Vgg16_datasetcifar10_pretrain10_finetune30_steps21_batch128_devicecuda_strategy_magnitude/checkpoint_Trained_0.988471.pth
Checkpoint saved: ./pruning_checkpoints/Vgg16_datasetcifar10_pretrain10_finetune30_steps21_batch128_devicecuda_strategy_magnitude/checkpoint_Pruned_0.988471.pth
Pruner state updated and saved.
[Eval Epoch] CPU ΔMem/sample: 0.0001 MB | GPU Peak: 845.405696 MB | Time: 3.594335s
Evaluation - Accuracy: 10.000000%, Loss: 0.0187
Checkpoint saved: ./pruning_checkpoints/Vgg16_datasetcifar10_pretrain10_finetune30_steps21_batch128_devicecuda_strategy_magnitude/checkpoint_Original_0.990777.pth
