Saved 15 initial parameters.
Saved 15 initial parameters.
Pretrain epoch 1/10 - Accuracy: 47.010000%, Loss: 0.0114
Pretrain epoch 2/10 - Accuracy: 67.366000%, Loss: 0.0073
Pretrain epoch 3/10 - Accuracy: 74.764000%, Loss: 0.0058
Pretrain epoch 4/10 - Accuracy: 79.098000%, Loss: 0.0048
Pretrain epoch 5/10 - Accuracy: 81.818000%, Loss: 0.0042
Pretrain epoch 6/10 - Accuracy: 83.678000%, Loss: 0.0038
Pretrain epoch 7/10 - Accuracy: 85.454000%, Loss: 0.0034
Pretrain epoch 8/10 - Accuracy: 86.432000%, Loss: 0.0031
Pretrain epoch 9/10 - Accuracy: 87.830000%, Loss: 0.0029
Pretrain epoch 10/10 - Accuracy: 88.564000%, Loss: 0.0027
Saved 15 initial parameters.
[Eval Epoch] CPU ΔMem/sample: 0.0005 MB | GPU Peak: 794.001408 MB | Time: 4.704793s
Evaluation - Accuracy: 86.230000%, Loss: 0.0033
Checkpoint saved: ./pruning_checkpoints/Vgg16_datasetcifar10_pretrain10_finetune30_steps21_batch128_devicecuda_strategy_magnitude/checkpoint_Original_0.990777.pth
Finetune epoch 1/30 - Accuracy: 89.320000%, Loss: 0.0025
Finetune epoch 2/30 - Accuracy: 90.080000%, Loss: 0.0023
Finetune epoch 3/30 - Accuracy: 90.528000%, Loss: 0.0022
Finetune epoch 4/30 - Accuracy: 91.350000%, Loss: 0.0020
Finetune epoch 5/30 - Accuracy: 91.926000%, Loss: 0.0019
Finetune epoch 6/30 - Accuracy: 92.110000%, Loss: 0.0018
Finetune epoch 7/30 - Accuracy: 92.668000%, Loss: 0.0017
Finetune epoch 8/30 - Accuracy: 93.030000%, Loss: 0.0016
Finetune epoch 9/30 - Accuracy: 93.296000%, Loss: 0.0015
Finetune epoch 10/30 - Accuracy: 93.868000%, Loss: 0.0014
Finetune epoch 11/30 - Accuracy: 93.804000%, Loss: 0.0014
Finetune epoch 12/30 - Accuracy: 94.264000%, Loss: 0.0013
Finetune epoch 13/30 - Accuracy: 94.340000%, Loss: 0.0013
Finetune epoch 14/30 - Accuracy: 94.686000%, Loss: 0.0012
Finetune epoch 15/30 - Accuracy: 94.948000%, Loss: 0.0012
Finetune epoch 16/30 - Accuracy: 95.214000%, Loss: 0.0011
Finetune epoch 17/30 - Accuracy: 95.302000%, Loss: 0.0011
Finetune epoch 18/30 - Accuracy: 95.406000%, Loss: 0.0011
Finetune epoch 19/30 - Accuracy: 95.736000%, Loss: 0.0010
Finetune epoch 20/30 - Accuracy: 95.950000%, Loss: 0.0010
Finetune epoch 21/30 - Accuracy: 95.878000%, Loss: 0.0010
Finetune epoch 22/30 - Accuracy: 95.992000%, Loss: 0.0009
